Archive member included because of file (symbol)

/home/rahulmahadev/hikey_optee/optee_os/out/arm-plat-hikey/export-ta_arm64/lib/libutee.a(tee_api.o)
                              /home/rahulmahadev/hikey_optee/neo/ta/out/ta.o (TEE_GetSystemTime)
/home/rahulmahadev/hikey_optee/optee_os/out/arm-plat-hikey/export-ta_arm64/lib/libutee.a(tee_api_objects.o)
                              /home/rahulmahadev/hikey_optee/neo/ta/out/ta.o (TEE_CreatePersistentObject)
/home/rahulmahadev/hikey_optee/optee_os/out/arm-plat-hikey/export-ta_arm64/lib/libutee.a(tee_api_operations.o)
                              /home/rahulmahadev/hikey_optee/neo/ta/out/ta.o (TEE_FreeOperation)
/home/rahulmahadev/hikey_optee/optee_os/out/arm-plat-hikey/export-ta_arm64/lib/libutee.a(tee_api_panic.o)
                              /home/rahulmahadev/hikey_optee/optee_os/out/arm-plat-hikey/export-ta_arm64/lib/libutee.a(tee_api.o) (__TEE_Panic)
/home/rahulmahadev/hikey_optee/optee_os/out/arm-plat-hikey/export-ta_arm64/lib/libutee.a(user_ta_entry.o)
                              /home/rahulmahadev/hikey_optee/neo/ta/out/user_ta_header.o (__utee_entry)
/home/rahulmahadev/hikey_optee/optee_os/out/arm-plat-hikey/export-ta_arm64/lib/libutee.a(utee_syscalls_a64.o)
                              /home/rahulmahadev/hikey_optee/optee_os/out/arm-plat-hikey/export-ta_arm64/lib/libutee.a(user_ta_entry.o) (utee_return)
/home/rahulmahadev/hikey_optee/optee_os/out/arm-plat-hikey/export-ta_arm64/lib/libutee.a(tee_user_mem.o)
                              /home/rahulmahadev/hikey_optee/optee_os/out/arm-plat-hikey/export-ta_arm64/lib/libutee.a(tee_api.o) (tee_user_mem_alloc)
/home/rahulmahadev/hikey_optee/optee_os/out/arm-plat-hikey/export-ta_arm64/lib/libutee.a(assert.o)
                              /home/rahulmahadev/hikey_optee/optee_os/out/arm-plat-hikey/export-ta_arm64/lib/libutee.a(tee_user_mem.o) (_assert_log)
/home/rahulmahadev/hikey_optee/optee_os/out/arm-plat-hikey/export-ta_arm64/lib/libutee.a(tee_api_arith.o)
                              /home/rahulmahadev/hikey_optee/optee_os/out/arm-plat-hikey/export-ta_arm64/lib/libutee.a(user_ta_entry.o) (_TEE_MathAPI_Init)
/home/rahulmahadev/hikey_optee/optee_os/out/arm-plat-hikey/export-ta_arm64/lib/libutee.a(utee_misc.o)
                              /home/rahulmahadev/hikey_optee/optee_os/out/arm-plat-hikey/export-ta_arm64/lib/libutee.a(tee_user_mem.o) (utee_malloc)
/home/rahulmahadev/hikey_optee/optee_os/out/arm-plat-hikey/export-ta_arm64/lib/libutee.a(trace_ext.o)
                              /home/rahulmahadev/hikey_optee/optee_os/out/arm-plat-hikey/export-ta_arm64/lib/libutee.a(tee_api_arith.o) (printf)
/home/rahulmahadev/hikey_optee/optee_os/out/arm-plat-hikey/export-ta_arm64/lib/libutils.a(bget_malloc.o)
                              /home/rahulmahadev/hikey_optee/neo/ta/out/ta.o (malloc)
/home/rahulmahadev/hikey_optee/optee_os/out/arm-plat-hikey/export-ta_arm64/lib/libutils.a(snprintf.o)
                              /home/rahulmahadev/hikey_optee/neo/ta/out/ta.o (snprintf)
/home/rahulmahadev/hikey_optee/optee_os/out/arm-plat-hikey/export-ta_arm64/lib/libutils.a(memcmp.o)
                              /home/rahulmahadev/hikey_optee/optee_os/out/arm-plat-hikey/export-ta_arm64/lib/libutee.a(tee_api.o) (memcmp)
/home/rahulmahadev/hikey_optee/optee_os/out/arm-plat-hikey/export-ta_arm64/lib/libutils.a(memcpy.o)
                              /home/rahulmahadev/hikey_optee/neo/ta/out/ta.o (memcpy)
/home/rahulmahadev/hikey_optee/optee_os/out/arm-plat-hikey/export-ta_arm64/lib/libutils.a(memmove.o)
                              /home/rahulmahadev/hikey_optee/optee_os/out/arm-plat-hikey/export-ta_arm64/lib/libutee.a(tee_api.o) (memmove)
/home/rahulmahadev/hikey_optee/optee_os/out/arm-plat-hikey/export-ta_arm64/lib/libutils.a(memset.o)
                              /home/rahulmahadev/hikey_optee/neo/ta/out/ta.o (memset)
/home/rahulmahadev/hikey_optee/optee_os/out/arm-plat-hikey/export-ta_arm64/lib/libutils.a(strcmp.o)
                              /home/rahulmahadev/hikey_optee/neo/ta/out/ta.o (strcmp)
/home/rahulmahadev/hikey_optee/optee_os/out/arm-plat-hikey/export-ta_arm64/lib/libutils.a(strlen.o)
                              /home/rahulmahadev/hikey_optee/neo/ta/out/ta.o (strlen)
/home/rahulmahadev/hikey_optee/optee_os/out/arm-plat-hikey/export-ta_arm64/lib/libutils.a(snprintk.o)
                              /home/rahulmahadev/hikey_optee/optee_os/out/arm-plat-hikey/export-ta_arm64/lib/libutils.a(snprintf.o) (__vsnprintf)
/home/rahulmahadev/hikey_optee/optee_os/out/arm-plat-hikey/export-ta_arm64/lib/libutils.a(strlcpy.o)
                              /home/rahulmahadev/hikey_optee/optee_os/out/arm-plat-hikey/export-ta_arm64/lib/libutee.a(trace_ext.o) (strlcpy)
/home/rahulmahadev/hikey_optee/optee_os/out/arm-plat-hikey/export-ta_arm64/lib/libutils.a(buf_compare_ct.o)
[...]
Memory Configuration

Name             Origin             Length             Attributes
*default*        0x0000000000000000 0xffffffffffffffff

Linker script and memory map


.ta_head        0x0000000000000000       0x20
 *(SORT(.ta_head))
 .ta_head       0x0000000000000000       0x20 /home/rahulmahadev/hikey_optee/neo/ta/out/user_ta_header.o
                0x0000000000000000                ta_head

.text           0x0000000000000020     0xc190
 *(SORT(.text) SORT(.text.*))
 .text.string_copy
                0x0000000000000020       0x50 /home/rahulmahadev/hikey_optee/neo/ta/out/ta.o
                0x0000000000000020                string_copy
 .text.dump_hash
                0x0000000000000070      0x1d0 /home/rahulmahadev/hikey_optee/neo/ta/out/ta.o
 .text.call_gp_sha1_interface
                0x0000000000000240      0x100 /home/rahulmahadev/hikey_optee/neo/ta/out/ta.o
 .text.TA_CreateEntryPoint
                0x0000000000000340        0x8 /home/rahulmahadev/hikey_optee/neo/ta/out/ta.o
                0x0000000000000340                TA_CreateEntryPoint
 .text.TA_DestroyEntryPoint
                0x0000000000000348        0x4 /home/rahulmahadev/hikey_optee/neo/ta/out/ta.o
                0x0000000000000348                TA_DestroyEntryPoint
 .text.set_params
                0x000000000000034c      0x184 /home/rahulmahadev/hikey_optee/neo/ta/out/ta.o
 .text.TA_OpenSessionEntryPoint
                0x00000000000004d0       0xf0 /home/rahulmahadev/hikey_optee/neo/ta/out/ta.o
                0x00000000000004d0                TA_OpenSessionEntryPoint
 .text.TA_CloseSessionEntryPoint
                0x00000000000005c0       0x10 /home/rahulmahadev/hikey_optee/neo/ta/out/ta.o
                0x00000000000005c0                TA_CloseSessionEntryPoint
 .text.check_answer
                0x00000000000005d0      0x254 /home/rahulmahadev/hikey_optee/neo/ta/out/ta.o
 .text.start_quiz
                0x0000000000000824       0xe0 /home/rahulmahadev/hikey_optee/neo/ta/out/ta.o
 .text.TA_InvokeCommandEntryPoint
                0x0000000000000904       0x5c /home/rahulmahadev/hikey_optee/neo/ta/out/ta.o
                0x0000000000000904                TA_InvokeCommandEntryPoint
 .text.tahead_get_trace_level
                0x0000000000000960        0x8 /home/rahulmahadev/hikey_optee/neo/ta/out/user_ta_header.o
                0x0000000000000960                tahead_get_trace_level
 .text.__utee_from_param
                0x0000000000000968       0x80 /home/rahulmahadev/hikey_optee/optee_os/out/arm-plat-hikey/export-ta_arm64/lib/libutee.a(tee_api.o)
                0x0000000000000968                __utee_from_param
 .text.__utee_to_param
                0x00000000000009e8       0x80 /home/rahulmahadev/hikey_optee/optee_os/out/arm-plat-hikey/export-ta_arm64/lib/libutee.a(tee_api.o)
                0x00000000000009e8                __utee_to_param
 .text.TEE_OpenTASession
                0x0000000000000a68       0x90 /home/rahulmahadev/hikey_optee/optee_os/out/arm-plat-hikey/export-ta_arm64/lib/libutee.a(tee_api.o)
                0x0000000000000a68                TEE_OpenTASession
 .text.TEE_CloseTASession
                0x0000000000000af8       0x5c /home/rahulmahadev/hikey_optee/optee_os/out/arm-plat-hikey/export-ta_arm64/lib/libutee.a(tee_api.o)
                0x0000000000000af8                TEE_CloseTASession
 .text.TEE_InvokeTACommand
                0x0000000000000b54       0xec /home/rahulmahadev/hikey_optee/optee_os/out/arm-plat-hikey/export-ta_arm64/lib/libutee.a(tee_api.o)
                0x0000000000000b54                TEE_InvokeTACommand
 .text.TEE_GetCancellationFlag
                0x0000000000000c40       0x2c /home/rahulmahadev/hikey_optee/optee_os/out/arm-plat-hikey/export-ta_arm64/lib/libutee.a(tee_api.o)
                0x0000000000000c40                TEE_GetCancellationFlag
 .text.TEE_UnmaskCancellation
                0x0000000000000c6c       0x60 /home/rahulmahadev/hikey_optee/optee_os/out/arm-plat-hikey/export-ta_arm64/lib/libutee.a(tee_api.o)
                0x0000000000000c6c                TEE_UnmaskCancellation
 .text.TEE_MaskCancellation
                0x0000000000000ccc       0x60 /home/rahulmahadev/hikey_optee/optee_os/out/arm-plat-hikey/export-ta_arm64/lib/libutee.a(tee_api.o)
                0x0000000000000ccc                TEE_MaskCancellation
 .text.TEE_CheckMemoryAccessRights
                0x0000000000000d2c       0x14 /home/rahulmahadev/hikey_optee/optee_os/out/arm-plat-hikey/export-ta_arm64/lib/libutee.a(tee_api.o)
                0x0000000000000d2c                TEE_CheckMemoryAccessRights
 .text.TEE_SetInstanceData
                0x0000000000000d40        0xc /home/rahulmahadev/hikey_optee/optee_os/out/arm-plat-hikey/export-ta_arm64/lib/libutee.a(tee_api.o)
                0x0000000000000d40                TEE_SetInstanceData
 .text.TEE_GetInstanceData
                0x0000000000000d4c        0xc /home/rahulmahadev/hikey_optee/optee_os/out/arm-plat-hikey/export-ta_arm64/lib/libutee.a(tee_api.o)
                0x0000000000000d4c                TEE_GetInstanceData
 .text.TEE_MemMove
                0x0000000000000d58        0x8 /home/rahulmahadev/hikey_optee/optee_os/out/arm-plat-hikey/export-ta_arm64/lib/libutee.a(tee_api.o)
                0x0000000000000d58                TEE_MemMove
 .text.TEE_MemCompare
                0x0000000000000d60        0x8 /home/rahulmahadev/hikey_optee/optee_os/out/arm-plat-hikey/export-ta_arm64/lib/libutee.a(tee_api.o)
                0x0000000000000d60                TEE_MemCompare
 .text.TEE_MemFill
                0x0000000000000d68        0x8 /home/rahulmahadev/hikey_optee/optee_os/out/arm-plat-hikey/export-ta_arm64/lib/libutee.a(tee_api.o)
                0x0000000000000d68                TEE_MemFill
 .text.TEE_GetSystemTime
                0x0000000000000d70       0x50 /home/rahulmahadev/hikey_optee/optee_os/out/arm-plat-hikey/export-ta_arm64/lib/libutee.a(tee_api.o)
                0x0000000000000d70                TEE_GetSystemTime
 .text.TEE_Wait
                0x0000000000000dc0       0x64 /home/rahulmahadev/hikey_optee/optee_os/out/arm-plat-hikey/export-ta_arm64/lib/libutee.a(tee_api.o)
                0x0000000000000dc0                TEE_Wait
 .text.TEE_GetTAPersistentTime
                0x0000000000000e24       0xa0 /home/rahulmahadev/hikey_optee/optee_os/out/arm-plat-hikey/export-ta_arm64/lib/libutee.a(tee_api.o)
                0x0000000000000e24                TEE_GetTAPersistentTime
 .text.TEE_SetTAPersistentTime
                0x0000000000000ec4       0x78 /home/rahulmahadev/hikey_optee/optee_os/out/arm-plat-hikey/export-ta_arm64/lib/libutee.a(tee_api.o)
                0x0000000000000ec4                TEE_SetTAPersistentTime
 .text.TEE_GetREETime
                0x0000000000000f3c       0x50 /home/rahulmahadev/hikey_optee/optee_os/out/arm-plat-hikey/export-ta_arm64/lib/libutee.a(tee_api.o)
                0x0000000000000f3c                TEE_GetREETime
 .text.TEE_Malloc
                0x0000000000000f8c        0x8 /home/rahulmahadev/hikey_optee/optee_os/out/arm-plat-hikey/export-ta_arm64/lib/libutee.a(tee_api.o)
                0x0000000000000f8c                TEE_Malloc
 .text.TEE_Realloc
                0x0000000000000f94        0x8 /home/rahulmahadev/hikey_optee/optee_os/out/arm-plat-hikey/export-ta_arm64/lib/libutee.a(tee_api.o)
                0x0000000000000f94                TEE_Realloc
 .text.TEE_Free
                0x0000000000000f9c        0x4 /home/rahulmahadev/hikey_optee/optee_os/out/arm-plat-hikey/export-ta_arm64/lib/libutee.a(tee_api.o)
                0x0000000000000f9c                TEE_Free
 .text.TEE_CacheClean
                0x0000000000000fa0        0x8 /home/rahulmahadev/hikey_optee/optee_os/out/arm-plat-hikey/export-ta_arm64/lib/libutee.a(tee_api.o)
                0x0000000000000fa0                TEE_CacheClean
 .text.TEE_CacheFlush
                0x0000000000000fa8        0x8 /home/rahulmahadev/hikey_optee/optee_os/out/arm-plat-hikey/export-ta_arm64/lib/libutee.a(tee_api.o)
                0x0000000000000fa8                TEE_CacheFlush
 .text.TEE_CacheInvalidate
                0x0000000000000fb0        0x8 /home/rahulmahadev/hikey_optee/optee_os/out/arm-plat-hikey/export-ta_arm64/lib/libutee.a(tee_api.o)
                0x0000000000000fb0                TEE_CacheInvalidate
 .text.__utee_from_attr
                0x0000000000000fb8       0x58 /home/rahulmahadev/hikey_optee/optee_os/out/arm-plat-hikey/export-ta_arm64/lib/libutee.a(tee_api_objects.o)
                0x0000000000000fb8                __utee_from_attr
 .text.TEE_GetObjectInfo
                0x0000000000001010       0x80 /home/rahulmahadev/hikey_optee/optee_os/out/arm-plat-hikey/export-ta_arm64/lib/libutee.a(tee_api_objects.o)
                0x0000000000001010                TEE_GetObjectInfo
 .text.TEE_GetObjectInfo1
                0x0000000000001090       0x68 /home/rahulmahadev/hikey_optee/optee_os/out/arm-plat-hikey/export-ta_arm64/lib/libutee.a(tee_api_objects.o)
                0x0000000000001090                TEE_GetObjectInfo1
 .text.TEE_RestrictObjectUsage1
                0x00000000000010f8       0x6c /home/rahulmahadev/hikey_optee/optee_os/out/arm-plat-hikey/export-ta_arm64/lib/libutee.a(tee_api_objects.o)
                0x00000000000010f8                TEE_RestrictObjectUsage1
 .text.TEE_RestrictObjectUsage
                0x0000000000001164       0x78 /home/rahulmahadev/hikey_optee/optee_os/out/arm-plat-hikey/export-ta_arm64/lib/libutee.a(tee_api_objects.o)
                0x0000000000001164                TEE_RestrictObjectUsage
 .text.TEE_GetObjectBufferAttribute
                0x00000000000011dc       0xc8 /home/rahulmahadev/hikey_optee/optee_os/out/arm-plat-hikey/export-ta_arm64/lib/libutee.a(tee_api_objects.o)
                0x00000000000011dc                TEE_GetObjectBufferAttribute
 .text.TEE_GetObjectValueAttribute
                0x00000000000012a4      0x10c /home/rahulmahadev/hikey_optee/optee_os/out/arm-plat-hikey/export-ta_arm64/lib/libutee.a(tee_api_objects.o)
                0x00000000000012a4                TEE_GetObjectValueAttribute
 .text.TEE_CloseObject
                0x00000000000013b0       0x4c /home/rahulmahadev/hikey_optee/optee_os/out/arm-plat-hikey/export-ta_arm64/lib/libutee.a(tee_api_objects.o)
                0x00000000000013b0                TEE_CloseObject
 .text.TEE_AllocateTransientObject
                0x00000000000013fc       0x8c /home/rahulmahadev/hikey_optee/optee_os/out/arm-plat-hikey/export-ta_arm64/lib/libutee.a(tee_api_objects.o)
                0x00000000000013fc                TEE_AllocateTransientObject
 .text.TEE_FreeTransientObject
                0x0000000000001488       0xc4 /home/rahulmahadev/hikey_optee/optee_os/out/arm-plat-hikey/export-ta_arm64/lib/libutee.a(tee_api_objects.o)
                0x0000000000001488                TEE_FreeTransientObject
 .text.TEE_ResetTransientObject
                0x000000000000154c       0xc4 /home/rahulmahadev/hikey_optee/optee_os/out/arm-plat-hikey/export-ta_arm64/lib/libutee.a(tee_api_objects.o)
                0x000000000000154c                TEE_ResetTransientObject
 .text.TEE_PopulateTransientObject
                0x0000000000001610      0x15c /home/rahulmahadev/hikey_optee/optee_os/out/arm-plat-hikey/export-ta_arm64/lib/libutee.a(tee_api_objects.o)
                0x0000000000001610                TEE_PopulateTransientObject
 .text.TEE_InitRefAttribute
                0x000000000000176c       0x9c /home/rahulmahadev/hikey_optee/optee_os/out/arm-plat-hikey/export-ta_arm64/lib/libutee.a(tee_api_objects.o)
                0x000000000000176c                TEE_InitRefAttribute
 .text.TEE_InitValueAttribute
                0x0000000000001808       0x9c /home/rahulmahadev/hikey_optee/optee_os/out/arm-plat-hikey/export-ta_arm64/lib/libutee.a(tee_api_objects.o)
                0x0000000000001808                TEE_InitValueAttribute
 .text.TEE_CopyObjectAttributes1
                0x00000000000018a4      0x140 /home/rahulmahadev/hikey_optee/optee_os/out/arm-plat-hikey/export-ta_arm64/lib/libutee.a(tee_api_objects.o)
                0x00000000000018a4                TEE_CopyObjectAttributes1
 .text.TEE_CopyObjectAttributes
                0x00000000000019e4       0x7c /home/rahulmahadev/hikey_optee/optee_os/out/arm-plat-hikey/export-ta_arm64/lib/libutee.a(tee_api_objects.o)
                0x00000000000019e4                TEE_CopyObjectAttributes
 .text.TEE_GenerateKey
                0x0000000000001a60       0xb4 /home/rahulmahadev/hikey_optee/optee_os/out/arm-plat-hikey/export-ta_arm64/lib/libutee.a(tee_api_objects.o)
                0x0000000000001a60                TEE_GenerateKey
 .text.TEE_OpenPersistentObject
                0x0000000000001b14       0xcc /home/rahulmahadev/hikey_optee/optee_os/out/arm-plat-hikey/export-ta_arm64/lib/libutee.a(tee_api_objects.o)
                0x0000000000001b14                TEE_OpenPersistentObject
 .text.TEE_CreatePersistentObject
                0x0000000000001be0       0xd4 /home/rahulmahadev/hikey_optee/optee_os/out/arm-plat-hikey/export-ta_arm64/lib/libutee.a(tee_api_objects.o)
                0x0000000000001be0                TEE_CreatePersistentObject
 .text.TEE_CloseAndDeletePersistentObject1
                0x0000000000001cb4       0x78 /home/rahulmahadev/hikey_optee/optee_os/out/arm-plat-hikey/export-ta_arm64/lib/libutee.a(tee_api_objects.o)
                0x0000000000001cb4                TEE_CloseAndDeletePersistentObject1
 .text.TEE_CloseAndDeletePersistentObject
                0x0000000000001d2c       0x4c /home/rahulmahadev/hikey_optee/optee_os/out/arm-plat-hikey/export-ta_arm64/lib/libutee.a(tee_api_objects.o)
                0x0000000000001d2c                TEE_CloseAndDeletePersistentObject
 .text.TEE_RenamePersistentObject
                0x0000000000001d78       0x94 /home/rahulmahadev/hikey_optee/optee_os/out/arm-plat-hikey/export-ta_arm64/lib/libutee.a(tee_api_objects.o)
                0x0000000000001d78                TEE_RenamePersistentObject
 .text.TEE_AllocatePersistentObjectEnumerator
                0x0000000000001e0c       0x80 /home/rahulmahadev/hikey_optee/optee_os/out/arm-plat-hikey/export-ta_arm64/lib/libutee.a(tee_api_objects.o)
                0x0000000000001e0c                TEE_AllocatePersistentObjectEnumerator
 .text.TEE_FreePersistentObjectEnumerator
                0x0000000000001e8c       0x4c /home/rahulmahadev/hikey_optee/optee_os/out/arm-plat-hikey/export-ta_arm64/lib/libutee.a(tee_api_objects.o)
                0x0000000000001e8c                TEE_FreePersistentObjectEnumerator
 .text.TEE_ResetPersistentObjectEnumerator
                0x0000000000001ed8       0x4c /home/rahulmahadev/hikey_optee/optee_os/out/arm-plat-hikey/export-ta_arm64/lib/libutee.a(tee_api_objects.o)
                0x0000000000001ed8                TEE_ResetPersistentObjectEnumerator
 .text.TEE_StartPersistentObjectEnumerator
                0x0000000000001f24       0x8c /home/rahulmahadev/hikey_optee/optee_os/out/arm-plat-hikey/export-ta_arm64/lib/libutee.a(tee_api_objects.o)
                0x0000000000001f24                TEE_StartPersistentObjectEnumerator
 .text.TEE_GetNextPersistentObject
                0x0000000000001fb0       0x9c /home/rahulmahadev/hikey_optee/optee_os/out/arm-plat-hikey/export-ta_arm64/lib/libutee.a(tee_api_objects.o)
                0x0000000000001fb0                TEE_GetNextPersistentObject
 .text.TEE_ReadObjectData
                0x000000000000204c       0x8c /home/rahulmahadev/hikey_optee/optee_os/out/arm-plat-hikey/export-ta_arm64/lib/libutee.a(tee_api_objects.o)
                0x000000000000204c                TEE_ReadObjectData
 .text.TEE_WriteObjectData
                0x00000000000020d8       0x8c /home/rahulmahadev/hikey_optee/optee_os/out/arm-plat-hikey/export-ta_arm64/lib/libutee.a(tee_api_objects.o)
                0x00000000000020d8                TEE_WriteObjectData
 .text.TEE_TruncateObjectData
                0x0000000000002164       0x80 /home/rahulmahadev/hikey_optee/optee_os/out/arm-plat-hikey/export-ta_arm64/lib/libutee.a(tee_api_objects.o)
                0x0000000000002164                TEE_TruncateObjectData
 .text.TEE_SeekObjectData
                0x00000000000021e4       0xfc /home/rahulmahadev/hikey_optee/optee_os/out/arm-plat-hikey/export-ta_arm64/lib/libutee.a(tee_api_objects.o)
                0x00000000000021e4                TEE_SeekObjectData
 .text.init_hash_operation
                0x00000000000022e0       0x6c /home/rahulmahadev/hikey_optee/optee_os/out/arm-plat-hikey/export-ta_arm64/lib/libutee.a(tee_api_operations.o)
 .text.tee_buffer_update
                0x000000000000234c      0x244 /home/rahulmahadev/hikey_optee/optee_os/out/arm-plat-hikey/export-ta_arm64/lib/libutee.a(tee_api_operations.o)
 .text.TEE_FreeOperation
                0x0000000000002590       0x90 /home/rahulmahadev/hikey_optee/optee_os/out/arm-plat-hikey/export-ta_arm64/lib/libutee.a(tee_api_operations.o)
                0x0000000000002590                TEE_FreeOperation
 .text.TEE_AllocateOperation
                0x0000000000002620      0x978 /home/rahulmahadev/hikey_optee/optee_os/out/arm-plat-hikey/export-ta_arm64/lib/libutee.a(tee_api_operations.o)
                0x0000000000002620                TEE_AllocateOperation
 .text.TEE_GetOperationInfo
                0x0000000000002f98       0x90 /home/rahulmahadev/hikey_optee/optee_os/out/arm-plat-hikey/export-ta_arm64/lib/libutee.a(tee_api_operations.o)
                0x0000000000002f98                TEE_GetOperationInfo
 .text.TEE_GetOperationInfoMultiple
                0x0000000000003028      0x188 /home/rahulmahadev/hikey_optee/optee_os/out/arm-plat-hikey/export-ta_arm64/lib/libutee.a(tee_api_operations.o)
                0x0000000000003028                TEE_GetOperationInfoMultiple
 .text.TEE_ResetOperation
                0x00000000000031b0       0xec /home/rahulmahadev/hikey_optee/optee_os/out/arm-plat-hikey/export-ta_arm64/lib/libutee.a(tee_api_operations.o)
                0x00000000000031b0                TEE_ResetOperation
 .text.TEE_SetOperationKey
                0x000000000000329c      0x114 /home/rahulmahadev/hikey_optee/optee_os/out/arm-plat-hikey/export-ta_arm64/lib/libutee.a(tee_api_operations.o)
                0x000000000000329c                TEE_SetOperationKey
 .text.TEE_SetOperationKey2
                0x00000000000033b0      0x1c4 /home/rahulmahadev/hikey_optee/optee_os/out/arm-plat-hikey/export-ta_arm64/lib/libutee.a(tee_api_operations.o)
                0x00000000000033b0                TEE_SetOperationKey2
 .text.TEE_CopyOperation
                0x0000000000003574      0x208 /home/rahulmahadev/hikey_optee/optee_os/out/arm-plat-hikey/export-ta_arm64/lib/libutee.a(tee_api_operations.o)
                0x0000000000003574                TEE_CopyOperation
 .text.TEE_DigestUpdate
                0x000000000000377c       0xc0 /home/rahulmahadev/hikey_optee/optee_os/out/arm-plat-hikey/export-ta_arm64/lib/libutee.a(tee_api_operations.o)
                0x000000000000377c                TEE_DigestUpdate
 .text.TEE_DigestDoFinal
                0x000000000000383c       0xd4 /home/rahulmahadev/hikey_optee/optee_os/out/arm-plat-hikey/export-ta_arm64/lib/libutee.a(tee_api_operations.o)
                0x000000000000383c                TEE_DigestDoFinal
 .text.TEE_CipherInit
                0x0000000000003910      0x13c /home/rahulmahadev/hikey_optee/optee_os/out/arm-plat-hikey/export-ta_arm64/lib/libutee.a(tee_api_operations.o)
                0x0000000000003910                TEE_CipherInit
 .text.TEE_CipherUpdate
                0x0000000000003a4c      0x12c /home/rahulmahadev/hikey_optee/optee_os/out/arm-plat-hikey/export-ta_arm64/lib/libutee.a(tee_api_operations.o)
                0x0000000000003a4c                TEE_CipherUpdate
 .text.TEE_CipherDoFinal
                0x0000000000003b78      0x1b8 /home/rahulmahadev/hikey_optee/optee_os/out/arm-plat-hikey/export-ta_arm64/lib/libutee.a(tee_api_operations.o)
                0x0000000000003b78                TEE_CipherDoFinal
 .text.TEE_MACInit
                0x0000000000003d30       0xf4 /home/rahulmahadev/hikey_optee/optee_os/out/arm-plat-hikey/export-ta_arm64/lib/libutee.a(tee_api_operations.o)
                0x0000000000003d30                TEE_MACInit
 .text.TEE_MACUpdate
                0x0000000000003e24      0x158 /home/rahulmahadev/hikey_optee/optee_os/out/arm-plat-hikey/export-ta_arm64/lib/libutee.a(tee_api_operations.o)
                0x0000000000003e24                TEE_MACUpdate
 .text.TEE_MACComputeFinal
                0x0000000000003f7c       0xe4 /home/rahulmahadev/hikey_optee/optee_os/out/arm-plat-hikey/export-ta_arm64/lib/libutee.a(tee_api_operations.o)
                0x0000000000003f7c                TEE_MACComputeFinal
 .text.TEE_MACCompareFinal
                0x0000000000004060       0xe4 /home/rahulmahadev/hikey_optee/optee_os/out/arm-plat-hikey/export-ta_arm64/lib/libutee.a(tee_api_operations.o)
                0x0000000000004060                TEE_MACCompareFinal
 .text.TEE_AEInit
                0x0000000000004144       0xec /home/rahulmahadev/hikey_optee/optee_os/out/arm-plat-hikey/export-ta_arm64/lib/libutee.a(tee_api_operations.o)
                0x0000000000004144                TEE_AEInit
 .text.TEE_AEUpdateAAD
                0x0000000000004230      0x124 /home/rahulmahadev/hikey_optee/optee_os/out/arm-plat-hikey/export-ta_arm64/lib/libutee.a(tee_api_operations.o)
                0x0000000000004230                TEE_AEUpdateAAD
 .text.TEE_AEUpdate
                0x0000000000004354      0x11c /home/rahulmahadev/hikey_optee/optee_os/out/arm-plat-hikey/export-ta_arm64/lib/libutee.a(tee_api_operations.o)
                0x0000000000004354                TEE_AEUpdate
 .text.TEE_AEEncryptFinal
                0x0000000000004470      0x1a8 /home/rahulmahadev/hikey_optee/optee_os/out/arm-plat-hikey/export-ta_arm64/lib/libutee.a(tee_api_operations.o)
                0x0000000000004470                TEE_AEEncryptFinal
 .text.TEE_AEDecryptFinal
                0x0000000000004618      0x1ac /home/rahulmahadev/hikey_optee/optee_os/out/arm-plat-hikey/export-ta_arm64/lib/libutee.a(tee_api_operations.o)
                0x0000000000004618                TEE_AEDecryptFinal
 .text.TEE_AsymmetricEncrypt
                0x00000000000047c4      0x240 /home/rahulmahadev/hikey_optee/optee_os/out/arm-plat-hikey/export-ta_arm64/lib/libutee.a(tee_api_operations.o)
                0x00000000000047c4                TEE_AsymmetricEncrypt
 .text.TEE_AsymmetricDecrypt
                0x0000000000004a04      0x244 /home/rahulmahadev/hikey_optee/optee_os/out/arm-plat-hikey/export-ta_arm64/lib/libutee.a(tee_api_operations.o)
                0x0000000000004a04                TEE_AsymmetricDecrypt
 .text.TEE_AsymmetricSignDigest
                0x0000000000004c48      0x214 /home/rahulmahadev/hikey_optee/optee_os/out/arm-plat-hikey/export-ta_arm64/lib/libutee.a(tee_api_operations.o)
                0x0000000000004c48                TEE_AsymmetricSignDigest
 .text.TEE_AsymmetricVerifyDigest
                0x0000000000004e5c      0x204 /home/rahulmahadev/hikey_optee/optee_os/out/arm-plat-hikey/export-ta_arm64/lib/libutee.a(tee_api_operations.o)
                0x0000000000004e5c                TEE_AsymmetricVerifyDigest
 .text.TEE_DeriveKey
                0x0000000000005060      0x2dc /home/rahulmahadev/hikey_optee/optee_os/out/arm-plat-hikey/export-ta_arm64/lib/libutee.a(tee_api_operations.o)
                0x0000000000005060                TEE_DeriveKey
 .text.TEE_GenerateRandom
                0x000000000000533c       0x5c /home/rahulmahadev/hikey_optee/optee_os/out/arm-plat-hikey/export-ta_arm64/lib/libutee.a(tee_api_operations.o)
                0x000000000000533c                TEE_GenerateRandom
 .text.__TEE_Panic
                0x0000000000005398       0x10 /home/rahulmahadev/hikey_optee/optee_os/out/arm-plat-hikey/export-ta_arm64/lib/libutee.a(tee_api_panic.o)
                0x0000000000005398                __TEE_Panic
 .text.TEE_Panic
                0x00000000000053a8       0x10 /home/rahulmahadev/hikey_optee/optee_os/out/arm-plat-hikey/export-ta_arm64/lib/libutee.a(tee_api_panic.o)
                0x00000000000053a8                TEE_Panic
 .text.ta_header_get_session
                0x00000000000053b8       0x30 /home/rahulmahadev/hikey_optee/optee_os/out/arm-plat-hikey/export-ta_arm64/lib/libutee.a(user_ta_entry.o)
 .text.ta_header_remove_session
                0x00000000000053e8       0x7c /home/rahulmahadev/hikey_optee/optee_os/out/arm-plat-hikey/export-ta_arm64/lib/libutee.a(user_ta_entry.o)
 .text.ta_header_save_params.part.0
                0x0000000000005464       0x14 /home/rahulmahadev/hikey_optee/optee_os/out/arm-plat-hikey/export-ta_arm64/lib/libutee.a(user_ta_entry.o)
 .text.__utee_entry
                0x0000000000005478      0x24c /home/rahulmahadev/hikey_optee/optee_os/out/arm-plat-hikey/export-ta_arm64/lib/libutee.a(user_ta_entry.o)
                0x0000000000005478                __utee_entry
 .text.print_buf
                0x00000000000056c4       0x58 /home/rahulmahadev/hikey_optee/optee_os/out/arm-plat-hikey/export-ta_arm64/lib/libutee.a(tee_user_mem.o)
 .text.check_elem
                0x000000000000571c       0xe4 /home/rahulmahadev/hikey_optee/optee_os/out/arm-plat-hikey/export-ta_arm64/lib/libutee.a(tee_user_mem.o)
 .text.tee_user_mem_alloc
                0x0000000000005800      0x144 /home/rahulmahadev/hikey_optee/optee_os/out/arm-plat-hikey/export-ta_arm64/lib/libutee.a(tee_user_mem.o)
                0x0000000000005800                tee_user_mem_alloc
 .text.tee_user_mem_free
                0x0000000000005944      0x148 /home/rahulmahadev/hikey_optee/optee_os/out/arm-plat-hikey/export-ta_arm64/lib/libutee.a(tee_user_mem.o)
                0x0000000000005944                tee_user_mem_free
 .text.tee_user_mem_realloc
                0x0000000000005a8c       0xc0 /home/rahulmahadev/hikey_optee/optee_os/out/arm-plat-hikey/export-ta_arm64/lib/libutee.a(tee_user_mem.o)
                0x0000000000005a8c                tee_user_mem_realloc
 .text.tee_user_mem_mark_heap
                0x0000000000005b4c        0xc /home/rahulmahadev/hikey_optee/optee_os/out/arm-plat-hikey/export-ta_arm64/lib/libutee.a(tee_user_mem.o)
                0x0000000000005b4c                tee_user_mem_mark_heap
 .text.tee_user_mem_check_heap
                0x0000000000005b58       0x94 /home/rahulmahadev/hikey_optee/optee_os/out/arm-plat-hikey/export-ta_arm64/lib/libutee.a(tee_user_mem.o)
                0x0000000000005b58                tee_user_mem_check_heap
 .text.tee_user_mem_garbage
                0x0000000000005bec       0x74 /home/rahulmahadev/hikey_optee/optee_os/out/arm-plat-hikey/export-ta_arm64/lib/libutee.a(tee_user_mem.o)
                0x0000000000005bec                tee_user_mem_garbage
 .text._assert_log
                0x0000000000005c60       0x2c /home/rahulmahadev/hikey_optee/optee_os/out/arm-plat-hikey/export-ta_arm64/lib/libutee.a(assert.o)
                0x0000000000005c60                _assert_log
 .text._assert_break
                0x0000000000005c8c       0x10 /home/rahulmahadev/hikey_optee/optee_os/out/arm-plat-hikey/export-ta_arm64/lib/libutee.a(assert.o)
                0x0000000000005c8c                _assert_break
 .text.unlikely.TEE_BigInt_Panic
                0x0000000000005c9c       0x50 /home/rahulmahadev/hikey_optee/optee_os/out/arm-plat-hikey/export-ta_arm64/lib/libutee.a(tee_api_arith.o)
 .text._TEE_MathAPI_Init
                0x0000000000005cec       0x2c /home/rahulmahadev/hikey_optee/optee_os/out/arm-plat-hikey/export-ta_arm64/lib/libutee.a(tee_api_arith.o)
                0x0000000000005cec                _TEE_MathAPI_Init
 .text.TEE_BigIntInit
                0x0000000000005d18        0x4 /home/rahulmahadev/hikey_optee/optee_os/out/arm-plat-hikey/export-ta_arm64/lib/libutee.a(tee_api_arith.o)
                0x0000000000005d18                TEE_BigIntInit
 .text.TEE_BigIntInitFMM
                0x0000000000005d1c       0x18 /home/rahulmahadev/hikey_optee/optee_os/out/arm-plat-hikey/export-ta_arm64/lib/libutee.a(tee_api_arith.o)
                0x0000000000005d1c                TEE_BigIntInitFMM
 .text.TEE_BigIntInitFMMContext
                0x0000000000005d34       0x3c /home/rahulmahadev/hikey_optee/optee_os/out/arm-plat-hikey/export-ta_arm64/lib/libutee.a(tee_api_arith.o)
                0x0000000000005d34                TEE_BigIntInitFMMContext
 .text.TEE_BigIntFMMSizeInU32
                0x0000000000005d70       0x10 /home/rahulmahadev/hikey_optee/optee_os/out/arm-plat-hikey/export-ta_arm64/lib/libutee.a(tee_api_arith.o)
                0x0000000000005d70                TEE_BigIntFMMSizeInU32
 .text.TEE_BigIntFMMContextSizeInU32
                0x0000000000005d80       0x14 /home/rahulmahadev/hikey_optee/optee_os/out/arm-plat-hikey/export-ta_arm64/lib/libutee.a(tee_api_arith.o)
                0x0000000000005d80                TEE_BigIntFMMContextSizeInU32
 .text.TEE_BigIntConvertFromOctetString
                0x0000000000005d94       0x28 /home/rahulmahadev/hikey_optee/optee_os/out/arm-plat-hikey/export-ta_arm64/lib/libutee.a(tee_api_arith.o)
                0x0000000000005d94                TEE_BigIntConvertFromOctetString
 .text.TEE_BigIntConvertToOctetString
                0x0000000000005dbc       0x40 /home/rahulmahadev/hikey_optee/optee_os/out/arm-plat-hikey/export-ta_arm64/lib/libutee.a(tee_api_arith.o)
                0x0000000000005dbc                TEE_BigIntConvertToOctetString
 .text.TEE_BigIntConvertFromS32
                0x0000000000005dfc        0x4 /home/rahulmahadev/hikey_optee/optee_os/out/arm-plat-hikey/export-ta_arm64/lib/libutee.a(tee_api_arith.o)
                0x0000000000005dfc                TEE_BigIntConvertFromS32
 .text.TEE_BigIntConvertToS32
                0x0000000000005e00       0x20 /home/rahulmahadev/hikey_optee/optee_os/out/arm-plat-hikey/export-ta_arm64/lib/libutee.a(tee_api_arith.o)
                0x0000000000005e00                TEE_BigIntConvertToS32
 .text.TEE_BigIntCmp
                0x0000000000005e20        0x4 /home/rahulmahadev/hikey_optee/optee_os/out/arm-plat-hikey/export-ta_arm64/lib/libutee.a(tee_api_arith.o)
                0x0000000000005e20                TEE_BigIntCmp
 .text.TEE_BigIntCmpS32
                0x0000000000005e24        0x4 /home/rahulmahadev/hikey_optee/optee_os/out/arm-plat-hikey/export-ta_arm64/lib/libutee.a(tee_api_arith.o)
                0x0000000000005e24                TEE_BigIntCmpS32
 .text.TEE_BigIntShiftRight
                0x0000000000005e28        0x4 /home/rahulmahadev/hikey_optee/optee_os/out/arm-plat-hikey/export-ta_arm64/lib/libutee.a(tee_api_arith.o)
                0x0000000000005e28                TEE_BigIntShiftRight
 .text.TEE_BigIntGetBit
                0x0000000000005e2c       0x1c /home/rahulmahadev/hikey_optee/optee_os/out/arm-plat-hikey/export-ta_arm64/lib/libutee.a(tee_api_arith.o)
                0x0000000000005e2c                TEE_BigIntGetBit
 .text.TEE_BigIntGetBitCount
                0x0000000000005e48       0x18 /home/rahulmahadev/hikey_optee/optee_os/out/arm-plat-hikey/export-ta_arm64/lib/libutee.a(tee_api_arith.o)
                0x0000000000005e48                TEE_BigIntGetBitCount
 .text.TEE_BigIntAdd
                0x0000000000005e60        0xc /home/rahulmahadev/hikey_optee/optee_os/out/arm-plat-hikey/export-ta_arm64/lib/libutee.a(tee_api_arith.o)
                0x0000000000005e60                TEE_BigIntAdd
 .text.TEE_BigIntSub
                0x0000000000005e6c        0xc /home/rahulmahadev/hikey_optee/optee_os/out/arm-plat-hikey/export-ta_arm64/lib/libutee.a(tee_api_arith.o)
                0x0000000000005e6c                TEE_BigIntSub
 .text.TEE_BigIntNeg
                0x0000000000005e78        0x4 /home/rahulmahadev/hikey_optee/optee_os/out/arm-plat-hikey/export-ta_arm64/lib/libutee.a(tee_api_arith.o)
                0x0000000000005e78                TEE_BigIntNeg
 .text.TEE_BigIntMul
                0x0000000000005e7c        0xc /home/rahulmahadev/hikey_optee/optee_os/out/arm-plat-hikey/export-ta_arm64/lib/libutee.a(tee_api_arith.o)
                0x0000000000005e7c                TEE_BigIntMul
 .text.TEE_BigIntSquare
                0x0000000000005e88       0x10 /home/rahulmahadev/hikey_optee/optee_os/out/arm-plat-hikey/export-ta_arm64/lib/libutee.a(tee_api_arith.o)
                0x0000000000005e88                TEE_BigIntSquare
 .text.TEE_BigIntDiv
                0x0000000000005e98       0x5c /home/rahulmahadev/hikey_optee/optee_os/out/arm-plat-hikey/export-ta_arm64/lib/libutee.a(tee_api_arith.o)
                0x0000000000005e98                TEE_BigIntDiv
 .text.TEE_BigIntMod
                0x0000000000005ef4       0x94 /home/rahulmahadev/hikey_optee/optee_os/out/arm-plat-hikey/export-ta_arm64/lib/libutee.a(tee_api_arith.o)
                0x0000000000005ef4                TEE_BigIntMod
 .text.TEE_BigIntAddMod
                0x0000000000005f88       0x9c /home/rahulmahadev/hikey_optee/optee_os/out/arm-plat-hikey/export-ta_arm64/lib/libutee.a(tee_api_arith.o)
                0x0000000000005f88                TEE_BigIntAddMod
 .text.TEE_BigIntSubMod
                0x0000000000006024       0x9c /home/rahulmahadev/hikey_optee/optee_os/out/arm-plat-hikey/export-ta_arm64/lib/libutee.a(tee_api_arith.o)
                0x0000000000006024                TEE_BigIntSubMod
 .text.TEE_BigIntMulMod
                0x00000000000060c0       0xc8 /home/rahulmahadev/hikey_optee/optee_os/out/arm-plat-hikey/export-ta_arm64/lib/libutee.a(tee_api_arith.o)
                0x00000000000060c0                TEE_BigIntMulMod
 .text.TEE_BigIntSquareMod
                0x0000000000006188        0xc /home/rahulmahadev/hikey_optee/optee_os/out/arm-plat-hikey/export-ta_arm64/lib/libutee.a(tee_api_arith.o)
                0x0000000000006188                TEE_BigIntSquareMod
 .text.TEE_BigIntInvMod
                0x0000000000006194       0x6c /home/rahulmahadev/hikey_optee/optee_os/out/arm-plat-hikey/export-ta_arm64/lib/libutee.a(tee_api_arith.o)
                0x0000000000006194                TEE_BigIntInvMod
 .text.TEE_BigIntRelativePrime
                0x0000000000006200       0x78 /home/rahulmahadev/hikey_optee/optee_os/out/arm-plat-hikey/export-ta_arm64/lib/libutee.a(tee_api_arith.o)
                0x0000000000006200                TEE_BigIntRelativePrime
 .text.TEE_BigIntComputeExtendedGcd
                0x0000000000006278        0xc /home/rahulmahadev/hikey_optee/optee_os/out/arm-plat-hikey/export-ta_arm64/lib/libutee.a(tee_api_arith.o)
                0x0000000000006278                TEE_BigIntComputeExtendedGcd
 .text.TEE_BigIntIsProbablePrime
                0x0000000000006284       0x28 /home/rahulmahadev/hikey_optee/optee_os/out/arm-plat-hikey/export-ta_arm64/lib/libutee.a(tee_api_arith.o)
                0x0000000000006284                TEE_BigIntIsProbablePrime
 .text.TEE_BigIntConvertToFMM
                0x00000000000062ac       0x1c /home/rahulmahadev/hikey_optee/optee_os/out/arm-plat-hikey/export-ta_arm64/lib/libutee.a(tee_api_arith.o)
                0x00000000000062ac                TEE_BigIntConvertToFMM
 .text.TEE_BigIntConvertFromFMM
                0x00000000000062c8       0x94 /home/rahulmahadev/hikey_optee/optee_os/out/arm-plat-hikey/export-ta_arm64/lib/libutee.a(tee_api_arith.o)
                0x00000000000062c8                TEE_BigIntConvertFromFMM
 .text.TEE_BigIntComputeFMM
                0x000000000000635c       0x10 /home/rahulmahadev/hikey_optee/optee_os/out/arm-plat-hikey/export-ta_arm64/lib/libutee.a(tee_api_arith.o)
                0x000000000000635c                TEE_BigIntComputeFMM
 .text.utee_get_ta_exec_id
                0x000000000000636c        0x8 /home/rahulmahadev/hikey_optee/optee_os/out/arm-plat-hikey/export-ta_arm64/lib/libutee.a(utee_misc.o)
                0x000000000000636c                utee_get_ta_exec_id
 .text.utee_malloc
                0x0000000000006374        0x4 /home/rahulmahadev/hikey_optee/optee_os/out/arm-plat-hikey/export-ta_arm64/lib/libutee.a(utee_misc.o)
                0x0000000000006374                utee_malloc
 .text.utee_realloc
                0x0000000000006378        0x4 /home/rahulmahadev/hikey_optee/optee_os/out/arm-plat-hikey/export-ta_arm64/lib/libutee.a(utee_misc.o)
                0x0000000000006378                utee_realloc
 .text.utee_calloc
                0x000000000000637c       0x10 /home/rahulmahadev/hikey_optee/optee_os/out/arm-plat-hikey/export-ta_arm64/lib/libutee.a(utee_misc.o)
                0x000000000000637c                utee_calloc
 .text.utee_free
                0x000000000000638c        0x4 /home/rahulmahadev/hikey_optee/optee_os/out/arm-plat-hikey/export-ta_arm64/lib/libutee.a(utee_misc.o)
                0x000000000000638c                utee_free
 .text.get_rng_array
                0x0000000000006390        0x4 /home/rahulmahadev/hikey_optee/optee_os/out/arm-plat-hikey/export-ta_arm64/lib/libutee.a(utee_misc.o)
                0x0000000000006390                get_rng_array
 .text.trace_ext_puts
                0x0000000000006394       0x28 /home/rahulmahadev/hikey_optee/optee_os/out/arm-plat-hikey/export-ta_arm64/lib/libutee.a(trace_ext.o)
                0x0000000000006394                trace_ext_puts
 .text.trace_ext_get_thread_id
                0x00000000000063bc        0x8 /home/rahulmahadev/hikey_optee/optee_os/out/arm-plat-hikey/export-ta_arm64/lib/libutee.a(trace_ext.o)
                0x00000000000063bc                trace_ext_get_thread_id
 .text.puts     0x00000000000063c4       0x34 /home/rahulmahadev/hikey_optee/optee_os/out/arm-plat-hikey/export-ta_arm64/lib/libutee.a(trace_ext.o)
                0x00000000000063c4                puts
 .text.printf   0x00000000000063f8      0x100 /home/rahulmahadev/hikey_optee/optee_os/out/arm-plat-hikey/export-ta_arm64/lib/libutee.a(trace_ext.o)
                0x00000000000063f8                printf
 .text.create_free_block
                0x00000000000064f8       0xf0 /home/rahulmahadev/hikey_optee/optee_os/out/arm-plat-hikey/export-ta_arm64/lib/libutils.a(bget_malloc.o)
 .text.bget     0x00000000000065e8      0x160 /home/rahulmahadev/hikey_optee/optee_os/out/arm-plat-hikey/export-ta_arm64/lib/libutils.a(bget_malloc.o)
                0x00000000000065e8                bget
 .text.bgetz    0x0000000000006748       0x7c /home/rahulmahadev/hikey_optee/optee_os/out/arm-plat-hikey/export-ta_arm64/lib/libutils.a(bget_malloc.o)
                0x0000000000006748                bgetz
 .text.brel     0x00000000000067c4      0x1f0 /home/rahulmahadev/hikey_optee/optee_os/out/arm-plat-hikey/export-ta_arm64/lib/libutils.a(bget_malloc.o)
                0x00000000000067c4                brel
 .text.bgetr    0x00000000000069b4       0x98 /home/rahulmahadev/hikey_optee/optee_os/out/arm-plat-hikey/export-ta_arm64/lib/libutils.a(bget_malloc.o)
                0x00000000000069b4                bgetr
 .text.bpool    0x0000000000006a4c       0xbc /home/rahulmahadev/hikey_optee/optee_os/out/arm-plat-hikey/export-ta_arm64/lib/libutils.a(bget_malloc.o)
                0x0000000000006a4c                bpool
 .text.malloc_reset_max_allocated
                0x0000000000006b08        0x4 /home/rahulmahadev/hikey_optee/optee_os/out/arm-plat-hikey/export-ta_arm64/lib/libutils.a(bget_malloc.o)
                0x0000000000006b08                malloc_reset_max_allocated
 .text.malloc_get_max_allocated
                0x0000000000006b0c        0x8 /home/rahulmahadev/hikey_optee/optee_os/out/arm-plat-hikey/export-ta_arm64/lib/libutils.a(bget_malloc.o)
                0x0000000000006b0c                malloc_get_max_allocated
 .text.malloc_get_allocated
                0x0000000000006b14        0x8 /home/rahulmahadev/hikey_optee/optee_os/out/arm-plat-hikey/export-ta_arm64/lib/libutils.a(bget_malloc.o)
                0x0000000000006b14                malloc_get_allocated
 .text.malloc_get_heap_size
                0x0000000000006b1c       0x38 /home/rahulmahadev/hikey_optee/optee_os/out/arm-plat-hikey/export-ta_arm64/lib/libutils.a(bget_malloc.o)
                0x0000000000006b1c                malloc_get_heap_size
 .text.malloc   0x0000000000006b54        0xc /home/rahulmahadev/hikey_optee/optee_os/out/arm-plat-hikey/export-ta_arm64/lib/libutils.a(bget_malloc.o)
                0x0000000000006b54                malloc
 .text.free     0x0000000000006b60        0xc /home/rahulmahadev/hikey_optee/optee_os/out/arm-plat-hikey/export-ta_arm64/lib/libutils.a(bget_malloc.o)
                0x0000000000006b60                free
 .text.calloc   0x0000000000006b6c       0x28 /home/rahulmahadev/hikey_optee/optee_os/out/arm-plat-hikey/export-ta_arm64/lib/libutils.a(bget_malloc.o)
                0x0000000000006b6c                calloc
 .text.realloc  0x0000000000006b94        0xc /home/rahulmahadev/hikey_optee/optee_os/out/arm-plat-hikey/export-ta_arm64/lib/libutils.a(bget_malloc.o)
                0x0000000000006b94                realloc
 .text.memalign
                0x0000000000006ba0      0x2c0 /home/rahulmahadev/hikey_optee/optee_os/out/arm-plat-hikey/export-ta_arm64/lib/libutils.a(bget_malloc.o)
                0x0000000000006ba0                memalign
 .text.malloc_add_pool
                0x0000000000006e60       0xc8 /home/rahulmahadev/hikey_optee/optee_os/out/arm-plat-hikey/export-ta_arm64/lib/libutils.a(bget_malloc.o)
                0x0000000000006e60                malloc_add_pool
 .text.malloc_buffer_is_within_alloced
                0x0000000000006f28      0x124 /home/rahulmahadev/hikey_optee/optee_os/out/arm-plat-hikey/export-ta_arm64/lib/libutils.a(bget_malloc.o)
                0x0000000000006f28                malloc_buffer_is_within_alloced
 .text.malloc_buffer_overlaps_heap
                0x000000000000704c       0x68 /home/rahulmahadev/hikey_optee/optee_os/out/arm-plat-hikey/export-ta_arm64/lib/libutils.a(bget_malloc.o)
                0x000000000000704c                malloc_buffer_overlaps_heap
 .text.snprintf
                0x00000000000070b4       0x60 /home/rahulmahadev/hikey_optee/optee_os/out/arm-plat-hikey/export-ta_arm64/lib/libutils.a(snprintf.o)
                0x00000000000070b4                snprintf
 .text.vsnprintf
                0x0000000000007114       0x58 /home/rahulmahadev/hikey_optee/optee_os/out/arm-plat-hikey/export-ta_arm64/lib/libutils.a(snprintf.o)
                0x0000000000007114                vsnprintf
 .text.memcmp   0x000000000000716c       0x34 /home/rahulmahadev/hikey_optee/optee_os/out/arm-plat-hikey/export-ta_arm64/lib/libutils.a(memcmp.o)
                0x000000000000716c                memcmp
 .text.memcpy   0x00000000000071a0       0x20 /home/rahulmahadev/hikey_optee/optee_os/out/arm-plat-hikey/export-ta_arm64/lib/libutils.a(memcpy.o)
                0x00000000000071a0                memcpy
 .text.memmove  0x00000000000071c0       0x50 /home/rahulmahadev/hikey_optee/optee_os/out/arm-plat-hikey/export-ta_arm64/lib/libutils.a(memmove.o)
                0x00000000000071c0                memmove
 .text.memset   0x0000000000007210       0x1c /home/rahulmahadev/hikey_optee/optee_os/out/arm-plat-hikey/export-ta_arm64/lib/libutils.a(memset.o)
                0x0000000000007210                memset
 .text.strcmp   0x000000000000722c       0x30 /home/rahulmahadev/hikey_optee/optee_os/out/arm-plat-hikey/export-ta_arm64/lib/libutils.a(strcmp.o)
                0x000000000000722c                strcmp
 .text.strlen   0x000000000000725c       0x1c /home/rahulmahadev/hikey_optee/optee_os/out/arm-plat-hikey/export-ta_arm64/lib/libutils.a(strlen.o)
                0x000000000000725c                strlen
 .text.__vsnprintf
                0x0000000000007278      0xb44 /home/rahulmahadev/hikey_optee/optee_os/out/arm-plat-hikey/export-ta_arm64/lib/libutils.a(snprintk.o)
                0x0000000000007278                __vsnprintf
 .text.vsnprintk
                0x0000000000007dbc       0x58 /home/rahulmahadev/hikey_optee/optee_os/out/arm-plat-hikey/export-ta_arm64/lib/libutils.a(snprintk.o)
                0x0000000000007dbc                vsnprintk
 .text.snprintk
                0x0000000000007e14       0x5c /home/rahulmahadev/hikey_optee/optee_os/out/arm-plat-hikey/export-ta_arm64/lib/libutils.a(snprintk.o)
                0x0000000000007e14                snprintk
 .text.strlcpy  0x0000000000007e70       0x38 /home/rahulmahadev/hikey_optee/optee_os/out/arm-plat-hikey/export-ta_arm64/lib/libutils.a(strlcpy.o)
                0x0000000000007e70                strlcpy
 .text.buf_compare_ct
                0x0000000000007ea8       0x40 /home/rahulmahadev/hikey_optee/optee_os/out/arm-plat-hikey/export-ta_arm64/lib/libutils.a(buf_compare_ct.o)
                0x0000000000007ea8                buf_compare_ct
 .text.trace_set_level
                0x0000000000007ee8       0x20 /home/rahulmahadev/hikey_optee/optee_os/out/arm-plat-hikey/export-ta_arm64/lib/libutils.a(trace.o)
                0x0000000000007ee8                trace_set_level
 .text.trace_get_level
                0x0000000000007f08       0x10 /home/rahulmahadev/hikey_optee/optee_os/out/arm-plat-hikey/export-ta_arm64/lib/libutils.a(trace.o)
                0x0000000000007f08                trace_get_level
 .text.trace_printf
                0x0000000000007f18      0x1b4 /home/rahulmahadev/hikey_optee/optee_os/out/arm-plat-hikey/export-ta_arm64/lib/libutils.a(trace.o)
                0x0000000000007f18                trace_printf
 .text.dhex_dump
                0x00000000000080cc        0x4 /home/rahulmahadev/hikey_optee/optee_os/out/arm-plat-hikey/export-ta_arm64/lib/libutils.a(trace.o)
                0x00000000000080cc                dhex_dump
 .text.memchr   0x00000000000080d0       0x2c /home/rahulmahadev/hikey_optee/optee_os/out/arm-plat-hikey/export-ta_arm64/lib/libutils.a(memchr.o)
                0x00000000000080d0                memchr
 .text.__mpa_set_unused_digits_to_zero
                0x00000000000080fc       0x28 /home/rahulmahadev/hikey_optee/optee_os/out/arm-plat-hikey/export-ta_arm64/lib/libmpa.a(mpa_misc.o)
                0x00000000000080fc                __mpa_set_unused_digits_to_zero
 .text.mpa_wipe
                0x0000000000008124       0x30 /home/rahulmahadev/hikey_optee/optee_os/out/arm-plat-hikey/export-ta_arm64/lib/libmpa.a(mpa_misc.o)
                0x0000000000008124                mpa_wipe
 .text.mpa_copy
                0x0000000000008154       0x50 /home/rahulmahadev/hikey_optee/optee_os/out/arm-plat-hikey/export-ta_arm64/lib/libmpa.a(mpa_misc.o)
                0x0000000000008154                mpa_copy
 .text.mpa_abs  0x00000000000081a4       0x30 /home/rahulmahadev/hikey_optee/optee_os/out/arm-plat-hikey/export-ta_arm64/lib/libmpa.a(mpa_misc.o)
                0x00000000000081a4                mpa_abs
 .text.mpa_highest_bit_index
                0x00000000000081d4       0x48 /home/rahulmahadev/hikey_optee/optee_os/out/arm-plat-hikey/export-ta_arm64/lib/libmpa.a(mpa_misc.o)
                0x00000000000081d4                mpa_highest_bit_index
 .text.mpa_get_bit
                0x000000000000821c       0x44 /home/rahulmahadev/hikey_optee/optee_os/out/arm-plat-hikey/export-ta_arm64/lib/libmpa.a(mpa_misc.o)
                0x000000000000821c                mpa_get_bit
 .text.mpa_can_hold
                0x0000000000008260       0x1c /home/rahulmahadev/hikey_optee/optee_os/out/arm-plat-hikey/export-ta_arm64/lib/libmpa.a(mpa_misc.o)
                0x0000000000008260                mpa_can_hold
 .text.mpa_parity
                0x000000000000827c        0xc /home/rahulmahadev/hikey_optee/optee_os/out/arm-plat-hikey/export-ta_arm64/lib/libmpa.a(mpa_misc.o)
                0x000000000000827c                mpa_parity
 .text.mpa_constant_one
                0x0000000000008288        0xc /home/rahulmahadev/hikey_optee/optee_os/out/arm-plat-hikey/export-ta_arm64/lib/libmpa.a(mpa_misc.o)
                0x0000000000008288                mpa_constant_one
 .text.__mpa_montgomery_mul_add
                0x0000000000008294       0x78 /home/rahulmahadev/hikey_optee/optee_os/out/arm-plat-hikey/export-ta_arm64/lib/libmpa.a(mpa_montgomery.o)
                0x0000000000008294                __mpa_montgomery_mul_add
 .text.__mpa_montgomery_sub_ack
                0x000000000000830c       0x90 /home/rahulmahadev/hikey_optee/optee_os/out/arm-plat-hikey/export-ta_arm64/lib/libmpa.a(mpa_montgomery.o)
                0x000000000000830c                __mpa_montgomery_sub_ack
 .text.__mpa_montgomery_mul
                0x000000000000839c      0x134 /home/rahulmahadev/hikey_optee/optee_os/out/arm-plat-hikey/export-ta_arm64/lib/libmpa.a(mpa_montgomery.o)
                0x000000000000839c                __mpa_montgomery_mul
 .text.mpa_compute_fmm_context
                0x00000000000084d0      0x14c /home/rahulmahadev/hikey_optee/optee_os/out/arm-plat-hikey/export-ta_arm64/lib/libmpa.a(mpa_montgomery.o)
                0x00000000000084d0                mpa_compute_fmm_context
 .text.mpa_montgomery_mul
                0x000000000000861c       0x7c /home/rahulmahadev/hikey_optee/optee_os/out/arm-plat-hikey/export-ta_arm64/lib/libmpa.a(mpa_montgomery.o)
                0x000000000000861c                mpa_montgomery_mul
 .text.mpa_is_prob_prime
                0x0000000000008698      0x3b4 /home/rahulmahadev/hikey_optee/optee_os/out/arm-plat-hikey/export-ta_arm64/lib/libmpa.a(mpa_primetest.o)
                0x0000000000008698                mpa_is_prob_prime
 .text.mpa_set_S32
                0x0000000000008a4c       0x30 /home/rahulmahadev/hikey_optee/optee_os/out/arm-plat-hikey/export-ta_arm64/lib/libmpa.a(mpa_conv.o)
                0x0000000000008a4c                mpa_set_S32
 .text.mpa_get_S32
                0x0000000000008a7c       0x78 /home/rahulmahadev/hikey_optee/optee_os/out/arm-plat-hikey/export-ta_arm64/lib/libmpa.a(mpa_conv.o)
                0x0000000000008a7c                mpa_get_S32
 .text.mpa_set_word
                0x0000000000008af4       0x14 /home/rahulmahadev/hikey_optee/optee_os/out/arm-plat-hikey/export-ta_arm64/lib/libmpa.a(mpa_conv.o)
                0x0000000000008af4                mpa_set_word
 .text.mpa_get_word
                0x0000000000008b08       0x18 /home/rahulmahadev/hikey_optee/optee_os/out/arm-plat-hikey/export-ta_arm64/lib/libmpa.a(mpa_conv.o)
                0x0000000000008b08                mpa_get_word
 .text.__mpa_div_dword
                0x0000000000008b20       0x50 /home/rahulmahadev/hikey_optee/optee_os/out/arm-plat-hikey/export-ta_arm64/lib/libmpa.a(mpa_div.o)
                0x0000000000008b20                __mpa_div_dword
 .text.__mpa_div_q_r_internal_word
                0x0000000000008b70      0x11c /home/rahulmahadev/hikey_optee/optee_os/out/arm-plat-hikey/export-ta_arm64/lib/libmpa.a(mpa_div.o)
                0x0000000000008b70                __mpa_div_q_r_internal_word
 .text.__mpa_div_q_r
                0x0000000000008c8c      0x6ac /home/rahulmahadev/hikey_optee/optee_os/out/arm-plat-hikey/export-ta_arm64/lib/libmpa.a(mpa_div.o)
                0x0000000000008c8c                __mpa_div_q_r
 .text.mpa_div  0x0000000000009338      0x118 /home/rahulmahadev/hikey_optee/optee_os/out/arm-plat-hikey/export-ta_arm64/lib/libmpa.a(mpa_div.o)
                0x0000000000009338                mpa_div
 .text.__mpa_divby2
                0x0000000000009450       0x88 /home/rahulmahadev/hikey_optee/optee_os/out/arm-plat-hikey/export-ta_arm64/lib/libmpa.a(mpa_gcd.o)
 .text.__mpa_gcd.part.0
                0x00000000000094d8      0x17c /home/rahulmahadev/hikey_optee/optee_os/out/arm-plat-hikey/export-ta_arm64/lib/libmpa.a(mpa_gcd.o)
 .text.__mpa_egcd
                0x0000000000009654      0x38c /home/rahulmahadev/hikey_optee/optee_os/out/arm-plat-hikey/export-ta_arm64/lib/libmpa.a(mpa_gcd.o)
 .text.mpa_gcd  0x00000000000099e0      0x11c /home/rahulmahadev/hikey_optee/optee_os/out/arm-plat-hikey/export-ta_arm64/lib/libmpa.a(mpa_gcd.o)
                0x00000000000099e0                mpa_gcd
 .text.mpa_extended_gcd
                0x0000000000009afc      0x1fc /home/rahulmahadev/hikey_optee/optee_os/out/arm-plat-hikey/export-ta_arm64/lib/libmpa.a(mpa_gcd.o)
                0x0000000000009afc                mpa_extended_gcd
 .text.mpa_init_scratch_mem_sync
                0x0000000000009cf8       0x20 /home/rahulmahadev/hikey_optee/optee_os/out/arm-plat-hikey/export-ta_arm64/lib/libmpa.a(mpa_mem_static.o)
                0x0000000000009cf8                mpa_init_scratch_mem_sync
 .text.mpa_init_scratch_mem
                0x0000000000009d18       0x20 /home/rahulmahadev/hikey_optee/optee_os/out/arm-plat-hikey/export-ta_arm64/lib/libmpa.a(mpa_mem_static.o)
                0x0000000000009d18                mpa_init_scratch_mem
 .text.mpa_alloc_static_temp_var_size
                0x0000000000009d38       0xe4 /home/rahulmahadev/hikey_optee/optee_os/out/arm-plat-hikey/export-ta_arm64/lib/libmpa.a(mpa_mem_static.o)
                0x0000000000009d38                mpa_alloc_static_temp_var_size
 .text.mpa_alloc_static_temp_var
                0x0000000000009e1c       0x10 /home/rahulmahadev/hikey_optee/optee_os/out/arm-plat-hikey/export-ta_arm64/lib/libmpa.a(mpa_mem_static.o)
                0x0000000000009e1c                mpa_alloc_static_temp_var
 .text.mpa_free_static_temp_var
                0x0000000000009e2c       0x4c /home/rahulmahadev/hikey_optee/optee_os/out/arm-plat-hikey/export-ta_arm64/lib/libmpa.a(mpa_mem_static.o)
                0x0000000000009e2c                mpa_free_static_temp_var
 .text.__mpa_mul_add_word
                0x0000000000009e78       0x18 /home/rahulmahadev/hikey_optee/optee_os/out/arm-plat-hikey/export-ta_arm64/lib/libmpa.a(mpa_mul.o)
                0x0000000000009e78                __mpa_mul_add_word
 .text.__mpa_mul_add_word_cum
                0x0000000000009e90       0x20 /home/rahulmahadev/hikey_optee/optee_os/out/arm-plat-hikey/export-ta_arm64/lib/libmpa.a(mpa_mul.o)
                0x0000000000009e90                __mpa_mul_add_word_cum
 .text.__mpa_abs_mul_word
                0x0000000000009eb0       0x9c /home/rahulmahadev/hikey_optee/optee_os/out/arm-plat-hikey/export-ta_arm64/lib/libmpa.a(mpa_mul.o)
                0x0000000000009eb0                __mpa_abs_mul_word
 .text.__mpa_abs_mul
                0x0000000000009f4c       0xf4 /home/rahulmahadev/hikey_optee/optee_os/out/arm-plat-hikey/export-ta_arm64/lib/libmpa.a(mpa_mul.o)
                0x0000000000009f4c                __mpa_abs_mul
 .text.mpa_mul  0x000000000000a040       0xe4 /home/rahulmahadev/hikey_optee/optee_os/out/arm-plat-hikey/export-ta_arm64/lib/libmpa.a(mpa_mul.o)
                0x000000000000a040                mpa_mul
 .text.mpa_mul_word
                0x000000000000a124       0xc4 /home/rahulmahadev/hikey_optee/optee_os/out/arm-plat-hikey/export-ta_arm64/lib/libmpa.a(mpa_mul.o)
                0x000000000000a124                mpa_mul_word
 .text.mpa_set_random_generator
                0x000000000000a1e8        0xc /home/rahulmahadev/hikey_optee/optee_os/out/arm-plat-hikey/export-ta_arm64/lib/libmpa.a(mpa_random.o)
                0x000000000000a1e8                mpa_set_random_generator
 .text.mpa_get_random
                0x000000000000a1f4      0x10c /home/rahulmahadev/hikey_optee/optee_os/out/arm-plat-hikey/export-ta_arm64/lib/libmpa.a(mpa_random.o)
                0x000000000000a1f4                mpa_get_random
 .text.__mpa_shift_words_left
                0x000000000000a300       0x98 /home/rahulmahadev/hikey_optee/optee_os/out/arm-plat-hikey/export-ta_arm64/lib/libmpa.a(mpa_shift.o)
                0x000000000000a300                __mpa_shift_words_left
 .text.__mpa_shift_words_right
                0x000000000000a398       0x74 /home/rahulmahadev/hikey_optee/optee_os/out/arm-plat-hikey/export-ta_arm64/lib/libmpa.a(mpa_shift.o)
                0x000000000000a398                __mpa_shift_words_right
 .text.mpa_shift_left
                0x000000000000a40c      0x184 /home/rahulmahadev/hikey_optee/optee_os/out/arm-plat-hikey/export-ta_arm64/lib/libmpa.a(mpa_shift.o)
                0x000000000000a40c                mpa_shift_left
 .text.mpa_shift_right
                0x000000000000a590      0x168 /home/rahulmahadev/hikey_optee/optee_os/out/arm-plat-hikey/export-ta_arm64/lib/libmpa.a(mpa_shift.o)
                0x000000000000a590                mpa_shift_right
 .text.__mpa_full_adder
                0x000000000000a6f8       0x1c /home/rahulmahadev/hikey_optee/optee_os/out/arm-plat-hikey/export-ta_arm64/lib/libmpa.a(mpa_addsub.o)
                0x000000000000a6f8                __mpa_full_adder
 .text.__mpa_full_sub
                0x000000000000a714       0x24 /home/rahulmahadev/hikey_optee/optee_os/out/arm-plat-hikey/export-ta_arm64/lib/libmpa.a(mpa_addsub.o)
                0x000000000000a714                __mpa_full_sub
 .text.__mpa_full_adder_ackum
                0x000000000000a738       0x20 /home/rahulmahadev/hikey_optee/optee_os/out/arm-plat-hikey/export-ta_arm64/lib/libmpa.a(mpa_addsub.o)
                0x000000000000a738                __mpa_full_adder_ackum
 .text.__mpa_abs_add
                0x000000000000a758       0xf8 /home/rahulmahadev/hikey_optee/optee_os/out/arm-plat-hikey/export-ta_arm64/lib/libmpa.a(mpa_addsub.o)
                0x000000000000a758                __mpa_abs_add
 .text.__mpa_abs_add_ackum
                0x000000000000a850       0xd0 /home/rahulmahadev/hikey_optee/optee_os/out/arm-plat-hikey/export-ta_arm64/lib/libmpa.a(mpa_addsub.o)
                0x000000000000a850                __mpa_abs_add_ackum
 .text.__mpa_abs_sub
                0x000000000000a920      0x104 /home/rahulmahadev/hikey_optee/optee_os/out/arm-plat-hikey/export-ta_arm64/lib/libmpa.a(mpa_addsub.o)
                0x000000000000a920                __mpa_abs_sub
 .text.mpa_add  0x000000000000aa24      0x19c /home/rahulmahadev/hikey_optee/optee_os/out/arm-plat-hikey/export-ta_arm64/lib/libmpa.a(mpa_addsub.o)
                0x000000000000aa24                mpa_add
 .text.mpa_sub  0x000000000000abc0      0x1a8 /home/rahulmahadev/hikey_optee/optee_os/out/arm-plat-hikey/export-ta_arm64/lib/libmpa.a(mpa_addsub.o)
                0x000000000000abc0                mpa_sub
 .text.mpa_neg  0x000000000000ad68       0x2c /home/rahulmahadev/hikey_optee/optee_os/out/arm-plat-hikey/export-ta_arm64/lib/libmpa.a(mpa_addsub.o)
                0x000000000000ad68                mpa_neg
 .text.mpa_add_word
                0x000000000000ad94      0x148 /home/rahulmahadev/hikey_optee/optee_os/out/arm-plat-hikey/export-ta_arm64/lib/libmpa.a(mpa_addsub.o)
                0x000000000000ad94                mpa_add_word
 .text.mpa_sub_word
                0x000000000000aedc      0x144 /home/rahulmahadev/hikey_optee/optee_os/out/arm-plat-hikey/export-ta_arm64/lib/libmpa.a(mpa_addsub.o)
                0x000000000000aedc                mpa_sub_word
 .text.__mpa_abs_cmp
                0x000000000000b020       0xac /home/rahulmahadev/hikey_optee/optee_os/out/arm-plat-hikey/export-ta_arm64/lib/libmpa.a(mpa_cmp.o)
                0x000000000000b020                __mpa_abs_cmp
 .text.__mpa_abs_greater_than
                0x000000000000b0cc       0x1c /home/rahulmahadev/hikey_optee/optee_os/out/arm-plat-hikey/export-ta_arm64/lib/libmpa.a(mpa_cmp.o)
                0x000000000000b0cc                __mpa_abs_greater_than
 .text.__mpa_abs_less_than
                0x000000000000b0e8       0x18 /home/rahulmahadev/hikey_optee/optee_os/out/arm-plat-hikey/export-ta_arm64/lib/libmpa.a(mpa_cmp.o)
                0x000000000000b0e8                __mpa_abs_less_than
 .text.mpa_cmp  0x000000000000b100       0x6c /home/rahulmahadev/hikey_optee/optee_os/out/arm-plat-hikey/export-ta_arm64/lib/libmpa.a(mpa_cmp.o)
                0x000000000000b100                mpa_cmp
 .text.mpa_cmp_short
                0x000000000000b16c       0x78 /home/rahulmahadev/hikey_optee/optee_os/out/arm-plat-hikey/export-ta_arm64/lib/libmpa.a(mpa_cmp.o)
                0x000000000000b16c                mpa_cmp_short
 .text.mpa_exp_mod
                0x000000000000b1e4      0x178 /home/rahulmahadev/hikey_optee/optee_os/out/arm-plat-hikey/export-ta_arm64/lib/libmpa.a(mpa_expmod.o)
                0x000000000000b1e4                mpa_exp_mod
 .text.mpa_init_static
                0x000000000000b35c       0x20 /home/rahulmahadev/hikey_optee/optee_os/out/arm-plat-hikey/export-ta_arm64/lib/libmpa.a(mpa_init.o)
                0x000000000000b35c                mpa_init_static
 .text.mpa_init_static_fmm_context
                0x000000000000b37c       0x74 /home/rahulmahadev/hikey_optee/optee_os/out/arm-plat-hikey/export-ta_arm64/lib/libmpa.a(mpa_init.o)
                0x000000000000b37c                mpa_init_static_fmm_context
 .text.__mpa_word_to_hexstr
                0x000000000000b3f0       0x50 /home/rahulmahadev/hikey_optee/optee_os/out/arm-plat-hikey/export-ta_arm64/lib/libmpa.a(mpa_io.o)
 .text.__mpa_mpanum_to_hexstr
                0x000000000000b440      0x130 /home/rahulmahadev/hikey_optee/optee_os/out/arm-plat-hikey/export-ta_arm64/lib/libmpa.a(mpa_io.o)
 .text.__mpa_isspace
                0x000000000000b570       0x3c /home/rahulmahadev/hikey_optee/optee_os/out/arm-plat-hikey/export-ta_arm64/lib/libmpa.a(mpa_io.o)
 .text.mpa_get_str_size
                0x000000000000b5ac        0x8 /home/rahulmahadev/hikey_optee/optee_os/out/arm-plat-hikey/export-ta_arm64/lib/libmpa.a(mpa_io.o)
                0x000000000000b5ac                mpa_get_str_size
 .text.mpa_set_str
                0x000000000000b5b4      0x2ac /home/rahulmahadev/hikey_optee/optee_os/out/arm-plat-hikey/export-ta_arm64/lib/libmpa.a(mpa_io.o)
                0x000000000000b5b4                mpa_set_str
 .text.mpa_get_str
                0x000000000000b860       0x78 /home/rahulmahadev/hikey_optee/optee_os/out/arm-plat-hikey/export-ta_arm64/lib/libmpa.a(mpa_io.o)
                0x000000000000b860                mpa_get_str
 .text.mpa_set_oct_str
                0x000000000000b8d8      0x120 /home/rahulmahadev/hikey_optee/optee_os/out/arm-plat-hikey/export-ta_arm64/lib/libmpa.a(mpa_io.o)
                0x000000000000b8d8                mpa_set_oct_str
 .text.mpa_get_oct_str
                0x000000000000b9f8      0x18c /home/rahulmahadev/hikey_optee/optee_os/out/arm-plat-hikey/export-ta_arm64/lib/libmpa.a(mpa_io.o)
                0x000000000000b9f8                mpa_get_oct_str
 .text.mpa_mod  0x000000000000bb84       0x18 /home/rahulmahadev/hikey_optee/optee_os/out/arm-plat-hikey/export-ta_arm64/lib/libmpa.a(mpa_modulus.o)
                0x000000000000bb84                mpa_mod
 .text.mpa_add_mod
                0x000000000000bb9c       0x84 /home/rahulmahadev/hikey_optee/optee_os/out/arm-plat-hikey/export-ta_arm64/lib/libmpa.a(mpa_modulus.o)
                0x000000000000bb9c                mpa_add_mod
 .text.mpa_sub_mod
                0x000000000000bc20       0x84 /home/rahulmahadev/hikey_optee/optee_os/out/arm-plat-hikey/export-ta_arm64/lib/libmpa.a(mpa_modulus.o)
                0x000000000000bc20                mpa_sub_mod
 .text.mpa_mul_mod
                0x000000000000bca4       0x84 /home/rahulmahadev/hikey_optee/optee_os/out/arm-plat-hikey/export-ta_arm64/lib/libmpa.a(mpa_modulus.o)
                0x000000000000bca4                mpa_mul_mod
 .text.mpa_inv_mod
                0x000000000000bd28      0x11c /home/rahulmahadev/hikey_optee/optee_os/out/arm-plat-hikey/export-ta_arm64/lib/libmpa.a(mpa_modulus.o)
                0x000000000000bd28                mpa_inv_mod
 .text          0x000000000000be44        0x0 /home/rahulmahadev/hikey_optee/neo/ta/out/ta.o
 .text          0x000000000000be44        0x0 /home/rahulmahadev/hikey_optee/neo/ta/out/user_ta_header.o
 .text          0x000000000000be44        0x0 /home/rahulmahadev/hikey_optee/optee_os/out/arm-plat-hikey/export-ta_arm64/lib/libutee.a(tee_api.o)
 .text          0x000000000000be44        0x0 /home/rahulmahadev/hikey_optee/optee_os/out/arm-plat-hikey/export-ta_arm64/lib/libutee.a(tee_api_objects.o)
 .text          0x000000000000be44        0x0 /home/rahulmahadev/hikey_optee/optee_os/out/arm-plat-hikey/export-ta_arm64/lib/libutee.a(tee_api_operations.o)
 .text          0x000000000000be44        0x0 /home/rahulmahadev/hikey_optee/optee_os/out/arm-plat-hikey/export-ta_arm64/lib/libutee.a(tee_api_panic.o)
 .text          0x000000000000be44        0x0 /home/rahulmahadev/hikey_optee/optee_os/out/arm-plat-hikey/export-ta_arm64/lib/libutee.a(user_ta_entry.o)
 .text          0x000000000000be44      0x36c /home/rahulmahadev/hikey_optee/optee_os/out/arm-plat-hikey/export-ta_arm64/lib/libutee.a(utee_syscalls_a64.o)
                0x000000000000be44                utee_return
                0x000000000000be50                utee_log
                0x000000000000be5c                utee_panic
                0x000000000000be68                utee_dummy
                0x000000000000be74                utee_dummy_7args
                0x000000000000be80                utee_nocall
                0x000000000000be8c                utee_get_property
                0x000000000000be98                utee_open_ta_session
                0x000000000000bea4                utee_close_ta_session
                0x000000000000beb0                utee_invoke_ta_command
                0x000000000000bebc                utee_get_cancellation_flag
                0x000000000000bec8                utee_check_access_rights
                0x000000000000bed4                utee_unmask_cancellation
                0x000000000000bee0                utee_mask_cancellation
                0x000000000000beec                utee_wait
                0x000000000000bef8                utee_get_time
                0x000000000000bf04                utee_set_ta_time
                0x000000000000bf10                utee_cryp_state_alloc
                0x000000000000bf1c                utee_cryp_state_copy
                0x000000000000bf28                utee_cryp_state_free
                0x000000000000bf34                utee_hash_init
                0x000000000000bf40                utee_hash_update
                0x000000000000bf4c                utee_hash_final
                0x000000000000bf58                utee_cipher_init
                0x000000000000bf64                utee_cipher_update
                0x000000000000bf70                utee_cipher_final
                0x000000000000bf7c                utee_cryp_obj_get_info
                0x000000000000bf88                utee_cryp_obj_restrict_usage
                0x000000000000bf94                utee_cryp_obj_get_attr
                0x000000000000bfa0                utee_cryp_obj_alloc
                0x000000000000bfac                utee_cryp_obj_close
                0x000000000000bfb8                utee_cryp_obj_reset
                0x000000000000bfc4                utee_cryp_obj_populate
                0x000000000000bfd0                utee_cryp_obj_copy
                0x000000000000bfdc                utee_cryp_derive_key
                0x000000000000bfe8                utee_cryp_random_number_generate
                0x000000000000bff4                utee_authenc_init
                0x000000000000c000                utee_authenc_update_aad
                0x000000000000c00c                utee_authenc_update_payload
                0x000000000000c018                utee_authenc_enc_final
                0x000000000000c024                utee_authenc_dec_final
                0x000000000000c030                utee_asymm_operate
                0x000000000000c03c                utee_asymm_verify
                0x000000000000c048                utee_storage_obj_open
                0x000000000000c054                utee_storage_obj_create
                0x000000000000c060                utee_storage_obj_del
                0x000000000000c06c                utee_storage_obj_rename
                0x000000000000c078                utee_storage_alloc_enum
                0x000000000000c084                utee_storage_free_enum
                0x000000000000c090                utee_storage_reset_enum
                0x000000000000c09c                utee_storage_start_enum
                0x000000000000c0a8                utee_storage_next_enum
                0x000000000000c0b4                utee_storage_obj_read
                0x000000000000c0c0                utee_storage_obj_write
                0x000000000000c0cc                utee_storage_obj_trunc
                0x000000000000c0d8                utee_storage_obj_seek
                0x000000000000c0e4                utee_cryp_obj_generate_key
                0x000000000000c0f0                utee_se_service_open
                0x000000000000c0fc                utee_se_service_close
                0x000000000000c108                utee_se_service_get_readers
                0x000000000000c114                utee_se_reader_get_prop
                0x000000000000c120                utee_se_reader_get_name
                0x000000000000c12c                utee_se_reader_open_session
                0x000000000000c138                utee_se_reader_close_sessions
                0x000000000000c144                utee_se_session_is_closed
                0x000000000000c150                utee_se_session_get_atr
                0x000000000000c15c                utee_se_session_open_channel
                0x000000000000c168                utee_se_session_close
                0x000000000000c174                utee_se_channel_select_next
                0x000000000000c180                utee_se_channel_get_select_resp
                0x000000000000c18c                utee_se_channel_transmit
                0x000000000000c198                utee_se_channel_close
                0x000000000000c1a4                utee_cache_operation
 .text          0x000000000000c1b0        0x0 /home/rahulmahadev/hikey_optee/optee_os/out/arm-plat-hikey/export-ta_arm64/lib/libutee.a(tee_user_mem.o)
 .text          0x000000000000c1b0        0x0 /home/rahulmahadev/hikey_optee/optee_os/out/arm-plat-hikey/export-ta_arm64/lib/libutee.a(assert.o)
 .text          0x000000000000c1b0        0x0 /home/rahulmahadev/hikey_optee/optee_os/out/arm-plat-hikey/export-ta_arm64/lib/libutee.a(tee_api_arith.o)
 .text          0x000000000000c1b0        0x0 /home/rahulmahadev/hikey_optee/optee_os/out/arm-plat-hikey/export-ta_arm64/lib/libutee.a(utee_misc.o)
 .text          0x000000000000c1b0        0x0 /home/rahulmahadev/hikey_optee/optee_os/out/arm-plat-hikey/export-ta_arm64/lib/libutee.a(trace_ext.o)
 .text          0x000000000000c1b0        0x0 /home/rahulmahadev/hikey_optee/optee_os/out/arm-plat-hikey/export-ta_arm64/lib/libutils.a(bget_malloc.o)
 .text          0x000000000000c1b0        0x0 /home/rahulmahadev/hikey_optee/optee_os/out/arm-plat-hikey/export-ta_arm64/lib/libutils.a(snprintf.o)
 .text          0x000000000000c1b0        0x0 /home/rahulmahadev/hikey_optee/optee_os/out/arm-plat-hikey/export-ta_arm64/lib/libutils.a(memcmp.o)
 .text          0x000000000000c1b0        0x0 /home/rahulmahadev/hikey_optee/optee_os/out/arm-plat-hikey/export-ta_arm64/lib/libutils.a(memcpy.o)
 .text          0x000000000000c1b0        0x0 /home/rahulmahadev/hikey_optee/optee_os/out/arm-plat-hikey/export-ta_arm64/lib/libutils.a(memmove.o)
 .text          0x000000000000c1b0        0x0 /home/rahulmahadev/hikey_optee/optee_os/out/arm-plat-hikey/export-ta_arm64/lib/libutils.a(memset.o)
 .text          0x000000000000c1b0        0x0 /home/rahulmahadev/hikey_optee/optee_os/out/arm-plat-hikey/export-ta_arm64/lib/libutils.a(strcmp.o)
 .text          0x000000000000c1b0        0x0 /home/rahulmahadev/hikey_optee/optee_os/out/arm-plat-hikey/export-ta_arm64/lib/libutils.a(strlen.o)
 .text          0x000000000000c1b0        0x0 /home/rahulmahadev/hikey_optee/optee_os/out/arm-plat-hikey/export-ta_arm64/lib/libutils.a(snprintk.o)
 .text          0x000000000000c1b0        0x0 /home/rahulmahadev/hikey_optee/optee_os/out/arm-plat-hikey/export-ta_arm64/lib/libutils.a(strlcpy.o)
 .text          0x000000000000c1b0        0x0 /home/rahulmahadev/hikey_optee/optee_os/out/arm-plat-hikey/export-ta_arm64/lib/libutils.a(buf_compare_ct.o)
 .text          0x000000000000c1b0        0x0 /home/rahulmahadev/hikey_optee/optee_os/out/arm-plat-hikey/export-ta_arm64/lib/libutils.a(trace.o)
 .text          0x000000000000c1b0        0x0 /home/rahulmahadev/hikey_optee/optee_os/out/arm-plat-hikey/export-ta_arm64/lib/libutils.a(memchr.o)
 .text          0x000000000000c1b0        0x0 /home/rahulmahadev/hikey_optee/optee_os/out/arm-plat-hikey/export-ta_arm64/lib/libmpa.a(mpa_misc.o)
 .text          0x000000000000c1b0        0x0 /home/rahulmahadev/hikey_optee/optee_os/out/arm-plat-hikey/export-ta_arm64/lib/libmpa.a(mpa_montgomery.o)
 .text          0x000000000000c1b0        0x0 /home/rahulmahadev/hikey_optee/optee_os/out/arm-plat-hikey/export-ta_arm64/lib/libmpa.a(mpa_primetest.o)
 .text          0x000000000000c1b0        0x0 /home/rahulmahadev/hikey_optee/optee_os/out/arm-plat-hikey/export-ta_arm64/lib/libmpa.a(mpa_conv.o)
 .text          0x000000000000c1b0        0x0 /home/rahulmahadev/hikey_optee/optee_os/out/arm-plat-hikey/export-ta_arm64/lib/libmpa.a(mpa_div.o)
 .text          0x000000000000c1b0        0x0 /home/rahulmahadev/hikey_optee/optee_os/out/arm-plat-hikey/export-ta_arm64/lib/libmpa.a(mpa_gcd.o)
 .text          0x000000000000c1b0        0x0 /home/rahulmahadev/hikey_optee/optee_os/out/arm-plat-hikey/export-ta_arm64/lib/libmpa.a(mpa_mem_static.o)
 .text          0x000000000000c1b0        0x0 /home/rahulmahadev/hikey_optee/optee_os/out/arm-plat-hikey/export-ta_arm64/lib/libmpa.a(mpa_mul.o)
 .text          0x000000000000c1b0        0x0 /home/rahulmahadev/hikey_optee/optee_os/out/arm-plat-hikey/export-ta_arm64/lib/libmpa.a(mpa_random.o)
 .text          0x000000000000c1b0        0x0 /home/rahulmahadev/hikey_optee/optee_os/out/arm-plat-hikey/export-ta_arm64/lib/libmpa.a(mpa_shift.o)
 .text          0x000000000000c1b0        0x0 /home/rahulmahadev/hikey_optee/optee_os/out/arm-plat-hikey/export-ta_arm64/lib/libmpa.a(mpa_addsub.o)
 .text          0x000000000000c1b0        0x0 /home/rahulmahadev/hikey_optee/optee_os/out/arm-plat-hikey/export-ta_arm64/lib/libmpa.a(mpa_cmp.o)
 .text          0x000000000000c1b0        0x0 /home/rahulmahadev/hikey_optee/optee_os/out/arm-plat-hikey/export-ta_arm64/lib/libmpa.a(mpa_expmod.o)
 .text          0x000000000000c1b0        0x0 /home/rahulmahadev/hikey_optee/optee_os/out/arm-plat-hikey/export-ta_arm64/lib/libmpa.a(mpa_init.o)
 .text          0x000000000000c1b0        0x0 /home/rahulmahadev/hikey_optee/optee_os/out/arm-plat-hikey/export-ta_arm64/lib/libmpa.a(mpa_io.o)
 .text          0x000000000000c1b0        0x0 /home/rahulmahadev/hikey_optee/optee_os/out/arm-plat-hikey/export-ta_arm64/lib/libmpa.a(mpa_modulus.o)
 *(SORT(.stub))
 *(SORT(.glue_7))
 *(SORT(.glue_7t))
 *(SORT(.gnu.linkonce.t.*))
 *(SORT(.vfp11_veneer))

.eh_frame
 *(SORT(.eh_frame))

.rodata         0x000000000000c1b0     0x1d16
 *(SORT(.gnu.linkonce.r.*))
 *(SORT(.rodata) SORT(.rodata.*))
 .rodata.ta.c   0x000000000000c1b0       0x60 /home/rahulmahadev/hikey_optee/neo/ta/out/ta.o
 .rodata.__func__.2226
                0x000000000000c210       0x20 /home/rahulmahadev/hikey_optee/neo/ta/out/ta.o
 .rodata.__func__.2237
                0x000000000000c230       0x10 /home/rahulmahadev/hikey_optee/neo/ta/out/ta.o
 .rodata.trace_ext_prefix
                0x000000000000c240        0x8 /home/rahulmahadev/hikey_optee/neo/ta/out/user_ta_header.o
                0x000000000000c240                trace_ext_prefix
 .rodata.ta_heap_size
                0x000000000000c248        0x8 /home/rahulmahadev/hikey_optee/neo/ta/out/user_ta_header.o
                0x000000000000c248                ta_heap_size
 .rodata.user_ta_header.c
                0x000000000000c250       0xd8 /home/rahulmahadev/hikey_optee/neo/ta/out/user_ta_header.o
 .rodata.ta_num_props
                0x000000000000c328        0x8 /home/rahulmahadev/hikey_optee/neo/ta/out/user_ta_header.o
                0x000000000000c328                ta_num_props
 .rodata.__func__.2607
                0x000000000000c330       0x18 /home/rahulmahadev/hikey_optee/optee_os/out/arm-plat-hikey/export-ta_arm64/lib/libutee.a(tee_api.o)
 .rodata.__func__.2669
                0x000000000000c348       0x18 /home/rahulmahadev/hikey_optee/optee_os/out/arm-plat-hikey/export-ta_arm64/lib/libutee.a(tee_api.o)
 .rodata.__func__.2684
                0x000000000000c360       0x18 /home/rahulmahadev/hikey_optee/optee_os/out/arm-plat-hikey/export-ta_arm64/lib/libutee.a(tee_api.o)
 .rodata.__func__.2679
                0x000000000000c378       0x18 /home/rahulmahadev/hikey_optee/optee_os/out/arm-plat-hikey/export-ta_arm64/lib/libutee.a(tee_api.o)
 .rodata.__func__.2619
                0x000000000000c390       0x18 /home/rahulmahadev/hikey_optee/optee_os/out/arm-plat-hikey/export-ta_arm64/lib/libutee.a(tee_api.o)
 .rodata.__func__.2689
                0x000000000000c3a8       0x10 /home/rahulmahadev/hikey_optee/optee_os/out/arm-plat-hikey/export-ta_arm64/lib/libutee.a(tee_api.o)
 .rodata.__func__.2636
                0x000000000000c3b8       0x18 /home/rahulmahadev/hikey_optee/optee_os/out/arm-plat-hikey/export-ta_arm64/lib/libutee.a(tee_api.o)
 .rodata.__func__.2630
                0x000000000000c3d0       0x18 /home/rahulmahadev/hikey_optee/optee_os/out/arm-plat-hikey/export-ta_arm64/lib/libutee.a(tee_api.o)
 .rodata.__func__.2674
                0x000000000000c3e8       0x10 /home/rahulmahadev/hikey_optee/optee_os/out/arm-plat-hikey/export-ta_arm64/lib/libutee.a(tee_api.o)
 .rodata.__func__.2510
                0x000000000000c3f8       0x20 /home/rahulmahadev/hikey_optee/optee_os/out/arm-plat-hikey/export-ta_arm64/lib/libutee.a(tee_api_objects.o)
 .rodata.__func__.2468
                0x000000000000c418       0x18 /home/rahulmahadev/hikey_optee/optee_os/out/arm-plat-hikey/export-ta_arm64/lib/libutee.a(tee_api_objects.o)
 .rodata.__func__.2474
                0x000000000000c430       0x18 /home/rahulmahadev/hikey_optee/optee_os/out/arm-plat-hikey/export-ta_arm64/lib/libutee.a(tee_api_objects.o)
 .rodata.__func__.2515
                0x000000000000c448       0x10 /home/rahulmahadev/hikey_optee/optee_os/out/arm-plat-hikey/export-ta_arm64/lib/libutee.a(tee_api_objects.o)
 .rodata.__func__.2481
                0x000000000000c458       0x18 /home/rahulmahadev/hikey_optee/optee_os/out/arm-plat-hikey/export-ta_arm64/lib/libutee.a(tee_api_objects.o)
 .rodata.__func__.2659
                0x000000000000c470       0x20 /home/rahulmahadev/hikey_optee/optee_os/out/arm-plat-hikey/export-ta_arm64/lib/libutee.a(tee_api_objects.o)
 .rodata.__func__.2523
                0x000000000000c490       0x20 /home/rahulmahadev/hikey_optee/optee_os/out/arm-plat-hikey/export-ta_arm64/lib/libutee.a(tee_api_objects.o)
 .rodata.__func__.2487
                0x000000000000c4b0       0x20 /home/rahulmahadev/hikey_optee/optee_os/out/arm-plat-hikey/export-ta_arm64/lib/libutee.a(tee_api_objects.o)
 .rodata.__func__.2669
                0x000000000000c4d0       0x18 /home/rahulmahadev/hikey_optee/optee_os/out/arm-plat-hikey/export-ta_arm64/lib/libutee.a(tee_api_objects.o)
 .rodata.__func__.2529
                0x000000000000c4e8       0x18 /home/rahulmahadev/hikey_optee/optee_os/out/arm-plat-hikey/export-ta_arm64/lib/libutee.a(tee_api_objects.o)
 .rodata.__func__.2535
                0x000000000000c500       0x20 /home/rahulmahadev/hikey_optee/optee_os/out/arm-plat-hikey/export-ta_arm64/lib/libutee.a(tee_api_objects.o)
 .rodata.__func__.2677
                0x000000000000c520       0x18 /home/rahulmahadev/hikey_optee/optee_os/out/arm-plat-hikey/export-ta_arm64/lib/libutee.a(tee_api_objects.o)
 .rodata.__func__.2498
                0x000000000000c538       0x20 /home/rahulmahadev/hikey_optee/optee_os/out/arm-plat-hikey/export-ta_arm64/lib/libutee.a(tee_api_objects.o)
 .rodata.__func__.2684
                0x000000000000c558       0x18 /home/rahulmahadev/hikey_optee/optee_os/out/arm-plat-hikey/export-ta_arm64/lib/libutee.a(tee_api_objects.o)
 .rodata.__func__.2544
                0x000000000000c570       0x20 /home/rahulmahadev/hikey_optee/optee_os/out/arm-plat-hikey/export-ta_arm64/lib/libutee.a(tee_api_objects.o)
 .rodata.__func__.2551
                0x000000000000c590       0x18 /home/rahulmahadev/hikey_optee/optee_os/out/arm-plat-hikey/export-ta_arm64/lib/libutee.a(tee_api_objects.o)
 .rodata.__func__.2698
                0x000000000000c5a8       0x18 /home/rahulmahadev/hikey_optee/optee_os/out/arm-plat-hikey/export-ta_arm64/lib/libutee.a(tee_api_objects.o)
 .rodata.__func__.2558
                0x000000000000c5c0       0x18 /home/rahulmahadev/hikey_optee/optee_os/out/arm-plat-hikey/export-ta_arm64/lib/libutee.a(tee_api_objects.o)
 .rodata.__func__.2565
                0x000000000000c5d8       0x20 /home/rahulmahadev/hikey_optee/optee_os/out/arm-plat-hikey/export-ta_arm64/lib/libutee.a(tee_api_objects.o)
 .rodata.__func__.2649
                0x000000000000c5f8       0x28 /home/rahulmahadev/hikey_optee/optee_os/out/arm-plat-hikey/export-ta_arm64/lib/libutee.a(tee_api_objects.o)
 .rodata.__func__.2609
                0x000000000000c620       0x20 /home/rahulmahadev/hikey_optee/optee_os/out/arm-plat-hikey/export-ta_arm64/lib/libutee.a(tee_api_objects.o)
 .rodata.__func__.2574
                0x000000000000c640       0x20 /home/rahulmahadev/hikey_optee/optee_os/out/arm-plat-hikey/export-ta_arm64/lib/libutee.a(tee_api_objects.o)
 .rodata.__func__.2583
                0x000000000000c660       0x10 /home/rahulmahadev/hikey_optee/optee_os/out/arm-plat-hikey/export-ta_arm64/lib/libutee.a(tee_api_objects.o)
 .rodata.__func__.2619
                0x000000000000c670       0x28 /home/rahulmahadev/hikey_optee/optee_os/out/arm-plat-hikey/export-ta_arm64/lib/libutee.a(tee_api_objects.o)
 .rodata.__func__.2614
                0x000000000000c698       0x28 /home/rahulmahadev/hikey_optee/optee_os/out/arm-plat-hikey/export-ta_arm64/lib/libutee.a(tee_api_objects.o)
 .rodata.__func__.2627
                0x000000000000c6c0       0x20 /home/rahulmahadev/hikey_optee/optee_os/out/arm-plat-hikey/export-ta_arm64/lib/libutee.a(tee_api_objects.o)
 .rodata.__func__.2633
                0x000000000000c6e0       0x28 /home/rahulmahadev/hikey_optee/optee_os/out/arm-plat-hikey/export-ta_arm64/lib/libutee.a(tee_api_objects.o)
 .rodata.__func__.2594
                0x000000000000c708       0x20 /home/rahulmahadev/hikey_optee/optee_os/out/arm-plat-hikey/export-ta_arm64/lib/libutee.a(tee_api_objects.o)
 .rodata.__func__.2638
                0x000000000000c728       0x28 /home/rahulmahadev/hikey_optee/optee_os/out/arm-plat-hikey/export-ta_arm64/lib/libutee.a(tee_api_objects.o)
 .rodata.__func__.2643
                0x000000000000c750       0x28 /home/rahulmahadev/hikey_optee/optee_os/out/arm-plat-hikey/export-ta_arm64/lib/libutee.a(tee_api_objects.o)
 .rodata.__func__.2792
                0x000000000000c778       0x18 /home/rahulmahadev/hikey_optee/optee_os/out/arm-plat-hikey/export-ta_arm64/lib/libutee.a(tee_api_operations.o)
 .rodata.__func__.2648
                0x000000000000c790       0x18 /home/rahulmahadev/hikey_optee/optee_os/out/arm-plat-hikey/export-ta_arm64/lib/libutee.a(tee_api_operations.o)
 .rodata.__func__.2834
                0x000000000000c7a8       0x10 /home/rahulmahadev/hikey_optee/optee_os/out/arm-plat-hikey/export-ta_arm64/lib/libutee.a(tee_api_operations.o)
 .rodata.__func__.2668
                0x000000000000c7b8       0x18 /home/rahulmahadev/hikey_optee/optee_os/out/arm-plat-hikey/export-ta_arm64/lib/libutee.a(tee_api_operations.o)
 .rodata.__func__.2657
                0x000000000000c7d0       0x18 /home/rahulmahadev/hikey_optee/optee_os/out/arm-plat-hikey/export-ta_arm64/lib/libutee.a(tee_api_operations.o)
 .rodata.__func__.2701
                0x000000000000c7e8       0x18 /home/rahulmahadev/hikey_optee/optee_os/out/arm-plat-hikey/export-ta_arm64/lib/libutee.a(tee_api_operations.o)
 .rodata.__func__.2523
                0x000000000000c800       0x18 /home/rahulmahadev/hikey_optee/optee_os/out/arm-plat-hikey/export-ta_arm64/lib/libutee.a(tee_api_operations.o)
 .rodata.__func__.2851
                0x000000000000c818       0x18 /home/rahulmahadev/hikey_optee/optee_os/out/arm-plat-hikey/export-ta_arm64/lib/libutee.a(tee_api_operations.o)
 .rodata.__func__.2708
                0x000000000000c830       0x10 /home/rahulmahadev/hikey_optee/optee_os/out/arm-plat-hikey/export-ta_arm64/lib/libutee.a(tee_api_operations.o)
 .rodata.__func__.2674
                0x000000000000c840       0x18 /home/rahulmahadev/hikey_optee/optee_os/out/arm-plat-hikey/export-ta_arm64/lib/libutee.a(tee_api_operations.o)
 .rodata.__func__.2683
                0x000000000000c858       0x18 /home/rahulmahadev/hikey_optee/optee_os/out/arm-plat-hikey/export-ta_arm64/lib/libutee.a(tee_api_operations.o)
 .rodata.__func__.2906
                0x000000000000c870       0x20 /home/rahulmahadev/hikey_optee/optee_os/out/arm-plat-hikey/export-ta_arm64/lib/libutee.a(tee_api_operations.o)
 .rodata.__func__.2690
                0x000000000000c890       0x18 /home/rahulmahadev/hikey_optee/optee_os/out/arm-plat-hikey/export-ta_arm64/lib/libutee.a(tee_api_operations.o)
 .rodata.__func__.2867
                0x000000000000c8a8       0x18 /home/rahulmahadev/hikey_optee/optee_os/out/arm-plat-hikey/export-ta_arm64/lib/libutee.a(tee_api_operations.o)
 .rodata.__func__.2880
                0x000000000000c8c0       0x18 /home/rahulmahadev/hikey_optee/optee_os/out/arm-plat-hikey/export-ta_arm64/lib/libutee.a(tee_api_operations.o)
 .rodata.__func__.2804
                0x000000000000c8d8       0x18 /home/rahulmahadev/hikey_optee/optee_os/out/arm-plat-hikey/export-ta_arm64/lib/libutee.a(tee_api_operations.o)
 .rodata.__func__.2918
                0x000000000000c8f0       0x20 /home/rahulmahadev/hikey_optee/optee_os/out/arm-plat-hikey/export-ta_arm64/lib/libutee.a(tee_api_operations.o)
 .rodata.__func__.2742
                0x000000000000c910       0x18 /home/rahulmahadev/hikey_optee/optee_os/out/arm-plat-hikey/export-ta_arm64/lib/libutee.a(tee_api_operations.o)
 .rodata.__func__.2928
                0x000000000000c928       0x10 /home/rahulmahadev/hikey_optee/optee_os/out/arm-plat-hikey/export-ta_arm64/lib/libutee.a(tee_api_operations.o)
 .rodata.__func__.2893
                0x000000000000c938       0x18 /home/rahulmahadev/hikey_optee/optee_os/out/arm-plat-hikey/export-ta_arm64/lib/libutee.a(tee_api_operations.o)
 .rodata.__func__.2934
                0x000000000000c950       0x18 /home/rahulmahadev/hikey_optee/optee_os/out/arm-plat-hikey/export-ta_arm64/lib/libutee.a(tee_api_operations.o)
 .rodata.__func__.2754
                0x000000000000c968       0x18 /home/rahulmahadev/hikey_optee/optee_os/out/arm-plat-hikey/export-ta_arm64/lib/libutee.a(tee_api_operations.o)
 .rodata.__func__.2623
                0x000000000000c980       0x18 /home/rahulmahadev/hikey_optee/optee_os/out/arm-plat-hikey/export-ta_arm64/lib/libutee.a(tee_api_operations.o)
 .rodata.__func__.2768
                0x000000000000c998       0x18 /home/rahulmahadev/hikey_optee/optee_os/out/arm-plat-hikey/export-ta_arm64/lib/libutee.a(tee_api_operations.o)
 .rodata.__func__.2628
                0x000000000000c9b0       0x18 /home/rahulmahadev/hikey_optee/optee_os/out/arm-plat-hikey/export-ta_arm64/lib/libutee.a(tee_api_operations.o)
 .rodata.__func__.2774
                0x000000000000c9c8       0x10 /home/rahulmahadev/hikey_optee/optee_os/out/arm-plat-hikey/export-ta_arm64/lib/libutee.a(tee_api_operations.o)
 .rodata.__func__.2815
                0x000000000000c9d8       0x10 /home/rahulmahadev/hikey_optee/optee_os/out/arm-plat-hikey/export-ta_arm64/lib/libutee.a(tee_api_operations.o)
 .rodata.__func__.2781
                0x000000000000c9e8       0x10 /home/rahulmahadev/hikey_optee/optee_os/out/arm-plat-hikey/export-ta_arm64/lib/libutee.a(tee_api_operations.o)
 .rodata.__func__.2822
                0x000000000000c9f8       0x10 /home/rahulmahadev/hikey_optee/optee_os/out/arm-plat-hikey/export-ta_arm64/lib/libutee.a(tee_api_operations.o)
 .rodata.__func__.2643
                0x000000000000ca08       0x20 /home/rahulmahadev/hikey_optee/optee_os/out/arm-plat-hikey/export-ta_arm64/lib/libutee.a(tee_api_operations.o)
 .rodata.__func__.2641
                0x000000000000ca28       0x10 /home/rahulmahadev/hikey_optee/optee_os/out/arm-plat-hikey/export-ta_arm64/lib/libutee.a(user_ta_entry.o)
 .rodata.__func__.2216
                0x000000000000ca38       0x18 /home/rahulmahadev/hikey_optee/optee_os/out/arm-plat-hikey/export-ta_arm64/lib/libutee.a(tee_user_mem.o)
 .rodata.__func__.2233
                0x000000000000ca50       0x18 /home/rahulmahadev/hikey_optee/optee_os/out/arm-plat-hikey/export-ta_arm64/lib/libutee.a(tee_user_mem.o)
 .rodata.__func__.2241
                0x000000000000ca68       0x18 /home/rahulmahadev/hikey_optee/optee_os/out/arm-plat-hikey/export-ta_arm64/lib/libutee.a(tee_user_mem.o)
 .rodata.__func__.2246
                0x000000000000ca80       0x18 /home/rahulmahadev/hikey_optee/optee_os/out/arm-plat-hikey/export-ta_arm64/lib/libutee.a(tee_user_mem.o)
 .rodata.__func__.2197
                0x000000000000ca98       0x10 /home/rahulmahadev/hikey_optee/optee_os/out/arm-plat-hikey/export-ta_arm64/lib/libutee.a(tee_user_mem.o)
 .rodata.__func__.2192
                0x000000000000caa8       0x10 /home/rahulmahadev/hikey_optee/optee_os/out/arm-plat-hikey/export-ta_arm64/lib/libutee.a(tee_user_mem.o)
 .rodata.__func__.2410
                0x000000000000cab8       0x10 /home/rahulmahadev/hikey_optee/optee_os/out/arm-plat-hikey/export-ta_arm64/lib/libutee.a(assert.o)
 .rodata.__func__.2377
                0x000000000000cac8       0x18 /home/rahulmahadev/hikey_optee/optee_os/out/arm-plat-hikey/export-ta_arm64/lib/libutee.a(tee_api_arith.o)
 .rodata.failed.1944
                0x000000000000cae0       0x18 /home/rahulmahadev/hikey_optee/optee_os/out/arm-plat-hikey/export-ta_arm64/lib/libutee.a(trace_ext.o)
 .rodata.prefix.1943
                0x000000000000caf8       0x10 /home/rahulmahadev/hikey_optee/optee_os/out/arm-plat-hikey/export-ta_arm64/lib/libutee.a(trace_ext.o)
 .rodata.HEXDIGITS
                0x000000000000cb08       0x18 /home/rahulmahadev/hikey_optee/optee_os/out/arm-plat-hikey/export-ta_arm64/lib/libutils.a(snprintk.o)
 .rodata.hexdigits
                0x000000000000cb20       0x18 /home/rahulmahadev/hikey_optee/optee_os/out/arm-plat-hikey/export-ta_arm64/lib/libutils.a(snprintk.o)
 .rodata.lvl_strs.1494
                0x000000000000cb38       0x18 /home/rahulmahadev/hikey_optee/optee_os/out/arm-plat-hikey/export-ta_arm64/lib/libutils.a(trace.o)
 .rodata.const_largest_deci_base
                0x000000000000cb50       0x10 /home/rahulmahadev/hikey_optee/optee_os/out/arm-plat-hikey/export-ta_arm64/lib/libmpa.a(mpa_misc.o)
                0x000000000000cb50                const_largest_deci_base
 .rodata.Const_1_LShift_Base
                0x000000000000cb60       0x10 /home/rahulmahadev/hikey_optee/optee_os/out/arm-plat-hikey/export-ta_arm64/lib/libmpa.a(mpa_misc.o)
                0x000000000000cb60                Const_1_LShift_Base
 .rodata.const_one
                0x000000000000cb70       0x10 /home/rahulmahadev/hikey_optee/optee_os/out/arm-plat-hikey/export-ta_arm64/lib/libmpa.a(mpa_misc.o)
                0x000000000000cb70                const_one
 .rodata.const_miller_rabin_proof_limit
                0x000000000000cb80       0x10 /home/rahulmahadev/hikey_optee/optee_os/out/arm-plat-hikey/export-ta_arm64/lib/libmpa.a(mpa_primetest.o)
 .rodata.const_two
                0x000000000000cb90       0x10 /home/rahulmahadev/hikey_optee/optee_os/out/arm-plat-hikey/export-ta_arm64/lib/libmpa.a(mpa_primetest.o)
 .rodata.const_small_prime_factors
                0x000000000000cba0       0xb8 /home/rahulmahadev/hikey_optee/optee_os/out/arm-plat-hikey/export-ta_arm64/lib/libmpa.a(mpa_primetest.o)
 .rodata.proof_a.1863
                0x000000000000cc58       0x20 /home/rahulmahadev/hikey_optee/optee_os/out/arm-plat-hikey/export-ta_arm64/lib/libmpa.a(mpa_primetest.o)
 .rodata.PRIME_TABLE
                0x000000000000cc78      0xc38 /home/rahulmahadev/hikey_optee/optee_os/out/arm-plat-hikey/export-ta_arm64/lib/libmpa.a(mpa_primetest.o)
                0x000000000000cc78                PRIME_TABLE
 .rodata.__compound_literal.3
                0x000000000000d8b0        0x4 /home/rahulmahadev/hikey_optee/neo/ta/out/user_ta_header.o
 .rodata.__compound_literal.4
                0x000000000000d8b4        0x4 /home/rahulmahadev/hikey_optee/neo/ta/out/user_ta_header.o
 .rodata.__compound_literal.5
                0x000000000000d8b8        0x4 /home/rahulmahadev/hikey_optee/neo/ta/out/user_ta_header.o
 .rodata.__utee_from_param
                0x000000000000d8bc        0x8 /home/rahulmahadev/hikey_optee/optee_os/out/arm-plat-hikey/export-ta_arm64/lib/libutee.a(tee_api.o)
 .rodata.__utee_to_param
                0x000000000000d8c4        0x8 /home/rahulmahadev/hikey_optee/optee_os/out/arm-plat-hikey/export-ta_arm64/lib/libutee.a(tee_api.o)
 .rodata.NR_STORED_PRIMES
                0x000000000000d8cc        0x4 /home/rahulmahadev/hikey_optee/optee_os/out/arm-plat-hikey/export-ta_arm64/lib/libmpa.a(mpa_primetest.o)
                0x000000000000d8cc                NR_STORED_PRIMES
 .rodata.MAX_TABULATED_PRIME
                0x000000000000d8d0        0x4 /home/rahulmahadev/hikey_optee/optee_os/out/arm-plat-hikey/export-ta_arm64/lib/libmpa.a(mpa_primetest.o)
                0x000000000000d8d0                MAX_TABULATED_PRIME
 .rodata.__compound_literal.0
                0x000000000000d8d4        0x1 /home/rahulmahadev/hikey_optee/neo/ta/out/user_ta_header.o
 .rodata.__compound_literal.1
                0x000000000000d8d5        0x1 /home/rahulmahadev/hikey_optee/neo/ta/out/user_ta_header.o
 .rodata.__compound_literal.2
                0x000000000000d8d6        0x1 /home/rahulmahadev/hikey_optee/neo/ta/out/user_ta_header.o
 .rodata.str1.1.lib/libutee/tee_api.c
                0x000000000000d8d7        0xb /home/rahulmahadev/hikey_optee/optee_os/out/arm-plat-hikey/export-ta_arm64/lib/libutee.a(tee_api.o)
 .rodata.str1.1.lib/libutee/tee_api_objects.c
                0x0000000000000000        0xb /home/rahulmahadev/hikey_optee/optee_os/out/arm-plat-hikey/export-ta_arm64/lib/libutee.a(tee_api_objects.o)
 .rodata.str1.1.lib/libutee/tee_api_operations.c