Archive member included because of file (symbol)

/home/rahulmahadev/devel/optee/optee_os/out/arm-plat-vexpress/export-ta_arm32/lib/libutee.a(user_ta_entry.o)
                              /home/rahulmahadev/devel/optee/neo/ta/out/user_ta_header.o (__utee_entry)
/home/rahulmahadev/devel/optee/optee_os/out/arm-plat-vexpress/export-ta_arm32/lib/libutee.a(utee_syscalls_a32.o)
                              /home/rahulmahadev/devel/optee/optee_os/out/arm-plat-vexpress/export-ta_arm32/lib/libutee.a(user_ta_entry.o) (utee_return)
/home/rahulmahadev/devel/optee/optee_os/out/arm-plat-vexpress/export-ta_arm32/lib/libutee.a(tee_api_arith.o)
                              /home/rahulmahadev/devel/optee/optee_os/out/arm-plat-vexpress/export-ta_arm32/lib/libutee.a(user_ta_entry.o) (_TEE_MathAPI_Init)
/home/rahulmahadev/devel/optee/optee_os/out/arm-plat-vexpress/export-ta_arm32/lib/libutee.a(tee_api.o)
                              /home/rahulmahadev/devel/optee/optee_os/out/arm-plat-vexpress/export-ta_arm32/lib/libutee.a(user_ta_entry.o) (__utee_from_param)
/home/rahulmahadev/devel/optee/optee_os/out/arm-plat-vexpress/export-ta_arm32/lib/libutee.a(tee_api_panic.o)
                              /home/rahulmahadev/devel/optee/optee_os/out/arm-plat-vexpress/export-ta_arm32/lib/libutee.a(user_ta_entry.o) (__TEE_Panic)
/home/rahulmahadev/devel/optee/optee_os/out/arm-plat-vexpress/export-ta_arm32/lib/libutee.a(utee_misc.o)
                              /home/rahulmahadev/devel/optee/optee_os/out/arm-plat-vexpress/export-ta_arm32/lib/libutee.a(tee_api_arith.o) (get_rng_array)
/home/rahulmahadev/devel/optee/optee_os/out/arm-plat-vexpress/export-ta_arm32/lib/libutee.a(tee_user_mem.o)
                              /home/rahulmahadev/devel/optee/optee_os/out/arm-plat-vexpress/export-ta_arm32/lib/libutee.a(tee_api.o) (tee_user_mem_alloc)
/home/rahulmahadev/devel/optee/optee_os/out/arm-plat-vexpress/export-ta_arm32/lib/libutee.a(trace_ext.o)
                              /home/rahulmahadev/devel/optee/optee_os/out/arm-plat-vexpress/export-ta_arm32/lib/libutee.a(tee_api_arith.o) (printf)
/home/rahulmahadev/devel/optee/optee_os/out/arm-plat-vexpress/export-ta_arm32/lib/libutee.a(assert.o)
                              /home/rahulmahadev/devel/optee/optee_os/out/arm-plat-vexpress/export-ta_arm32/lib/libutee.a(tee_user_mem.o) (_assert_log)
/home/rahulmahadev/devel/optee/optee_os/out/arm-plat-vexpress/export-ta_arm32/lib/libutils.a(bget_malloc.o)
                              /home/rahulmahadev/devel/optee/optee_os/out/arm-plat-vexpress/export-ta_arm32/lib/libutee.a(utee_misc.o) (malloc)
/home/rahulmahadev/devel/optee/optee_os/out/arm-plat-vexpress/export-ta_arm32/lib/libutils.a(snprintf.o)
                              /home/rahulmahadev/devel/optee/optee_os/out/arm-plat-vexpress/export-ta_arm32/lib/libutee.a(trace_ext.o) (vsnprintf)
/home/rahulmahadev/devel/optee/optee_os/out/arm-plat-vexpress/export-ta_arm32/lib/libutils.a(memcmp.o)
                              /home/rahulmahadev/devel/optee/optee_os/out/arm-plat-vexpress/export-ta_arm32/lib/libutee.a(tee_api.o) (memcmp)
/home/rahulmahadev/devel/optee/optee_os/out/arm-plat-vexpress/export-ta_arm32/lib/libutils.a(memcpy.o)
                              /home/rahulmahadev/devel/optee/neo/ta/out/ta.o (memcpy)
/home/rahulmahadev/devel/optee/optee_os/out/arm-plat-vexpress/export-ta_arm32/lib/libutils.a(memmove.o)
                              /home/rahulmahadev/devel/optee/optee_os/out/arm-plat-vexpress/export-ta_arm32/lib/libutee.a(tee_api.o) (memmove)
/home/rahulmahadev/devel/optee/optee_os/out/arm-plat-vexpress/export-ta_arm32/lib/libutils.a(memset.o)
                              /home/rahulmahadev/devel/optee/optee_os/out/arm-plat-vexpress/export-ta_arm32/lib/libutee.a(user_ta_entry.o) (memset)
/home/rahulmahadev/devel/optee/optee_os/out/arm-plat-vexpress/export-ta_arm32/lib/libutils.a(strcmp.o)
                              /home/rahulmahadev/devel/optee/neo/ta/out/ta.o (strcmp)
/home/rahulmahadev/devel/optee/optee_os/out/arm-plat-vexpress/export-ta_arm32/lib/libutils.a(strlen.o)
                              /home/rahulmahadev/devel/optee/optee_os/out/arm-plat-vexpress/export-ta_arm32/lib/libutee.a(trace_ext.o) (strlen)
/home/rahulmahadev/devel/optee/optee_os/out/arm-plat-vexpress/export-ta_arm32/lib/libutils.a(snprintk.o)
                              /home/rahulmahadev/devel/optee/optee_os/out/arm-plat-vexpress/export-ta_arm32/lib/libutils.a(snprintf.o) (__vsnprintf)
/home/rahulmahadev/devel/optee/optee_os/out/arm-plat-vexpress/export-ta_arm32/lib/libutils.a(strlcpy.o)
                              /home/rahulmahadev/devel/optee/optee_os/out/arm-plat-vexpress/export-ta_arm32/lib/libutee.a(trace_ext.o) (strlcpy)
/home/rahulmahadev/devel/optee/optee_os/out/arm-plat-vexpress/export-ta_arm32/lib/libutils.a(trace.o)
                              /home/rahulmahadev/devel/optee/optee_os/out/arm-plat-vexpress/export-ta_arm32/lib/libutee.a(user_ta_entry.o) (trace_set_level)
[...]
Memory Configuration

Name             Origin             Length             Attributes
*default*        0x00000000         0xffffffff

Linker script and memory map


.ta_head        0x00000000       0x20
 *(SORT(.ta_head))
 .ta_head       0x00000000       0x20 /home/rahulmahadev/devel/optee/neo/ta/out/user_ta_header.o
                0x00000000                ta_head

.text           0x00000020     0xba50
 *(SORT(.text) SORT(.text.*))
 .text.string_copy
                0x00000020       0x3c /home/rahulmahadev/devel/optee/neo/ta/out/ta.o
                0x00000020                string_copy
 .text.TA_CreateEntryPoint
                0x0000005c       0x14 /home/rahulmahadev/devel/optee/neo/ta/out/ta.o
                0x0000005c                TA_CreateEntryPoint
 .text.TA_DestroyEntryPoint
                0x00000070       0x10 /home/rahulmahadev/devel/optee/neo/ta/out/ta.o
                0x00000070                TA_DestroyEntryPoint
 .text.set_params
                0x00000080       0xb8 /home/rahulmahadev/devel/optee/neo/ta/out/ta.o
 .text.TA_OpenSessionEntryPoint
                0x00000138       0x40 /home/rahulmahadev/devel/optee/neo/ta/out/ta.o
                0x00000138                TA_OpenSessionEntryPoint
 .text.TA_CloseSessionEntryPoint
                0x00000178       0x18 /home/rahulmahadev/devel/optee/neo/ta/out/ta.o
                0x00000178                TA_CloseSessionEntryPoint
 .text.check_answer
                0x00000190      0x12c /home/rahulmahadev/devel/optee/neo/ta/out/ta.o
 .text.start_quiz
                0x000002bc       0xc4 /home/rahulmahadev/devel/optee/neo/ta/out/ta.o
 .text.TA_InvokeCommandEntryPoint
                0x00000380       0x54 /home/rahulmahadev/devel/optee/neo/ta/out/ta.o
                0x00000380                TA_InvokeCommandEntryPoint
 .text.tahead_get_trace_level
                0x000003d4       0x14 /home/rahulmahadev/devel/optee/neo/ta/out/user_ta_header.o
                0x000003d4                tahead_get_trace_level
 .text.ta_header_save_params
                0x000003e8       0x70 /home/rahulmahadev/devel/optee/optee_os/out/arm-plat-vexpress/export-ta_arm32/lib/libutee.a(user_ta_entry.o)
 .text.ta_header_get_session
                0x00000458       0x44 /home/rahulmahadev/devel/optee/optee_os/out/arm-plat-vexpress/export-ta_arm32/lib/libutee.a(user_ta_entry.o)
 .text.ta_header_add_session
                0x0000049c      0x14c /home/rahulmahadev/devel/optee/optee_os/out/arm-plat-vexpress/export-ta_arm32/lib/libutee.a(user_ta_entry.o)
 .text.ta_header_remove_session
                0x000005e8       0xb8 /home/rahulmahadev/devel/optee/optee_os/out/arm-plat-vexpress/export-ta_arm32/lib/libutee.a(user_ta_entry.o)
 .text.entry_open_session
                0x000006a0       0xcc /home/rahulmahadev/devel/optee/optee_os/out/arm-plat-vexpress/export-ta_arm32/lib/libutee.a(user_ta_entry.o)
 .text.entry_close_session
                0x0000076c       0x68 /home/rahulmahadev/devel/optee/optee_os/out/arm-plat-vexpress/export-ta_arm32/lib/libutee.a(user_ta_entry.o)
 .text.entry_invoke_command
                0x000007d4       0xa0 /home/rahulmahadev/devel/optee/optee_os/out/arm-plat-vexpress/export-ta_arm32/lib/libutee.a(user_ta_entry.o)
 .text.__utee_entry
                0x00000874       0xc4 /home/rahulmahadev/devel/optee/optee_os/out/arm-plat-vexpress/export-ta_arm32/lib/libutee.a(user_ta_entry.o)
                0x00000874                __utee_entry
 .text          0x00000938      0x5f8 /home/rahulmahadev/devel/optee/optee_os/out/arm-plat-vexpress/export-ta_arm32/lib/libutee.a(utee_syscalls_a32.o)
                0x00000938                utee_return
                0x0000094c                utee_log
                0x00000960                utee_panic
                0x00000974                utee_dummy
                0x00000988                utee_dummy_7args
                0x000009a0                utee_nocall
                0x000009b4                utee_get_property
                0x000009c8                utee_open_ta_session
                0x000009e0                utee_close_ta_session
                0x000009f4                utee_invoke_ta_command
                0x00000a0c                utee_get_cancellation_flag
                0x00000a20                utee_check_access_rights
                0x00000a34                utee_unmask_cancellation
                0x00000a48                utee_mask_cancellation
                0x00000a5c                utee_wait
                0x00000a70                utee_get_time
                0x00000a84                utee_set_ta_time
                0x00000a98                utee_cryp_state_alloc
                0x00000ab0                utee_cryp_state_copy
                0x00000ac4                utee_cryp_state_free
                0x00000ad8                utee_hash_init
                0x00000aec                utee_hash_update
                0x00000b00                utee_hash_final
                0x00000b18                utee_cipher_init
                0x00000b2c                utee_cipher_update
                0x00000b44                utee_cipher_final
                0x00000b5c                utee_cryp_obj_get_info
                0x00000b70                utee_cryp_obj_restrict_usage
                0x00000b84                utee_cryp_obj_get_attr
                0x00000b98                utee_cryp_obj_alloc
                0x00000bac                utee_cryp_obj_close
                0x00000bc0                utee_cryp_obj_reset
                0x00000bd4                utee_cryp_obj_populate
                0x00000be8                utee_cryp_obj_copy
                0x00000bfc                utee_cryp_derive_key
                0x00000c10                utee_cryp_random_number_generate
                0x00000c24                utee_authenc_init
                0x00000c3c                utee_authenc_update_aad
                0x00000c50                utee_authenc_update_payload
                0x00000c68                utee_authenc_enc_final
                0x00000c80                utee_authenc_dec_final
                0x00000c98                utee_asymm_operate
                0x00000cb0                utee_asymm_verify
                0x00000cc8                utee_storage_obj_open
                0x00000ce0                utee_storage_obj_create
                0x00000cf8                utee_storage_obj_del
                0x00000d0c                utee_storage_obj_rename
                0x00000d20                utee_storage_alloc_enum
                0x00000d34                utee_storage_free_enum
                0x00000d48                utee_storage_reset_enum
                0x00000d5c                utee_storage_start_enum
                0x00000d70                utee_storage_next_enum
                0x00000d84                utee_storage_obj_read
                0x00000d98                utee_storage_obj_write
                0x00000dac                utee_storage_obj_trunc
                0x00000dc0                utee_storage_obj_seek
                0x00000dd4                utee_cryp_obj_generate_key
                0x00000de8                utee_se_service_open
                0x00000dfc                utee_se_service_close
                0x00000e10                utee_se_service_get_readers
                0x00000e24                utee_se_reader_get_prop
                0x00000e38                utee_se_reader_get_name
                0x00000e4c                utee_se_reader_open_session
                0x00000e60                utee_se_reader_close_sessions
                0x00000e74                utee_se_session_is_closed
                0x00000e88                utee_se_session_get_atr
                0x00000e9c                utee_se_session_open_channel
                0x00000eb4                utee_se_session_close
                0x00000ec8                utee_se_channel_select_next
                0x00000edc                utee_se_channel_get_select_resp
                0x00000ef0                utee_se_channel_transmit
                0x00000f08                utee_se_channel_close
                0x00000f1c                utee_cache_operation
 .text.TEE_BigInt_Panic
                0x00000f30       0x74 /home/rahulmahadev/devel/optee/optee_os/out/arm-plat-vexpress/export-ta_arm32/lib/libutee.a(tee_api_arith.o)
 .text._TEE_MathAPI_Init
                0x00000fa4       0x50 /home/rahulmahadev/devel/optee/optee_os/out/arm-plat-vexpress/export-ta_arm32/lib/libutee.a(tee_api_arith.o)
                0x00000fa4                _TEE_MathAPI_Init
 .text.TEE_BigIntInit
                0x00000ff4       0x2c /home/rahulmahadev/devel/optee/optee_os/out/arm-plat-vexpress/export-ta_arm32/lib/libutee.a(tee_api_arith.o)
                0x00000ff4                TEE_BigIntInit
 .text.TEE_BigIntInitFMM
                0x00001020       0x40 /home/rahulmahadev/devel/optee/optee_os/out/arm-plat-vexpress/export-ta_arm32/lib/libutee.a(tee_api_arith.o)
                0x00001020                TEE_BigIntInitFMM
 .text.TEE_BigIntInitFMMContext
                0x00001060       0x68 /home/rahulmahadev/devel/optee/optee_os/out/arm-plat-vexpress/export-ta_arm32/lib/libutee.a(tee_api_arith.o)
                0x00001060                TEE_BigIntInitFMMContext
 .text.TEE_BigIntFMMSizeInU32
                0x000010c8       0x28 /home/rahulmahadev/devel/optee/optee_os/out/arm-plat-vexpress/export-ta_arm32/lib/libutee.a(tee_api_arith.o)
                0x000010c8                TEE_BigIntFMMSizeInU32
 .text.TEE_BigIntFMMContextSizeInU32
                0x000010f0       0x30 /home/rahulmahadev/devel/optee/optee_os/out/arm-plat-vexpress/export-ta_arm32/lib/libutee.a(tee_api_arith.o)
                0x000010f0                TEE_BigIntFMMContextSizeInU32
 .text.TEE_BigIntConvertFromOctetString
                0x00001120       0xb0 /home/rahulmahadev/devel/optee/optee_os/out/arm-plat-vexpress/export-ta_arm32/lib/libutee.a(tee_api_arith.o)
                0x00001120                TEE_BigIntConvertFromOctetString
 .text.TEE_BigIntConvertToOctetString
                0x000011d0       0xb4 /home/rahulmahadev/devel/optee/optee_os/out/arm-plat-vexpress/export-ta_arm32/lib/libutee.a(tee_api_arith.o)
                0x000011d0                TEE_BigIntConvertToOctetString
 .text.TEE_BigIntConvertFromS32
                0x00001284       0x30 /home/rahulmahadev/devel/optee/optee_os/out/arm-plat-vexpress/export-ta_arm32/lib/libutee.a(tee_api_arith.o)
                0x00001284                TEE_BigIntConvertFromS32
 .text.TEE_BigIntConvertToS32
                0x000012b4       0xa0 /home/rahulmahadev/devel/optee/optee_os/out/arm-plat-vexpress/export-ta_arm32/lib/libutee.a(tee_api_arith.o)
                0x000012b4                TEE_BigIntConvertToS32
 .text.TEE_BigIntCmp
                0x00001354       0x38 /home/rahulmahadev/devel/optee/optee_os/out/arm-plat-vexpress/export-ta_arm32/lib/libutee.a(tee_api_arith.o)
                0x00001354                TEE_BigIntCmp
 .text.TEE_BigIntCmpS32
                0x0000138c       0x34 /home/rahulmahadev/devel/optee/optee_os/out/arm-plat-vexpress/export-ta_arm32/lib/libutee.a(tee_api_arith.o)
                0x0000138c                TEE_BigIntCmpS32
 .text.TEE_BigIntShiftRight
                0x000013c0       0x44 /home/rahulmahadev/devel/optee/optee_os/out/arm-plat-vexpress/export-ta_arm32/lib/libutee.a(tee_api_arith.o)
                0x000013c0                TEE_BigIntShiftRight
 .text.TEE_BigIntGetBit
                0x00001404       0x3c /home/rahulmahadev/devel/optee/optee_os/out/arm-plat-vexpress/export-ta_arm32/lib/libutee.a(tee_api_arith.o)
                0x00001404                TEE_BigIntGetBit
 .text.TEE_BigIntGetBitCount
                0x00001440       0x34 /home/rahulmahadev/devel/optee/optee_os/out/arm-plat-vexpress/export-ta_arm32/lib/libutee.a(tee_api_arith.o)
                0x00001440                TEE_BigIntGetBitCount
 .text.TEE_BigIntAdd
                0x00001474       0x50 /home/rahulmahadev/devel/optee/optee_os/out/arm-plat-vexpress/export-ta_arm32/lib/libutee.a(tee_api_arith.o)
                0x00001474                TEE_BigIntAdd
 .text.TEE_BigIntSub
                0x000014c4       0x50 /home/rahulmahadev/devel/optee/optee_os/out/arm-plat-vexpress/export-ta_arm32/lib/libutee.a(tee_api_arith.o)
                0x000014c4                TEE_BigIntSub
 .text.TEE_BigIntNeg
                0x00001514       0x34 /home/rahulmahadev/devel/optee/optee_os/out/arm-plat-vexpress/export-ta_arm32/lib/libutee.a(tee_api_arith.o)
                0x00001514                TEE_BigIntNeg
 .text.TEE_BigIntMul
                0x00001548       0x50 /home/rahulmahadev/devel/optee/optee_os/out/arm-plat-vexpress/export-ta_arm32/lib/libutee.a(tee_api_arith.o)
                0x00001548                TEE_BigIntMul
 .text.TEE_BigIntSquare
                0x00001598       0x48 /home/rahulmahadev/devel/optee/optee_os/out/arm-plat-vexpress/export-ta_arm32/lib/libutee.a(tee_api_arith.o)
                0x00001598                TEE_BigIntSquare
 .text.TEE_BigIntDiv
                0x000015e0       0x84 /home/rahulmahadev/devel/optee/optee_os/out/arm-plat-vexpress/export-ta_arm32/lib/libutee.a(tee_api_arith.o)
                0x000015e0                TEE_BigIntDiv
 .text.TEE_BigIntMod
                0x00001664       0xa8 /home/rahulmahadev/devel/optee/optee_os/out/arm-plat-vexpress/export-ta_arm32/lib/libutee.a(tee_api_arith.o)
                0x00001664                TEE_BigIntMod
 .text.TEE_BigIntAddMod
                0x0000170c       0xb4 /home/rahulmahadev/devel/optee/optee_os/out/arm-plat-vexpress/export-ta_arm32/lib/libutee.a(tee_api_arith.o)
                0x0000170c                TEE_BigIntAddMod
 .text.TEE_BigIntSubMod
                0x000017c0       0xb4 /home/rahulmahadev/devel/optee/optee_os/out/arm-plat-vexpress/export-ta_arm32/lib/libutee.a(tee_api_arith.o)
                0x000017c0                TEE_BigIntSubMod
 .text.TEE_BigIntMulMod
                0x00001874       0xfc /home/rahulmahadev/devel/optee/optee_os/out/arm-plat-vexpress/export-ta_arm32/lib/libutee.a(tee_api_arith.o)
                0x00001874                TEE_BigIntMulMod
 .text.TEE_BigIntSquareMod
                0x00001970       0x34 /home/rahulmahadev/devel/optee/optee_os/out/arm-plat-vexpress/export-ta_arm32/lib/libutee.a(tee_api_arith.o)
                0x00001970                TEE_BigIntSquareMod
 .text.TEE_BigIntInvMod
                0x000019a4       0x90 /home/rahulmahadev/devel/optee/optee_os/out/arm-plat-vexpress/export-ta_arm32/lib/libutee.a(tee_api_arith.o)
                0x000019a4                TEE_BigIntInvMod
 .text.TEE_BigIntRelativePrime
                0x00001a34       0xa4 /home/rahulmahadev/devel/optee/optee_os/out/arm-plat-vexpress/export-ta_arm32/lib/libutee.a(tee_api_arith.o)
                0x00001a34                TEE_BigIntRelativePrime
 .text.TEE_BigIntComputeExtendedGcd
                0x00001ad8       0x60 /home/rahulmahadev/devel/optee/optee_os/out/arm-plat-vexpress/export-ta_arm32/lib/libutee.a(tee_api_arith.o)
                0x00001ad8                TEE_BigIntComputeExtendedGcd
 .text.TEE_BigIntIsProbablePrime
                0x00001b38       0x64 /home/rahulmahadev/devel/optee/optee_os/out/arm-plat-vexpress/export-ta_arm32/lib/libutee.a(tee_api_arith.o)
                0x00001b38                TEE_BigIntIsProbablePrime
 .text.TEE_BigIntConvertToFMM
                0x00001b9c       0x64 /home/rahulmahadev/devel/optee/optee_os/out/arm-plat-vexpress/export-ta_arm32/lib/libutee.a(tee_api_arith.o)
                0x00001b9c                TEE_BigIntConvertToFMM
 .text.TEE_BigIntConvertFromFMM
                0x00001c00       0xb4 /home/rahulmahadev/devel/optee/optee_os/out/arm-plat-vexpress/export-ta_arm32/lib/libutee.a(tee_api_arith.o)
                0x00001c00                TEE_BigIntConvertFromFMM
 .text.TEE_BigIntComputeFMM
                0x00001cb4       0x64 /home/rahulmahadev/devel/optee/optee_os/out/arm-plat-vexpress/export-ta_arm32/lib/libutee.a(tee_api_arith.o)
                0x00001cb4                TEE_BigIntComputeFMM
 .text.__utee_from_param
                0x00001d18      0x168 /home/rahulmahadev/devel/optee/optee_os/out/arm-plat-vexpress/export-ta_arm32/lib/libutee.a(tee_api.o)
                0x00001d18                __utee_from_param
 .text.__utee_to_param
                0x00001e80       0xfc /home/rahulmahadev/devel/optee/optee_os/out/arm-plat-vexpress/export-ta_arm32/lib/libutee.a(tee_api.o)
                0x00001e80                __utee_to_param
 .text.TEE_OpenTASession
                0x00001f7c       0x8c /home/rahulmahadev/devel/optee/optee_os/out/arm-plat-vexpress/export-ta_arm32/lib/libutee.a(tee_api.o)
                0x00001f7c                TEE_OpenTASession
 .text.TEE_CloseTASession
                0x00002008       0x78 /home/rahulmahadev/devel/optee/optee_os/out/arm-plat-vexpress/export-ta_arm32/lib/libutee.a(tee_api.o)
                0x00002008                TEE_CloseTASession
 .text.TEE_InvokeTACommand
                0x00002080       0xe8 /home/rahulmahadev/devel/optee/optee_os/out/arm-plat-vexpress/export-ta_arm32/lib/libutee.a(tee_api.o)
                0x00002080                TEE_InvokeTACommand
 .text.TEE_GetCancellationFlag
                0x00002168       0x44 /home/rahulmahadev/devel/optee/optee_os/out/arm-plat-vexpress/export-ta_arm32/lib/libutee.a(tee_api.o)
                0x00002168                TEE_GetCancellationFlag
 .text.TEE_UnmaskCancellation
                0x000021ac       0x80 /home/rahulmahadev/devel/optee/optee_os/out/arm-plat-vexpress/export-ta_arm32/lib/libutee.a(tee_api.o)
                0x000021ac                TEE_UnmaskCancellation
 .text.TEE_MaskCancellation
                0x0000222c       0x80 /home/rahulmahadev/devel/optee/optee_os/out/arm-plat-vexpress/export-ta_arm32/lib/libutee.a(tee_api.o)
                0x0000222c                TEE_MaskCancellation
 .text.TEE_CheckMemoryAccessRights
                0x000022ac       0x5c /home/rahulmahadev/devel/optee/optee_os/out/arm-plat-vexpress/export-ta_arm32/lib/libutee.a(tee_api.o)
                0x000022ac                TEE_CheckMemoryAccessRights
 .text.TEE_SetInstanceData
                0x00002308       0x24 /home/rahulmahadev/devel/optee/optee_os/out/arm-plat-vexpress/export-ta_arm32/lib/libutee.a(tee_api.o)
                0x00002308                TEE_SetInstanceData
 .text.TEE_GetInstanceData
                0x0000232c       0x1c /home/rahulmahadev/devel/optee/optee_os/out/arm-plat-vexpress/export-ta_arm32/lib/libutee.a(tee_api.o)
                0x0000232c                TEE_GetInstanceData
 .text.TEE_MemMove
                0x00002348       0x40 /home/rahulmahadev/devel/optee/optee_os/out/arm-plat-vexpress/export-ta_arm32/lib/libutee.a(tee_api.o)
                0x00002348                TEE_MemMove
 .text.TEE_MemCompare
                0x00002388       0x40 /home/rahulmahadev/devel/optee/optee_os/out/arm-plat-vexpress/export-ta_arm32/lib/libutee.a(tee_api.o)
                0x00002388                TEE_MemCompare
 .text.TEE_MemFill
                0x000023c8       0x40 /home/rahulmahadev/devel/optee/optee_os/out/arm-plat-vexpress/export-ta_arm32/lib/libutee.a(tee_api.o)
                0x000023c8                TEE_MemFill
 .text.TEE_GetSystemTime
                0x00002408       0x78 /home/rahulmahadev/devel/optee/optee_os/out/arm-plat-vexpress/export-ta_arm32/lib/libutee.a(tee_api.o)
                0x00002408                TEE_GetSystemTime
 .text.TEE_Wait
                0x00002480       0x84 /home/rahulmahadev/devel/optee/optee_os/out/arm-plat-vexpress/export-ta_arm32/lib/libutee.a(tee_api.o)
                0x00002480                TEE_Wait
 .text.TEE_GetTAPersistentTime
                0x00002504       0xd0 /home/rahulmahadev/devel/optee/optee_os/out/arm-plat-vexpress/export-ta_arm32/lib/libutee.a(tee_api.o)
                0x00002504                TEE_GetTAPersistentTime
 .text.TEE_SetTAPersistentTime
                0x000025d4       0x90 /home/rahulmahadev/devel/optee/optee_os/out/arm-plat-vexpress/export-ta_arm32/lib/libutee.a(tee_api.o)
                0x000025d4                TEE_SetTAPersistentTime
 .text.TEE_GetREETime
                0x00002664       0x78 /home/rahulmahadev/devel/optee/optee_os/out/arm-plat-vexpress/export-ta_arm32/lib/libutee.a(tee_api.o)
                0x00002664                TEE_GetREETime
 .text.TEE_Malloc
                0x000026dc       0x30 /home/rahulmahadev/devel/optee/optee_os/out/arm-plat-vexpress/export-ta_arm32/lib/libutee.a(tee_api.o)
                0x000026dc                TEE_Malloc
 .text.TEE_Realloc
                0x0000270c       0x30 /home/rahulmahadev/devel/optee/optee_os/out/arm-plat-vexpress/export-ta_arm32/lib/libutee.a(tee_api.o)
                0x0000270c                TEE_Realloc
 .text.TEE_Free
                0x0000273c       0x28 /home/rahulmahadev/devel/optee/optee_os/out/arm-plat-vexpress/export-ta_arm32/lib/libutee.a(tee_api.o)
                0x0000273c                TEE_Free
 .text.TEE_CacheClean
                0x00002764       0x40 /home/rahulmahadev/devel/optee/optee_os/out/arm-plat-vexpress/export-ta_arm32/lib/libutee.a(tee_api.o)
                0x00002764                TEE_CacheClean
 .text.TEE_CacheFlush
                0x000027a4       0x40 /home/rahulmahadev/devel/optee/optee_os/out/arm-plat-vexpress/export-ta_arm32/lib/libutee.a(tee_api.o)
                0x000027a4                TEE_CacheFlush
 .text.TEE_CacheInvalidate
                0x000027e4       0x40 /home/rahulmahadev/devel/optee/optee_os/out/arm-plat-vexpress/export-ta_arm32/lib/libutee.a(tee_api.o)
                0x000027e4                TEE_CacheInvalidate
 .text.__TEE_Panic
                0x00002824       0x20 /home/rahulmahadev/devel/optee/optee_os/out/arm-plat-vexpress/export-ta_arm32/lib/libutee.a(tee_api_panic.o)
                0x00002824                __TEE_Panic
 .text.TEE_Panic
                0x00002844       0x18 /home/rahulmahadev/devel/optee/optee_os/out/arm-plat-vexpress/export-ta_arm32/lib/libutee.a(tee_api_panic.o)
                0x00002844                TEE_Panic
 .text.utee_get_ta_exec_id
                0x0000285c       0x14 /home/rahulmahadev/devel/optee/optee_os/out/arm-plat-vexpress/export-ta_arm32/lib/libutee.a(utee_misc.o)
                0x0000285c                utee_get_ta_exec_id
 .text.utee_malloc
                0x00002870       0x2c /home/rahulmahadev/devel/optee/optee_os/out/arm-plat-vexpress/export-ta_arm32/lib/libutee.a(utee_misc.o)
                0x00002870                utee_malloc
 .text.utee_realloc
                0x0000289c       0x30 /home/rahulmahadev/devel/optee/optee_os/out/arm-plat-vexpress/export-ta_arm32/lib/libutee.a(utee_misc.o)
                0x0000289c                utee_realloc
 .text.utee_calloc
                0x000028cc       0x30 /home/rahulmahadev/devel/optee/optee_os/out/arm-plat-vexpress/export-ta_arm32/lib/libutee.a(utee_misc.o)
                0x000028cc                utee_calloc
 .text.utee_free
                0x000028fc       0x28 /home/rahulmahadev/devel/optee/optee_os/out/arm-plat-vexpress/export-ta_arm32/lib/libutee.a(utee_misc.o)
                0x000028fc                utee_free
 .text.get_rng_array
                0x00002924       0x30 /home/rahulmahadev/devel/optee/optee_os/out/arm-plat-vexpress/export-ta_arm32/lib/libutee.a(utee_misc.o)
                0x00002924                get_rng_array
 .text.buf_addr
                0x00002954       0x20 /home/rahulmahadev/devel/optee/optee_os/out/arm-plat-vexpress/export-ta_arm32/lib/libutee.a(tee_user_mem.o)
 .text.buf_size
                0x00002974       0x28 /home/rahulmahadev/devel/optee/optee_os/out/arm-plat-vexpress/export-ta_arm32/lib/libutee.a(tee_user_mem.o)
 .text.elem_addr
                0x0000299c       0x20 /home/rahulmahadev/devel/optee/optee_os/out/arm-plat-vexpress/export-ta_arm32/lib/libutee.a(tee_user_mem.o)
 .text.is_buffer_valid
                0x000029bc       0x4c /home/rahulmahadev/devel/optee/optee_os/out/arm-plat-vexpress/export-ta_arm32/lib/libutee.a(tee_user_mem.o)
 .text.print_buf
                0x00002a08       0x7c /home/rahulmahadev/devel/optee/optee_os/out/arm-plat-vexpress/export-ta_arm32/lib/libutee.a(tee_user_mem.o)
 .text.heap_inc
                0x00002a84       0x60 /home/rahulmahadev/devel/optee/optee_os/out/arm-plat-vexpress/export-ta_arm32/lib/libutee.a(tee_user_mem.o)
 .text.heap_dec
                0x00002ae4       0x64 /home/rahulmahadev/devel/optee/optee_os/out/arm-plat-vexpress/export-ta_arm32/lib/libutee.a(tee_user_mem.o)
 .text.check_elem_end
                0x00002b48       0x74 /home/rahulmahadev/devel/optee/optee_os/out/arm-plat-vexpress/export-ta_arm32/lib/libutee.a(tee_user_mem.o)
 .text.check_elem
                0x00002bbc      0x104 /home/rahulmahadev/devel/optee/optee_os/out/arm-plat-vexpress/export-ta_arm32/lib/libutee.a(tee_user_mem.o)
 .text.is_mem_coherent
                0x00002cc0       0x84 /home/rahulmahadev/devel/optee/optee_os/out/arm-plat-vexpress/export-ta_arm32/lib/libutee.a(tee_user_mem.o)
 .text.tee_user_mem_alloc
                0x00002d44      0x180 /home/rahulmahadev/devel/optee/optee_os/out/arm-plat-vexpress/export-ta_arm32/lib/libutee.a(tee_user_mem.o)
                0x00002d44                tee_user_mem_alloc
 .text.tee_user_mem_realloc
                0x00002ec4       0xe8 /home/rahulmahadev/devel/optee/optee_os/out/arm-plat-vexpress/export-ta_arm32/lib/libutee.a(tee_user_mem.o)
                0x00002ec4                tee_user_mem_realloc
 .text.tee_user_mem_free
                0x00002fac      0x150 /home/rahulmahadev/devel/optee/optee_os/out/arm-plat-vexpress/export-ta_arm32/lib/libutee.a(tee_user_mem.o)
                0x00002fac                tee_user_mem_free
 .text.tee_user_mem_mark_heap
                0x000030fc       0x20 /home/rahulmahadev/devel/optee/optee_os/out/arm-plat-vexpress/export-ta_arm32/lib/libutee.a(tee_user_mem.o)
                0x000030fc                tee_user_mem_mark_heap
 .text.tee_user_mem_check_heap
                0x0000311c       0x94 /home/rahulmahadev/devel/optee/optee_os/out/arm-plat-vexpress/export-ta_arm32/lib/libutee.a(tee_user_mem.o)
                0x0000311c                tee_user_mem_check_heap
 .text.tee_user_mem_status
                0x000031b0       0x88 /home/rahulmahadev/devel/optee/optee_os/out/arm-plat-vexpress/export-ta_arm32/lib/libutee.a(tee_user_mem.o)
 .text.tee_user_mem_garbage
                0x00003238       0x4c /home/rahulmahadev/devel/optee/optee_os/out/arm-plat-vexpress/export-ta_arm32/lib/libutee.a(tee_user_mem.o)
                0x00003238                tee_user_mem_garbage
 .text.trace_ext_puts
                0x00003284       0x44 /home/rahulmahadev/devel/optee/optee_os/out/arm-plat-vexpress/export-ta_arm32/lib/libutee.a(trace_ext.o)
                0x00003284                trace_ext_puts
 .text.trace_ext_get_thread_id
                0x000032c8       0x14 /home/rahulmahadev/devel/optee/optee_os/out/arm-plat-vexpress/export-ta_arm32/lib/libutee.a(trace_ext.o)
                0x000032c8                trace_ext_get_thread_id
 .text.printf   0x000032dc      0x120 /home/rahulmahadev/devel/optee/optee_os/out/arm-plat-vexpress/export-ta_arm32/lib/libutee.a(trace_ext.o)
                0x000032dc                printf
 .text.puts     0x000033fc       0x3c /home/rahulmahadev/devel/optee/optee_os/out/arm-plat-vexpress/export-ta_arm32/lib/libutee.a(trace_ext.o)
                0x000033fc                puts
 .text._assert_log
                0x00003438       0x5c /home/rahulmahadev/devel/optee/optee_os/out/arm-plat-vexpress/export-ta_arm32/lib/libutee.a(assert.o)
                0x00003438                _assert_log
 .text._assert_break
                0x00003494       0x20 /home/rahulmahadev/devel/optee/optee_os/out/arm-plat-vexpress/export-ta_arm32/lib/libutee.a(assert.o)
                0x00003494                _assert_break
 .text.bget     0x000034b4      0x210 /home/rahulmahadev/devel/optee/optee_os/out/arm-plat-vexpress/export-ta_arm32/lib/libutils.a(bget_malloc.o)
                0x000034b4                bget
 .text.bgetz    0x000036c4       0xbc /home/rahulmahadev/devel/optee/optee_os/out/arm-plat-vexpress/export-ta_arm32/lib/libutils.a(bget_malloc.o)
                0x000036c4                bgetz
 .text.bgetr    0x00003780       0xc4 /home/rahulmahadev/devel/optee/optee_os/out/arm-plat-vexpress/export-ta_arm32/lib/libutils.a(bget_malloc.o)
                0x00003780                bgetr
 .text.brel     0x00003844      0x2f4 /home/rahulmahadev/devel/optee/optee_os/out/arm-plat-vexpress/export-ta_arm32/lib/libutils.a(bget_malloc.o)
                0x00003844                brel
 .text.bpool    0x00003b38      0x140 /home/rahulmahadev/devel/optee/optee_os/out/arm-plat-vexpress/export-ta_arm32/lib/libutils.a(bget_malloc.o)
                0x00003b38                bpool
 .text.malloc_lock
                0x00003c78       0x10 /home/rahulmahadev/devel/optee/optee_os/out/arm-plat-vexpress/export-ta_arm32/lib/libutils.a(bget_malloc.o)
 .text.malloc_unlock
                0x00003c88       0x10 /home/rahulmahadev/devel/optee/optee_os/out/arm-plat-vexpress/export-ta_arm32/lib/libutils.a(bget_malloc.o)
 .text.raw_malloc_save_max_alloced_size
                0x00003c98       0x10 /home/rahulmahadev/devel/optee/optee_os/out/arm-plat-vexpress/export-ta_arm32/lib/libutils.a(bget_malloc.o)
 .text.malloc_reset_max_allocated
                0x00003ca8       0x10 /home/rahulmahadev/devel/optee/optee_os/out/arm-plat-vexpress/export-ta_arm32/lib/libutils.a(bget_malloc.o)
                0x00003ca8                malloc_reset_max_allocated
 .text.malloc_get_max_allocated
                0x00003cb8       0x14 /home/rahulmahadev/devel/optee/optee_os/out/arm-plat-vexpress/export-ta_arm32/lib/libutils.a(bget_malloc.o)
                0x00003cb8                malloc_get_max_allocated
 .text.malloc_get_allocated
                0x00003ccc       0x14 /home/rahulmahadev/devel/optee/optee_os/out/arm-plat-vexpress/export-ta_arm32/lib/libutils.a(bget_malloc.o)
                0x00003ccc                malloc_get_allocated
 .text.malloc_get_heap_size
                0x00003ce0       0x68 /home/rahulmahadev/devel/optee/optee_os/out/arm-plat-vexpress/export-ta_arm32/lib/libutils.a(bget_malloc.o)
                0x00003ce0                malloc_get_heap_size
 .text.raw_malloc_validate_pools
                0x00003d48       0x10 /home/rahulmahadev/devel/optee/optee_os/out/arm-plat-vexpress/export-ta_arm32/lib/libutils.a(bget_malloc.o)
 .text.bpool_foreach_iterator_init
                0x00003d58       0x30 /home/rahulmahadev/devel/optee/optee_os/out/arm-plat-vexpress/export-ta_arm32/lib/libutils.a(bget_malloc.o)
 .text.bpool_foreach_pool
                0x00003d88       0xf4 /home/rahulmahadev/devel/optee/optee_os/out/arm-plat-vexpress/export-ta_arm32/lib/libutils.a(bget_malloc.o)
 .text.bpool_foreach
                0x00003e7c       0x90 /home/rahulmahadev/devel/optee/optee_os/out/arm-plat-vexpress/export-ta_arm32/lib/libutils.a(bget_malloc.o)
 .text.raw_malloc
                0x00003f0c       0x68 /home/rahulmahadev/devel/optee/optee_os/out/arm-plat-vexpress/export-ta_arm32/lib/libutils.a(bget_malloc.o)
 .text.raw_free
                0x00003f74       0x30 /home/rahulmahadev/devel/optee/optee_os/out/arm-plat-vexpress/export-ta_arm32/lib/libutils.a(bget_malloc.o)
 .text.raw_calloc
                0x00003fa4       0x78 /home/rahulmahadev/devel/optee/optee_os/out/arm-plat-vexpress/export-ta_arm32/lib/libutils.a(bget_malloc.o)
 .text.raw_realloc
                0x0000401c       0x6c /home/rahulmahadev/devel/optee/optee_os/out/arm-plat-vexpress/export-ta_arm32/lib/libutils.a(bget_malloc.o)
 .text.create_free_block
                0x00004088      0x178 /home/rahulmahadev/devel/optee/optee_os/out/arm-plat-vexpress/export-ta_arm32/lib/libutils.a(bget_malloc.o)
 .text.brel_before
                0x00004200      0x130 /home/rahulmahadev/devel/optee/optee_os/out/arm-plat-vexpress/export-ta_arm32/lib/libutils.a(bget_malloc.o)
 .text.brel_after
                0x00004330      0x1f4 /home/rahulmahadev/devel/optee/optee_os/out/arm-plat-vexpress/export-ta_arm32/lib/libutils.a(bget_malloc.o)
 .text.raw_memalign
                0x00004524      0x184 /home/rahulmahadev/devel/optee/optee_os/out/arm-plat-vexpress/export-ta_arm32/lib/libutils.a(bget_malloc.o)
 .text.bget_buf_size
                0x000046a8       0x78 /home/rahulmahadev/devel/optee/optee_os/out/arm-plat-vexpress/export-ta_arm32/lib/libutils.a(bget_malloc.o)
 .text.malloc   0x00004720       0x40 /home/rahulmahadev/devel/optee/optee_os/out/arm-plat-vexpress/export-ta_arm32/lib/libutils.a(bget_malloc.o)
                0x00004720                malloc
 .text.free     0x00004760       0x34 /home/rahulmahadev/devel/optee/optee_os/out/arm-plat-vexpress/export-ta_arm32/lib/libutils.a(bget_malloc.o)
                0x00004760                free
 .text.calloc   0x00004794       0x50 /home/rahulmahadev/devel/optee/optee_os/out/arm-plat-vexpress/export-ta_arm32/lib/libutils.a(bget_malloc.o)
                0x00004794                calloc
 .text.realloc_unlocked
                0x000047e4       0x3c /home/rahulmahadev/devel/optee/optee_os/out/arm-plat-vexpress/export-ta_arm32/lib/libutils.a(bget_malloc.o)
 .text.realloc  0x00004820       0x3c /home/rahulmahadev/devel/optee/optee_os/out/arm-plat-vexpress/export-ta_arm32/lib/libutils.a(bget_malloc.o)
                0x00004820                realloc
 .text.memalign
                0x0000485c       0x50 /home/rahulmahadev/devel/optee/optee_os/out/arm-plat-vexpress/export-ta_arm32/lib/libutils.a(bget_malloc.o)
                0x0000485c                memalign
 .text.get_payload_start_size
                0x000048ac       0x2c /home/rahulmahadev/devel/optee/optee_os/out/arm-plat-vexpress/export-ta_arm32/lib/libutils.a(bget_malloc.o)
 .text.malloc_add_pool
                0x000048d8      0x160 /home/rahulmahadev/devel/optee/optee_os/out/arm-plat-vexpress/export-ta_arm32/lib/libutils.a(bget_malloc.o)
                0x000048d8                malloc_add_pool
 .text.malloc_buffer_is_within_alloced
                0x00004a38       0xbc /home/rahulmahadev/devel/optee/optee_os/out/arm-plat-vexpress/export-ta_arm32/lib/libutils.a(bget_malloc.o)
                0x00004a38                malloc_buffer_is_within_alloced
 .text.malloc_buffer_overlaps_heap
                0x00004af4       0xc8 /home/rahulmahadev/devel/optee/optee_os/out/arm-plat-vexpress/export-ta_arm32/lib/libutils.a(bget_malloc.o)
                0x00004af4                malloc_buffer_overlaps_heap
 .text.snprintf
                0x00004bbc       0x54 /home/rahulmahadev/devel/optee/optee_os/out/arm-plat-vexpress/export-ta_arm32/lib/libutils.a(snprintf.o)
                0x00004bbc                snprintf
 .text.vsnprintf
                0x00004c10       0x48 /home/rahulmahadev/devel/optee/optee_os/out/arm-plat-vexpress/export-ta_arm32/lib/libutils.a(snprintf.o)
                0x00004c10                vsnprintf
 .text.memcmp   0x00004c58       0xb8 /home/rahulmahadev/devel/optee/optee_os/out/arm-plat-vexpress/export-ta_arm32/lib/libutils.a(memcmp.o)
                0x00004c58                memcmp
 .text.memcpy   0x00004d10       0xf4 /home/rahulmahadev/devel/optee/optee_os/out/arm-plat-vexpress/export-ta_arm32/lib/libutils.a(memcpy.o)
                0x00004d10                memcpy
 .text.memmove  0x00004e04      0x140 /home/rahulmahadev/devel/optee/optee_os/out/arm-plat-vexpress/export-ta_arm32/lib/libutils.a(memmove.o)
                0x00004e04                memmove
 .text.memset   0x00004f44      0x11c /home/rahulmahadev/devel/optee/optee_os/out/arm-plat-vexpress/export-ta_arm32/lib/libutils.a(memset.o)
                0x00004f44                memset
 .text.strcmp   0x00005060       0xb0 /home/rahulmahadev/devel/optee/optee_os/out/arm-plat-vexpress/export-ta_arm32/lib/libutils.a(strcmp.o)
                0x00005060                strcmp
 .text.strlen   0x00005110       0x8c /home/rahulmahadev/devel/optee/optee_os/out/arm-plat-vexpress/export-ta_arm32/lib/libutils.a(strlen.o)
                0x00005110                strlen
 .text.snprintk
                0x0000519c       0x44 /home/rahulmahadev/devel/optee/optee_os/out/arm-plat-vexpress/export-ta_arm32/lib/libutils.a(snprintk.o)
                0x0000519c                snprintk
 .text.vsnprintk
                0x000051e0       0x40 /home/rahulmahadev/devel/optee/optee_os/out/arm-plat-vexpress/export-ta_arm32/lib/libutils.a(snprintk.o)
                0x000051e0                vsnprintk
 .text.__vsnprintf
                0x00005220       0x84 /home/rahulmahadev/devel/optee/optee_os/out/arm-plat-vexpress/export-ta_arm32/lib/libutils.a(snprintk.o)
                0x00005220                __vsnprintf
 .text.uuid2str
                0x000052a4       0xac /home/rahulmahadev/devel/optee/optee_os/out/arm-plat-vexpress/export-ta_arm32/lib/libutils.a(snprintk.o)
 .text.kprintf  0x00005350      0xdcc /home/rahulmahadev/devel/optee/optee_os/out/arm-plat-vexpress/export-ta_arm32/lib/libutils.a(snprintk.o)
 .text.strlcpy  0x0000611c       0x84 /home/rahulmahadev/devel/optee/optee_os/out/arm-plat-vexpress/export-ta_arm32/lib/libutils.a(strlcpy.o)
                0x0000611c                strlcpy
 .text.trace_set_level
                0x000061a0       0x48 /home/rahulmahadev/devel/optee/optee_os/out/arm-plat-vexpress/export-ta_arm32/lib/libutils.a(trace.o)
                0x000061a0                trace_set_level
 .text.trace_get_level
                0x000061e8       0x24 /home/rahulmahadev/devel/optee/optee_os/out/arm-plat-vexpress/export-ta_arm32/lib/libutils.a(trace.o)
                0x000061e8                trace_get_level
 .text.trace_level_to_string
                0x0000620c       0x58 /home/rahulmahadev/devel/optee/optee_os/out/arm-plat-vexpress/export-ta_arm32/lib/libutils.a(trace.o)
 .text.trace_printf
                0x00006264      0x1ec /home/rahulmahadev/devel/optee/optee_os/out/arm-plat-vexpress/export-ta_arm32/lib/libutils.a(trace.o)
                0x00006264                trace_printf
 .text.dhex_dump
                0x00006450       0x1c /home/rahulmahadev/devel/optee/optee_os/out/arm-plat-vexpress/export-ta_arm32/lib/libutils.a(trace.o)
                0x00006450                dhex_dump
 .text.memchr   0x0000646c      0x114 /home/rahulmahadev/devel/optee/optee_os/out/arm-plat-vexpress/export-ta_arm32/lib/libutils.a(memchr.o)
                0x0000646c                memchr
 .text          0x00006580       0x30 /home/rahulmahadev/devel/optee/optee_os/out/arm-plat-vexpress/export-ta_arm32/lib/libutils.a(arm32_aeabi_ldivmod_a32.o)
                0x00006580                __aeabi_ldivmod
                0x00006598                __aeabi_uldivmod
 .text.division_lqr
                0x000065b0       0xf0 /home/rahulmahadev/devel/optee/optee_os/out/arm-plat-vexpress/export-ta_arm32/lib/libutils.a(arm32_aeabi_ldivmod.o)
 .text.ul_div_qr
                0x000066a0       0x70 /home/rahulmahadev/devel/optee/optee_os/out/arm-plat-vexpress/export-ta_arm32/lib/libutils.a(arm32_aeabi_ldivmod.o)
 .text.__ul_divmod
                0x00006710       0xa0 /home/rahulmahadev/devel/optee/optee_os/out/arm-plat-vexpress/export-ta_arm32/lib/libutils.a(arm32_aeabi_ldivmod.o)
                0x00006710                __ul_divmod
 .text.__l_divmod
                0x000067b0      0x114 /home/rahulmahadev/devel/optee/optee_os/out/arm-plat-vexpress/export-ta_arm32/lib/libutils.a(arm32_aeabi_ldivmod.o)
                0x000067b0                __l_divmod
 .text.__mpa_set_unused_digits_to_zero
                0x000068c4       0x60 /home/rahulmahadev/devel/optee/optee_os/out/arm-plat-vexpress/export-ta_arm32/lib/libmpa.a(mpa_misc.o)
                0x000068c4                __mpa_set_unused_digits_to_zero
 .text.mpa_wipe
                0x00006924       0x4c /home/rahulmahadev/devel/optee/optee_os/out/arm-plat-vexpress/export-ta_arm32/lib/libmpa.a(mpa_misc.o)
                0x00006924                mpa_wipe
 .text.mpa_copy
                0x00006970       0x60 /home/rahulmahadev/devel/optee/optee_os/out/arm-plat-vexpress/export-ta_arm32/lib/libmpa.a(mpa_misc.o)
                0x00006970                mpa_copy
 .text.mpa_abs  0x000069d0       0x38 /home/rahulmahadev/devel/optee/optee_os/out/arm-plat-vexpress/export-ta_arm32/lib/libmpa.a(mpa_misc.o)
                0x000069d0                mpa_abs
 .text.mpa_highest_bit_index
                0x00006a08       0x80 /home/rahulmahadev/devel/optee/optee_os/out/arm-plat-vexpress/export-ta_arm32/lib/libmpa.a(mpa_misc.o)
                0x00006a08                mpa_highest_bit_index
 .text.mpa_get_bit
                0x00006a88       0x6c /home/rahulmahadev/devel/optee/optee_os/out/arm-plat-vexpress/export-ta_arm32/lib/libmpa.a(mpa_misc.o)
                0x00006a88                mpa_get_bit
 .text.mpa_can_hold
                0x00006af4       0x34 /home/rahulmahadev/devel/optee/optee_os/out/arm-plat-vexpress/export-ta_arm32/lib/libmpa.a(mpa_misc.o)
                0x00006af4                mpa_can_hold
 .text.mpa_parity
                0x00006b28       0x2c /home/rahulmahadev/devel/optee/optee_os/out/arm-plat-vexpress/export-ta_arm32/lib/libmpa.a(mpa_misc.o)
                0x00006b28                mpa_parity
 .text.mpa_constant_one
                0x00006b54       0x18 /home/rahulmahadev/devel/optee/optee_os/out/arm-plat-vexpress/export-ta_arm32/lib/libmpa.a(mpa_misc.o)
                0x00006b54                mpa_constant_one
 .text.__mpa_montgomery_mul_add
                0x00006b6c      0x134 /home/rahulmahadev/devel/optee/optee_os/out/arm-plat-vexpress/export-ta_arm32/lib/libmpa.a(mpa_montgomery.o)
                0x00006b6c                __mpa_montgomery_mul_add
 .text.__mpa_montgomery_sub_ack
                0x00006ca0      0x118 /home/rahulmahadev/devel/optee/optee_os/out/arm-plat-vexpress/export-ta_arm32/lib/libmpa.a(mpa_montgomery.o)
                0x00006ca0                __mpa_montgomery_sub_ack
 .text.__mpa_montgomery_mul
                0x00006db8      0x160 /home/rahulmahadev/devel/optee/optee_os/out/arm-plat-vexpress/export-ta_arm32/lib/libmpa.a(mpa_montgomery.o)
                0x00006db8                __mpa_montgomery_mul
 .text.mpa_compute_fmm_context
                0x00006f18      0x158 /home/rahulmahadev/devel/optee/optee_os/out/arm-plat-vexpress/export-ta_arm32/lib/libmpa.a(mpa_montgomery.o)
                0x00006f18                mpa_compute_fmm_context
 .text.mpa_montgomery_mul
                0x00007070       0x74 /home/rahulmahadev/devel/optee/optee_os/out/arm-plat-vexpress/export-ta_arm32/lib/libmpa.a(mpa_montgomery.o)
                0x00007070                mpa_montgomery_mul
 .text.mpa_is_prob_prime
                0x000070e4       0x68 /home/rahulmahadev/devel/optee/optee_os/out/arm-plat-vexpress/export-ta_arm32/lib/libmpa.a(mpa_primetest.o)
                0x000070e4                mpa_is_prob_prime
 .text.check_table
                0x0000714c       0x38 /home/rahulmahadev/devel/optee/optee_os/out/arm-plat-vexpress/export-ta_arm32/lib/libmpa.a(mpa_primetest.o)
 .text.is_small_prime
                0x00007184       0xc8 /home/rahulmahadev/devel/optee/optee_os/out/arm-plat-vexpress/export-ta_arm32/lib/libmpa.a(mpa_primetest.o)
 .text.has_small_factors
                0x0000724c       0x8c /home/rahulmahadev/devel/optee/optee_os/out/arm-plat-vexpress/export-ta_arm32/lib/libmpa.a(mpa_primetest.o)
 .text.primality_test_miller_rabin
                0x000072d8      0x338 /home/rahulmahadev/devel/optee/optee_os/out/arm-plat-vexpress/export-ta_arm32/lib/libmpa.a(mpa_primetest.o)
 .text.mpa_set_S32
                0x00007610       0x4c /home/rahulmahadev/devel/optee/optee_os/out/arm-plat-vexpress/export-ta_arm32/lib/libmpa.a(mpa_conv.o)
                0x00007610                mpa_set_S32
 .text.mpa_get_S32
                0x0000765c       0x98 /home/rahulmahadev/devel/optee/optee_os/out/arm-plat-vexpress/export-ta_arm32/lib/libmpa.a(mpa_conv.o)
                0x0000765c                mpa_get_S32
 .text.mpa_set_word
                0x000076f4       0x30 /home/rahulmahadev/devel/optee/optee_os/out/arm-plat-vexpress/export-ta_arm32/lib/libmpa.a(mpa_conv.o)
                0x000076f4                mpa_set_word
 .text.mpa_get_word
                0x00007724       0x34 /home/rahulmahadev/devel/optee/optee_os/out/arm-plat-vexpress/export-ta_arm32/lib/libmpa.a(mpa_conv.o)
                0x00007724                mpa_get_word
 .text.__mpa_soft_div
                0x00007758       0xd8 /home/rahulmahadev/devel/optee/optee_os/out/arm-plat-vexpress/export-ta_arm32/lib/libmpa.a(mpa_div.o)
 .text.__mpa_div_dword
                0x00007830       0x60 /home/rahulmahadev/devel/optee/optee_os/out/arm-plat-vexpress/export-ta_arm32/lib/libmpa.a(mpa_div.o)
                0x00007830                __mpa_div_dword
 .text.__mpa_div_q_r_internal
                0x00007890      0x6a0 /home/rahulmahadev/devel/optee/optee_os/out/arm-plat-vexpress/export-ta_arm32/lib/libmpa.a(mpa_div.o)
 .text.__mpa_div_q_r_internal_word
                0x00007f30      0x15c /home/rahulmahadev/devel/optee/optee_os/out/arm-plat-vexpress/export-ta_arm32/lib/libmpa.a(mpa_div.o)
                0x00007f30                __mpa_div_q_r_internal_word
 .text.__mpa_div_q_r
                0x0000808c      0x184 /home/rahulmahadev/devel/optee/optee_os/out/arm-plat-vexpress/export-ta_arm32/lib/libmpa.a(mpa_div.o)
                0x0000808c                __mpa_div_q_r
 .text.mpa_div  0x00008210      0x104 /home/rahulmahadev/devel/optee/optee_os/out/arm-plat-vexpress/export-ta_arm32/lib/libmpa.a(mpa_div.o)
                0x00008210                mpa_div
 .text.__mpa_divby2
                0x00008314       0xf4 /home/rahulmahadev/devel/optee/optee_os/out/arm-plat-vexpress/export-ta_arm32/lib/libmpa.a(mpa_gcd.o)
 .text.__mpa_egcd
                0x00008408      0x390 /home/rahulmahadev/devel/optee/optee_os/out/arm-plat-vexpress/export-ta_arm32/lib/libmpa.a(mpa_gcd.o)
 .text.__mpa_gcd
                0x00008798      0x1cc /home/rahulmahadev/devel/optee/optee_os/out/arm-plat-vexpress/export-ta_arm32/lib/libmpa.a(mpa_gcd.o)
 .text.mpa_gcd  0x00008964      0x118 /home/rahulmahadev/devel/optee/optee_os/out/arm-plat-vexpress/export-ta_arm32/lib/libmpa.a(mpa_gcd.o)
                0x00008964                mpa_gcd
 .text.mpa_extended_gcd
                0x00008a7c      0x21c /home/rahulmahadev/devel/optee/optee_os/out/arm-plat-vexpress/export-ta_arm32/lib/libmpa.a(mpa_gcd.o)
                0x00008a7c                mpa_extended_gcd
 .text.mpa_init_scratch_mem_sync
                0x00008c98       0x48 /home/rahulmahadev/devel/optee/optee_os/out/arm-plat-vexpress/export-ta_arm32/lib/libmpa.a(mpa_mem_static.o)
                0x00008c98                mpa_init_scratch_mem_sync
 .text.mpa_init_scratch_mem
                0x00008ce0       0x44 /home/rahulmahadev/devel/optee/optee_os/out/arm-plat-vexpress/export-ta_arm32/lib/libmpa.a(mpa_mem_static.o)
                0x00008ce0                mpa_init_scratch_mem
 .text.mpa_alloc_static_temp_var_size
                0x00008d24      0x14c /home/rahulmahadev/devel/optee/optee_os/out/arm-plat-vexpress/export-ta_arm32/lib/libmpa.a(mpa_mem_static.o)
                0x00008d24                mpa_alloc_static_temp_var_size
 .text.mpa_alloc_static_temp_var
                0x00008e70       0x2c /home/rahulmahadev/devel/optee/optee_os/out/arm-plat-vexpress/export-ta_arm32/lib/libmpa.a(mpa_mem_static.o)
                0x00008e70                mpa_alloc_static_temp_var
 .text.mpa_free_static_temp_var
                0x00008e9c       0x90 /home/rahulmahadev/devel/optee/optee_os/out/arm-plat-vexpress/export-ta_arm32/lib/libmpa.a(mpa_mem_static.o)
                0x00008e9c                mpa_free_static_temp_var
 .text.__mpa_mul_add_word
                0x00008f2c       0x78 /home/rahulmahadev/devel/optee/optee_os/out/arm-plat-vexpress/export-ta_arm32/lib/libmpa.a(mpa_mul.o)
                0x00008f2c                __mpa_mul_add_word
 .text.__mpa_mul_add_word_cum
                0x00008fa4       0x88 /home/rahulmahadev/devel/optee/optee_os/out/arm-plat-vexpress/export-ta_arm32/lib/libmpa.a(mpa_mul.o)
                0x00008fa4                __mpa_mul_add_word_cum
 .text.__mpa_abs_mul_word
                0x0000902c       0xcc /home/rahulmahadev/devel/optee/optee_os/out/arm-plat-vexpress/export-ta_arm32/lib/libmpa.a(mpa_mul.o)
                0x0000902c                __mpa_abs_mul_word
 .text.__mpa_abs_mul
                0x000090f8      0x12c /home/rahulmahadev/devel/optee/optee_os/out/arm-plat-vexpress/export-ta_arm32/lib/libmpa.a(mpa_mul.o)
                0x000090f8                __mpa_abs_mul
 .text.mpa_mul  0x00009224       0xf8 /home/rahulmahadev/devel/optee/optee_os/out/arm-plat-vexpress/export-ta_arm32/lib/libmpa.a(mpa_mul.o)
                0x00009224                mpa_mul
 .text.mpa_mul_word
                0x0000931c       0xdc /home/rahulmahadev/devel/optee/optee_os/out/arm-plat-vexpress/export-ta_arm32/lib/libmpa.a(mpa_mul.o)
                0x0000931c                mpa_mul_word
 .text.mpa_set_random_generator
                0x000093f8       0x24 /home/rahulmahadev/devel/optee/optee_os/out/arm-plat-vexpress/export-ta_arm32/lib/libmpa.a(mpa_random.o)
                0x000093f8                mpa_set_random_generator
 .text.get_random_byte
                0x0000941c       0x34 /home/rahulmahadev/devel/optee/optee_os/out/arm-plat-vexpress/export-ta_arm32/lib/libmpa.a(mpa_random.o)
 .text.mpa_get_random
                0x00009450      0x158 /home/rahulmahadev/devel/optee/optee_os/out/arm-plat-vexpress/export-ta_arm32/lib/libmpa.a(mpa_random.o)
                0x00009450                mpa_get_random
 .text.__mpa_shift_words_left
                0x000095a8       0xcc /home/rahulmahadev/devel/optee/optee_os/out/arm-plat-vexpress/export-ta_arm32/lib/libmpa.a(mpa_shift.o)
                0x000095a8                __mpa_shift_words_left
 .text.__mpa_shift_words_right
                0x00009674       0xc0 /home/rahulmahadev/devel/optee/optee_os/out/arm-plat-vexpress/export-ta_arm32/lib/libmpa.a(mpa_shift.o)
                0x00009674                __mpa_shift_words_right
 .text.mpa_shift_left
                0x00009734      0x248 /home/rahulmahadev/devel/optee/optee_os/out/arm-plat-vexpress/export-ta_arm32/lib/libmpa.a(mpa_shift.o)
                0x00009734                mpa_shift_left
 .text.mpa_shift_right
                0x0000997c      0x200 /home/rahulmahadev/devel/optee/optee_os/out/arm-plat-vexpress/export-ta_arm32/lib/libmpa.a(mpa_shift.o)
                0x0000997c                mpa_shift_right
 .text.__mpa_full_adder
                0x00009b7c       0x64 /home/rahulmahadev/devel/optee/optee_os/out/arm-plat-vexpress/export-ta_arm32/lib/libmpa.a(mpa_addsub.o)
                0x00009b7c                __mpa_full_adder
 .text.__mpa_full_sub
                0x00009be0       0x68 /home/rahulmahadev/devel/optee/optee_os/out/arm-plat-vexpress/export-ta_arm32/lib/libmpa.a(mpa_addsub.o)
                0x00009be0                __mpa_full_sub
 .text.__mpa_full_adder_ackum
                0x00009c48       0x64 /home/rahulmahadev/devel/optee/optee_os/out/arm-plat-vexpress/export-ta_arm32/lib/libmpa.a(mpa_addsub.o)
                0x00009c48                __mpa_full_adder_ackum
 .text.__mpa_abs_add
                0x00009cac      0x138 /home/rahulmahadev/devel/optee/optee_os/out/arm-plat-vexpress/export-ta_arm32/lib/libmpa.a(mpa_addsub.o)
                0x00009cac                __mpa_abs_add
 .text.__mpa_abs_add_ackum
                0x00009de4      0x10c /home/rahulmahadev/devel/optee/optee_os/out/arm-plat-vexpress/export-ta_arm32/lib/libmpa.a(mpa_addsub.o)
                0x00009de4                __mpa_abs_add_ackum
 .text.__mpa_abs_sub
                0x00009ef0      0x110 /home/rahulmahadev/devel/optee/optee_os/out/arm-plat-vexpress/export-ta_arm32/lib/libmpa.a(mpa_addsub.o)
                0x00009ef0                __mpa_abs_sub
 .text.mpa_add  0x0000a000      0x224 /home/rahulmahadev/devel/optee/optee_os/out/arm-plat-vexpress/export-ta_arm32/lib/libmpa.a(mpa_addsub.o)
                0x0000a000                mpa_add
 .text.mpa_sub  0x0000a224      0x250 /home/rahulmahadev/devel/optee/optee_os/out/arm-plat-vexpress/export-ta_arm32/lib/libmpa.a(mpa_addsub.o)
                0x0000a224                mpa_sub
 .text.mpa_neg  0x0000a474       0x38 /home/rahulmahadev/devel/optee/optee_os/out/arm-plat-vexpress/export-ta_arm32/lib/libmpa.a(mpa_addsub.o)
                0x0000a474                mpa_neg
 .text.mpa_add_word
                0x0000a4ac      0x170 /home/rahulmahadev/devel/optee/optee_os/out/arm-plat-vexpress/export-ta_arm32/lib/libmpa.a(mpa_addsub.o)
                0x0000a4ac                mpa_add_word
 .text.mpa_sub_word
                0x0000a61c      0x174 /home/rahulmahadev/devel/optee/optee_os/out/arm-plat-vexpress/export-ta_arm32/lib/libmpa.a(mpa_addsub.o)
                0x0000a61c                mpa_sub_word
 .text.__mpa_abs_cmp
                0x0000a790      0x100 /home/rahulmahadev/devel/optee/optee_os/out/arm-plat-vexpress/export-ta_arm32/lib/libmpa.a(mpa_cmp.o)
                0x0000a790                __mpa_abs_cmp
 .text.__mpa_abs_greater_than
                0x0000a890       0x30 /home/rahulmahadev/devel/optee/optee_os/out/arm-plat-vexpress/export-ta_arm32/lib/libmpa.a(mpa_cmp.o)
                0x0000a890                __mpa_abs_greater_than
 .text.__mpa_abs_less_than
                0x0000a8c0       0x2c /home/rahulmahadev/devel/optee/optee_os/out/arm-plat-vexpress/export-ta_arm32/lib/libmpa.a(mpa_cmp.o)
                0x0000a8c0                __mpa_abs_less_than
 .text.mpa_cmp  0x0000a8ec       0x90 /home/rahulmahadev/devel/optee/optee_os/out/arm-plat-vexpress/export-ta_arm32/lib/libmpa.a(mpa_cmp.o)
                0x0000a8ec                mpa_cmp
 .text.mpa_cmp_short
                0x0000a97c       0xac /home/rahulmahadev/devel/optee/optee_os/out/arm-plat-vexpress/export-ta_arm32/lib/libmpa.a(mpa_cmp.o)
                0x0000a97c                mpa_cmp_short
 .text.mpa_exp_mod
                0x0000aa28      0x16c /home/rahulmahadev/devel/optee/optee_os/out/arm-plat-vexpress/export-ta_arm32/lib/libmpa.a(mpa_expmod.o)
                0x0000aa28                mpa_exp_mod
 .text.mpa_init_static
                0x0000ab94       0x4c /home/rahulmahadev/devel/optee/optee_os/out/arm-plat-vexpress/export-ta_arm32/lib/libmpa.a(mpa_init.o)
                0x0000ab94                mpa_init_static
 .text.mpa_init_static_fmm_context
                0x0000abe0       0xb8 /home/rahulmahadev/devel/optee/optee_os/out/arm-plat-vexpress/export-ta_arm32/lib/libmpa.a(mpa_init.o)
                0x0000abe0                mpa_init_static_fmm_context
 .text.__mpa_isspace
                0x0000ac98       0x44 /home/rahulmahadev/devel/optee/optee_os/out/arm-plat-vexpress/export-ta_arm32/lib/libmpa.a(mpa_io.o)
 .text.__mpa_is_char_in_base
                0x0000acdc       0x8c /home/rahulmahadev/devel/optee/optee_os/out/arm-plat-vexpress/export-ta_arm32/lib/libmpa.a(mpa_io.o)
 .text.__mpa_digit_value
                0x0000ad68       0x58 /home/rahulmahadev/devel/optee/optee_os/out/arm-plat-vexpress/export-ta_arm32/lib/libmpa.a(mpa_io.o)
 .text.__mpa_digitstr_to_binary_wsize_base_16
                0x0000adc0       0x24 /home/rahulmahadev/devel/optee/optee_os/out/arm-plat-vexpress/export-ta_arm32/lib/libmpa.a(mpa_io.o)
 .text.__mpa_nibble_to_char
                0x0000ade4       0x50 /home/rahulmahadev/devel/optee/optee_os/out/arm-plat-vexpress/export-ta_arm32/lib/libmpa.a(mpa_io.o)
 .text.__mpa_word_to_hexstr
                0x0000ae34       0x6c /home/rahulmahadev/devel/optee/optee_os/out/arm-plat-vexpress/export-ta_arm32/lib/libmpa.a(mpa_io.o)
 .text.__mpa_mpanum_to_hexstr
                0x0000aea0      0x134 /home/rahulmahadev/devel/optee/optee_os/out/arm-plat-vexpress/export-ta_arm32/lib/libmpa.a(mpa_io.o)
 .text.__mpa_count_leading_zero_bits
                0x0000afd4       0x50 /home/rahulmahadev/devel/optee/optee_os/out/arm-plat-vexpress/export-ta_arm32/lib/libmpa.a(mpa_io.o)
 .text.__mpa_size_in_base_255
                0x0000b024       0x6c /home/rahulmahadev/devel/optee/optee_os/out/arm-plat-vexpress/export-ta_arm32/lib/libmpa.a(mpa_io.o)
 .text.mpa_get_str_size
                0x0000b090       0x14 /home/rahulmahadev/devel/optee/optee_os/out/arm-plat-vexpress/export-ta_arm32/lib/libmpa.a(mpa_io.o)
                0x0000b090                mpa_get_str_size
 .text.mpa_set_str
                0x0000b0a4      0x348 /home/rahulmahadev/devel/optee/optee_os/out/arm-plat-vexpress/export-ta_arm32/lib/libmpa.a(mpa_io.o)
                0x0000b0a4                mpa_set_str
 .text.mpa_get_str
                0x0000b3ec       0xb8 /home/rahulmahadev/devel/optee/optee_os/out/arm-plat-vexpress/export-ta_arm32/lib/libmpa.a(mpa_io.o)
                0x0000b3ec                mpa_get_str
 .text.set_word
                0x0000b4a4       0x68 /home/rahulmahadev/devel/optee/optee_os/out/arm-plat-vexpress/export-ta_arm32/lib/libmpa.a(mpa_io.o)
 .text.mpa_set_oct_str
                0x0000b50c      0x100 /home/rahulmahadev/devel/optee/optee_os/out/arm-plat-vexpress/export-ta_arm32/lib/libmpa.a(mpa_io.o)
                0x0000b50c                mpa_set_oct_str
 .text.get_word
                0x0000b60c       0x44 /home/rahulmahadev/devel/optee/optee_os/out/arm-plat-vexpress/export-ta_arm32/lib/libmpa.a(mpa_io.o)
 .text.mpa_get_oct_str
                0x0000b650      0x148 /home/rahulmahadev/devel/optee/optee_os/out/arm-plat-vexpress/export-ta_arm32/lib/libmpa.a(mpa_io.o)
                0x0000b650                mpa_get_oct_str
 .text.mpa_mod  0x0000b798       0x44 /home/rahulmahadev/devel/optee/optee_os/out/arm-plat-vexpress/export-ta_arm32/lib/libmpa.a(mpa_modulus.o)
                0x0000b798                mpa_mod
 .text.mpa_add_mod
                0x0000b7dc       0x78 /home/rahulmahadev/devel/optee/optee_os/out/arm-plat-vexpress/export-ta_arm32/lib/libmpa.a(mpa_modulus.o)
                0x0000b7dc                mpa_add_mod
 .text.mpa_sub_mod
                0x0000b854       0x78 /home/rahulmahadev/devel/optee/optee_os/out/arm-plat-vexpress/export-ta_arm32/lib/libmpa.a(mpa_modulus.o)
                0x0000b854                mpa_sub_mod
 .text.mpa_mul_mod
                0x0000b8cc       0x78 /home/rahulmahadev/devel/optee/optee_os/out/arm-plat-vexpress/export-ta_arm32/lib/libmpa.a(mpa_modulus.o)
                0x0000b8cc                mpa_mul_mod
 .text.mpa_inv_mod
                0x0000b944      0x12c /home/rahulmahadev/devel/optee/optee_os/out/arm-plat-vexpress/export-ta_arm32/lib/libmpa.a(mpa_modulus.o)
                0x0000b944                mpa_inv_mod
 .text          0x0000ba70        0x0 /home/rahulmahadev/devel/optee/neo/ta/out/ta.o
 .text          0x0000ba70        0x0 /home/rahulmahadev/devel/optee/neo/ta/out/user_ta_header.o
 .text          0x0000ba70        0x0 /home/rahulmahadev/devel/optee/optee_os/out/arm-plat-vexpress/export-ta_arm32/lib/libutee.a(user_ta_entry.o)
 .text          0x0000ba70        0x0 /home/rahulmahadev/devel/optee/optee_os/out/arm-plat-vexpress/export-ta_arm32/lib/libutee.a(tee_api_arith.o)
 .text          0x0000ba70        0x0 /home/rahulmahadev/devel/optee/optee_os/out/arm-plat-vexpress/export-ta_arm32/lib/libutee.a(tee_api.o)
 .text          0x0000ba70        0x0 /home/rahulmahadev/devel/optee/optee_os/out/arm-plat-vexpress/export-ta_arm32/lib/libutee.a(tee_api_panic.o)
 .text          0x0000ba70        0x0 /home/rahulmahadev/devel/optee/optee_os/out/arm-plat-vexpress/export-ta_arm32/lib/libutee.a(utee_misc.o)
 .text          0x0000ba70        0x0 /home/rahulmahadev/devel/optee/optee_os/out/arm-plat-vexpress/export-ta_arm32/lib/libutee.a(tee_user_mem.o)
 .text          0x0000ba70        0x0 /home/rahulmahadev/devel/optee/optee_os/out/arm-plat-vexpress/export-ta_arm32/lib/libutee.a(trace_ext.o)
 .text          0x0000ba70        0x0 /home/rahulmahadev/devel/optee/optee_os/out/arm-plat-vexpress/export-ta_arm32/lib/libutee.a(assert.o)
 .text          0x0000ba70        0x0 /home/rahulmahadev/devel/optee/optee_os/out/arm-plat-vexpress/export-ta_arm32/lib/libutils.a(bget_malloc.o)
 .text          0x0000ba70        0x0 /home/rahulmahadev/devel/optee/optee_os/out/arm-plat-vexpress/export-ta_arm32/lib/libutils.a(snprintf.o)
 .text          0x0000ba70        0x0 /home/rahulmahadev/devel/optee/optee_os/out/arm-plat-vexpress/export-ta_arm32/lib/libutils.a(memcmp.o)
 .text          0x0000ba70        0x0 /home/rahulmahadev/devel/optee/optee_os/out/arm-plat-vexpress/export-ta_arm32/lib/libutils.a(memcpy.o)
 .text          0x0000ba70        0x0 /home/rahulmahadev/devel/optee/optee_os/out/arm-plat-vexpress/export-ta_arm32/lib/libutils.a(memmove.o)
 .text          0x0000ba70        0x0 /home/rahulmahadev/devel/optee/optee_os/out/arm-plat-vexpress/export-ta_arm32/lib/libutils.a(memset.o)
 .text          0x0000ba70        0x0 /home/rahulmahadev/devel/optee/optee_os/out/arm-plat-vexpress/export-ta_arm32/lib/libutils.a(strcmp.o)
 .text          0x0000ba70        0x0 /home/rahulmahadev/devel/optee/optee_os/out/arm-plat-vexpress/export-ta_arm32/lib/libutils.a(strlen.o)
 .text          0x0000ba70        0x0 /home/rahulmahadev/devel/optee/optee_os/out/arm-plat-vexpress/export-ta_arm32/lib/libutils.a(snprintk.o)
 .text          0x0000ba70        0x0 /home/rahulmahadev/devel/optee/optee_os/out/arm-plat-vexpress/export-ta_arm32/lib/libutils.a(strlcpy.o)
 .text          0x0000ba70        0x0 /home/rahulmahadev/devel/optee/optee_os/out/arm-plat-vexpress/export-ta_arm32/lib/libutils.a(trace.o)
 .text          0x0000ba70        0x0 /home/rahulmahadev/devel/optee/optee_os/out/arm-plat-vexpress/export-ta_arm32/lib/libutils.a(memchr.o)
 .text          0x0000ba70        0x0 /home/rahulmahadev/devel/optee/optee_os/out/arm-plat-vexpress/export-ta_arm32/lib/libutils.a(arm32_aeabi_ldivmod.o)
 .text          0x0000ba70        0x0 /home/rahulmahadev/devel/optee/optee_os/out/arm-plat-vexpress/export-ta_arm32/lib/libmpa.a(mpa_misc.o)
 .text          0x0000ba70        0x0 /home/rahulmahadev/devel/optee/optee_os/out/arm-plat-vexpress/export-ta_arm32/lib/libmpa.a(mpa_montgomery.o)
 .text          0x0000ba70        0x0 /home/rahulmahadev/devel/optee/optee_os/out/arm-plat-vexpress/export-ta_arm32/lib/libmpa.a(mpa_primetest.o)
 .text          0x0000ba70        0x0 /home/rahulmahadev/devel/optee/optee_os/out/arm-plat-vexpress/export-ta_arm32/lib/libmpa.a(mpa_conv.o)
 .text          0x0000ba70        0x0 /home/rahulmahadev/devel/optee/optee_os/out/arm-plat-vexpress/export-ta_arm32/lib/libmpa.a(mpa_div.o)
 .text          0x0000ba70        0x0 /home/rahulmahadev/devel/optee/optee_os/out/arm-plat-vexpress/export-ta_arm32/lib/libmpa.a(mpa_gcd.o)
 .text          0x0000ba70        0x0 /home/rahulmahadev/devel/optee/optee_os/out/arm-plat-vexpress/export-ta_arm32/lib/libmpa.a(mpa_mem_static.o)
 .text          0x0000ba70        0x0 /home/rahulmahadev/devel/optee/optee_os/out/arm-plat-vexpress/export-ta_arm32/lib/libmpa.a(mpa_mul.o)
 .text          0x0000ba70        0x0 /home/rahulmahadev/devel/optee/optee_os/out/arm-plat-vexpress/export-ta_arm32/lib/libmpa.a(mpa_random.o)
 .text          0x0000ba70        0x0 /home/rahulmahadev/devel/optee/optee_os/out/arm-plat-vexpress/export-ta_arm32/lib/libmpa.a(mpa_shift.o)
 .text          0x0000ba70        0x0 /home/rahulmahadev/devel/optee/optee_os/out/arm-plat-vexpress/export-ta_arm32/lib/libmpa.a(mpa_addsub.o)
 .text          0x0000ba70        0x0 /home/rahulmahadev/devel/optee/optee_os/out/arm-plat-vexpress/export-ta_arm32/lib/libmpa.a(mpa_cmp.o)
 .text          0x0000ba70        0x0 /home/rahulmahadev/devel/optee/optee_os/out/arm-plat-vexpress/export-ta_arm32/lib/libmpa.a(mpa_expmod.o)
 .text          0x0000ba70        0x0 /home/rahulmahadev/devel/optee/optee_os/out/arm-plat-vexpress/export-ta_arm32/lib/libmpa.a(mpa_init.o)
 .text          0x0000ba70        0x0 /home/rahulmahadev/devel/optee/optee_os/out/arm-plat-vexpress/export-ta_arm32/lib/libmpa.a(mpa_io.o)
 .text          0x0000ba70        0x0 /home/rahulmahadev/devel/optee/optee_os/out/arm-plat-vexpress/export-ta_arm32/lib/libmpa.a(mpa_modulus.o)
 *(SORT(.stub))
 *(SORT(.glue_7))
 .glue_7        0x00000000        0x0 linker stubs
 *(SORT(.glue_7t))
 .glue_7t       0x00000000        0x0 linker stubs
 *(SORT(.gnu.linkonce.t.*))
 *(SORT(.vfp11_veneer))
 .vfp11_veneer  0x00000000        0x0 linker stubs

.v4_bx          0x0000ba70        0x0
 .v4_bx         0x00000000        0x0 linker stubs

.iplt           0x0000ba70        0x0
 .iplt          0x00000000        0x0 /home/rahulmahadev/devel/optee/neo/ta/out/ta.o

.eh_frame
 *(SORT(.eh_frame))

.rodata         0x0000ba70     0x177b
 *(SORT(.gnu.linkonce.r.*))
 *(SORT(.rodata) SORT(.rodata.*))
 .rodata.ta.c   0x0000ba70       0x80 /home/rahulmahadev/devel/optee/neo/ta/out/ta.o
 .rodata.__func__.4912
                0x0000baf0       0x10 /home/rahulmahadev/devel/optee/neo/ta/out/ta.o
 .rodata.trace_ext_prefix
                0x0000bb00        0x8 /home/rahulmahadev/devel/optee/neo/ta/out/user_ta_header.o
                0x0000bb00                trace_ext_prefix
 .rodata.ta_heap_size
                0x0000bb08        0x4 /home/rahulmahadev/devel/optee/neo/ta/out/user_ta_header.o
                0x0000bb08                ta_heap_size
 .rodata.__compound_literal.3
                0x0000bb0c        0x4 /home/rahulmahadev/devel/optee/neo/ta/out/user_ta_header.o
 .rodata.__compound_literal.4
                0x0000bb10        0x4 /home/rahulmahadev/devel/optee/neo/ta/out/user_ta_header.o
 .rodata.__compound_literal.5
                0x0000bb14        0x4 /home/rahulmahadev/devel/optee/neo/ta/out/user_ta_header.o
 .rodata.user_ta_header.c
                0x0000bb18       0xc0 /home/rahulmahadev/devel/optee/neo/ta/out/user_ta_header.o
 .rodata.ta_num_props
                0x0000bbd8        0x4 /home/rahulmahadev/devel/optee/neo/ta/out/user_ta_header.o
                0x0000bbd8                ta_num_props
 .rodata.lib/libutee/arch/arm/user_ta_entry.c
                0x0000bbdc        0xc /home/rahulmahadev/devel/optee/optee_os/out/arm-plat-vexpress/export-ta_arm32/lib/libutee.a(user_ta_entry.o)
 .rodata.__func__.5398
                0x0000bbe8       0x10 /home/rahulmahadev/devel/optee/optee_os/out/arm-plat-vexpress/export-ta_arm32/lib/libutee.a(user_ta_entry.o)
 .rodata.lib/libutee/tee_api_arith.c
                0x0000bbf8       0x6c /home/rahulmahadev/devel/optee/optee_os/out/arm-plat-vexpress/export-ta_arm32/lib/libutee.a(tee_api_arith.o)
 .rodata.__func__.5134
                0x0000bc64       0x14 /home/rahulmahadev/devel/optee/optee_os/out/arm-plat-vexpress/export-ta_arm32/lib/libutee.a(tee_api_arith.o)
 .rodata.__func__.5170
                0x0000bc78       0x24 /home/rahulmahadev/devel/optee/optee_os/out/arm-plat-vexpress/export-ta_arm32/lib/libutee.a(tee_api_arith.o)
 .rodata.__func__.5179
                0x0000bc9c       0x20 /home/rahulmahadev/devel/optee/optee_os/out/arm-plat-vexpress/export-ta_arm32/lib/libutee.a(tee_api_arith.o)
 .rodata.__func__.5191
                0x0000bcbc       0x18 /home/rahulmahadev/devel/optee/optee_os/out/arm-plat-vexpress/export-ta_arm32/lib/libutee.a(tee_api_arith.o)
 .rodata.DEFAULT_TEE_MALLOC_HINT
                0x0000bcd4        0x4 /home/rahulmahadev/devel/optee/optee_os/out/arm-plat-vexpress/export-ta_arm32/lib/libutee.a(tee_api.o)
 .rodata.lib/libutee/tee_api.c
                0x0000bcd8        0xc /home/rahulmahadev/devel/optee/optee_os/out/arm-plat-vexpress/export-ta_arm32/lib/libutee.a(tee_api.o)
 .rodata.__func__.5364
                0x0000bce4       0x14 /home/rahulmahadev/devel/optee/optee_os/out/arm-plat-vexpress/export-ta_arm32/lib/libutee.a(tee_api.o)
 .rodata.__func__.5376
                0x0000bcf8       0x14 /home/rahulmahadev/devel/optee/optee_os/out/arm-plat-vexpress/export-ta_arm32/lib/libutee.a(tee_api.o)
 .rodata.__func__.5387
                0x0000bd0c       0x18 /home/rahulmahadev/devel/optee/optee_os/out/arm-plat-vexpress/export-ta_arm32/lib/libutee.a(tee_api.o)
 .rodata.__func__.5393
                0x0000bd24       0x18 /home/rahulmahadev/devel/optee/optee_os/out/arm-plat-vexpress/export-ta_arm32/lib/libutee.a(tee_api.o)
 .rodata.__func__.5426
                0x0000bd3c       0x14 /home/rahulmahadev/devel/optee/optee_os/out/arm-plat-vexpress/export-ta_arm32/lib/libutee.a(tee_api.o)
 .rodata.__func__.5431
                0x0000bd50        0xc /home/rahulmahadev/devel/optee/optee_os/out/arm-plat-vexpress/export-ta_arm32/lib/libutee.a(tee_api.o)
 .rodata.__func__.5436
                0x0000bd5c       0x18 /home/rahulmahadev/devel/optee/optee_os/out/arm-plat-vexpress/export-ta_arm32/lib/libutee.a(tee_api.o)
 .rodata.__func__.5441
                0x0000bd74       0x18 /home/rahulmahadev/devel/optee/optee_os/out/arm-plat-vexpress/export-ta_arm32/lib/libutee.a(tee_api.o)
 .rodata.__func__.5446
                0x0000bd8c       0x10 /home/rahulmahadev/devel/optee/optee_os/out/arm-plat-vexpress/export-ta_arm32/lib/libutee.a(tee_api.o)
 .rodata.DEFAULT_TEE_MALLOC_HINT
                0x0000bd9c        0x4 /home/rahulmahadev/devel/optee/optee_os/out/arm-plat-vexpress/export-ta_arm32/lib/libutee.a(tee_user_mem.o)
 .rodata.CANARY_LINE_SIZE
                0x0000bda0        0x4 /home/rahulmahadev/devel/optee/optee_os/out/arm-plat-vexpress/export-ta_arm32/lib/libutee.a(tee_user_mem.o)
 .rodata.lib/libutee/tee_user_mem.c
                0x0000bda4       0xf8 /home/rahulmahadev/devel/optee/optee_os/out/arm-plat-vexpress/export-ta_arm32/lib/libutee.a(tee_user_mem.o)
 .rodata.__func__.4949
                0x0000be9c       0x10 /home/rahulmahadev/devel/optee/optee_os/out/arm-plat-vexpress/export-ta_arm32/lib/libutee.a(tee_user_mem.o)
 .rodata.__func__.4954
                0x0000beac        0xc /home/rahulmahadev/devel/optee/optee_os/out/arm-plat-vexpress/export-ta_arm32/lib/libutee.a(tee_user_mem.o)
 .rodata.__func__.4973
                0x0000beb8       0x14 /home/rahulmahadev/devel/optee/optee_os/out/arm-plat-vexpress/export-ta_arm32/lib/libutee.a(tee_user_mem.o)
 .rodata.__func__.4990
                0x0000becc       0x14 /home/rahulmahadev/devel/optee/optee_os/out/arm-plat-vexpress/export-ta_arm32/lib/libutee.a(tee_user_mem.o)
 .rodata.__func__.4998
                0x0000bee0       0x18 /home/rahulmahadev/devel/optee/optee_os/out/arm-plat-vexpress/export-ta_arm32/lib/libutee.a(tee_user_mem.o)
 .rodata.__func__.5003
                0x0000bef8       0x14 /home/rahulmahadev/devel/optee/optee_os/out/arm-plat-vexpress/export-ta_arm32/lib/libutee.a(tee_user_mem.o)
 .rodata.lib/libutee/trace_ext.c
                0x0000bf0c        0x8 /home/rahulmahadev/devel/optee/optee_os/out/arm-plat-vexpress/export-ta_arm32/lib/libutee.a(trace_ext.o)
 .rodata.prefix.4700
                0x0000bf14        0xc /home/rahulmahadev/devel/optee/optee_os/out/arm-plat-vexpress/export-ta_arm32/lib/libutee.a(trace_ext.o)
 .rodata.failed.4701
                0x0000bf20       0x14 /home/rahulmahadev/devel/optee/optee_os/out/arm-plat-vexpress/export-ta_arm32/lib/libutee.a(trace_ext.o)
 .rodata.trunc.4702
                0x0000bf34        0x8 /home/rahulmahadev/devel/optee/optee_os/out/arm-plat-vexpress/export-ta_arm32/lib/libutee.a(trace_ext.o)
 .rodata.lib/libutee/assert.c
                0x0000bf3c       0x20 /home/rahulmahadev/devel/optee/optee_os/out/arm-plat-vexpress/export-ta_arm32/lib/libutee.a(assert.o)
 .rodata.__func__.5167
                0x0000bf5c        0xc /home/rahulmahadev/devel/optee/optee_os/out/arm-plat-vexpress/export-ta_arm32/lib/libutee.a(assert.o)
 .rodata.lib/libutils/isoc/bget_malloc.c
                0x0000bf68      0x3e4 /home/rahulmahadev/devel/optee/optee_os/out/arm-plat-vexpress/export-ta_arm32/lib/libutils.a(bget_malloc.o)
 .rodata.hexdigits
                0x0000c34c       0x14 /home/rahulmahadev/devel/optee/optee_os/out/arm-plat-vexpress/export-ta_arm32/lib/libutils.a(snprintk.o)
 .rodata.HEXDIGITS
                0x0000c360       0x14 /home/rahulmahadev/devel/optee/optee_os/out/arm-plat-vexpress/export-ta_arm32/lib/libutils.a(snprintk.o)
 .rodata.lib/libutils/ext/snprintk.c
                0x0000c374       0x54 /home/rahulmahadev/devel/optee/optee_os/out/arm-plat-vexpress/export-ta_arm32/lib/libutils.a(snprintk.o)
 .rodata.lib/libutils/ext/trace.c
                0x0000c3c8       0x2c /home/rahulmahadev/devel/optee/optee_os/out/arm-plat-vexpress/export-ta_arm32/lib/libutils.a(trace.o)
 .rodata.lvl_strs.4251
                0x0000c3f4       0x14 /home/rahulmahadev/devel/optee/optee_os/out/arm-plat-vexpress/export-ta_arm32/lib/libutils.a(trace.o)
 .rodata.const_largest_deci_base
                0x0000c408        0xc /home/rahulmahadev/devel/optee/optee_os/out/arm-plat-vexpress/export-ta_arm32/lib/libmpa.a(mpa_misc.o)
                0x0000c408                const_largest_deci_base
 .rodata.Const_1_LShift_Base
                0x0000c414       0x10 /home/rahulmahadev/devel/optee/optee_os/out/arm-plat-vexpress/export-ta_arm32/lib/libmpa.a(mpa_misc.o)
                0x0000c414                Const_1_LShift_Base
 .rodata.const_one
                0x0000c424        0xc /home/rahulmahadev/devel/optee/optee_os/out/arm-plat-vexpress/export-ta_arm32/lib/libmpa.a(mpa_misc.o)
                0x0000c424                const_one
 .rodata.MAX_TABULATED_PRIME
                0x0000c430        0x4 /home/rahulmahadev/devel/optee/optee_os/out/arm-plat-vexpress/export-ta_arm32/lib/libmpa.a(mpa_primetest.o)
                0x0000c430                MAX_TABULATED_PRIME
 .rodata.NR_STORED_PRIMES
                0x0000c434        0x4 /home/rahulmahadev/devel/optee/optee_os/out/arm-plat-vexpress/export-ta_arm32/lib/libmpa.a(mpa_primetest.o)
                0x0000c434                NR_STORED_PRIMES
 .rodata.PRIME_TABLE
                0x0000c438      0xc38 /home/rahulmahadev/devel/optee/optee_os/out/arm-plat-vexpress/export-ta_arm32/lib/libmpa.a(mpa_primetest.o)
                0x0000c438                PRIME_TABLE
 .rodata.const_small_prime_factors
                0x0000d070       0xb8 /home/rahulmahadev/devel/optee/optee_os/out/arm-plat-vexpress/export-ta_arm32/lib/libmpa.a(mpa_primetest.o)
 .rodata.const_miller_rabin_proof_limit
                0x0000d128       0x10 /home/rahulmahadev/devel/optee/optee_os/out/arm-plat-vexpress/export-ta_arm32/lib/libmpa.a(mpa_primetest.o)
 .rodata.const_two
                0x0000d138        0xc /home/rahulmahadev/devel/optee/optee_os/out/arm-plat-vexpress/export-ta_arm32/lib/libmpa.a(mpa_primetest.o)
 .rodata.proof_a.4620
                0x0000d144       0x1c /home/rahulmahadev/devel/optee/optee_os/out/arm-plat-vexpress/export-ta_arm32/lib/libmpa.a(mpa_primetest.o)
 .rodata.lib/libmpa/mpa_io.c
                0x0000d160       0x88 /home/rahulmahadev/devel/optee/optee_os/out/arm-plat-vexpress/export-ta_arm32/lib/libmpa.a(mpa_io.o)
 .rodata.__compound_literal.0
                0x0000d1e8        0x1 /home/rahulmahadev/devel/optee/neo/ta/out/user_ta_header.o
 .rodata.__compound_literal.1
                0x0000d1e9        0x1 /home/rahulmahadev/devel/optee/neo/ta/out/user_ta_header.o
 .rodata.__compound_literal.2
                0x0000d1ea        0x1 /home/rahulmahadev/devel/optee/neo/ta/out/user_ta_header.o

.gnu.version_d  0x0000d1ec        0x0
 .gnu.version_d
                0x00000000        0x0 /home/rahulmahadev/devel/optee/neo/ta/out/ta.o

.gnu.version    0x0000d1ec        0x0
 .gnu.version   0x00000000        0x0 /home/rahulmahadev/devel/optee/neo/ta/out/ta.o

.gnu.version_r  0x0000d1ec        0x0
 .gnu.version_r
                0x00000000        0x0 /home/rahulmahadev/devel/optee/neo/ta/out/ta.o

.ARM.exidx
 *(SORT(.ARM.exidx*) SORT(.gnu.linkonce.armexidx.*))

.ctors
 *(SORT(.ctors))

.dtors
 *(SORT(.dtors))

.plt            0x0000d1ec        0x0
 *(SORT(.plt))
 .plt           0x00000000        0x0 /home/rahulmahadev/devel/optee/neo/ta/out/ta.o

.got            0x0000d1ec      0x1d8
 *(SORT(.got.plt))
 .got.plt       0x0000d1ec        0xc /home/rahulmahadev/devel/optee/neo/ta/out/ta.o
                0x0000d1ec                _GLOBAL_OFFSET_TABLE_
 *(SORT(.got))
 .got           0x0000d1f8      0x1cc /home/rahulmahadev/devel/optee/neo/ta/out/ta.o

.rel.text
 *(SORT(.rel.text))
 *(SORT(.rel.gnu.linkonce.t*))

.rela.text
 *(SORT(.rela.text))
 *(SORT(.rela.gnu.linkonce.t*))

.rel.data
 *(SORT(.rel.data))
 *(SORT(.rel.gnu.linkonce.d*))

.rela.data
 *(SORT(.rela.data))
 *(SORT(.rela.gnu.linkonce.d*))

.rel.rodata
 *(SORT(.rel.rodata))
 *(SORT(.rel.gnu.linkonce.r*))

.rela.rodata
 *(SORT(.rela.rodata))
 *(SORT(.rela.gnu.linkonce.r*))

.rel.dyn        0x0000d3c4       0xc0
 *(SORT(.rel.dyn))
 .rel.iplt      0x00000000        0x0 /home/rahulmahadev/devel/optee/neo/ta/out/ta.o
 .rel.text.set_params
                0x00000000        0x0 /home/rahulmahadev/devel/optee/neo/ta/out/ta.o
 .rel.text.check_answer
                0x00000000        0x0 /home/rahulmahadev/devel/optee/neo/ta/out/ta.o
 .rel.text.start_quiz
                0x00000000        0x0 /home/rahulmahadev/devel/optee/neo/ta/out/ta.o
 .rel.ta_head   0x0000d3c4        0x8 /home/rahulmahadev/devel/optee/neo/ta/out/ta.o
 .rel.data.rel.ro.local.ta_props
                0x0000d3cc       0x90 /home/rahulmahadev/devel/optee/neo/ta/out/ta.o
 .rel.data.rel.local.ta_sessions
                0x0000d45c        0x8 /home/rahulmahadev/devel/optee/neo/ta/out/ta.o
 .rel.text.ta_header_save_params
                0x00000000        0x0 /home/rahulmahadev/devel/optee/neo/ta/out/ta.o
 .rel.data.rel.local.mempool
                0x0000d464        0x8 /home/rahulmahadev/devel/optee/neo/ta/out/ta.o
 .rel.text.TEE_BigIntDiv
                0x00000000        0x0 /home/rahulmahadev/devel/optee/neo/ta/out/ta.o
 .rel.text.TEE_BigIntMod
                0x00000000        0x0 /home/rahulmahadev/devel/optee/neo/ta/out/ta.o
 .rel.text.TEE_BigIntAddMod
                0x00000000        0x0 /home/rahulmahadev/devel/optee/neo/ta/out/ta.o
 .rel.text.TEE_BigIntSubMod
                0x00000000        0x0 /home/rahulmahadev/devel/optee/neo/ta/out/ta.o
 .rel.text.TEE_BigIntMulMod
                0x00000000        0x0 /home/rahulmahadev/devel/optee/neo/ta/out/ta.o
 .rel.text.TEE_BigIntSquareMod
                0x00000000        0x0 /home/rahulmahadev/devel/optee/neo/ta/out/ta.o
 .rel.text.TEE_BigIntInvMod
                0x00000000        0x0 /home/rahulmahadev/devel/optee/neo/ta/out/ta.o
 .rel.text.TEE_OpenTASession
                0x00000000        0x0 /home/rahulmahadev/devel/optee/neo/ta/out/ta.o
 .rel.text.TEE_InvokeTACommand
                0x00000000        0x0 /home/rahulmahadev/devel/optee/neo/ta/out/ta.o
 .rel.text.TEE_Panic
                0x00000000        0x0 /home/rahulmahadev/devel/optee/neo/ta/out/ta.o
 .rel.data.rel.local.user_mem_head
                0x0000d46c        0x8 /home/rahulmahadev/devel/optee/neo/ta/out/ta.o
 .rel.text.is_buffer_valid
                0x00000000        0x0 /home/rahulmahadev/devel/optee/neo/ta/out/ta.o
 .rel.text.is_mem_coherent
                0x00000000        0x0 /home/rahulmahadev/devel/optee/neo/ta/out/ta.o
 .rel.text.tee_user_mem_alloc
                0x00000000        0x0 /home/rahulmahadev/devel/optee/neo/ta/out/ta.o
 .rel.text.tee_user_mem_realloc
                0x00000000        0x0 /home/rahulmahadev/devel/optee/neo/ta/out/ta.o
 .rel.text.tee_user_mem_free
                0x00000000        0x0 /home/rahulmahadev/devel/optee/neo/ta/out/ta.o
 .rel.text.tee_user_mem_status
                0x00000000        0x0 /home/rahulmahadev/devel/optee/neo/ta/out/ta.o
 .rel.text.tee_user_mem_garbage
                0x00000000        0x0 /home/rahulmahadev/devel/optee/neo/ta/out/ta.o
 .rel.text.printf
                0x00000000        0x0 /home/rahulmahadev/devel/optee/neo/ta/out/ta.o
 .rel.text.puts
                0x00000000        0x0 /home/rahulmahadev/devel/optee/neo/ta/out/ta.o
 .rel.data.rel.local.freelist
                0x0000d474       0x10 /home/rahulmahadev/devel/optee/neo/ta/out/ta.o
 .rel.text.bgetz
                0x00000000        0x0 /home/rahulmahadev/devel/optee/neo/ta/out/ta.o
 .rel.text.bgetr
                0x00000000        0x0 /home/rahulmahadev/devel/optee/neo/ta/out/ta.o
 .rel.text.raw_malloc
                0x00000000        0x0 /home/rahulmahadev/devel/optee/neo/ta/out/ta.o
 .rel.text.raw_free
                0x00000000        0x0 /home/rahulmahadev/devel/optee/neo/ta/out/ta.o
 .rel.text.raw_calloc
                0x00000000        0x0 /home/rahulmahadev/devel/optee/neo/ta/out/ta.o
 .rel.text.raw_realloc
                0x00000000        0x0 /home/rahulmahadev/devel/optee/neo/ta/out/ta.o
 .rel.text.raw_memalign
                0x00000000        0x0 /home/rahulmahadev/devel/optee/neo/ta/out/ta.o
 .rel.text.malloc_add_pool
                0x00000000        0x0 /home/rahulmahadev/devel/optee/neo/ta/out/ta.o
 .rel.text.snprintk
                0x00000000        0x0 /home/rahulmahadev/devel/optee/neo/ta/out/ta.o
 .rel.text.vsnprintk
                0x00000000        0x0 /home/rahulmahadev/devel/optee/neo/ta/out/ta.o
 .rel.text.uuid2str
                0x00000000        0x0 /home/rahulmahadev/devel/optee/neo/ta/out/ta.o
 .rel.text.mpa_abs
                0x00000000        0x0 /home/rahulmahadev/devel/optee/neo/ta/out/ta.o
 .rel.text.mpa_constant_one
                0x00000000        0x0 /home/rahulmahadev/devel/optee/neo/ta/out/ta.o
 .rel.text.__mpa_montgomery_mul
                0x00000000        0x0 /home/rahulmahadev/devel/optee/neo/ta/out/ta.o
 .rel.text.mpa_montgomery_mul
                0x00000000        0x0 /home/rahulmahadev/devel/optee/neo/ta/out/ta.o
 .rel.text.check_table
                0x00000000        0x0 /home/rahulmahadev/devel/optee/neo/ta/out/ta.o
 .rel.text.__mpa_div_q_r_internal
                0x00000000        0x0 /home/rahulmahadev/devel/optee/neo/ta/out/ta.o
 .rel.text.__mpa_div_q_r_internal_word
                0x00000000        0x0 /home/rahulmahadev/devel/optee/neo/ta/out/ta.o
 .rel.text.__mpa_div_q_r
                0x00000000        0x0 /home/rahulmahadev/devel/optee/neo/ta/out/ta.o
 .rel.text.mpa_div
                0x00000000        0x0 /home/rahulmahadev/devel/optee/neo/ta/out/ta.o
 .rel.text.mpa_extended_gcd
                0x00000000        0x0 /home/rahulmahadev/devel/optee/neo/ta/out/ta.o
 .rel.text.mpa_init_scratch_mem
                0x00000000        0x0 /home/rahulmahadev/devel/optee/neo/ta/out/ta.o
 .rel.text.mpa_alloc_static_temp_var
                0x00000000        0x0 /home/rahulmahadev/devel/optee/neo/ta/out/ta.o
 .rel.text.__mpa_abs_mul_word
                0x00000000        0x0 /home/rahulmahadev/devel/optee/neo/ta/out/ta.o
 .rel.text.__mpa_abs_mul
                0x00000000        0x0 /home/rahulmahadev/devel/optee/neo/ta/out/ta.o
 .rel.text.mpa_mul
                0x00000000        0x0 /home/rahulmahadev/devel/optee/neo/ta/out/ta.o
 .rel.text.mpa_mul_word
                0x00000000        0x0 /home/rahulmahadev/devel/optee/neo/ta/out/ta.o
 .rel.text.__mpa_abs_add
                0x00000000        0x0 /home/rahulmahadev/devel/optee/neo/ta/out/ta.o
 .rel.text.__mpa_abs_add_ackum
                0x00000000        0x0 /home/rahulmahadev/devel/optee/neo/ta/out/ta.o
 .rel.text.__mpa_abs_sub
                0x00000000        0x0 /home/rahulmahadev/devel/optee/neo/ta/out/ta.o
 .rel.text.mpa_add
                0x00000000        0x0 /home/rahulmahadev/devel/optee/neo/ta/out/ta.o
 .rel.text.mpa_sub
                0x00000000        0x0 /home/rahulmahadev/devel/optee/neo/ta/out/ta.o
 .rel.text.mpa_add_word
                0x00000000        0x0 /home/rahulmahadev/devel/optee/neo/ta/out/ta.o
 .rel.text.mpa_sub_word
                0x00000000        0x0 /home/rahulmahadev/devel/optee/neo/ta/out/ta.o
 .rel.text.__mpa_abs_greater_than
                0x00000000        0x0 /home/rahulmahadev/devel/optee/neo/ta/out/ta.o
 .rel.text.__mpa_abs_less_than
                0x00000000        0x0 /home/rahulmahadev/devel/optee/neo/ta/out/ta.o
 .rel.text.mpa_cmp
                0x00000000        0x0 /home/rahulmahadev/devel/optee/neo/ta/out/ta.o

.rel.got        0x0000d484      0x398
 *(SORT(.rel.got))
 .rel.got       0x0000d484      0x398 /home/rahulmahadev/devel/optee/neo/ta/out/ta.o

.rela.got
 *(SORT(.rela.got))

.rel.ctors
 *(SORT(.rel.ctors))

.rela.ctors
 *(SORT(.rela.ctors))

.rel.dtors
 *(SORT(.rel.dtors))

.rela.dtors
 *(SORT(.rela.dtors))

.rel.init
 *(SORT(.rel.init))

.rela.init
 *(SORT(.rela.init))

.rel.fini
 *(SORT(.rel.fini))

.rela.fini
 *(SORT(.rela.fini))

.rel.bss
 *(SORT(.rel.bss))

.rela.bss
 *(SORT(.rela.bss))

.rel.plt        0x0000d81c        0x0
 *(SORT(.rel.plt))
 .rel.plt       0x00000000        0x0 /home/rahulmahadev/devel/optee/neo/ta/out/ta.o

.rela.plt
 *(SORT(.rela.plt))
                0x0000e000                . = ALIGN (0x1000)

.data           0x0000e000       0x98
 *(SORT(.data) SORT(.data.*) SORT(.gnu.linkonce.d.*))
 .data.trace_level
                0x0000e000        0x4 /home/rahulmahadev/devel/optee/neo/ta/out/user_ta_header.o
                0x0000e000                trace_level
 .data.rel.ro.local.ta_props
                0x0000e004       0x6c /home/rahulmahadev/devel/optee/neo/ta/out/user_ta_header.o
                0x0000e004                ta_props
 .data.rel.local.ta_sessions
                0x0000e070        0x8 /home/rahulmahadev/devel/optee/optee_os/out/arm-plat-vexpress/export-ta_arm32/lib/libutee.a(user_ta_entry.o)
 .data.rel.local.mempool
                0x0000e078        0x4 /home/rahulmahadev/devel/optee/optee_os/out/arm-plat-vexpress/export-ta_arm32/lib/libutee.a(tee_api_arith.o)
 .data.ARTIST   0x0000e07c        0x4 /home/rahulmahadev/devel/optee/optee_os/out/arm-plat-vexpress/export-ta_arm32/lib/libutee.a(tee_user_mem.o)
 .data.rel.local.user_mem_head
                0x0000e080        0x8 /home/rahulmahadev/devel/optee/optee_os/out/arm-plat-vexpress/export-ta_arm32/lib/libutee.a(tee_user_mem.o)
                0x0000e080                user_mem_head
 .data.rel.local.freelist
                0x0000e088       0x10 /home/rahulmahadev/devel/optee/optee_os/out/arm-plat-vexpress/export-ta_arm32/lib/libutils.a(bget_malloc.o)
 .data          0x0000e098        0x0 /home/rahulmahadev/devel/optee/neo/ta/out/ta.o
 .data          0x0000e098        0x0 /home/rahulmahadev/devel/optee/neo/ta/out/user_ta_header.o
 .data          0x0000e098        0x0 /home/rahulmahadev/devel/optee/optee_os/out/arm-plat-vexpress/export-ta_arm32/lib/libutee.a(user_ta_entry.o)
 .data          0x0000e098        0x0 /home/rahulmahadev/devel/optee/optee_os/out/arm-plat-vexpress/export-ta_arm32/lib/libutee.a(utee_syscalls_a32.o)
 .data          0x0000e098        0x0 /home/rahulmahadev/devel/optee/optee_os/out/arm-plat-vexpress/export-ta_arm32/lib/libutee.a(tee_api_arith.o)
 .data          0x0000e098        0x0 /home/rahulmahadev/devel/optee/optee_os/out/arm-plat-vexpress/export-ta_arm32/lib/libutee.a(tee_api.o)
 .data          0x0000e098        0x0 /home/rahulmahadev/devel/optee/optee_os/out/arm-plat-vexpress/export-ta_arm32/lib/libutee.a(tee_api_panic.o)
 .data          0x0000e098        0x0 /home/rahulmahadev/devel/optee/optee_os/out/arm-plat-vexpress/export-ta_arm32/lib/libutee.a(utee_misc.o)
 .data          0x0000e098        0x0 /home/rahulmahadev/devel/optee/optee_os/out/arm-plat-vexpress/export-ta_arm32/lib/libutee.a(tee_user_mem.o)
 .data          0x0000e098        0x0 /home/rahulmahadev/devel/optee/optee_os/out/arm-plat-vexpress/export-ta_arm32/lib/libutee.a(trace_ext.o)
 .data          0x0000e098        0x0 /home/rahulmahadev/devel/optee/optee_os/out/arm-plat-vexpress/export-ta_arm32/lib/libutee.a(assert.o)
 .data          0x0000e098        0x0 /home/rahulmahadev/devel/optee/optee_os/out/arm-plat-vexpress/export-ta_arm32/lib/libutils.a(bget_malloc.o)
 .data          0x0000e098        0x0 /home/rahulmahadev/devel/optee/optee_os/out/arm-plat-vexpress/export-ta_arm32/lib/libutils.a(snprintf.o)
 .data          0x0000e098        0x0 /home/rahulmahadev/devel/optee/optee_os/out/arm-plat-vexpress/export-ta_arm32/lib/libutils.a(memcmp.o)
 .data          0x0000e098        0x0 /home/rahulmahadev/devel/optee/optee_os/out/arm-plat-vexpress/export-ta_arm32/lib/libutils.a(memcpy.o)
 .data          0x0000e098        0x0 /home/rahulmahadev/devel/optee/optee_os/out/arm-plat-vexpress/export-ta_arm32/lib/libutils.a(memmove.o)
 .data          0x0000e098        0x0 /home/rahulmahadev/devel/optee/optee_os/out/arm-plat-vexpress/export-ta_arm32/lib/libutils.a(memset.o)
 .data          0x0000e098        0x0 /home/rahulmahadev/devel/optee/optee_os/out/arm-plat-vexpress/export-ta_arm32/lib/libutils.a(strcmp.o)
 .data          0x0000e098        0x0 /home/rahulmahadev/devel/optee/optee_os/out/arm-plat-vexpress/export-ta_arm32/lib/libutils.a(strlen.o)
 .data          0x0000e098        0x0 /home/rahulmahadev/devel/optee/optee_os/out/arm-plat-vexpress/export-ta_arm32/lib/libutils.a(snprintk.o)
 .data          0x0000e098        0x0 /home/rahulmahadev/devel/optee/optee_os/out/arm-plat-vexpress/export-ta_arm32/lib/libutils.a(strlcpy.o)
 .data          0x0000e098        0x0 /home/rahulmahadev/devel/optee/optee_os/out/arm-plat-vexpress/export-ta_arm32/lib/libutils.a(trace.o)
 .data          0x0000e098        0x0 /home/rahulmahadev/devel/optee/optee_os/out/arm-plat-vexpress/export-ta_arm32/lib/libutils.a(memchr.o)
 .data          0x0000e098        0x0 /home/rahulmahadev/devel/optee/optee_os/out/arm-plat-vexpress/export-ta_arm32/lib/libutils.a(arm32_aeabi_ldivmod_a32.o)
 .data          0x0000e098        0x0 /home/rahulmahadev/devel/optee/optee_os/out/arm-plat-vexpress/export-ta_arm32/lib/libutils.a(arm32_aeabi_ldivmod.o)
 .data          0x0000e098        0x0 /home/rahulmahadev/devel/optee/optee_os/out/arm-plat-vexpress/export-ta_arm32/lib/libmpa.a(mpa_misc.o)
 .data          0x0000e098        0x0 /home/rahulmahadev/devel/optee/optee_os/out/arm-plat-vexpress/export-ta_arm32/lib/libmpa.a(mpa_montgomery.o)
 .data          0x0000e098        0x0 /home/rahulmahadev/devel/optee/optee_os/out/arm-plat-vexpress/export-ta_arm32/lib/libmpa.a(mpa_primetest.o)
 .data          0x0000e098        0x0 /home/rahulmahadev/devel/optee/optee_os/out/arm-plat-vexpress/export-ta_arm32/lib/libmpa.a(mpa_conv.o)
 .data          0x0000e098        0x0 /home/rahulmahadev/devel/optee/optee_os/out/arm-plat-vexpress/export-ta_arm32/lib/libmpa.a(mpa_div.o)
 .data          0x0000e098        0x0 /home/rahulmahadev/devel/optee/optee_os/out/arm-plat-vexpress/export-ta_arm32/lib/libmpa.a(mpa_gcd.o)
 .data          0x0000e098        0x0 /home/rahulmahadev/devel/optee/optee_os/out/arm-plat-vexpress/export-ta_arm32/lib/libmpa.a(mpa_mem_static.o)
 .data          0x0000e098        0x0 /home/rahulmahadev/devel/optee/optee_os/out/arm-plat-vexpress/export-ta_arm32/lib/libmpa.a(mpa_mul.o)
 .data          0x0000e098        0x0 /home/rahulmahadev/devel/optee/optee_os/out/arm-plat-vexpress/export-ta_arm32/lib/libmpa.a(mpa_random.o)
 .data          0x0000e098        0x0 /home/rahulmahadev/devel/optee/optee_os/out/arm-plat-vexpress/export-ta_arm32/lib/libmpa.a(mpa_shift.o)
 .data          0x0000e098        0x0 /home/rahulmahadev/devel/optee/optee_os/out/arm-plat-vexpress/export-ta_arm32/lib/libmpa.a(mpa_addsub.o)
 .data          0x0000e098        0x0 /home/rahulmahadev/devel/optee/optee_os/out/arm-plat-vexpress/export-ta_arm32/lib/libmpa.a(mpa_cmp.o)
 .data          0x0000e098        0x0 /home/rahulmahadev/devel/optee/optee_os/out/arm-plat-vexpress/export-ta_arm32/lib/libmpa.a(mpa_expmod.o)
 .data          0x0000e098        0x0 /home/rahulmahadev/devel/optee/optee_os/out/arm-plat-vexpress/export-ta_arm32/lib/libmpa.a(mpa_init.o)
 .data          0x0000e098        0x0 /home/rahulmahadev/devel/optee/optee_os/out/arm-plat-vexpress/export-ta_arm32/lib/libmpa.a(mpa_io.o)
 .data          0x0000e098        0x0 /home/rahulmahadev/devel/optee/optee_os/out/arm-plat-vexpress/export-ta_arm32/lib/libmpa.a(mpa_modulus.o)

.igot.plt       0x0000e098        0x0
 .igot.plt      0x00000000        0x0 /home/rahulmahadev/devel/optee/neo/ta/out/ta.o

.bss            0x0000e098     0xac1d
 *(SORT(.bss) SORT(.bss.*) SORT(.gnu.linkonce.b.*) SORT(COMMON))
 .bss.score     0x0000e098        0x4 /home/rahulmahadev/devel/optee/neo/ta/out/ta.o
                0x0000e098                score
 .bss.q_no      0x0000e09c        0x4 /home/rahulmahadev/devel/optee/neo/ta/out/ta.o
                0x0000e09c                q_no
 .bss.max_qs    0x0000e0a0        0x4 /home/rahulmahadev/devel/optee/neo/ta/out/ta.o
                0x0000e0a0                max_qs
 .bss.questions
                0x0000e0a4       0x64 /home/rahulmahadev/devel/optee/neo/ta/out/ta.o
                0x0000e0a4                questions
 .bss.answers   0x0000e108       0x64 /home/rahulmahadev/devel/optee/neo/ta/out/ta.o
                0x0000e108                answers
 .bss.ta_heap   0x0000e16c     0x8000 /home/rahulmahadev/devel/optee/neo/ta/out/user_ta_header.o
                0x0000e16c                ta_heap
 .bss.ta_ref_count
                0x0001616c        0x4 /home/rahulmahadev/devel/optee/optee_os/out/arm-plat-vexpress/export-ta_arm32/lib/libutee.a(user_ta_entry.o)
 .bss.ta_param_types
                0x00016170        0x4 /home/rahulmahadev/devel/optee/optee_os/out/arm-plat-vexpress/export-ta_arm32/lib/libutee.a(user_ta_entry.o)
                0x00016170                ta_param_types
 .bss.ta_params
                0x00016174       0x20 /home/rahulmahadev/devel/optee/optee_os/out/arm-plat-vexpress/export-ta_arm32/lib/libutee.a(user_ta_entry.o)
                0x00016174                ta_params
 .bss.mempool_u32
                0x00016194     0x1b00 /home/rahulmahadev/devel/optee/optee_os/out/arm-plat-vexpress/export-ta_arm32/lib/libutee.a(tee_api_arith.o)
 .bss.tee_api_instance_data
                0x00017c94        0x4 /home/rahulmahadev/devel/optee/optee_os/out/arm-plat-vexpress/export-ta_arm32/lib/libutee.a(tee_api.o)
 .bss.heap_level
                0x00017c98        0x4 /home/rahulmahadev/devel/optee/optee_os/out/arm-plat-vexpress/export-ta_arm32/lib/libutee.a(tee_user_mem.o)
 .bss.global_stats
                0x00017c9c        0x8 /home/rahulmahadev/devel/optee/optee_os/out/arm-plat-vexpress/export-ta_arm32/lib/libutee.a(tee_user_mem.o)
 .bss.malloc_pool
                0x00017ca4        0x4 /home/rahulmahadev/devel/optee/optee_os/out/arm-plat-vexpress/export-ta_arm32/lib/libutils.a(bget_malloc.o)
 .bss.malloc_pool_len
                0x00017ca8        0x4 /home/rahulmahadev/devel/optee/optee_os/out/arm-plat-vexpress/export-ta_arm32/lib/libutils.a(bget_malloc.o)
 .bss.get_rng_array