Archive member included because of file (symbol)

/home/rahulmahadev/hikey_optee/optee_os/out/arm-plat-hikey/export-ta_arm64/lib/libutee.a(tee_api.o)
                              /home/rahulmahadev/hikey_optee/neo/ta/out/ta.o (TEE_GetSystemTime)
/home/rahulmahadev/hikey_optee/optee_os/out/arm-plat-hikey/export-ta_arm64/lib/libutee.a(tee_api_objects.o)
                              /home/rahulmahadev/hikey_optee/neo/ta/out/ta.o (TEE_CreatePersistentObject)
/home/rahulmahadev/hikey_optee/optee_os/out/arm-plat-hikey/export-ta_arm64/lib/libutee.a(tee_api_operations.o)
                              /home/rahulmahadev/hikey_optee/neo/ta/out/ta.o (TEE_FreeOperation)
/home/rahulmahadev/hikey_optee/optee_os/out/arm-plat-hikey/export-ta_arm64/lib/libutee.a(tee_api_panic.o)
                              /home/rahulmahadev/hikey_optee/optee_os/out/arm-plat-hikey/export-ta_arm64/lib/libutee.a(tee_api.o) (__TEE_Panic)
/home/rahulmahadev/hikey_optee/optee_os/out/arm-plat-hikey/export-ta_arm64/lib/libutee.a(user_ta_entry.o)
                              /home/rahulmahadev/hikey_optee/neo/ta/out/user_ta_header.o (__utee_entry)
/home/rahulmahadev/hikey_optee/optee_os/out/arm-plat-hikey/export-ta_arm64/lib/libutee.a(utee_syscalls_a64.o)
                              /home/rahulmahadev/hikey_optee/optee_os/out/arm-plat-hikey/export-ta_arm64/lib/libutee.a(user_ta_entry.o) (utee_return)
/home/rahulmahadev/hikey_optee/optee_os/out/arm-plat-hikey/export-ta_arm64/lib/libutee.a(tee_user_mem.o)
                              /home/rahulmahadev/hikey_optee/optee_os/out/arm-plat-hikey/export-ta_arm64/lib/libutee.a(tee_api.o) (tee_user_mem_alloc)
/home/rahulmahadev/hikey_optee/optee_os/out/arm-plat-hikey/export-ta_arm64/lib/libutee.a(assert.o)
                              /home/rahulmahadev/hikey_optee/optee_os/out/arm-plat-hikey/export-ta_arm64/lib/libutee.a(tee_user_mem.o) (_assert_log)
/home/rahulmahadev/hikey_optee/optee_os/out/arm-plat-hikey/export-ta_arm64/lib/libutee.a(tee_api_arith.o)
                              /home/rahulmahadev/hikey_optee/optee_os/out/arm-plat-hikey/export-ta_arm64/lib/libutee.a(user_ta_entry.o) (_TEE_MathAPI_Init)
/home/rahulmahadev/hikey_optee/optee_os/out/arm-plat-hikey/export-ta_arm64/lib/libutee.a(utee_misc.o)
                              /home/rahulmahadev/hikey_optee/optee_os/out/arm-plat-hikey/export-ta_arm64/lib/libutee.a(tee_user_mem.o) (utee_malloc)
/home/rahulmahadev/hikey_optee/optee_os/out/arm-plat-hikey/export-ta_arm64/lib/libutee.a(trace_ext.o)
                              /home/rahulmahadev/hikey_optee/optee_os/out/arm-plat-hikey/export-ta_arm64/lib/libutee.a(tee_api_arith.o) (printf)
/home/rahulmahadev/hikey_optee/optee_os/out/arm-plat-hikey/export-ta_arm64/lib/libutils.a(bget_malloc.o)
                              /home/rahulmahadev/hikey_optee/neo/ta/out/ta.o (malloc)
/home/rahulmahadev/hikey_optee/optee_os/out/arm-plat-hikey/export-ta_arm64/lib/libutils.a(snprintf.o)
                              /home/rahulmahadev/hikey_optee/neo/ta/out/ta.o (snprintf)
/home/rahulmahadev/hikey_optee/optee_os/out/arm-plat-hikey/export-ta_arm64/lib/libutils.a(memcmp.o)
                              /home/rahulmahadev/hikey_optee/optee_os/out/arm-plat-hikey/export-ta_arm64/lib/libutee.a(tee_api.o) (memcmp)
/home/rahulmahadev/hikey_optee/optee_os/out/arm-plat-hikey/export-ta_arm64/lib/libutils.a(memcpy.o)
                              /home/rahulmahadev/hikey_optee/neo/ta/out/ta.o (memcpy)
/home/rahulmahadev/hikey_optee/optee_os/out/arm-plat-hikey/export-ta_arm64/lib/libutils.a(memmove.o)
                              /home/rahulmahadev/hikey_optee/optee_os/out/arm-plat-hikey/export-ta_arm64/lib/libutee.a(tee_api.o) (memmove)
/home/rahulmahadev/hikey_optee/optee_os/out/arm-plat-hikey/export-ta_arm64/lib/libutils.a(memset.o)
                              /home/rahulmahadev/hikey_optee/neo/ta/out/ta.o (memset)
/home/rahulmahadev/hikey_optee/optee_os/out/arm-plat-hikey/export-ta_arm64/lib/libutils.a(strcmp.o)
                              /home/rahulmahadev/hikey_optee/neo/ta/out/ta.o (strcmp)
/home/rahulmahadev/hikey_optee/optee_os/out/arm-plat-hikey/export-ta_arm64/lib/libutils.a(strlen.o)
                              /home/rahulmahadev/hikey_optee/neo/ta/out/ta.o (strlen)
/home/rahulmahadev/hikey_optee/optee_os/out/arm-plat-hikey/export-ta_arm64/lib/libutils.a(snprintk.o)
                              /home/rahulmahadev/hikey_optee/optee_os/out/arm-plat-hikey/export-ta_arm64/lib/libutils.a(snprintf.o) (__vsnprintf)
/home/rahulmahadev/hikey_optee/optee_os/out/arm-plat-hikey/export-ta_arm64/lib/libutils.a(strlcpy.o)
                              /home/rahulmahadev/hikey_optee/optee_os/out/arm-plat-hikey/export-ta_arm64/lib/libutee.a(trace_ext.o) (strlcpy)
/home/rahulmahadev/hikey_optee/optee_os/out/arm-plat-hikey/export-ta_arm64/lib/libutils.a(buf_compare_ct.o)
[...]
Memory Configuration

Name             Origin             Length             Attributes
*default*        0x0000000000000000 0xffffffffffffffff

Linker script and memory map


.ta_head        0x0000000000000000       0x20
 *(SORT(.ta_head))
 .ta_head       0x0000000000000000       0x20 /home/rahulmahadev/hikey_optee/neo/ta/out/user_ta_header.o
                0x0000000000000000                ta_head

.text           0x0000000000000020     0xc128
 *(SORT(.text) SORT(.text.*))
 .text.string_copy
                0x0000000000000020       0x50 /home/rahulmahadev/hikey_optee/neo/ta/out/ta.o
                0x0000000000000020                string_copy
 .text.dump_hash
                0x0000000000000070      0x1d0 /home/rahulmahadev/hikey_optee/neo/ta/out/ta.o
 .text.call_gp_sha1_interface
                0x0000000000000240      0x100 /home/rahulmahadev/hikey_optee/neo/ta/out/ta.o
 .text.TA_CreateEntryPoint
                0x0000000000000340        0x8 /home/rahulmahadev/hikey_optee/neo/ta/out/ta.o
                0x0000000000000340                TA_CreateEntryPoint
 .text.TA_DestroyEntryPoint
                0x0000000000000348        0x4 /home/rahulmahadev/hikey_optee/neo/ta/out/ta.o
                0x0000000000000348                TA_DestroyEntryPoint
 .text.set_params
                0x000000000000034c      0x120 /home/rahulmahadev/hikey_optee/neo/ta/out/ta.o
 .text.TA_OpenSessionEntryPoint
                0x000000000000046c       0xf0 /home/rahulmahadev/hikey_optee/neo/ta/out/ta.o
                0x000000000000046c                TA_OpenSessionEntryPoint
 .text.TA_CloseSessionEntryPoint
                0x000000000000055c       0x10 /home/rahulmahadev/hikey_optee/neo/ta/out/ta.o
                0x000000000000055c                TA_CloseSessionEntryPoint
 .text.check_answer
                0x000000000000056c      0x250 /home/rahulmahadev/hikey_optee/neo/ta/out/ta.o
 .text.start_quiz
                0x00000000000007bc       0xe0 /home/rahulmahadev/hikey_optee/neo/ta/out/ta.o
 .text.TA_InvokeCommandEntryPoint
                0x000000000000089c       0x5c /home/rahulmahadev/hikey_optee/neo/ta/out/ta.o
                0x000000000000089c                TA_InvokeCommandEntryPoint
 .text.tahead_get_trace_level
                0x00000000000008f8        0x8 /home/rahulmahadev/hikey_optee/neo/ta/out/user_ta_header.o
                0x00000000000008f8                tahead_get_trace_level
 .text.__utee_from_param
                0x0000000000000900       0x80 /home/rahulmahadev/hikey_optee/optee_os/out/arm-plat-hikey/export-ta_arm64/lib/libutee.a(tee_api.o)
                0x0000000000000900                __utee_from_param
 .text.__utee_to_param
                0x0000000000000980       0x80 /home/rahulmahadev/hikey_optee/optee_os/out/arm-plat-hikey/export-ta_arm64/lib/libutee.a(tee_api.o)
                0x0000000000000980                __utee_to_param
 .text.TEE_OpenTASession
                0x0000000000000a00       0x90 /home/rahulmahadev/hikey_optee/optee_os/out/arm-plat-hikey/export-ta_arm64/lib/libutee.a(tee_api.o)
                0x0000000000000a00                TEE_OpenTASession
 .text.TEE_CloseTASession
                0x0000000000000a90       0x5c /home/rahulmahadev/hikey_optee/optee_os/out/arm-plat-hikey/export-ta_arm64/lib/libutee.a(tee_api.o)
                0x0000000000000a90                TEE_CloseTASession
 .text.TEE_InvokeTACommand
                0x0000000000000aec       0xec /home/rahulmahadev/hikey_optee/optee_os/out/arm-plat-hikey/export-ta_arm64/lib/libutee.a(tee_api.o)
                0x0000000000000aec                TEE_InvokeTACommand
 .text.TEE_GetCancellationFlag
                0x0000000000000bd8       0x2c /home/rahulmahadev/hikey_optee/optee_os/out/arm-plat-hikey/export-ta_arm64/lib/libutee.a(tee_api.o)
                0x0000000000000bd8                TEE_GetCancellationFlag
 .text.TEE_UnmaskCancellation
                0x0000000000000c04       0x60 /home/rahulmahadev/hikey_optee/optee_os/out/arm-plat-hikey/export-ta_arm64/lib/libutee.a(tee_api.o)
                0x0000000000000c04                TEE_UnmaskCancellation
 .text.TEE_MaskCancellation
                0x0000000000000c64       0x60 /home/rahulmahadev/hikey_optee/optee_os/out/arm-plat-hikey/export-ta_arm64/lib/libutee.a(tee_api.o)
                0x0000000000000c64                TEE_MaskCancellation
 .text.TEE_CheckMemoryAccessRights
                0x0000000000000cc4       0x14 /home/rahulmahadev/hikey_optee/optee_os/out/arm-plat-hikey/export-ta_arm64/lib/libutee.a(tee_api.o)
                0x0000000000000cc4                TEE_CheckMemoryAccessRights
 .text.TEE_SetInstanceData
                0x0000000000000cd8        0xc /home/rahulmahadev/hikey_optee/optee_os/out/arm-plat-hikey/export-ta_arm64/lib/libutee.a(tee_api.o)
                0x0000000000000cd8                TEE_SetInstanceData
 .text.TEE_GetInstanceData
                0x0000000000000ce4        0xc /home/rahulmahadev/hikey_optee/optee_os/out/arm-plat-hikey/export-ta_arm64/lib/libutee.a(tee_api.o)
                0x0000000000000ce4                TEE_GetInstanceData
 .text.TEE_MemMove
                0x0000000000000cf0        0x8 /home/rahulmahadev/hikey_optee/optee_os/out/arm-plat-hikey/export-ta_arm64/lib/libutee.a(tee_api.o)
                0x0000000000000cf0                TEE_MemMove
 .text.TEE_MemCompare
                0x0000000000000cf8        0x8 /home/rahulmahadev/hikey_optee/optee_os/out/arm-plat-hikey/export-ta_arm64/lib/libutee.a(tee_api.o)
                0x0000000000000cf8                TEE_MemCompare
 .text.TEE_MemFill
                0x0000000000000d00        0x8 /home/rahulmahadev/hikey_optee/optee_os/out/arm-plat-hikey/export-ta_arm64/lib/libutee.a(tee_api.o)
                0x0000000000000d00                TEE_MemFill
 .text.TEE_GetSystemTime
                0x0000000000000d08       0x50 /home/rahulmahadev/hikey_optee/optee_os/out/arm-plat-hikey/export-ta_arm64/lib/libutee.a(tee_api.o)
                0x0000000000000d08                TEE_GetSystemTime
 .text.TEE_Wait
                0x0000000000000d58       0x64 /home/rahulmahadev/hikey_optee/optee_os/out/arm-plat-hikey/export-ta_arm64/lib/libutee.a(tee_api.o)
                0x0000000000000d58                TEE_Wait
 .text.TEE_GetTAPersistentTime
                0x0000000000000dbc       0xa0 /home/rahulmahadev/hikey_optee/optee_os/out/arm-plat-hikey/export-ta_arm64/lib/libutee.a(tee_api.o)
                0x0000000000000dbc                TEE_GetTAPersistentTime
 .text.TEE_SetTAPersistentTime
                0x0000000000000e5c       0x78 /home/rahulmahadev/hikey_optee/optee_os/out/arm-plat-hikey/export-ta_arm64/lib/libutee.a(tee_api.o)
                0x0000000000000e5c                TEE_SetTAPersistentTime
 .text.TEE_GetREETime
                0x0000000000000ed4       0x50 /home/rahulmahadev/hikey_optee/optee_os/out/arm-plat-hikey/export-ta_arm64/lib/libutee.a(tee_api.o)
                0x0000000000000ed4                TEE_GetREETime
 .text.TEE_Malloc
                0x0000000000000f24        0x8 /home/rahulmahadev/hikey_optee/optee_os/out/arm-plat-hikey/export-ta_arm64/lib/libutee.a(tee_api.o)
                0x0000000000000f24                TEE_Malloc
 .text.TEE_Realloc
                0x0000000000000f2c        0x8 /home/rahulmahadev/hikey_optee/optee_os/out/arm-plat-hikey/export-ta_arm64/lib/libutee.a(tee_api.o)
                0x0000000000000f2c                TEE_Realloc
 .text.TEE_Free
                0x0000000000000f34        0x4 /home/rahulmahadev/hikey_optee/optee_os/out/arm-plat-hikey/export-ta_arm64/lib/libutee.a(tee_api.o)
                0x0000000000000f34                TEE_Free
 .text.TEE_CacheClean
                0x0000000000000f38        0x8 /home/rahulmahadev/hikey_optee/optee_os/out/arm-plat-hikey/export-ta_arm64/lib/libutee.a(tee_api.o)
                0x0000000000000f38                TEE_CacheClean
 .text.TEE_CacheFlush
                0x0000000000000f40        0x8 /home/rahulmahadev/hikey_optee/optee_os/out/arm-plat-hikey/export-ta_arm64/lib/libutee.a(tee_api.o)
                0x0000000000000f40                TEE_CacheFlush
 .text.TEE_CacheInvalidate
                0x0000000000000f48        0x8 /home/rahulmahadev/hikey_optee/optee_os/out/arm-plat-hikey/export-ta_arm64/lib/libutee.a(tee_api.o)
                0x0000000000000f48                TEE_CacheInvalidate
 .text.__utee_from_attr
                0x0000000000000f50       0x58 /home/rahulmahadev/hikey_optee/optee_os/out/arm-plat-hikey/export-ta_arm64/lib/libutee.a(tee_api_objects.o)
                0x0000000000000f50                __utee_from_attr
 .text.TEE_GetObjectInfo
                0x0000000000000fa8       0x80 /home/rahulmahadev/hikey_optee/optee_os/out/arm-plat-hikey/export-ta_arm64/lib/libutee.a(tee_api_objects.o)
                0x0000000000000fa8                TEE_GetObjectInfo
 .text.TEE_GetObjectInfo1
                0x0000000000001028       0x68 /home/rahulmahadev/hikey_optee/optee_os/out/arm-plat-hikey/export-ta_arm64/lib/libutee.a(tee_api_objects.o)
                0x0000000000001028                TEE_GetObjectInfo1
 .text.TEE_RestrictObjectUsage1
                0x0000000000001090       0x6c /home/rahulmahadev/hikey_optee/optee_os/out/arm-plat-hikey/export-ta_arm64/lib/libutee.a(tee_api_objects.o)
                0x0000000000001090                TEE_RestrictObjectUsage1
 .text.TEE_RestrictObjectUsage
                0x00000000000010fc       0x78 /home/rahulmahadev/hikey_optee/optee_os/out/arm-plat-hikey/export-ta_arm64/lib/libutee.a(tee_api_objects.o)
                0x00000000000010fc                TEE_RestrictObjectUsage
 .text.TEE_GetObjectBufferAttribute
                0x0000000000001174       0xc8 /home/rahulmahadev/hikey_optee/optee_os/out/arm-plat-hikey/export-ta_arm64/lib/libutee.a(tee_api_objects.o)
                0x0000000000001174                TEE_GetObjectBufferAttribute
 .text.TEE_GetObjectValueAttribute
                0x000000000000123c      0x10c /home/rahulmahadev/hikey_optee/optee_os/out/arm-plat-hikey/export-ta_arm64/lib/libutee.a(tee_api_objects.o)
                0x000000000000123c                TEE_GetObjectValueAttribute
 .text.TEE_CloseObject
                0x0000000000001348       0x4c /home/rahulmahadev/hikey_optee/optee_os/out/arm-plat-hikey/export-ta_arm64/lib/libutee.a(tee_api_objects.o)
                0x0000000000001348                TEE_CloseObject
 .text.TEE_AllocateTransientObject
                0x0000000000001394       0x8c /home/rahulmahadev/hikey_optee/optee_os/out/arm-plat-hikey/export-ta_arm64/lib/libutee.a(tee_api_objects.o)
                0x0000000000001394                TEE_AllocateTransientObject
 .text.TEE_FreeTransientObject
                0x0000000000001420       0xc4 /home/rahulmahadev/hikey_optee/optee_os/out/arm-plat-hikey/export-ta_arm64/lib/libutee.a(tee_api_objects.o)
                0x0000000000001420                TEE_FreeTransientObject
 .text.TEE_ResetTransientObject
                0x00000000000014e4       0xc4 /home/rahulmahadev/hikey_optee/optee_os/out/arm-plat-hikey/export-ta_arm64/lib/libutee.a(tee_api_objects.o)
                0x00000000000014e4                TEE_ResetTransientObject
 .text.TEE_PopulateTransientObject
                0x00000000000015a8      0x15c /home/rahulmahadev/hikey_optee/optee_os/out/arm-plat-hikey/export-ta_arm64/lib/libutee.a(tee_api_objects.o)
                0x00000000000015a8                TEE_PopulateTransientObject
 .text.TEE_InitRefAttribute
                0x0000000000001704       0x9c /home/rahulmahadev/hikey_optee/optee_os/out/arm-plat-hikey/export-ta_arm64/lib/libutee.a(tee_api_objects.o)
                0x0000000000001704                TEE_InitRefAttribute
 .text.TEE_InitValueAttribute
                0x00000000000017a0       0x9c /home/rahulmahadev/hikey_optee/optee_os/out/arm-plat-hikey/export-ta_arm64/lib/libutee.a(tee_api_objects.o)
                0x00000000000017a0                TEE_InitValueAttribute
 .text.TEE_CopyObjectAttributes1
                0x000000000000183c      0x140 /home/rahulmahadev/hikey_optee/optee_os/out/arm-plat-hikey/export-ta_arm64/lib/libutee.a(tee_api_objects.o)
                0x000000000000183c                TEE_CopyObjectAttributes1
 .text.TEE_CopyObjectAttributes
                0x000000000000197c       0x7c /home/rahulmahadev/hikey_optee/optee_os/out/arm-plat-hikey/export-ta_arm64/lib/libutee.a(tee_api_objects.o)
                0x000000000000197c                TEE_CopyObjectAttributes
 .text.TEE_GenerateKey
                0x00000000000019f8       0xb4 /home/rahulmahadev/hikey_optee/optee_os/out/arm-plat-hikey/export-ta_arm64/lib/libutee.a(tee_api_objects.o)
                0x00000000000019f8                TEE_GenerateKey
 .text.TEE_OpenPersistentObject
                0x0000000000001aac       0xcc /home/rahulmahadev/hikey_optee/optee_os/out/arm-plat-hikey/export-ta_arm64/lib/libutee.a(tee_api_objects.o)
                0x0000000000001aac                TEE_OpenPersistentObject
 .text.TEE_CreatePersistentObject
                0x0000000000001b78       0xd4 /home/rahulmahadev/hikey_optee/optee_os/out/arm-plat-hikey/export-ta_arm64/lib/libutee.a(tee_api_objects.o)
                0x0000000000001b78                TEE_CreatePersistentObject
 .text.TEE_CloseAndDeletePersistentObject1
                0x0000000000001c4c       0x78 /home/rahulmahadev/hikey_optee/optee_os/out/arm-plat-hikey/export-ta_arm64/lib/libutee.a(tee_api_objects.o)
                0x0000000000001c4c                TEE_CloseAndDeletePersistentObject1
 .text.TEE_CloseAndDeletePersistentObject
                0x0000000000001cc4       0x4c /home/rahulmahadev/hikey_optee/optee_os/out/arm-plat-hikey/export-ta_arm64/lib/libutee.a(tee_api_objects.o)
                0x0000000000001cc4                TEE_CloseAndDeletePersistentObject
 .text.TEE_RenamePersistentObject
                0x0000000000001d10       0x94 /home/rahulmahadev/hikey_optee/optee_os/out/arm-plat-hikey/export-ta_arm64/lib/libutee.a(tee_api_objects.o)
                0x0000000000001d10                TEE_RenamePersistentObject
 .text.TEE_AllocatePersistentObjectEnumerator
                0x0000000000001da4       0x80 /home/rahulmahadev/hikey_optee/optee_os/out/arm-plat-hikey/export-ta_arm64/lib/libutee.a(tee_api_objects.o)
                0x0000000000001da4                TEE_AllocatePersistentObjectEnumerator
 .text.TEE_FreePersistentObjectEnumerator
                0x0000000000001e24       0x4c /home/rahulmahadev/hikey_optee/optee_os/out/arm-plat-hikey/export-ta_arm64/lib/libutee.a(tee_api_objects.o)
                0x0000000000001e24                TEE_FreePersistentObjectEnumerator
 .text.TEE_ResetPersistentObjectEnumerator
                0x0000000000001e70       0x4c /home/rahulmahadev/hikey_optee/optee_os/out/arm-plat-hikey/export-ta_arm64/lib/libutee.a(tee_api_objects.o)
                0x0000000000001e70                TEE_ResetPersistentObjectEnumerator
 .text.TEE_StartPersistentObjectEnumerator
                0x0000000000001ebc       0x8c /home/rahulmahadev/hikey_optee/optee_os/out/arm-plat-hikey/export-ta_arm64/lib/libutee.a(tee_api_objects.o)
                0x0000000000001ebc                TEE_StartPersistentObjectEnumerator
 .text.TEE_GetNextPersistentObject
                0x0000000000001f48       0x9c /home/rahulmahadev/hikey_optee/optee_os/out/arm-plat-hikey/export-ta_arm64/lib/libutee.a(tee_api_objects.o)
                0x0000000000001f48                TEE_GetNextPersistentObject
 .text.TEE_ReadObjectData
                0x0000000000001fe4       0x8c /home/rahulmahadev/hikey_optee/optee_os/out/arm-plat-hikey/export-ta_arm64/lib/libutee.a(tee_api_objects.o)
                0x0000000000001fe4                TEE_ReadObjectData
 .text.TEE_WriteObjectData
                0x0000000000002070       0x8c /home/rahulmahadev/hikey_optee/optee_os/out/arm-plat-hikey/export-ta_arm64/lib/libutee.a(tee_api_objects.o)
                0x0000000000002070                TEE_WriteObjectData
 .text.TEE_TruncateObjectData
                0x00000000000020fc       0x80 /home/rahulmahadev/hikey_optee/optee_os/out/arm-plat-hikey/export-ta_arm64/lib/libutee.a(tee_api_objects.o)
                0x00000000000020fc                TEE_TruncateObjectData
 .text.TEE_SeekObjectData
                0x000000000000217c       0xfc /home/rahulmahadev/hikey_optee/optee_os/out/arm-plat-hikey/export-ta_arm64/lib/libutee.a(tee_api_objects.o)
                0x000000000000217c                TEE_SeekObjectData
 .text.init_hash_operation
                0x0000000000002278       0x6c /home/rahulmahadev/hikey_optee/optee_os/out/arm-plat-hikey/export-ta_arm64/lib/libutee.a(tee_api_operations.o)
 .text.tee_buffer_update
                0x00000000000022e4      0x244 /home/rahulmahadev/hikey_optee/optee_os/out/arm-plat-hikey/export-ta_arm64/lib/libutee.a(tee_api_operations.o)
 .text.TEE_FreeOperation
                0x0000000000002528       0x90 /home/rahulmahadev/hikey_optee/optee_os/out/arm-plat-hikey/export-ta_arm64/lib/libutee.a(tee_api_operations.o)
                0x0000000000002528                TEE_FreeOperation
 .text.TEE_AllocateOperation
                0x00000000000025b8      0x978 /home/rahulmahadev/hikey_optee/optee_os/out/arm-plat-hikey/export-ta_arm64/lib/libutee.a(tee_api_operations.o)
                0x00000000000025b8                TEE_AllocateOperation
 .text.TEE_GetOperationInfo
                0x0000000000002f30       0x90 /home/rahulmahadev/hikey_optee/optee_os/out/arm-plat-hikey/export-ta_arm64/lib/libutee.a(tee_api_operations.o)
                0x0000000000002f30                TEE_GetOperationInfo
 .text.TEE_GetOperationInfoMultiple
                0x0000000000002fc0      0x188 /home/rahulmahadev/hikey_optee/optee_os/out/arm-plat-hikey/export-ta_arm64/lib/libutee.a(tee_api_operations.o)
                0x0000000000002fc0                TEE_GetOperationInfoMultiple
 .text.TEE_ResetOperation
                0x0000000000003148       0xec /home/rahulmahadev/hikey_optee/optee_os/out/arm-plat-hikey/export-ta_arm64/lib/libutee.a(tee_api_operations.o)
                0x0000000000003148                TEE_ResetOperation
 .text.TEE_SetOperationKey
                0x0000000000003234      0x114 /home/rahulmahadev/hikey_optee/optee_os/out/arm-plat-hikey/export-ta_arm64/lib/libutee.a(tee_api_operations.o)
                0x0000000000003234                TEE_SetOperationKey
 .text.TEE_SetOperationKey2
                0x0000000000003348      0x1c4 /home/rahulmahadev/hikey_optee/optee_os/out/arm-plat-hikey/export-ta_arm64/lib/libutee.a(tee_api_operations.o)
                0x0000000000003348                TEE_SetOperationKey2
 .text.TEE_CopyOperation
                0x000000000000350c      0x208 /home/rahulmahadev/hikey_optee/optee_os/out/arm-plat-hikey/export-ta_arm64/lib/libutee.a(tee_api_operations.o)
                0x000000000000350c                TEE_CopyOperation
 .text.TEE_DigestUpdate
                0x0000000000003714       0xc0 /home/rahulmahadev/hikey_optee/optee_os/out/arm-plat-hikey/export-ta_arm64/lib/libutee.a(tee_api_operations.o)
                0x0000000000003714                TEE_DigestUpdate
 .text.TEE_DigestDoFinal
                0x00000000000037d4       0xd4 /home/rahulmahadev/hikey_optee/optee_os/out/arm-plat-hikey/export-ta_arm64/lib/libutee.a(tee_api_operations.o)
                0x00000000000037d4                TEE_DigestDoFinal
 .text.TEE_CipherInit
                0x00000000000038a8      0x13c /home/rahulmahadev/hikey_optee/optee_os/out/arm-plat-hikey/export-ta_arm64/lib/libutee.a(tee_api_operations.o)
                0x00000000000038a8                TEE_CipherInit
 .text.TEE_CipherUpdate
                0x00000000000039e4      0x12c /home/rahulmahadev/hikey_optee/optee_os/out/arm-plat-hikey/export-ta_arm64/lib/libutee.a(tee_api_operations.o)
                0x00000000000039e4                TEE_CipherUpdate
 .text.TEE_CipherDoFinal
                0x0000000000003b10      0x1b8 /home/rahulmahadev/hikey_optee/optee_os/out/arm-plat-hikey/export-ta_arm64/lib/libutee.a(tee_api_operations.o)
                0x0000000000003b10                TEE_CipherDoFinal
 .text.TEE_MACInit
                0x0000000000003cc8       0xf4 /home/rahulmahadev/hikey_optee/optee_os/out/arm-plat-hikey/export-ta_arm64/lib/libutee.a(tee_api_operations.o)
                0x0000000000003cc8                TEE_MACInit
 .text.TEE_MACUpdate
                0x0000000000003dbc      0x158 /home/rahulmahadev/hikey_optee/optee_os/out/arm-plat-hikey/export-ta_arm64/lib/libutee.a(tee_api_operations.o)
                0x0000000000003dbc                TEE_MACUpdate
 .text.TEE_MACComputeFinal
                0x0000000000003f14       0xe4 /home/rahulmahadev/hikey_optee/optee_os/out/arm-plat-hikey/export-ta_arm64/lib/libutee.a(tee_api_operations.o)
                0x0000000000003f14                TEE_MACComputeFinal
 .text.TEE_MACCompareFinal
                0x0000000000003ff8       0xe4 /home/rahulmahadev/hikey_optee/optee_os/out/arm-plat-hikey/export-ta_arm64/lib/libutee.a(tee_api_operations.o)
                0x0000000000003ff8                TEE_MACCompareFinal
 .text.TEE_AEInit
                0x00000000000040dc       0xec /home/rahulmahadev/hikey_optee/optee_os/out/arm-plat-hikey/export-ta_arm64/lib/libutee.a(tee_api_operations.o)
                0x00000000000040dc                TEE_AEInit
 .text.TEE_AEUpdateAAD
                0x00000000000041c8      0x124 /home/rahulmahadev/hikey_optee/optee_os/out/arm-plat-hikey/export-ta_arm64/lib/libutee.a(tee_api_operations.o)
                0x00000000000041c8                TEE_AEUpdateAAD
 .text.TEE_AEUpdate
                0x00000000000042ec      0x11c /home/rahulmahadev/hikey_optee/optee_os/out/arm-plat-hikey/export-ta_arm64/lib/libutee.a(tee_api_operations.o)
                0x00000000000042ec                TEE_AEUpdate
 .text.TEE_AEEncryptFinal
                0x0000000000004408      0x1a8 /home/rahulmahadev/hikey_optee/optee_os/out/arm-plat-hikey/export-ta_arm64/lib/libutee.a(tee_api_operations.o)
                0x0000000000004408                TEE_AEEncryptFinal
 .text.TEE_AEDecryptFinal
                0x00000000000045b0      0x1ac /home/rahulmahadev/hikey_optee/optee_os/out/arm-plat-hikey/export-ta_arm64/lib/libutee.a(tee_api_operations.o)
                0x00000000000045b0                TEE_AEDecryptFinal
 .text.TEE_AsymmetricEncrypt
                0x000000000000475c      0x240 /home/rahulmahadev/hikey_optee/optee_os/out/arm-plat-hikey/export-ta_arm64/lib/libutee.a(tee_api_operations.o)
                0x000000000000475c                TEE_AsymmetricEncrypt
 .text.TEE_AsymmetricDecrypt
                0x000000000000499c      0x244 /home/rahulmahadev/hikey_optee/optee_os/out/arm-plat-hikey/export-ta_arm64/lib/libutee.a(tee_api_operations.o)
                0x000000000000499c                TEE_AsymmetricDecrypt
 .text.TEE_AsymmetricSignDigest
                0x0000000000004be0      0x214 /home/rahulmahadev/hikey_optee/optee_os/out/arm-plat-hikey/export-ta_arm64/lib/libutee.a(tee_api_operations.o)
                0x0000000000004be0                TEE_AsymmetricSignDigest
 .text.TEE_AsymmetricVerifyDigest
                0x0000000000004df4      0x204 /home/rahulmahadev/hikey_optee/optee_os/out/arm-plat-hikey/export-ta_arm64/lib/libutee.a(tee_api_operations.o)
                0x0000000000004df4                TEE_AsymmetricVerifyDigest
 .text.TEE_DeriveKey
                0x0000000000004ff8      0x2dc /home/rahulmahadev/hikey_optee/optee_os/out/arm-plat-hikey/export-ta_arm64/lib/libutee.a(tee_api_operations.o)
                0x0000000000004ff8                TEE_DeriveKey
 .text.TEE_GenerateRandom
                0x00000000000052d4       0x5c /home/rahulmahadev/hikey_optee/optee_os/out/arm-plat-hikey/export-ta_arm64/lib/libutee.a(tee_api_operations.o)
                0x00000000000052d4                TEE_GenerateRandom
 .text.__TEE_Panic
                0x0000000000005330       0x10 /home/rahulmahadev/hikey_optee/optee_os/out/arm-plat-hikey/export-ta_arm64/lib/libutee.a(tee_api_panic.o)
                0x0000000000005330                __TEE_Panic
 .text.TEE_Panic
                0x0000000000005340       0x10 /home/rahulmahadev/hikey_optee/optee_os/out/arm-plat-hikey/export-ta_arm64/lib/libutee.a(tee_api_panic.o)
                0x0000000000005340                TEE_Panic
 .text.ta_header_get_session
                0x0000000000005350       0x30 /home/rahulmahadev/hikey_optee/optee_os/out/arm-plat-hikey/export-ta_arm64/lib/libutee.a(user_ta_entry.o)
 .text.ta_header_remove_session
                0x0000000000005380       0x7c /home/rahulmahadev/hikey_optee/optee_os/out/arm-plat-hikey/export-ta_arm64/lib/libutee.a(user_ta_entry.o)
 .text.ta_header_save_params.part.0
                0x00000000000053fc       0x14 /home/rahulmahadev/hikey_optee/optee_os/out/arm-plat-hikey/export-ta_arm64/lib/libutee.a(user_ta_entry.o)
 .text.__utee_entry
                0x0000000000005410      0x24c /home/rahulmahadev/hikey_optee/optee_os/out/arm-plat-hikey/export-ta_arm64/lib/libutee.a(user_ta_entry.o)
                0x0000000000005410                __utee_entry
 .text.print_buf
                0x000000000000565c       0x58 /home/rahulmahadev/hikey_optee/optee_os/out/arm-plat-hikey/export-ta_arm64/lib/libutee.a(tee_user_mem.o)
 .text.check_elem
                0x00000000000056b4       0xe4 /home/rahulmahadev/hikey_optee/optee_os/out/arm-plat-hikey/export-ta_arm64/lib/libutee.a(tee_user_mem.o)
 .text.tee_user_mem_alloc
                0x0000000000005798      0x144 /home/rahulmahadev/hikey_optee/optee_os/out/arm-plat-hikey/export-ta_arm64/lib/libutee.a(tee_user_mem.o)
                0x0000000000005798                tee_user_mem_alloc
 .text.tee_user_mem_free
                0x00000000000058dc      0x148 /home/rahulmahadev/hikey_optee/optee_os/out/arm-plat-hikey/export-ta_arm64/lib/libutee.a(tee_user_mem.o)
                0x00000000000058dc                tee_user_mem_free
 .text.tee_user_mem_realloc
                0x0000000000005a24       0xc0 /home/rahulmahadev/hikey_optee/optee_os/out/arm-plat-hikey/export-ta_arm64/lib/libutee.a(tee_user_mem.o)
                0x0000000000005a24                tee_user_mem_realloc
 .text.tee_user_mem_mark_heap
                0x0000000000005ae4        0xc /home/rahulmahadev/hikey_optee/optee_os/out/arm-plat-hikey/export-ta_arm64/lib/libutee.a(tee_user_mem.o)
                0x0000000000005ae4                tee_user_mem_mark_heap
 .text.tee_user_mem_check_heap
                0x0000000000005af0       0x94 /home/rahulmahadev/hikey_optee/optee_os/out/arm-plat-hikey/export-ta_arm64/lib/libutee.a(tee_user_mem.o)
                0x0000000000005af0                tee_user_mem_check_heap
 .text.tee_user_mem_garbage
                0x0000000000005b84       0x74 /home/rahulmahadev/hikey_optee/optee_os/out/arm-plat-hikey/export-ta_arm64/lib/libutee.a(tee_user_mem.o)
                0x0000000000005b84                tee_user_mem_garbage
 .text._assert_log
                0x0000000000005bf8       0x2c /home/rahulmahadev/hikey_optee/optee_os/out/arm-plat-hikey/export-ta_arm64/lib/libutee.a(assert.o)
                0x0000000000005bf8                _assert_log
 .text._assert_break
                0x0000000000005c24       0x10 /home/rahulmahadev/hikey_optee/optee_os/out/arm-plat-hikey/export-ta_arm64/lib/libutee.a(assert.o)
                0x0000000000005c24                _assert_break
 .text.unlikely.TEE_BigInt_Panic
                0x0000000000005c34       0x50 /home/rahulmahadev/hikey_optee/optee_os/out/arm-plat-hikey/export-ta_arm64/lib/libutee.a(tee_api_arith.o)
 .text._TEE_MathAPI_Init
                0x0000000000005c84       0x2c /home/rahulmahadev/hikey_optee/optee_os/out/arm-plat-hikey/export-ta_arm64/lib/libutee.a(tee_api_arith.o)
                0x0000000000005c84                _TEE_MathAPI_Init
 .text.TEE_BigIntInit
                0x0000000000005cb0        0x4 /home/rahulmahadev/hikey_optee/optee_os/out/arm-plat-hikey/export-ta_arm64/lib/libutee.a(tee_api_arith.o)
                0x0000000000005cb0                TEE_BigIntInit
 .text.TEE_BigIntInitFMM
                0x0000000000005cb4       0x18 /home/rahulmahadev/hikey_optee/optee_os/out/arm-plat-hikey/export-ta_arm64/lib/libutee.a(tee_api_arith.o)
                0x0000000000005cb4                TEE_BigIntInitFMM
 .text.TEE_BigIntInitFMMContext
                0x0000000000005ccc       0x3c /home/rahulmahadev/hikey_optee/optee_os/out/arm-plat-hikey/export-ta_arm64/lib/libutee.a(tee_api_arith.o)
                0x0000000000005ccc                TEE_BigIntInitFMMContext
 .text.TEE_BigIntFMMSizeInU32
                0x0000000000005d08       0x10 /home/rahulmahadev/hikey_optee/optee_os/out/arm-plat-hikey/export-ta_arm64/lib/libutee.a(tee_api_arith.o)
                0x0000000000005d08                TEE_BigIntFMMSizeInU32
 .text.TEE_BigIntFMMContextSizeInU32
                0x0000000000005d18       0x14 /home/rahulmahadev/hikey_optee/optee_os/out/arm-plat-hikey/export-ta_arm64/lib/libutee.a(tee_api_arith.o)
                0x0000000000005d18                TEE_BigIntFMMContextSizeInU32
 .text.TEE_BigIntConvertFromOctetString
                0x0000000000005d2c       0x28 /home/rahulmahadev/hikey_optee/optee_os/out/arm-plat-hikey/export-ta_arm64/lib/libutee.a(tee_api_arith.o)
                0x0000000000005d2c                TEE_BigIntConvertFromOctetString
 .text.TEE_BigIntConvertToOctetString
                0x0000000000005d54       0x40 /home/rahulmahadev/hikey_optee/optee_os/out/arm-plat-hikey/export-ta_arm64/lib/libutee.a(tee_api_arith.o)
                0x0000000000005d54                TEE_BigIntConvertToOctetString
 .text.TEE_BigIntConvertFromS32
                0x0000000000005d94        0x4 /home/rahulmahadev/hikey_optee/optee_os/out/arm-plat-hikey/export-ta_arm64/lib/libutee.a(tee_api_arith.o)
                0x0000000000005d94                TEE_BigIntConvertFromS32
 .text.TEE_BigIntConvertToS32
                0x0000000000005d98       0x20 /home/rahulmahadev/hikey_optee/optee_os/out/arm-plat-hikey/export-ta_arm64/lib/libutee.a(tee_api_arith.o)
                0x0000000000005d98                TEE_BigIntConvertToS32
 .text.TEE_BigIntCmp
                0x0000000000005db8        0x4 /home/rahulmahadev/hikey_optee/optee_os/out/arm-plat-hikey/export-ta_arm64/lib/libutee.a(tee_api_arith.o)
                0x0000000000005db8                TEE_BigIntCmp
 .text.TEE_BigIntCmpS32
                0x0000000000005dbc        0x4 /home/rahulmahadev/hikey_optee/optee_os/out/arm-plat-hikey/export-ta_arm64/lib/libutee.a(tee_api_arith.o)
                0x0000000000005dbc                TEE_BigIntCmpS32
 .text.TEE_BigIntShiftRight
                0x0000000000005dc0        0x4 /home/rahulmahadev/hikey_optee/optee_os/out/arm-plat-hikey/export-ta_arm64/lib/libutee.a(tee_api_arith.o)
                0x0000000000005dc0                TEE_BigIntShiftRight
 .text.TEE_BigIntGetBit
                0x0000000000005dc4       0x1c /home/rahulmahadev/hikey_optee/optee_os/out/arm-plat-hikey/export-ta_arm64/lib/libutee.a(tee_api_arith.o)
                0x0000000000005dc4                TEE_BigIntGetBit
 .text.TEE_BigIntGetBitCount
                0x0000000000005de0       0x18 /home/rahulmahadev/hikey_optee/optee_os/out/arm-plat-hikey/export-ta_arm64/lib/libutee.a(tee_api_arith.o)
                0x0000000000005de0                TEE_BigIntGetBitCount
 .text.TEE_BigIntAdd
                0x0000000000005df8        0xc /home/rahulmahadev/hikey_optee/optee_os/out/arm-plat-hikey/export-ta_arm64/lib/libutee.a(tee_api_arith.o)
                0x0000000000005df8                TEE_BigIntAdd
 .text.TEE_BigIntSub
                0x0000000000005e04        0xc /home/rahulmahadev/hikey_optee/optee_os/out/arm-plat-hikey/export-ta_arm64/lib/libutee.a(tee_api_arith.o)
                0x0000000000005e04                TEE_BigIntSub
 .text.TEE_BigIntNeg
                0x0000000000005e10        0x4 /home/rahulmahadev/hikey_optee/optee_os/out/arm-plat-hikey/export-ta_arm64/lib/libutee.a(tee_api_arith.o)
                0x0000000000005e10                TEE_BigIntNeg
 .text.TEE_BigIntMul
                0x0000000000005e14        0xc /home/rahulmahadev/hikey_optee/optee_os/out/arm-plat-hikey/export-ta_arm64/lib/libutee.a(tee_api_arith.o)
                0x0000000000005e14                TEE_BigIntMul
 .text.TEE_BigIntSquare
                0x0000000000005e20       0x10 /home/rahulmahadev/hikey_optee/optee_os/out/arm-plat-hikey/export-ta_arm64/lib/libutee.a(tee_api_arith.o)
                0x0000000000005e20                TEE_BigIntSquare
 .text.TEE_BigIntDiv
                0x0000000000005e30       0x5c /home/rahulmahadev/hikey_optee/optee_os/out/arm-plat-hikey/export-ta_arm64/lib/libutee.a(tee_api_arith.o)
                0x0000000000005e30                TEE_BigIntDiv
 .text.TEE_BigIntMod
                0x0000000000005e8c       0x94 /home/rahulmahadev/hikey_optee/optee_os/out/arm-plat-hikey/export-ta_arm64/lib/libutee.a(tee_api_arith.o)
                0x0000000000005e8c                TEE_BigIntMod
 .text.TEE_BigIntAddMod
                0x0000000000005f20       0x9c /home/rahulmahadev/hikey_optee/optee_os/out/arm-plat-hikey/export-ta_arm64/lib/libutee.a(tee_api_arith.o)
                0x0000000000005f20                TEE_BigIntAddMod
 .text.TEE_BigIntSubMod
                0x0000000000005fbc       0x9c /home/rahulmahadev/hikey_optee/optee_os/out/arm-plat-hikey/export-ta_arm64/lib/libutee.a(tee_api_arith.o)
                0x0000000000005fbc                TEE_BigIntSubMod
 .text.TEE_BigIntMulMod
                0x0000000000006058       0xc8 /home/rahulmahadev/hikey_optee/optee_os/out/arm-plat-hikey/export-ta_arm64/lib/libutee.a(tee_api_arith.o)
                0x0000000000006058                TEE_BigIntMulMod
 .text.TEE_BigIntSquareMod
                0x0000000000006120        0xc /home/rahulmahadev/hikey_optee/optee_os/out/arm-plat-hikey/export-ta_arm64/lib/libutee.a(tee_api_arith.o)
                0x0000000000006120                TEE_BigIntSquareMod
 .text.TEE_BigIntInvMod
                0x000000000000612c       0x6c /home/rahulmahadev/hikey_optee/optee_os/out/arm-plat-hikey/export-ta_arm64/lib/libutee.a(tee_api_arith.o)
                0x000000000000612c                TEE_BigIntInvMod
 .text.TEE_BigIntRelativePrime
                0x0000000000006198       0x78 /home/rahulmahadev/hikey_optee/optee_os/out/arm-plat-hikey/export-ta_arm64/lib/libutee.a(tee_api_arith.o)
                0x0000000000006198                TEE_BigIntRelativePrime
 .text.TEE_BigIntComputeExtendedGcd
                0x0000000000006210        0xc /home/rahulmahadev/hikey_optee/optee_os/out/arm-plat-hikey/export-ta_arm64/lib/libutee.a(tee_api_arith.o)
                0x0000000000006210                TEE_BigIntComputeExtendedGcd
 .text.TEE_BigIntIsProbablePrime
                0x000000000000621c       0x28 /home/rahulmahadev/hikey_optee/optee_os/out/arm-plat-hikey/export-ta_arm64/lib/libutee.a(tee_api_arith.o)
                0x000000000000621c                TEE_BigIntIsProbablePrime
 .text.TEE_BigIntConvertToFMM
                0x0000000000006244       0x1c /home/rahulmahadev/hikey_optee/optee_os/out/arm-plat-hikey/export-ta_arm64/lib/libutee.a(tee_api_arith.o)
                0x0000000000006244                TEE_BigIntConvertToFMM
 .text.TEE_BigIntConvertFromFMM
                0x0000000000006260       0x94 /home/rahulmahadev/hikey_optee/optee_os/out/arm-plat-hikey/export-ta_arm64/lib/libutee.a(tee_api_arith.o)
                0x0000000000006260                TEE_BigIntConvertFromFMM
 .text.TEE_BigIntComputeFMM
                0x00000000000062f4       0x10 /home/rahulmahadev/hikey_optee/optee_os/out/arm-plat-hikey/export-ta_arm64/lib/libutee.a(tee_api_arith.o)
                0x00000000000062f4                TEE_BigIntComputeFMM
 .text.utee_get_ta_exec_id
                0x0000000000006304        0x8 /home/rahulmahadev/hikey_optee/optee_os/out/arm-plat-hikey/export-ta_arm64/lib/libutee.a(utee_misc.o)
                0x0000000000006304                utee_get_ta_exec_id
 .text.utee_malloc
                0x000000000000630c        0x4 /home/rahulmahadev/hikey_optee/optee_os/out/arm-plat-hikey/export-ta_arm64/lib/libutee.a(utee_misc.o)
                0x000000000000630c                utee_malloc
 .text.utee_realloc
                0x0000000000006310        0x4 /home/rahulmahadev/hikey_optee/optee_os/out/arm-plat-hikey/export-ta_arm64/lib/libutee.a(utee_misc.o)
                0x0000000000006310                utee_realloc
 .text.utee_calloc
                0x0000000000006314       0x10 /home/rahulmahadev/hikey_optee/optee_os/out/arm-plat-hikey/export-ta_arm64/lib/libutee.a(utee_misc.o)
                0x0000000000006314                utee_calloc
 .text.utee_free
                0x0000000000006324        0x4 /home/rahulmahadev/hikey_optee/optee_os/out/arm-plat-hikey/export-ta_arm64/lib/libutee.a(utee_misc.o)
                0x0000000000006324                utee_free
 .text.get_rng_array
                0x0000000000006328        0x4 /home/rahulmahadev/hikey_optee/optee_os/out/arm-plat-hikey/export-ta_arm64/lib/libutee.a(utee_misc.o)
                0x0000000000006328                get_rng_array
 .text.trace_ext_puts
                0x000000000000632c       0x28 /home/rahulmahadev/hikey_optee/optee_os/out/arm-plat-hikey/export-ta_arm64/lib/libutee.a(trace_ext.o)
                0x000000000000632c                trace_ext_puts
 .text.trace_ext_get_thread_id
                0x0000000000006354        0x8 /home/rahulmahadev/hikey_optee/optee_os/out/arm-plat-hikey/export-ta_arm64/lib/libutee.a(trace_ext.o)
                0x0000000000006354                trace_ext_get_thread_id
 .text.puts     0x000000000000635c       0x34 /home/rahulmahadev/hikey_optee/optee_os/out/arm-plat-hikey/export-ta_arm64/lib/libutee.a(trace_ext.o)
                0x000000000000635c                puts
 .text.printf   0x0000000000006390      0x100 /home/rahulmahadev/hikey_optee/optee_os/out/arm-plat-hikey/export-ta_arm64/lib/libutee.a(trace_ext.o)
                0x0000000000006390                printf
 .text.create_free_block
                0x0000000000006490       0xf0 /home/rahulmahadev/hikey_optee/optee_os/out/arm-plat-hikey/export-ta_arm64/lib/libutils.a(bget_malloc.o)
 .text.bget     0x0000000000006580      0x160 /home/rahulmahadev/hikey_optee/optee_os/out/arm-plat-hikey/export-ta_arm64/lib/libutils.a(bget_malloc.o)
                0x0000000000006580                bget
 .text.bgetz    0x00000000000066e0       0x7c /home/rahulmahadev/hikey_optee/optee_os/out/arm-plat-hikey/export-ta_arm64/lib/libutils.a(bget_malloc.o)
                0x00000000000066e0                bgetz
 .text.brel     0x000000000000675c      0x1f0 /home/rahulmahadev/hikey_optee/optee_os/out/arm-plat-hikey/export-ta_arm64/lib/libutils.a(bget_malloc.o)
                0x000000000000675c                brel
 .text.bgetr    0x000000000000694c       0x98 /home/rahulmahadev/hikey_optee/optee_os/out/arm-plat-hikey/export-ta_arm64/lib/libutils.a(bget_malloc.o)
                0x000000000000694c                bgetr
 .text.bpool    0x00000000000069e4       0xbc /home/rahulmahadev/hikey_optee/optee_os/out/arm-plat-hikey/export-ta_arm64/lib/libutils.a(bget_malloc.o)
                0x00000000000069e4                bpool
 .text.malloc_reset_max_allocated
                0x0000000000006aa0        0x4 /home/rahulmahadev/hikey_optee/optee_os/out/arm-plat-hikey/export-ta_arm64/lib/libutils.a(bget_malloc.o)
                0x0000000000006aa0                malloc_reset_max_allocated
 .text.malloc_get_max_allocated
                0x0000000000006aa4        0x8 /home/rahulmahadev/hikey_optee/optee_os/out/arm-plat-hikey/export-ta_arm64/lib/libutils.a(bget_malloc.o)
                0x0000000000006aa4                malloc_get_max_allocated
 .text.malloc_get_allocated
                0x0000000000006aac        0x8 /home/rahulmahadev/hikey_optee/optee_os/out/arm-plat-hikey/export-ta_arm64/lib/libutils.a(bget_malloc.o)
                0x0000000000006aac                malloc_get_allocated
 .text.malloc_get_heap_size
                0x0000000000006ab4       0x38 /home/rahulmahadev/hikey_optee/optee_os/out/arm-plat-hikey/export-ta_arm64/lib/libutils.a(bget_malloc.o)
                0x0000000000006ab4                malloc_get_heap_size
 .text.malloc   0x0000000000006aec        0xc /home/rahulmahadev/hikey_optee/optee_os/out/arm-plat-hikey/export-ta_arm64/lib/libutils.a(bget_malloc.o)
                0x0000000000006aec                malloc
 .text.free     0x0000000000006af8        0xc /home/rahulmahadev/hikey_optee/optee_os/out/arm-plat-hikey/export-ta_arm64/lib/libutils.a(bget_malloc.o)
                0x0000000000006af8                free
 .text.calloc   0x0000000000006b04       0x28 /home/rahulmahadev/hikey_optee/optee_os/out/arm-plat-hikey/export-ta_arm64/lib/libutils.a(bget_malloc.o)
                0x0000000000006b04                calloc
 .text.realloc  0x0000000000006b2c        0xc /home/rahulmahadev/hikey_optee/optee_os/out/arm-plat-hikey/export-ta_arm64/lib/libutils.a(bget_malloc.o)
                0x0000000000006b2c                realloc
 .text.memalign
                0x0000000000006b38      0x2c0 /home/rahulmahadev/hikey_optee/optee_os/out/arm-plat-hikey/export-ta_arm64/lib/libutils.a(bget_malloc.o)
                0x0000000000006b38                memalign
 .text.malloc_add_pool
                0x0000000000006df8       0xc8 /home/rahulmahadev/hikey_optee/optee_os/out/arm-plat-hikey/export-ta_arm64/lib/libutils.a(bget_malloc.o)
                0x0000000000006df8                malloc_add_pool
 .text.malloc_buffer_is_within_alloced
                0x0000000000006ec0      0x124 /home/rahulmahadev/hikey_optee/optee_os/out/arm-plat-hikey/export-ta_arm64/lib/libutils.a(bget_malloc.o)
                0x0000000000006ec0                malloc_buffer_is_within_alloced
 .text.malloc_buffer_overlaps_heap
                0x0000000000006fe4       0x68 /home/rahulmahadev/hikey_optee/optee_os/out/arm-plat-hikey/export-ta_arm64/lib/libutils.a(bget_malloc.o)
                0x0000000000006fe4                malloc_buffer_overlaps_heap
 .text.snprintf
                0x000000000000704c       0x60 /home/rahulmahadev/hikey_optee/optee_os/out/arm-plat-hikey/export-ta_arm64/lib/libutils.a(snprintf.o)
                0x000000000000704c                snprintf
 .text.vsnprintf
                0x00000000000070ac       0x58 /home/rahulmahadev/hikey_optee/optee_os/out/arm-plat-hikey/export-ta_arm64/lib/libutils.a(snprintf.o)
                0x00000000000070ac                vsnprintf
 .text.memcmp   0x0000000000007104       0x34 /home/rahulmahadev/hikey_optee/optee_os/out/arm-plat-hikey/export-ta_arm64/lib/libutils.a(memcmp.o)
                0x0000000000007104                memcmp
 .text.memcpy   0x0000000000007138       0x20 /home/rahulmahadev/hikey_optee/optee_os/out/arm-plat-hikey/export-ta_arm64/lib/libutils.a(memcpy.o)
                0x0000000000007138                memcpy
 .text.memmove  0x0000000000007158       0x50 /home/rahulmahadev/hikey_optee/optee_os/out/arm-plat-hikey/export-ta_arm64/lib/libutils.a(memmove.o)
                0x0000000000007158                memmove
 .text.memset   0x00000000000071a8       0x1c /home/rahulmahadev/hikey_optee/optee_os/out/arm-plat-hikey/export-ta_arm64/lib/libutils.a(memset.o)
                0x00000000000071a8                memset
 .text.strcmp   0x00000000000071c4       0x30 /home/rahulmahadev/hikey_optee/optee_os/out/arm-plat-hikey/export-ta_arm64/lib/libutils.a(strcmp.o)
                0x00000000000071c4                strcmp
 .text.strlen   0x00000000000071f4       0x1c /home/rahulmahadev/hikey_optee/optee_os/out/arm-plat-hikey/export-ta_arm64/lib/libutils.a(strlen.o)
                0x00000000000071f4                strlen
 .text.__vsnprintf
                0x0000000000007210      0xb44 /home/rahulmahadev/hikey_optee/optee_os/out/arm-plat-hikey/export-ta_arm64/lib/libutils.a(snprintk.o)
                0x0000000000007210                __vsnprintf
 .text.vsnprintk
                0x0000000000007d54       0x58 /home/rahulmahadev/hikey_optee/optee_os/out/arm-plat-hikey/export-ta_arm64/lib/libutils.a(snprintk.o)
                0x0000000000007d54                vsnprintk
 .text.snprintk
                0x0000000000007dac       0x5c /home/rahulmahadev/hikey_optee/optee_os/out/arm-plat-hikey/export-ta_arm64/lib/libutils.a(snprintk.o)
                0x0000000000007dac                snprintk
 .text.strlcpy  0x0000000000007e08       0x38 /home/rahulmahadev/hikey_optee/optee_os/out/arm-plat-hikey/export-ta_arm64/lib/libutils.a(strlcpy.o)
                0x0000000000007e08                strlcpy
 .text.buf_compare_ct
                0x0000000000007e40       0x40 /home/rahulmahadev/hikey_optee/optee_os/out/arm-plat-hikey/export-ta_arm64/lib/libutils.a(buf_compare_ct.o)
                0x0000000000007e40                buf_compare_ct
 .text.trace_set_level
                0x0000000000007e80       0x20 /home/rahulmahadev/hikey_optee/optee_os/out/arm-plat-hikey/export-ta_arm64/lib/libutils.a(trace.o)
                0x0000000000007e80                trace_set_level
 .text.trace_get_level
                0x0000000000007ea0       0x10 /home/rahulmahadev/hikey_optee/optee_os/out/arm-plat-hikey/export-ta_arm64/lib/libutils.a(trace.o)
                0x0000000000007ea0                trace_get_level
 .text.trace_printf
                0x0000000000007eb0      0x1b4 /home/rahulmahadev/hikey_optee/optee_os/out/arm-plat-hikey/export-ta_arm64/lib/libutils.a(trace.o)
                0x0000000000007eb0                trace_printf
 .text.dhex_dump
                0x0000000000008064        0x4 /home/rahulmahadev/hikey_optee/optee_os/out/arm-plat-hikey/export-ta_arm64/lib/libutils.a(trace.o)
                0x0000000000008064                dhex_dump
 .text.memchr   0x0000000000008068       0x2c /home/rahulmahadev/hikey_optee/optee_os/out/arm-plat-hikey/export-ta_arm64/lib/libutils.a(memchr.o)
                0x0000000000008068                memchr
 .text.__mpa_set_unused_digits_to_zero
                0x0000000000008094       0x28 /home/rahulmahadev/hikey_optee/optee_os/out/arm-plat-hikey/export-ta_arm64/lib/libmpa.a(mpa_misc.o)
                0x0000000000008094                __mpa_set_unused_digits_to_zero
 .text.mpa_wipe
                0x00000000000080bc       0x30 /home/rahulmahadev/hikey_optee/optee_os/out/arm-plat-hikey/export-ta_arm64/lib/libmpa.a(mpa_misc.o)
                0x00000000000080bc                mpa_wipe
 .text.mpa_copy
                0x00000000000080ec       0x50 /home/rahulmahadev/hikey_optee/optee_os/out/arm-plat-hikey/export-ta_arm64/lib/libmpa.a(mpa_misc.o)
                0x00000000000080ec                mpa_copy
 .text.mpa_abs  0x000000000000813c       0x30 /home/rahulmahadev/hikey_optee/optee_os/out/arm-plat-hikey/export-ta_arm64/lib/libmpa.a(mpa_misc.o)
                0x000000000000813c                mpa_abs
 .text.mpa_highest_bit_index
                0x000000000000816c       0x48 /home/rahulmahadev/hikey_optee/optee_os/out/arm-plat-hikey/export-ta_arm64/lib/libmpa.a(mpa_misc.o)
                0x000000000000816c                mpa_highest_bit_index
 .text.mpa_get_bit
                0x00000000000081b4       0x44 /home/rahulmahadev/hikey_optee/optee_os/out/arm-plat-hikey/export-ta_arm64/lib/libmpa.a(mpa_misc.o)
                0x00000000000081b4                mpa_get_bit
 .text.mpa_can_hold
                0x00000000000081f8       0x1c /home/rahulmahadev/hikey_optee/optee_os/out/arm-plat-hikey/export-ta_arm64/lib/libmpa.a(mpa_misc.o)
                0x00000000000081f8                mpa_can_hold
 .text.mpa_parity
                0x0000000000008214        0xc /home/rahulmahadev/hikey_optee/optee_os/out/arm-plat-hikey/export-ta_arm64/lib/libmpa.a(mpa_misc.o)
                0x0000000000008214                mpa_parity
 .text.mpa_constant_one
                0x0000000000008220        0xc /home/rahulmahadev/hikey_optee/optee_os/out/arm-plat-hikey/export-ta_arm64/lib/libmpa.a(mpa_misc.o)
                0x0000000000008220                mpa_constant_one
 .text.__mpa_montgomery_mul_add
                0x000000000000822c       0x78 /home/rahulmahadev/hikey_optee/optee_os/out/arm-plat-hikey/export-ta_arm64/lib/libmpa.a(mpa_montgomery.o)
                0x000000000000822c                __mpa_montgomery_mul_add
 .text.__mpa_montgomery_sub_ack
                0x00000000000082a4       0x90 /home/rahulmahadev/hikey_optee/optee_os/out/arm-plat-hikey/export-ta_arm64/lib/libmpa.a(mpa_montgomery.o)
                0x00000000000082a4                __mpa_montgomery_sub_ack
 .text.__mpa_montgomery_mul
                0x0000000000008334      0x134 /home/rahulmahadev/hikey_optee/optee_os/out/arm-plat-hikey/export-ta_arm64/lib/libmpa.a(mpa_montgomery.o)
                0x0000000000008334                __mpa_montgomery_mul
 .text.mpa_compute_fmm_context
                0x0000000000008468      0x14c /home/rahulmahadev/hikey_optee/optee_os/out/arm-plat-hikey/export-ta_arm64/lib/libmpa.a(mpa_montgomery.o)
                0x0000000000008468                mpa_compute_fmm_context
 .text.mpa_montgomery_mul
                0x00000000000085b4       0x7c /home/rahulmahadev/hikey_optee/optee_os/out/arm-plat-hikey/export-ta_arm64/lib/libmpa.a(mpa_montgomery.o)
                0x00000000000085b4                mpa_montgomery_mul
 .text.mpa_is_prob_prime
                0x0000000000008630      0x3b4 /home/rahulmahadev/hikey_optee/optee_os/out/arm-plat-hikey/export-ta_arm64/lib/libmpa.a(mpa_primetest.o)
                0x0000000000008630                mpa_is_prob_prime
 .text.mpa_set_S32
                0x00000000000089e4       0x30 /home/rahulmahadev/hikey_optee/optee_os/out/arm-plat-hikey/export-ta_arm64/lib/libmpa.a(mpa_conv.o)
                0x00000000000089e4                mpa_set_S32
 .text.mpa_get_S32
                0x0000000000008a14       0x78 /home/rahulmahadev/hikey_optee/optee_os/out/arm-plat-hikey/export-ta_arm64/lib/libmpa.a(mpa_conv.o)
                0x0000000000008a14                mpa_get_S32
 .text.mpa_set_word
                0x0000000000008a8c       0x14 /home/rahulmahadev/hikey_optee/optee_os/out/arm-plat-hikey/export-ta_arm64/lib/libmpa.a(mpa_conv.o)
                0x0000000000008a8c                mpa_set_word
 .text.mpa_get_word
                0x0000000000008aa0       0x18 /home/rahulmahadev/hikey_optee/optee_os/out/arm-plat-hikey/export-ta_arm64/lib/libmpa.a(mpa_conv.o)
                0x0000000000008aa0                mpa_get_word
 .text.__mpa_div_dword
                0x0000000000008ab8       0x50 /home/rahulmahadev/hikey_optee/optee_os/out/arm-plat-hikey/export-ta_arm64/lib/libmpa.a(mpa_div.o)
                0x0000000000008ab8                __mpa_div_dword
 .text.__mpa_div_q_r_internal_word
                0x0000000000008b08      0x11c /home/rahulmahadev/hikey_optee/optee_os/out/arm-plat-hikey/export-ta_arm64/lib/libmpa.a(mpa_div.o)
                0x0000000000008b08                __mpa_div_q_r_internal_word
 .text.__mpa_div_q_r
                0x0000000000008c24      0x6ac /home/rahulmahadev/hikey_optee/optee_os/out/arm-plat-hikey/export-ta_arm64/lib/libmpa.a(mpa_div.o)
                0x0000000000008c24                __mpa_div_q_r
 .text.mpa_div  0x00000000000092d0      0x118 /home/rahulmahadev/hikey_optee/optee_os/out/arm-plat-hikey/export-ta_arm64/lib/libmpa.a(mpa_div.o)
                0x00000000000092d0                mpa_div
 .text.__mpa_divby2
                0x00000000000093e8       0x88 /home/rahulmahadev/hikey_optee/optee_os/out/arm-plat-hikey/export-ta_arm64/lib/libmpa.a(mpa_gcd.o)
 .text.__mpa_gcd.part.0
                0x0000000000009470      0x17c /home/rahulmahadev/hikey_optee/optee_os/out/arm-plat-hikey/export-ta_arm64/lib/libmpa.a(mpa_gcd.o)
 .text.__mpa_egcd
                0x00000000000095ec      0x38c /home/rahulmahadev/hikey_optee/optee_os/out/arm-plat-hikey/export-ta_arm64/lib/libmpa.a(mpa_gcd.o)
 .text.mpa_gcd  0x0000000000009978      0x11c /home/rahulmahadev/hikey_optee/optee_os/out/arm-plat-hikey/export-ta_arm64/lib/libmpa.a(mpa_gcd.o)
                0x0000000000009978                mpa_gcd
 .text.mpa_extended_gcd
                0x0000000000009a94      0x1fc /home/rahulmahadev/hikey_optee/optee_os/out/arm-plat-hikey/export-ta_arm64/lib/libmpa.a(mpa_gcd.o)
                0x0000000000009a94                mpa_extended_gcd
 .text.mpa_init_scratch_mem_sync
                0x0000000000009c90       0x20 /home/rahulmahadev/hikey_optee/optee_os/out/arm-plat-hikey/export-ta_arm64/lib/libmpa.a(mpa_mem_static.o)
                0x0000000000009c90                mpa_init_scratch_mem_sync
 .text.mpa_init_scratch_mem
                0x0000000000009cb0       0x20 /home/rahulmahadev/hikey_optee/optee_os/out/arm-plat-hikey/export-ta_arm64/lib/libmpa.a(mpa_mem_static.o)
                0x0000000000009cb0                mpa_init_scratch_mem
 .text.mpa_alloc_static_temp_var_size
                0x0000000000009cd0       0xe4 /home/rahulmahadev/hikey_optee/optee_os/out/arm-plat-hikey/export-ta_arm64/lib/libmpa.a(mpa_mem_static.o)
                0x0000000000009cd0                mpa_alloc_static_temp_var_size
 .text.mpa_alloc_static_temp_var
                0x0000000000009db4       0x10 /home/rahulmahadev/hikey_optee/optee_os/out/arm-plat-hikey/export-ta_arm64/lib/libmpa.a(mpa_mem_static.o)
                0x0000000000009db4                mpa_alloc_static_temp_var
 .text.mpa_free_static_temp_var
                0x0000000000009dc4       0x4c /home/rahulmahadev/hikey_optee/optee_os/out/arm-plat-hikey/export-ta_arm64/lib/libmpa.a(mpa_mem_static.o)
                0x0000000000009dc4                mpa_free_static_temp_var
 .text.__mpa_mul_add_word
                0x0000000000009e10       0x18 /home/rahulmahadev/hikey_optee/optee_os/out/arm-plat-hikey/export-ta_arm64/lib/libmpa.a(mpa_mul.o)
                0x0000000000009e10                __mpa_mul_add_word
 .text.__mpa_mul_add_word_cum
                0x0000000000009e28       0x20 /home/rahulmahadev/hikey_optee/optee_os/out/arm-plat-hikey/export-ta_arm64/lib/libmpa.a(mpa_mul.o)
                0x0000000000009e28                __mpa_mul_add_word_cum
 .text.__mpa_abs_mul_word
                0x0000000000009e48       0x9c /home/rahulmahadev/hikey_optee/optee_os/out/arm-plat-hikey/export-ta_arm64/lib/libmpa.a(mpa_mul.o)
                0x0000000000009e48                __mpa_abs_mul_word
 .text.__mpa_abs_mul
                0x0000000000009ee4       0xf4 /home/rahulmahadev/hikey_optee/optee_os/out/arm-plat-hikey/export-ta_arm64/lib/libmpa.a(mpa_mul.o)
                0x0000000000009ee4                __mpa_abs_mul
 .text.mpa_mul  0x0000000000009fd8       0xe4 /home/rahulmahadev/hikey_optee/optee_os/out/arm-plat-hikey/export-ta_arm64/lib/libmpa.a(mpa_mul.o)
                0x0000000000009fd8                mpa_mul
 .text.mpa_mul_word
                0x000000000000a0bc       0xc4 /home/rahulmahadev/hikey_optee/optee_os/out/arm-plat-hikey/export-ta_arm64/lib/libmpa.a(mpa_mul.o)
                0x000000000000a0bc                mpa_mul_word
 .text.mpa_set_random_generator
                0x000000000000a180        0xc /home/rahulmahadev/hikey_optee/optee_os/out/arm-plat-hikey/export-ta_arm64/lib/libmpa.a(mpa_random.o)
                0x000000000000a180                mpa_set_random_generator
 .text.mpa_get_random
                0x000000000000a18c      0x10c /home/rahulmahadev/hikey_optee/optee_os/out/arm-plat-hikey/export-ta_arm64/lib/libmpa.a(mpa_random.o)
                0x000000000000a18c                mpa_get_random
 .text.__mpa_shift_words_left
                0x000000000000a298       0x98 /home/rahulmahadev/hikey_optee/optee_os/out/arm-plat-hikey/export-ta_arm64/lib/libmpa.a(mpa_shift.o)
                0x000000000000a298                __mpa_shift_words_left
 .text.__mpa_shift_words_right
                0x000000000000a330       0x74 /home/rahulmahadev/hikey_optee/optee_os/out/arm-plat-hikey/export-ta_arm64/lib/libmpa.a(mpa_shift.o)
                0x000000000000a330                __mpa_shift_words_right
 .text.mpa_shift_left
                0x000000000000a3a4      0x184 /home/rahulmahadev/hikey_optee/optee_os/out/arm-plat-hikey/export-ta_arm64/lib/libmpa.a(mpa_shift.o)
                0x000000000000a3a4                mpa_shift_left
 .text.mpa_shift_right
                0x000000000000a528      0x168 /home/rahulmahadev/hikey_optee/optee_os/out/arm-plat-hikey/export-ta_arm64/lib/libmpa.a(mpa_shift.o)
                0x000000000000a528                mpa_shift_right
 .text.__mpa_full_adder
                0x000000000000a690       0x1c /home/rahulmahadev/hikey_optee/optee_os/out/arm-plat-hikey/export-ta_arm64/lib/libmpa.a(mpa_addsub.o)
                0x000000000000a690                __mpa_full_adder
 .text.__mpa_full_sub
                0x000000000000a6ac       0x24 /home/rahulmahadev/hikey_optee/optee_os/out/arm-plat-hikey/export-ta_arm64/lib/libmpa.a(mpa_addsub.o)
                0x000000000000a6ac                __mpa_full_sub
 .text.__mpa_full_adder_ackum
                0x000000000000a6d0       0x20 /home/rahulmahadev/hikey_optee/optee_os/out/arm-plat-hikey/export-ta_arm64/lib/libmpa.a(mpa_addsub.o)
                0x000000000000a6d0                __mpa_full_adder_ackum
 .text.__mpa_abs_add
                0x000000000000a6f0       0xf8 /home/rahulmahadev/hikey_optee/optee_os/out/arm-plat-hikey/export-ta_arm64/lib/libmpa.a(mpa_addsub.o)
                0x000000000000a6f0                __mpa_abs_add
 .text.__mpa_abs_add_ackum
                0x000000000000a7e8       0xd0 /home/rahulmahadev/hikey_optee/optee_os/out/arm-plat-hikey/export-ta_arm64/lib/libmpa.a(mpa_addsub.o)
                0x000000000000a7e8                __mpa_abs_add_ackum
 .text.__mpa_abs_sub
                0x000000000000a8b8      0x104 /home/rahulmahadev/hikey_optee/optee_os/out/arm-plat-hikey/export-ta_arm64/lib/libmpa.a(mpa_addsub.o)
                0x000000000000a8b8                __mpa_abs_sub
 .text.mpa_add  0x000000000000a9bc      0x19c /home/rahulmahadev/hikey_optee/optee_os/out/arm-plat-hikey/export-ta_arm64/lib/libmpa.a(mpa_addsub.o)
                0x000000000000a9bc                mpa_add
 .text.mpa_sub  0x000000000000ab58      0x1a8 /home/rahulmahadev/hikey_optee/optee_os/out/arm-plat-hikey/export-ta_arm64/lib/libmpa.a(mpa_addsub.o)
                0x000000000000ab58                mpa_sub
 .text.mpa_neg  0x000000000000ad00       0x2c /home/rahulmahadev/hikey_optee/optee_os/out/arm-plat-hikey/export-ta_arm64/lib/libmpa.a(mpa_addsub.o)
                0x000000000000ad00                mpa_neg
 .text.mpa_add_word
                0x000000000000ad2c      0x148 /home/rahulmahadev/hikey_optee/optee_os/out/arm-plat-hikey/export-ta_arm64/lib/libmpa.a(mpa_addsub.o)
                0x000000000000ad2c                mpa_add_word
 .text.mpa_sub_word
                0x000000000000ae74      0x144 /home/rahulmahadev/hikey_optee/optee_os/out/arm-plat-hikey/export-ta_arm64/lib/libmpa.a(mpa_addsub.o)
                0x000000000000ae74                mpa_sub_word
 .text.__mpa_abs_cmp
                0x000000000000afb8       0xac /home/rahulmahadev/hikey_optee/optee_os/out/arm-plat-hikey/export-ta_arm64/lib/libmpa.a(mpa_cmp.o)
                0x000000000000afb8                __mpa_abs_cmp
 .text.__mpa_abs_greater_than
                0x000000000000b064       0x1c /home/rahulmahadev/hikey_optee/optee_os/out/arm-plat-hikey/export-ta_arm64/lib/libmpa.a(mpa_cmp.o)
                0x000000000000b064                __mpa_abs_greater_than
 .text.__mpa_abs_less_than
                0x000000000000b080       0x18 /home/rahulmahadev/hikey_optee/optee_os/out/arm-plat-hikey/export-ta_arm64/lib/libmpa.a(mpa_cmp.o)
                0x000000000000b080                __mpa_abs_less_than
 .text.mpa_cmp  0x000000000000b098       0x6c /home/rahulmahadev/hikey_optee/optee_os/out/arm-plat-hikey/export-ta_arm64/lib/libmpa.a(mpa_cmp.o)
                0x000000000000b098                mpa_cmp
 .text.mpa_cmp_short
                0x000000000000b104       0x78 /home/rahulmahadev/hikey_optee/optee_os/out/arm-plat-hikey/export-ta_arm64/lib/libmpa.a(mpa_cmp.o)
                0x000000000000b104                mpa_cmp_short
 .text.mpa_exp_mod
                0x000000000000b17c      0x178 /home/rahulmahadev/hikey_optee/optee_os/out/arm-plat-hikey/export-ta_arm64/lib/libmpa.a(mpa_expmod.o)
                0x000000000000b17c                mpa_exp_mod
 .text.mpa_init_static
                0x000000000000b2f4       0x20 /home/rahulmahadev/hikey_optee/optee_os/out/arm-plat-hikey/export-ta_arm64/lib/libmpa.a(mpa_init.o)
                0x000000000000b2f4                mpa_init_static
 .text.mpa_init_static_fmm_context
                0x000000000000b314       0x74 /home/rahulmahadev/hikey_optee/optee_os/out/arm-plat-hikey/export-ta_arm64/lib/libmpa.a(mpa_init.o)
                0x000000000000b314                mpa_init_static_fmm_context
 .text.__mpa_word_to_hexstr
                0x000000000000b388       0x50 /home/rahulmahadev/hikey_optee/optee_os/out/arm-plat-hikey/export-ta_arm64/lib/libmpa.a(mpa_io.o)
 .text.__mpa_mpanum_to_hexstr
                0x000000000000b3d8      0x130 /home/rahulmahadev/hikey_optee/optee_os/out/arm-plat-hikey/export-ta_arm64/lib/libmpa.a(mpa_io.o)
 .text.__mpa_isspace
                0x000000000000b508       0x3c /home/rahulmahadev/hikey_optee/optee_os/out/arm-plat-hikey/export-ta_arm64/lib/libmpa.a(mpa_io.o)
 .text.mpa_get_str_size
                0x000000000000b544        0x8 /home/rahulmahadev/hikey_optee/optee_os/out/arm-plat-hikey/export-ta_arm64/lib/libmpa.a(mpa_io.o)
                0x000000000000b544                mpa_get_str_size
 .text.mpa_set_str
                0x000000000000b54c      0x2ac /home/rahulmahadev/hikey_optee/optee_os/out/arm-plat-hikey/export-ta_arm64/lib/libmpa.a(mpa_io.o)
                0x000000000000b54c                mpa_set_str
 .text.mpa_get_str
                0x000000000000b7f8       0x78 /home/rahulmahadev/hikey_optee/optee_os/out/arm-plat-hikey/export-ta_arm64/lib/libmpa.a(mpa_io.o)
                0x000000000000b7f8                mpa_get_str
 .text.mpa_set_oct_str
                0x000000000000b870      0x120 /home/rahulmahadev/hikey_optee/optee_os/out/arm-plat-hikey/export-ta_arm64/lib/libmpa.a(mpa_io.o)
                0x000000000000b870                mpa_set_oct_str
 .text.mpa_get_oct_str
                0x000000000000b990      0x18c /home/rahulmahadev/hikey_optee/optee_os/out/arm-plat-hikey/export-ta_arm64/lib/libmpa.a(mpa_io.o)
                0x000000000000b990                mpa_get_oct_str
 .text.mpa_mod  0x000000000000bb1c       0x18 /home/rahulmahadev/hikey_optee/optee_os/out/arm-plat-hikey/export-ta_arm64/lib/libmpa.a(mpa_modulus.o)
                0x000000000000bb1c                mpa_mod
 .text.mpa_add_mod
                0x000000000000bb34       0x84 /home/rahulmahadev/hikey_optee/optee_os/out/arm-plat-hikey/export-ta_arm64/lib/libmpa.a(mpa_modulus.o)
                0x000000000000bb34                mpa_add_mod
 .text.mpa_sub_mod
                0x000000000000bbb8       0x84 /home/rahulmahadev/hikey_optee/optee_os/out/arm-plat-hikey/export-ta_arm64/lib/libmpa.a(mpa_modulus.o)
                0x000000000000bbb8                mpa_sub_mod
 .text.mpa_mul_mod
                0x000000000000bc3c       0x84 /home/rahulmahadev/hikey_optee/optee_os/out/arm-plat-hikey/export-ta_arm64/lib/libmpa.a(mpa_modulus.o)
                0x000000000000bc3c                mpa_mul_mod
 .text.mpa_inv_mod
                0x000000000000bcc0      0x11c /home/rahulmahadev/hikey_optee/optee_os/out/arm-plat-hikey/export-ta_arm64/lib/libmpa.a(mpa_modulus.o)
                0x000000000000bcc0                mpa_inv_mod
 .text          0x000000000000bddc        0x0 /home/rahulmahadev/hikey_optee/neo/ta/out/ta.o
 .text          0x000000000000bddc        0x0 /home/rahulmahadev/hikey_optee/neo/ta/out/user_ta_header.o
 .text          0x000000000000bddc        0x0 /home/rahulmahadev/hikey_optee/optee_os/out/arm-plat-hikey/export-ta_arm64/lib/libutee.a(tee_api.o)
 .text          0x000000000000bddc        0x0 /home/rahulmahadev/hikey_optee/optee_os/out/arm-plat-hikey/export-ta_arm64/lib/libutee.a(tee_api_objects.o)
 .text          0x000000000000bddc        0x0 /home/rahulmahadev/hikey_optee/optee_os/out/arm-plat-hikey/export-ta_arm64/lib/libutee.a(tee_api_operations.o)
 .text          0x000000000000bddc        0x0 /home/rahulmahadev/hikey_optee/optee_os/out/arm-plat-hikey/export-ta_arm64/lib/libutee.a(tee_api_panic.o)
 .text          0x000000000000bddc        0x0 /home/rahulmahadev/hikey_optee/optee_os/out/arm-plat-hikey/export-ta_arm64/lib/libutee.a(user_ta_entry.o)
 .text          0x000000000000bddc      0x36c /home/rahulmahadev/hikey_optee/optee_os/out/arm-plat-hikey/export-ta_arm64/lib/libutee.a(utee_syscalls_a64.o)
                0x000000000000bddc                utee_return
                0x000000000000bde8                utee_log
                0x000000000000bdf4                utee_panic
                0x000000000000be00                utee_dummy
                0x000000000000be0c                utee_dummy_7args
                0x000000000000be18                utee_nocall
                0x000000000000be24                utee_get_property
                0x000000000000be30                utee_open_ta_session
                0x000000000000be3c                utee_close_ta_session
                0x000000000000be48                utee_invoke_ta_command
                0x000000000000be54                utee_get_cancellation_flag
                0x000000000000be60                utee_check_access_rights
                0x000000000000be6c                utee_unmask_cancellation
                0x000000000000be78                utee_mask_cancellation
                0x000000000000be84                utee_wait
                0x000000000000be90                utee_get_time
                0x000000000000be9c                utee_set_ta_time
                0x000000000000bea8                utee_cryp_state_alloc
                0x000000000000beb4                utee_cryp_state_copy
                0x000000000000bec0                utee_cryp_state_free
                0x000000000000becc                utee_hash_init
                0x000000000000bed8                utee_hash_update
                0x000000000000bee4                utee_hash_final
                0x000000000000bef0                utee_cipher_init
                0x000000000000befc                utee_cipher_update
                0x000000000000bf08                utee_cipher_final
                0x000000000000bf14                utee_cryp_obj_get_info
                0x000000000000bf20                utee_cryp_obj_restrict_usage
                0x000000000000bf2c                utee_cryp_obj_get_attr
                0x000000000000bf38                utee_cryp_obj_alloc
                0x000000000000bf44                utee_cryp_obj_close
                0x000000000000bf50                utee_cryp_obj_reset
                0x000000000000bf5c                utee_cryp_obj_populate
                0x000000000000bf68                utee_cryp_obj_copy
                0x000000000000bf74                utee_cryp_derive_key
                0x000000000000bf80                utee_cryp_random_number_generate
                0x000000000000bf8c                utee_authenc_init
                0x000000000000bf98                utee_authenc_update_aad
                0x000000000000bfa4                utee_authenc_update_payload
                0x000000000000bfb0                utee_authenc_enc_final
                0x000000000000bfbc                utee_authenc_dec_final
                0x000000000000bfc8                utee_asymm_operate
                0x000000000000bfd4                utee_asymm_verify
                0x000000000000bfe0                utee_storage_obj_open
                0x000000000000bfec                utee_storage_obj_create
                0x000000000000bff8                utee_storage_obj_del
                0x000000000000c004                utee_storage_obj_rename
                0x000000000000c010                utee_storage_alloc_enum
                0x000000000000c01c                utee_storage_free_enum
                0x000000000000c028                utee_storage_reset_enum
                0x000000000000c034                utee_storage_start_enum
                0x000000000000c040                utee_storage_next_enum
                0x000000000000c04c                utee_storage_obj_read
                0x000000000000c058                utee_storage_obj_write
                0x000000000000c064                utee_storage_obj_trunc
                0x000000000000c070                utee_storage_obj_seek
                0x000000000000c07c                utee_cryp_obj_generate_key
                0x000000000000c088                utee_se_service_open
                0x000000000000c094                utee_se_service_close
                0x000000000000c0a0                utee_se_service_get_readers
                0x000000000000c0ac                utee_se_reader_get_prop
                0x000000000000c0b8                utee_se_reader_get_name
                0x000000000000c0c4                utee_se_reader_open_session
                0x000000000000c0d0                utee_se_reader_close_sessions
                0x000000000000c0dc                utee_se_session_is_closed
                0x000000000000c0e8                utee_se_session_get_atr
                0x000000000000c0f4                utee_se_session_open_channel
                0x000000000000c100                utee_se_session_close
                0x000000000000c10c                utee_se_channel_select_next
                0x000000000000c118                utee_se_channel_get_select_resp
                0x000000000000c124                utee_se_channel_transmit
                0x000000000000c130                utee_se_channel_close
                0x000000000000c13c                utee_cache_operation
 .text          0x000000000000c148        0x0 /home/rahulmahadev/hikey_optee/optee_os/out/arm-plat-hikey/export-ta_arm64/lib/libutee.a(tee_user_mem.o)
 .text          0x000000000000c148        0x0 /home/rahulmahadev/hikey_optee/optee_os/out/arm-plat-hikey/export-ta_arm64/lib/libutee.a(assert.o)
 .text          0x000000000000c148        0x0 /home/rahulmahadev/hikey_optee/optee_os/out/arm-plat-hikey/export-ta_arm64/lib/libutee.a(tee_api_arith.o)
 .text          0x000000000000c148        0x0 /home/rahulmahadev/hikey_optee/optee_os/out/arm-plat-hikey/export-ta_arm64/lib/libutee.a(utee_misc.o)
 .text          0x000000000000c148        0x0 /home/rahulmahadev/hikey_optee/optee_os/out/arm-plat-hikey/export-ta_arm64/lib/libutee.a(trace_ext.o)
 .text          0x000000000000c148        0x0 /home/rahulmahadev/hikey_optee/optee_os/out/arm-plat-hikey/export-ta_arm64/lib/libutils.a(bget_malloc.o)
 .text          0x000000000000c148        0x0 /home/rahulmahadev/hikey_optee/optee_os/out/arm-plat-hikey/export-ta_arm64/lib/libutils.a(snprintf.o)
 .text          0x000000000000c148        0x0 /home/rahulmahadev/hikey_optee/optee_os/out/arm-plat-hikey/export-ta_arm64/lib/libutils.a(memcmp.o)
 .text          0x000000000000c148        0x0 /home/rahulmahadev/hikey_optee/optee_os/out/arm-plat-hikey/export-ta_arm64/lib/libutils.a(memcpy.o)
 .text          0x000000000000c148        0x0 /home/rahulmahadev/hikey_optee/optee_os/out/arm-plat-hikey/export-ta_arm64/lib/libutils.a(memmove.o)
 .text          0x000000000000c148        0x0 /home/rahulmahadev/hikey_optee/optee_os/out/arm-plat-hikey/export-ta_arm64/lib/libutils.a(memset.o)
 .text          0x000000000000c148        0x0 /home/rahulmahadev/hikey_optee/optee_os/out/arm-plat-hikey/export-ta_arm64/lib/libutils.a(strcmp.o)
 .text          0x000000000000c148        0x0 /home/rahulmahadev/hikey_optee/optee_os/out/arm-plat-hikey/export-ta_arm64/lib/libutils.a(strlen.o)
 .text          0x000000000000c148        0x0 /home/rahulmahadev/hikey_optee/optee_os/out/arm-plat-hikey/export-ta_arm64/lib/libutils.a(snprintk.o)
 .text          0x000000000000c148        0x0 /home/rahulmahadev/hikey_optee/optee_os/out/arm-plat-hikey/export-ta_arm64/lib/libutils.a(strlcpy.o)
 .text          0x000000000000c148        0x0 /home/rahulmahadev/hikey_optee/optee_os/out/arm-plat-hikey/export-ta_arm64/lib/libutils.a(buf_compare_ct.o)
 .text          0x000000000000c148        0x0 /home/rahulmahadev/hikey_optee/optee_os/out/arm-plat-hikey/export-ta_arm64/lib/libutils.a(trace.o)
 .text          0x000000000000c148        0x0 /home/rahulmahadev/hikey_optee/optee_os/out/arm-plat-hikey/export-ta_arm64/lib/libutils.a(memchr.o)
 .text          0x000000000000c148        0x0 /home/rahulmahadev/hikey_optee/optee_os/out/arm-plat-hikey/export-ta_arm64/lib/libmpa.a(mpa_misc.o)
 .text          0x000000000000c148        0x0 /home/rahulmahadev/hikey_optee/optee_os/out/arm-plat-hikey/export-ta_arm64/lib/libmpa.a(mpa_montgomery.o)
 .text          0x000000000000c148        0x0 /home/rahulmahadev/hikey_optee/optee_os/out/arm-plat-hikey/export-ta_arm64/lib/libmpa.a(mpa_primetest.o)
 .text          0x000000000000c148        0x0 /home/rahulmahadev/hikey_optee/optee_os/out/arm-plat-hikey/export-ta_arm64/lib/libmpa.a(mpa_conv.o)
 .text          0x000000000000c148        0x0 /home/rahulmahadev/hikey_optee/optee_os/out/arm-plat-hikey/export-ta_arm64/lib/libmpa.a(mpa_div.o)
 .text          0x000000000000c148        0x0 /home/rahulmahadev/hikey_optee/optee_os/out/arm-plat-hikey/export-ta_arm64/lib/libmpa.a(mpa_gcd.o)
 .text          0x000000000000c148        0x0 /home/rahulmahadev/hikey_optee/optee_os/out/arm-plat-hikey/export-ta_arm64/lib/libmpa.a(mpa_mem_static.o)
 .text          0x000000000000c148        0x0 /home/rahulmahadev/hikey_optee/optee_os/out/arm-plat-hikey/export-ta_arm64/lib/libmpa.a(mpa_mul.o)
 .text          0x000000000000c148        0x0 /home/rahulmahadev/hikey_optee/optee_os/out/arm-plat-hikey/export-ta_arm64/lib/libmpa.a(mpa_random.o)
 .text          0x000000000000c148        0x0 /home/rahulmahadev/hikey_optee/optee_os/out/arm-plat-hikey/export-ta_arm64/lib/libmpa.a(mpa_shift.o)
 .text          0x000000000000c148        0x0 /home/rahulmahadev/hikey_optee/optee_os/out/arm-plat-hikey/export-ta_arm64/lib/libmpa.a(mpa_addsub.o)
 .text          0x000000000000c148        0x0 /home/rahulmahadev/hikey_optee/optee_os/out/arm-plat-hikey/export-ta_arm64/lib/libmpa.a(mpa_cmp.o)
 .text          0x000000000000c148        0x0 /home/rahulmahadev/hikey_optee/optee_os/out/arm-plat-hikey/export-ta_arm64/lib/libmpa.a(mpa_expmod.o)
 .text          0x000000000000c148        0x0 /home/rahulmahadev/hikey_optee/optee_os/out/arm-plat-hikey/export-ta_arm64/lib/libmpa.a(mpa_init.o)
 .text          0x000000000000c148        0x0 /home/rahulmahadev/hikey_optee/optee_os/out/arm-plat-hikey/export-ta_arm64/lib/libmpa.a(mpa_io.o)
 .text          0x000000000000c148        0x0 /home/rahulmahadev/hikey_optee/optee_os/out/arm-plat-hikey/export-ta_arm64/lib/libmpa.a(mpa_modulus.o)
 *(SORT(.stub))
 *(SORT(.glue_7))
 *(SORT(.glue_7t))
 *(SORT(.gnu.linkonce.t.*))
 *(SORT(.vfp11_veneer))

.eh_frame
 *(SORT(.eh_frame))

.rodata         0x000000000000c148     0x1d16
 *(SORT(.gnu.linkonce.r.*))
 *(SORT(.rodata) SORT(.rodata.*))
 .rodata.ta.c   0x000000000000c148       0x60 /home/rahulmahadev/hikey_optee/neo/ta/out/ta.o
 .rodata.__func__.2226
                0x000000000000c1a8       0x20 /home/rahulmahadev/hikey_optee/neo/ta/out/ta.o
 .rodata.__func__.2237
                0x000000000000c1c8       0x10 /home/rahulmahadev/hikey_optee/neo/ta/out/ta.o
 .rodata.trace_ext_prefix
                0x000000000000c1d8        0x8 /home/rahulmahadev/hikey_optee/neo/ta/out/user_ta_header.o
                0x000000000000c1d8                trace_ext_prefix
 .rodata.ta_heap_size
                0x000000000000c1e0        0x8 /home/rahulmahadev/hikey_optee/neo/ta/out/user_ta_header.o
                0x000000000000c1e0                ta_heap_size
 .rodata.user_ta_header.c
                0x000000000000c1e8       0xd8 /home/rahulmahadev/hikey_optee/neo/ta/out/user_ta_header.o
 .rodata.ta_num_props
                0x000000000000c2c0        0x8 /home/rahulmahadev/hikey_optee/neo/ta/out/user_ta_header.o
                0x000000000000c2c0                ta_num_props
 .rodata.__func__.2607
                0x000000000000c2c8       0x18 /home/rahulmahadev/hikey_optee/optee_os/out/arm-plat-hikey/export-ta_arm64/lib/libutee.a(tee_api.o)
 .rodata.__func__.2669
                0x000000000000c2e0       0x18 /home/rahulmahadev/hikey_optee/optee_os/out/arm-plat-hikey/export-ta_arm64/lib/libutee.a(tee_api.o)
 .rodata.__func__.2684
                0x000000000000c2f8       0x18 /home/rahulmahadev/hikey_optee/optee_os/out/arm-plat-hikey/export-ta_arm64/lib/libutee.a(tee_api.o)
 .rodata.__func__.2679
                0x000000000000c310       0x18 /home/rahulmahadev/hikey_optee/optee_os/out/arm-plat-hikey/export-ta_arm64/lib/libutee.a(tee_api.o)
 .rodata.__func__.2619
                0x000000000000c328       0x18 /home/rahulmahadev/hikey_optee/optee_os/out/arm-plat-hikey/export-ta_arm64/lib/libutee.a(tee_api.o)
 .rodata.__func__.2689
                0x000000000000c340       0x10 /home/rahulmahadev/hikey_optee/optee_os/out/arm-plat-hikey/export-ta_arm64/lib/libutee.a(tee_api.o)
 .rodata.__func__.2636
                0x000000000000c350       0x18 /home/rahulmahadev/hikey_optee/optee_os/out/arm-plat-hikey/export-ta_arm64/lib/libutee.a(tee_api.o)
 .rodata.__func__.2630
                0x000000000000c368       0x18 /home/rahulmahadev/hikey_optee/optee_os/out/arm-plat-hikey/export-ta_arm64/lib/libutee.a(tee_api.o)
 .rodata.__func__.2674
                0x000000000000c380       0x10 /home/rahulmahadev/hikey_optee/optee_os/out/arm-plat-hikey/export-ta_arm64/lib/libutee.a(tee_api.o)
 .rodata.__func__.2510
                0x000000000000c390       0x20 /home/rahulmahadev/hikey_optee/optee_os/out/arm-plat-hikey/export-ta_arm64/lib/libutee.a(tee_api_objects.o)
 .rodata.__func__.2468
                0x000000000000c3b0       0x18 /home/rahulmahadev/hikey_optee/optee_os/out/arm-plat-hikey/export-ta_arm64/lib/libutee.a(tee_api_objects.o)
 .rodata.__func__.2474
                0x000000000000c3c8       0x18 /home/rahulmahadev/hikey_optee/optee_os/out/arm-plat-hikey/export-ta_arm64/lib/libutee.a(tee_api_objects.o)
 .rodata.__func__.2515
                0x000000000000c3e0       0x10 /home/rahulmahadev/hikey_optee/optee_os/out/arm-plat-hikey/export-ta_arm64/lib/libutee.a(tee_api_objects.o)
 .rodata.__func__.2481
                0x000000000000c3f0       0x18 /home/rahulmahadev/hikey_optee/optee_os/out/arm-plat-hikey/export-ta_arm64/lib/libutee.a(tee_api_objects.o)
 .rodata.__func__.2659
                0x000000000000c408       0x20 /home/rahulmahadev/hikey_optee/optee_os/out/arm-plat-hikey/export-ta_arm64/lib/libutee.a(tee_api_objects.o)
 .rodata.__func__.2523
                0x000000000000c428       0x20 /home/rahulmahadev/hikey_optee/optee_os/out/arm-plat-hikey/export-ta_arm64/lib/libutee.a(tee_api_objects.o)
 .rodata.__func__.2487
                0x000000000000c448       0x20 /home/rahulmahadev/hikey_optee/optee_os/out/arm-plat-hikey/export-ta_arm64/lib/libutee.a(tee_api_objects.o)
 .rodata.__func__.2669
                0x000000000000c468       0x18 /home/rahulmahadev/hikey_optee/optee_os/out/arm-plat-hikey/export-ta_arm64/lib/libutee.a(tee_api_objects.o)
 .rodata.__func__.2529
                0x000000000000c480       0x18 /home/rahulmahadev/hikey_optee/optee_os/out/arm-plat-hikey/export-ta_arm64/lib/libutee.a(tee_api_objects.o)
 .rodata.__func__.2535
                0x000000000000c498       0x20 /home/rahulmahadev/hikey_optee/optee_os/out/arm-plat-hikey/export-ta_arm64/lib/libutee.a(tee_api_objects.o)
 .rodata.__func__.2677
                0x000000000000c4b8       0x18 /home/rahulmahadev/hikey_optee/optee_os/out/arm-plat-hikey/export-ta_arm64/lib/libutee.a(tee_api_objects.o)
 .rodata.__func__.2498
                0x000000000000c4d0       0x20 /home/rahulmahadev/hikey_optee/optee_os/out/arm-plat-hikey/export-ta_arm64/lib/libutee.a(tee_api_objects.o)
 .rodata.__func__.2684
                0x000000000000c4f0       0x18 /home/rahulmahadev/hikey_optee/optee_os/out/arm-plat-hikey/export-ta_arm64/lib/libutee.a(tee_api_objects.o)
 .rodata.__func__.2544
                0x000000000000c508       0x20 /home/rahulmahadev/hikey_optee/optee_os/out/arm-plat-hikey/export-ta_arm64/lib/libutee.a(tee_api_objects.o)
 .rodata.__func__.2551
                0x000000000000c528       0x18 /home/rahulmahadev/hikey_optee/optee_os/out/arm-plat-hikey/export-ta_arm64/lib/libutee.a(tee_api_objects.o)
 .rodata.__func__.2698
                0x000000000000c540       0x18 /home/rahulmahadev/hikey_optee/optee_os/out/arm-plat-hikey/export-ta_arm64/lib/libutee.a(tee_api_objects.o)
 .rodata.__func__.2558
                0x000000000000c558       0x18 /home/rahulmahadev/hikey_optee/optee_os/out/arm-plat-hikey/export-ta_arm64/lib/libutee.a(tee_api_objects.o)
 .rodata.__func__.2565
                0x000000000000c570       0x20 /home/rahulmahadev/hikey_optee/optee_os/out/arm-plat-hikey/export-ta_arm64/lib/libutee.a(tee_api_objects.o)
 .rodata.__func__.2649
                0x000000000000c590       0x28 /home/rahulmahadev/hikey_optee/optee_os/out/arm-plat-hikey/export-ta_arm64/lib/libutee.a(tee_api_objects.o)
 .rodata.__func__.2609
                0x000000000000c5b8       0x20 /home/rahulmahadev/hikey_optee/optee_os/out/arm-plat-hikey/export-ta_arm64/lib/libutee.a(tee_api_objects.o)
 .rodata.__func__.2574
                0x000000000000c5d8       0x20 /home/rahulmahadev/hikey_optee/optee_os/out/arm-plat-hikey/export-ta_arm64/lib/libutee.a(tee_api_objects.o)
 .rodata.__func__.2583
                0x000000000000c5f8       0x10 /home/rahulmahadev/hikey_optee/optee_os/out/arm-plat-hikey/export-ta_arm64/lib/libutee.a(tee_api_objects.o)
 .rodata.__func__.2619
                0x000000000000c608       0x28 /home/rahulmahadev/hikey_optee/optee_os/out/arm-plat-hikey/export-ta_arm64/lib/libutee.a(tee_api_objects.o)
 .rodata.__func__.2614
                0x000000000000c630       0x28 /home/rahulmahadev/hikey_optee/optee_os/out/arm-plat-hikey/export-ta_arm64/lib/libutee.a(tee_api_objects.o)
 .rodata.__func__.2627
                0x000000000000c658       0x20 /home/rahulmahadev/hikey_optee/optee_os/out/arm-plat-hikey/export-ta_arm64/lib/libutee.a(tee_api_objects.o)
 .rodata.__func__.2633
                0x000000000000c678       0x28 /home/rahulmahadev/hikey_optee/optee_os/out/arm-plat-hikey/export-ta_arm64/lib/libutee.a(tee_api_objects.o)
 .rodata.__func__.2594
                0x000000000000c6a0       0x20 /home/rahulmahadev/hikey_optee/optee_os/out/arm-plat-hikey/export-ta_arm64/lib/libutee.a(tee_api_objects.o)
 .rodata.__func__.2638
                0x000000000000c6c0       0x28 /home/rahulmahadev/hikey_optee/optee_os/out/arm-plat-hikey/export-ta_arm64/lib/libutee.a(tee_api_objects.o)
 .rodata.__func__.2643
                0x000000000000c6e8       0x28 /home/rahulmahadev/hikey_optee/optee_os/out/arm-plat-hikey/export-ta_arm64/lib/libutee.a(tee_api_objects.o)
 .rodata.__func__.2792
                0x000000000000c710       0x18 /home/rahulmahadev/hikey_optee/optee_os/out/arm-plat-hikey/export-ta_arm64/lib/libutee.a(tee_api_operations.o)
 .rodata.__func__.2648
                0x000000000000c728       0x18 /home/rahulmahadev/hikey_optee/optee_os/out/arm-plat-hikey/export-ta_arm64/lib/libutee.a(tee_api_operations.o)
 .rodata.__func__.2834
                0x000000000000c740       0x10 /home/rahulmahadev/hikey_optee/optee_os/out/arm-plat-hikey/export-ta_arm64/lib/libutee.a(tee_api_operations.o)
 .rodata.__func__.2668
                0x000000000000c750       0x18 /home/rahulmahadev/hikey_optee/optee_os/out/arm-plat-hikey/export-ta_arm64/lib/libutee.a(tee_api_operations.o)
 .rodata.__func__.2657
                0x000000000000c768       0x18 /home/rahulmahadev/hikey_optee/optee_os/out/arm-plat-hikey/export-ta_arm64/lib/libutee.a(tee_api_operations.o)
 .rodata.__func__.2701
                0x000000000000c780       0x18 /home/rahulmahadev/hikey_optee/optee_os/out/arm-plat-hikey/export-ta_arm64/lib/libutee.a(tee_api_operations.o)
 .rodata.__func__.2523
                0x000000000000c798       0x18 /home/rahulmahadev/hikey_optee/optee_os/out/arm-plat-hikey/export-ta_arm64/lib/libutee.a(tee_api_operations.o)
 .rodata.__func__.2851
                0x000000000000c7b0       0x18 /home/rahulmahadev/hikey_optee/optee_os/out/arm-plat-hikey/export-ta_arm64/lib/libutee.a(tee_api_operations.o)
 .rodata.__func__.2708
                0x000000000000c7c8       0x10 /home/rahulmahadev/hikey_optee/optee_os/out/arm-plat-hikey/export-ta_arm64/lib/libutee.a(tee_api_operations.o)
 .rodata.__func__.2674
                0x000000000000c7d8       0x18 /home/rahulmahadev/hikey_optee/optee_os/out/arm-plat-hikey/export-ta_arm64/lib/libutee.a(tee_api_operations.o)
 .rodata.__func__.2683
                0x000000000000c7f0       0x18 /home/rahulmahadev/hikey_optee/optee_os/out/arm-plat-hikey/export-ta_arm64/lib/libutee.a(tee_api_operations.o)
 .rodata.__func__.2906
                0x000000000000c808       0x20 /home/rahulmahadev/hikey_optee/optee_os/out/arm-plat-hikey/export-ta_arm64/lib/libutee.a(tee_api_operations.o)
 .rodata.__func__.2690
                0x000000000000c828       0x18 /home/rahulmahadev/hikey_optee/optee_os/out/arm-plat-hikey/export-ta_arm64/lib/libutee.a(tee_api_operations.o)
 .rodata.__func__.2867
                0x000000000000c840       0x18 /home/rahulmahadev/hikey_optee/optee_os/out/arm-plat-hikey/export-ta_arm64/lib/libutee.a(tee_api_operations.o)
 .rodata.__func__.2880
                0x000000000000c858       0x18 /home/rahulmahadev/hikey_optee/optee_os/out/arm-plat-hikey/export-ta_arm64/lib/libutee.a(tee_api_operations.o)
 .rodata.__func__.2804
                0x000000000000c870       0x18 /home/rahulmahadev/hikey_optee/optee_os/out/arm-plat-hikey/export-ta_arm64/lib/libutee.a(tee_api_operations.o)
 .rodata.__func__.2918
                0x000000000000c888       0x20 /home/rahulmahadev/hikey_optee/optee_os/out/arm-plat-hikey/export-ta_arm64/lib/libutee.a(tee_api_operations.o)
 .rodata.__func__.2742
                0x000000000000c8a8       0x18 /home/rahulmahadev/hikey_optee/optee_os/out/arm-plat-hikey/export-ta_arm64/lib/libutee.a(tee_api_operations.o)
 .rodata.__func__.2928
                0x000000000000c8c0       0x10 /home/rahulmahadev/hikey_optee/optee_os/out/arm-plat-hikey/export-ta_arm64/lib/libutee.a(tee_api_operations.o)
 .rodata.__func__.2893
                0x000000000000c8d0       0x18 /home/rahulmahadev/hikey_optee/optee_os/out/arm-plat-hikey/export-ta_arm64/lib/libutee.a(tee_api_operations.o)
 .rodata.__func__.2934
                0x000000000000c8e8       0x18 /home/rahulmahadev/hikey_optee/optee_os/out/arm-plat-hikey/export-ta_arm64/lib/libutee.a(tee_api_operations.o)
 .rodata.__func__.2754
                0x000000000000c900       0x18 /home/rahulmahadev/hikey_optee/optee_os/out/arm-plat-hikey/export-ta_arm64/lib/libutee.a(tee_api_operations.o)
 .rodata.__func__.2623
                0x000000000000c918       0x18 /home/rahulmahadev/hikey_optee/optee_os/out/arm-plat-hikey/export-ta_arm64/lib/libutee.a(tee_api_operations.o)
 .rodata.__func__.2768
                0x000000000000c930       0x18 /home/rahulmahadev/hikey_optee/optee_os/out/arm-plat-hikey/export-ta_arm64/lib/libutee.a(tee_api_operations.o)
 .rodata.__func__.2628
                0x000000000000c948       0x18 /home/rahulmahadev/hikey_optee/optee_os/out/arm-plat-hikey/export-ta_arm64/lib/libutee.a(tee_api_operations.o)
 .rodata.__func__.2774
                0x000000000000c960       0x10 /home/rahulmahadev/hikey_optee/optee_os/out/arm-plat-hikey/export-ta_arm64/lib/libutee.a(tee_api_operations.o)
 .rodata.__func__.2815
                0x000000000000c970       0x10 /home/rahulmahadev/hikey_optee/optee_os/out/arm-plat-hikey/export-ta_arm64/lib/libutee.a(tee_api_operations.o)
 .rodata.__func__.2781
                0x000000000000c980       0x10 /home/rahulmahadev/hikey_optee/optee_os/out/arm-plat-hikey/export-ta_arm64/lib/libutee.a(tee_api_operations.o)
 .rodata.__func__.2822
                0x000000000000c990       0x10 /home/rahulmahadev/hikey_optee/optee_os/out/arm-plat-hikey/export-ta_arm64/lib/libutee.a(tee_api_operations.o)
 .rodata.__func__.2643
                0x000000000000c9a0       0x20 /home/rahulmahadev/hikey_optee/optee_os/out/arm-plat-hikey/export-ta_arm64/lib/libutee.a(tee_api_operations.o)
 .rodata.__func__.2641
                0x000000000000c9c0       0x10 /home/rahulmahadev/hikey_optee/optee_os/out/arm-plat-hikey/export-ta_arm64/lib/libutee.a(user_ta_entry.o)
 .rodata.__func__.2216
                0x000000000000c9d0       0x18 /home/rahulmahadev/hikey_optee/optee_os/out/arm-plat-hikey/export-ta_arm64/lib/libutee.a(tee_user_mem.o)
 .rodata.__func__.2233
                0x000000000000c9e8       0x18 /home/rahulmahadev/hikey_optee/optee_os/out/arm-plat-hikey/export-ta_arm64/lib/libutee.a(tee_user_mem.o)
 .rodata.__func__.2241
                0x000000000000ca00       0x18 /home/rahulmahadev/hikey_optee/optee_os/out/arm-plat-hikey/export-ta_arm64/lib/libutee.a(tee_user_mem.o)
 .rodata.__func__.2246
                0x000000000000ca18       0x18 /home/rahulmahadev/hikey_optee/optee_os/out/arm-plat-hikey/export-ta_arm64/lib/libutee.a(tee_user_mem.o)
 .rodata.__func__.2197
                0x000000000000ca30       0x10 /home/rahulmahadev/hikey_optee/optee_os/out/arm-plat-hikey/export-ta_arm64/lib/libutee.a(tee_user_mem.o)
 .rodata.__func__.2192
                0x000000000000ca40       0x10 /home/rahulmahadev/hikey_optee/optee_os/out/arm-plat-hikey/export-ta_arm64/lib/libutee.a(tee_user_mem.o)
 .rodata.__func__.2410
                0x000000000000ca50       0x10 /home/rahulmahadev/hikey_optee/optee_os/out/arm-plat-hikey/export-ta_arm64/lib/libutee.a(assert.o)
 .rodata.__func__.2377
                0x000000000000ca60       0x18 /home/rahulmahadev/hikey_optee/optee_os/out/arm-plat-hikey/export-ta_arm64/lib/libutee.a(tee_api_arith.o)
 .rodata.failed.1944
                0x000000000000ca78       0x18 /home/rahulmahadev/hikey_optee/optee_os/out/arm-plat-hikey/export-ta_arm64/lib/libutee.a(trace_ext.o)
 .rodata.prefix.1943
                0x000000000000ca90       0x10 /home/rahulmahadev/hikey_optee/optee_os/out/arm-plat-hikey/export-ta_arm64/lib/libutee.a(trace_ext.o)
 .rodata.HEXDIGITS
                0x000000000000caa0       0x18 /home/rahulmahadev/hikey_optee/optee_os/out/arm-plat-hikey/export-ta_arm64/lib/libutils.a(snprintk.o)
 .rodata.hexdigits
                0x000000000000cab8       0x18 /home/rahulmahadev/hikey_optee/optee_os/out/arm-plat-hikey/export-ta_arm64/lib/libutils.a(snprintk.o)
 .rodata.lvl_strs.1494
                0x000000000000cad0       0x18 /home/rahulmahadev/hikey_optee/optee_os/out/arm-plat-hikey/export-ta_arm64/lib/libutils.a(trace.o)
 .rodata.const_largest_deci_base
                0x000000000000cae8       0x10 /home/rahulmahadev/hikey_optee/optee_os/out/arm-plat-hikey/export-ta_arm64/lib/libmpa.a(mpa_misc.o)
                0x000000000000cae8                const_largest_deci_base
 .rodata.Const_1_LShift_Base
                0x000000000000caf8       0x10 /home/rahulmahadev/hikey_optee/optee_os/out/arm-plat-hikey/export-ta_arm64/lib/libmpa.a(mpa_misc.o)
                0x000000000000caf8                Const_1_LShift_Base
 .rodata.const_one
                0x000000000000cb08       0x10 /home/rahulmahadev/hikey_optee/optee_os/out/arm-plat-hikey/export-ta_arm64/lib/libmpa.a(mpa_misc.o)
                0x000000000000cb08                const_one
 .rodata.const_miller_rabin_proof_limit
                0x000000000000cb18       0x10 /home/rahulmahadev/hikey_optee/optee_os/out/arm-plat-hikey/export-ta_arm64/lib/libmpa.a(mpa_primetest.o)
 .rodata.const_two
                0x000000000000cb28       0x10 /home/rahulmahadev/hikey_optee/optee_os/out/arm-plat-hikey/export-ta_arm64/lib/libmpa.a(mpa_primetest.o)
 .rodata.const_small_prime_factors
                0x000000000000cb38       0xb8 /home/rahulmahadev/hikey_optee/optee_os/out/arm-plat-hikey/export-ta_arm64/lib/libmpa.a(mpa_primetest.o)
 .rodata.proof_a.1863
                0x000000000000cbf0       0x20 /home/rahulmahadev/hikey_optee/optee_os/out/arm-plat-hikey/export-ta_arm64/lib/libmpa.a(mpa_primetest.o)
 .rodata.PRIME_TABLE
                0x000000000000cc10      0xc38 /home/rahulmahadev/hikey_optee/optee_os/out/arm-plat-hikey/export-ta_arm64/lib/libmpa.a(mpa_primetest.o)
                0x000000000000cc10                PRIME_TABLE
 .rodata.__compound_literal.3
                0x000000000000d848        0x4 /home/rahulmahadev/hikey_optee/neo/ta/out/user_ta_header.o
 .rodata.__compound_literal.4
                0x000000000000d84c        0x4 /home/rahulmahadev/hikey_optee/neo/ta/out/user_ta_header.o
 .rodata.__compound_literal.5
                0x000000000000d850        0x4 /home/rahulmahadev/hikey_optee/neo/ta/out/user_ta_header.o
 .rodata.__utee_from_param
                0x000000000000d854        0x8 /home/rahulmahadev/hikey_optee/optee_os/out/arm-plat-hikey/export-ta_arm64/lib/libutee.a(tee_api.o)
 .rodata.__utee_to_param
                0x000000000000d85c        0x8 /home/rahulmahadev/hikey_optee/optee_os/out/arm-plat-hikey/export-ta_arm64/lib/libutee.a(tee_api.o)
 .rodata.NR_STORED_PRIMES
                0x000000000000d864        0x4 /home/rahulmahadev/hikey_optee/optee_os/out/arm-plat-hikey/export-ta_arm64/lib/libmpa.a(mpa_primetest.o)
                0x000000000000d864                NR_STORED_PRIMES
 .rodata.MAX_TABULATED_PRIME
                0x000000000000d868        0x4 /home/rahulmahadev/hikey_optee/optee_os/out/arm-plat-hikey/export-ta_arm64/lib/libmpa.a(mpa_primetest.o)
                0x000000000000d868                MAX_TABULATED_PRIME
 .rodata.__compound_literal.0
                0x000000000000d86c        0x1 /home/rahulmahadev/hikey_optee/neo/ta/out/user_ta_header.o
 .rodata.__compound_literal.1
                0x000000000000d86d        0x1 /home/rahulmahadev/hikey_optee/neo/ta/out/user_ta_header.o
 .rodata.__compound_literal.2
                0x000000000000d86e        0x1 /home/rahulmahadev/hikey_optee/neo/ta/out/user_ta_header.o
 .rodata.str1.1.lib/libutee/tee_api.c
                0x000000000000d86f        0xb /home/rahulmahadev/hikey_optee/optee_os/out/arm-plat-hikey/export-ta_arm64/lib/libutee.a(tee_api.o)
 .rodata.str1.1.lib/libutee/tee_api_objects.c
                0x0000000000000000        0xb /home/rahulmahadev/hikey_optee/optee_os/out/arm-plat-hikey/export-ta_arm64/lib/libutee.a(tee_api_objects.o)
 .rodata.str1.1.lib/libutee/tee_api_operations.c