Archive member included because of file (symbol)

/home/rahulmahadev/devel/optee/optee_os/out/arm-plat-vexpress/export-ta_arm32/lib/libutee.a(user_ta_entry.o)
                              /home/rahulmahadev/devel/optee/neo/ta/out/user_ta_header.o (__utee_entry)
/home/rahulmahadev/devel/optee/optee_os/out/arm-plat-vexpress/export-ta_arm32/lib/libutee.a(utee_syscalls_a32.o)
                              /home/rahulmahadev/devel/optee/optee_os/out/arm-plat-vexpress/export-ta_arm32/lib/libutee.a(user_ta_entry.o) (utee_return)
/home/rahulmahadev/devel/optee/optee_os/out/arm-plat-vexpress/export-ta_arm32/lib/libutee.a(tee_api_arith.o)
                              /home/rahulmahadev/devel/optee/optee_os/out/arm-plat-vexpress/export-ta_arm32/lib/libutee.a(user_ta_entry.o) (_TEE_MathAPI_Init)
/home/rahulmahadev/devel/optee/optee_os/out/arm-plat-vexpress/export-ta_arm32/lib/libutee.a(tee_api.o)
                              /home/rahulmahadev/devel/optee/optee_os/out/arm-plat-vexpress/export-ta_arm32/lib/libutee.a(user_ta_entry.o) (__utee_from_param)
/home/rahulmahadev/devel/optee/optee_os/out/arm-plat-vexpress/export-ta_arm32/lib/libutee.a(tee_api_panic.o)
                              /home/rahulmahadev/devel/optee/optee_os/out/arm-plat-vexpress/export-ta_arm32/lib/libutee.a(user_ta_entry.o) (__TEE_Panic)
/home/rahulmahadev/devel/optee/optee_os/out/arm-plat-vexpress/export-ta_arm32/lib/libutee.a(utee_misc.o)
                              /home/rahulmahadev/devel/optee/optee_os/out/arm-plat-vexpress/export-ta_arm32/lib/libutee.a(tee_api_arith.o) (get_rng_array)
/home/rahulmahadev/devel/optee/optee_os/out/arm-plat-vexpress/export-ta_arm32/lib/libutee.a(tee_user_mem.o)
                              /home/rahulmahadev/devel/optee/optee_os/out/arm-plat-vexpress/export-ta_arm32/lib/libutee.a(tee_api.o) (tee_user_mem_alloc)
/home/rahulmahadev/devel/optee/optee_os/out/arm-plat-vexpress/export-ta_arm32/lib/libutee.a(trace_ext.o)
                              /home/rahulmahadev/devel/optee/optee_os/out/arm-plat-vexpress/export-ta_arm32/lib/libutee.a(tee_api_arith.o) (printf)
/home/rahulmahadev/devel/optee/optee_os/out/arm-plat-vexpress/export-ta_arm32/lib/libutee.a(assert.o)
                              /home/rahulmahadev/devel/optee/optee_os/out/arm-plat-vexpress/export-ta_arm32/lib/libutee.a(tee_user_mem.o) (_assert_log)
/home/rahulmahadev/devel/optee/optee_os/out/arm-plat-vexpress/export-ta_arm32/lib/libutils.a(bget_malloc.o)
                              /home/rahulmahadev/devel/optee/neo/ta/out/ta.o (malloc)
/home/rahulmahadev/devel/optee/optee_os/out/arm-plat-vexpress/export-ta_arm32/lib/libutils.a(snprintf.o)
                              /home/rahulmahadev/devel/optee/optee_os/out/arm-plat-vexpress/export-ta_arm32/lib/libutee.a(trace_ext.o) (vsnprintf)
/home/rahulmahadev/devel/optee/optee_os/out/arm-plat-vexpress/export-ta_arm32/lib/libutils.a(memcmp.o)
                              /home/rahulmahadev/devel/optee/optee_os/out/arm-plat-vexpress/export-ta_arm32/lib/libutee.a(tee_api.o) (memcmp)
/home/rahulmahadev/devel/optee/optee_os/out/arm-plat-vexpress/export-ta_arm32/lib/libutils.a(memcpy.o)
                              /home/rahulmahadev/devel/optee/neo/ta/out/ta.o (memcpy)
/home/rahulmahadev/devel/optee/optee_os/out/arm-plat-vexpress/export-ta_arm32/lib/libutils.a(memmove.o)
                              /home/rahulmahadev/devel/optee/optee_os/out/arm-plat-vexpress/export-ta_arm32/lib/libutee.a(tee_api.o) (memmove)
/home/rahulmahadev/devel/optee/optee_os/out/arm-plat-vexpress/export-ta_arm32/lib/libutils.a(memset.o)
                              /home/rahulmahadev/devel/optee/optee_os/out/arm-plat-vexpress/export-ta_arm32/lib/libutee.a(user_ta_entry.o) (memset)
/home/rahulmahadev/devel/optee/optee_os/out/arm-plat-vexpress/export-ta_arm32/lib/libutils.a(strcmp.o)
                              /home/rahulmahadev/devel/optee/neo/ta/out/ta.o (strcmp)
/home/rahulmahadev/devel/optee/optee_os/out/arm-plat-vexpress/export-ta_arm32/lib/libutils.a(strlen.o)
                              /home/rahulmahadev/devel/optee/optee_os/out/arm-plat-vexpress/export-ta_arm32/lib/libutee.a(trace_ext.o) (strlen)
/home/rahulmahadev/devel/optee/optee_os/out/arm-plat-vexpress/export-ta_arm32/lib/libutils.a(arm32_aeabi_softfloat.o)
                              /home/rahulmahadev/devel/optee/neo/ta/out/ta.o (__aeabi_fdiv)
/home/rahulmahadev/devel/optee/optee_os/out/arm-plat-vexpress/export-ta_arm32/lib/libutils.a(f32_add.o)
                              /home/rahulmahadev/devel/optee/optee_os/out/arm-plat-vexpress/export-ta_arm32/lib/libutils.a(arm32_aeabi_softfloat.o) (f32_add)
/home/rahulmahadev/devel/optee/optee_os/out/arm-plat-vexpress/export-ta_arm32/lib/libutils.a(f32_div.o)
                              /home/rahulmahadev/devel/optee/optee_os/out/arm-plat-vexpress/export-ta_arm32/lib/libutils.a(arm32_aeabi_softfloat.o) (f32_div)
[...]
Memory Configuration

Name             Origin             Length             Attributes
*default*        0x00000000         0xffffffff

Linker script and memory map


.ta_head        0x00000000       0x20
 *(SORT(.ta_head))
 .ta_head       0x00000000       0x20 /home/rahulmahadev/devel/optee/neo/ta/out/user_ta_header.o
                0x00000000                ta_head

.text           0x00000020    0x111fc
 *(SORT(.text) SORT(.text.*))
 .text.string_copy
                0x00000020       0x3c /home/rahulmahadev/devel/optee/neo/ta/out/ta.o
                0x00000020                string_copy
 .text.TA_CreateEntryPoint
                0x0000005c       0x14 /home/rahulmahadev/devel/optee/neo/ta/out/ta.o
                0x0000005c                TA_CreateEntryPoint
 .text.TA_DestroyEntryPoint
                0x00000070       0x10 /home/rahulmahadev/devel/optee/neo/ta/out/ta.o
                0x00000070                TA_DestroyEntryPoint
 .text.set_params
                0x00000080      0x10c /home/rahulmahadev/devel/optee/neo/ta/out/ta.o
 .text.TA_OpenSessionEntryPoint
                0x0000018c       0x98 /home/rahulmahadev/devel/optee/neo/ta/out/ta.o
                0x0000018c                TA_OpenSessionEntryPoint
 .text.TA_CloseSessionEntryPoint
                0x00000224       0x18 /home/rahulmahadev/devel/optee/neo/ta/out/ta.o
                0x00000224                TA_CloseSessionEntryPoint
 .text.check_answer
                0x0000023c      0x180 /home/rahulmahadev/devel/optee/neo/ta/out/ta.o
 .text.start_quiz
                0x000003bc       0xc8 /home/rahulmahadev/devel/optee/neo/ta/out/ta.o
 .text.TA_InvokeCommandEntryPoint
                0x00000484       0x54 /home/rahulmahadev/devel/optee/neo/ta/out/ta.o
                0x00000484                TA_InvokeCommandEntryPoint
 .text.tahead_get_trace_level
                0x000004d8       0x14 /home/rahulmahadev/devel/optee/neo/ta/out/user_ta_header.o
                0x000004d8                tahead_get_trace_level
 .text.ta_header_save_params
                0x000004ec       0x70 /home/rahulmahadev/devel/optee/optee_os/out/arm-plat-vexpress/export-ta_arm32/lib/libutee.a(user_ta_entry.o)
 .text.ta_header_get_session
                0x0000055c       0x44 /home/rahulmahadev/devel/optee/optee_os/out/arm-plat-vexpress/export-ta_arm32/lib/libutee.a(user_ta_entry.o)
 .text.ta_header_add_session
                0x000005a0      0x14c /home/rahulmahadev/devel/optee/optee_os/out/arm-plat-vexpress/export-ta_arm32/lib/libutee.a(user_ta_entry.o)
 .text.ta_header_remove_session
                0x000006ec       0xb8 /home/rahulmahadev/devel/optee/optee_os/out/arm-plat-vexpress/export-ta_arm32/lib/libutee.a(user_ta_entry.o)
 .text.entry_open_session
                0x000007a4       0xcc /home/rahulmahadev/devel/optee/optee_os/out/arm-plat-vexpress/export-ta_arm32/lib/libutee.a(user_ta_entry.o)
 .text.entry_close_session
                0x00000870       0x68 /home/rahulmahadev/devel/optee/optee_os/out/arm-plat-vexpress/export-ta_arm32/lib/libutee.a(user_ta_entry.o)
 .text.entry_invoke_command
                0x000008d8       0xa0 /home/rahulmahadev/devel/optee/optee_os/out/arm-plat-vexpress/export-ta_arm32/lib/libutee.a(user_ta_entry.o)
 .text.__utee_entry
                0x00000978       0xc4 /home/rahulmahadev/devel/optee/optee_os/out/arm-plat-vexpress/export-ta_arm32/lib/libutee.a(user_ta_entry.o)
                0x00000978                __utee_entry
 .text          0x00000a3c      0x5f8 /home/rahulmahadev/devel/optee/optee_os/out/arm-plat-vexpress/export-ta_arm32/lib/libutee.a(utee_syscalls_a32.o)
                0x00000a3c                utee_return
                0x00000a50                utee_log
                0x00000a64                utee_panic
                0x00000a78                utee_dummy
                0x00000a8c                utee_dummy_7args
                0x00000aa4                utee_nocall
                0x00000ab8                utee_get_property
                0x00000acc                utee_open_ta_session
                0x00000ae4                utee_close_ta_session
                0x00000af8                utee_invoke_ta_command
                0x00000b10                utee_get_cancellation_flag
                0x00000b24                utee_check_access_rights
                0x00000b38                utee_unmask_cancellation
                0x00000b4c                utee_mask_cancellation
                0x00000b60                utee_wait
                0x00000b74                utee_get_time
                0x00000b88                utee_set_ta_time
                0x00000b9c                utee_cryp_state_alloc
                0x00000bb4                utee_cryp_state_copy
                0x00000bc8                utee_cryp_state_free
                0x00000bdc                utee_hash_init
                0x00000bf0                utee_hash_update
                0x00000c04                utee_hash_final
                0x00000c1c                utee_cipher_init
                0x00000c30                utee_cipher_update
                0x00000c48                utee_cipher_final
                0x00000c60                utee_cryp_obj_get_info
                0x00000c74                utee_cryp_obj_restrict_usage
                0x00000c88                utee_cryp_obj_get_attr
                0x00000c9c                utee_cryp_obj_alloc
                0x00000cb0                utee_cryp_obj_close
                0x00000cc4                utee_cryp_obj_reset
                0x00000cd8                utee_cryp_obj_populate
                0x00000cec                utee_cryp_obj_copy
                0x00000d00                utee_cryp_derive_key
                0x00000d14                utee_cryp_random_number_generate
                0x00000d28                utee_authenc_init
                0x00000d40                utee_authenc_update_aad
                0x00000d54                utee_authenc_update_payload
                0x00000d6c                utee_authenc_enc_final
                0x00000d84                utee_authenc_dec_final
                0x00000d9c                utee_asymm_operate
                0x00000db4                utee_asymm_verify
                0x00000dcc                utee_storage_obj_open
                0x00000de4                utee_storage_obj_create
                0x00000dfc                utee_storage_obj_del
                0x00000e10                utee_storage_obj_rename
                0x00000e24                utee_storage_alloc_enum
                0x00000e38                utee_storage_free_enum
                0x00000e4c                utee_storage_reset_enum
                0x00000e60                utee_storage_start_enum
                0x00000e74                utee_storage_next_enum
                0x00000e88                utee_storage_obj_read
                0x00000e9c                utee_storage_obj_write
                0x00000eb0                utee_storage_obj_trunc
                0x00000ec4                utee_storage_obj_seek
                0x00000ed8                utee_cryp_obj_generate_key
                0x00000eec                utee_se_service_open
                0x00000f00                utee_se_service_close
                0x00000f14                utee_se_service_get_readers
                0x00000f28                utee_se_reader_get_prop
                0x00000f3c                utee_se_reader_get_name
                0x00000f50                utee_se_reader_open_session
                0x00000f64                utee_se_reader_close_sessions
                0x00000f78                utee_se_session_is_closed
                0x00000f8c                utee_se_session_get_atr
                0x00000fa0                utee_se_session_open_channel
                0x00000fb8                utee_se_session_close
                0x00000fcc                utee_se_channel_select_next
                0x00000fe0                utee_se_channel_get_select_resp
                0x00000ff4                utee_se_channel_transmit
                0x0000100c                utee_se_channel_close
                0x00001020                utee_cache_operation
 .text.TEE_BigInt_Panic
                0x00001034       0x74 /home/rahulmahadev/devel/optee/optee_os/out/arm-plat-vexpress/export-ta_arm32/lib/libutee.a(tee_api_arith.o)
 .text._TEE_MathAPI_Init
                0x000010a8       0x50 /home/rahulmahadev/devel/optee/optee_os/out/arm-plat-vexpress/export-ta_arm32/lib/libutee.a(tee_api_arith.o)
                0x000010a8                _TEE_MathAPI_Init
 .text.TEE_BigIntInit
                0x000010f8       0x2c /home/rahulmahadev/devel/optee/optee_os/out/arm-plat-vexpress/export-ta_arm32/lib/libutee.a(tee_api_arith.o)
                0x000010f8                TEE_BigIntInit
 .text.TEE_BigIntInitFMM
                0x00001124       0x40 /home/rahulmahadev/devel/optee/optee_os/out/arm-plat-vexpress/export-ta_arm32/lib/libutee.a(tee_api_arith.o)
                0x00001124                TEE_BigIntInitFMM
 .text.TEE_BigIntInitFMMContext
                0x00001164       0x68 /home/rahulmahadev/devel/optee/optee_os/out/arm-plat-vexpress/export-ta_arm32/lib/libutee.a(tee_api_arith.o)
                0x00001164                TEE_BigIntInitFMMContext
 .text.TEE_BigIntFMMSizeInU32
                0x000011cc       0x28 /home/rahulmahadev/devel/optee/optee_os/out/arm-plat-vexpress/export-ta_arm32/lib/libutee.a(tee_api_arith.o)
                0x000011cc                TEE_BigIntFMMSizeInU32
 .text.TEE_BigIntFMMContextSizeInU32
                0x000011f4       0x30 /home/rahulmahadev/devel/optee/optee_os/out/arm-plat-vexpress/export-ta_arm32/lib/libutee.a(tee_api_arith.o)
                0x000011f4                TEE_BigIntFMMContextSizeInU32
 .text.TEE_BigIntConvertFromOctetString
                0x00001224       0xb0 /home/rahulmahadev/devel/optee/optee_os/out/arm-plat-vexpress/export-ta_arm32/lib/libutee.a(tee_api_arith.o)
                0x00001224                TEE_BigIntConvertFromOctetString
 .text.TEE_BigIntConvertToOctetString
                0x000012d4       0xb4 /home/rahulmahadev/devel/optee/optee_os/out/arm-plat-vexpress/export-ta_arm32/lib/libutee.a(tee_api_arith.o)
                0x000012d4                TEE_BigIntConvertToOctetString
 .text.TEE_BigIntConvertFromS32
                0x00001388       0x30 /home/rahulmahadev/devel/optee/optee_os/out/arm-plat-vexpress/export-ta_arm32/lib/libutee.a(tee_api_arith.o)
                0x00001388                TEE_BigIntConvertFromS32
 .text.TEE_BigIntConvertToS32
                0x000013b8       0xa0 /home/rahulmahadev/devel/optee/optee_os/out/arm-plat-vexpress/export-ta_arm32/lib/libutee.a(tee_api_arith.o)
                0x000013b8                TEE_BigIntConvertToS32
 .text.TEE_BigIntCmp
                0x00001458       0x38 /home/rahulmahadev/devel/optee/optee_os/out/arm-plat-vexpress/export-ta_arm32/lib/libutee.a(tee_api_arith.o)
                0x00001458                TEE_BigIntCmp
 .text.TEE_BigIntCmpS32
                0x00001490       0x34 /home/rahulmahadev/devel/optee/optee_os/out/arm-plat-vexpress/export-ta_arm32/lib/libutee.a(tee_api_arith.o)
                0x00001490                TEE_BigIntCmpS32
 .text.TEE_BigIntShiftRight
                0x000014c4       0x44 /home/rahulmahadev/devel/optee/optee_os/out/arm-plat-vexpress/export-ta_arm32/lib/libutee.a(tee_api_arith.o)
                0x000014c4                TEE_BigIntShiftRight
 .text.TEE_BigIntGetBit
                0x00001508       0x3c /home/rahulmahadev/devel/optee/optee_os/out/arm-plat-vexpress/export-ta_arm32/lib/libutee.a(tee_api_arith.o)
                0x00001508                TEE_BigIntGetBit
 .text.TEE_BigIntGetBitCount
                0x00001544       0x34 /home/rahulmahadev/devel/optee/optee_os/out/arm-plat-vexpress/export-ta_arm32/lib/libutee.a(tee_api_arith.o)
                0x00001544                TEE_BigIntGetBitCount
 .text.TEE_BigIntAdd
                0x00001578       0x50 /home/rahulmahadev/devel/optee/optee_os/out/arm-plat-vexpress/export-ta_arm32/lib/libutee.a(tee_api_arith.o)
                0x00001578                TEE_BigIntAdd
 .text.TEE_BigIntSub
                0x000015c8       0x50 /home/rahulmahadev/devel/optee/optee_os/out/arm-plat-vexpress/export-ta_arm32/lib/libutee.a(tee_api_arith.o)
                0x000015c8                TEE_BigIntSub
 .text.TEE_BigIntNeg
                0x00001618       0x34 /home/rahulmahadev/devel/optee/optee_os/out/arm-plat-vexpress/export-ta_arm32/lib/libutee.a(tee_api_arith.o)
                0x00001618                TEE_BigIntNeg
 .text.TEE_BigIntMul
                0x0000164c       0x50 /home/rahulmahadev/devel/optee/optee_os/out/arm-plat-vexpress/export-ta_arm32/lib/libutee.a(tee_api_arith.o)
                0x0000164c                TEE_BigIntMul
 .text.TEE_BigIntSquare
                0x0000169c       0x48 /home/rahulmahadev/devel/optee/optee_os/out/arm-plat-vexpress/export-ta_arm32/lib/libutee.a(tee_api_arith.o)
                0x0000169c                TEE_BigIntSquare
 .text.TEE_BigIntDiv
                0x000016e4       0x84 /home/rahulmahadev/devel/optee/optee_os/out/arm-plat-vexpress/export-ta_arm32/lib/libutee.a(tee_api_arith.o)
                0x000016e4                TEE_BigIntDiv
 .text.TEE_BigIntMod
                0x00001768       0xa8 /home/rahulmahadev/devel/optee/optee_os/out/arm-plat-vexpress/export-ta_arm32/lib/libutee.a(tee_api_arith.o)
                0x00001768                TEE_BigIntMod
 .text.TEE_BigIntAddMod
                0x00001810       0xb4 /home/rahulmahadev/devel/optee/optee_os/out/arm-plat-vexpress/export-ta_arm32/lib/libutee.a(tee_api_arith.o)
                0x00001810                TEE_BigIntAddMod
 .text.TEE_BigIntSubMod
                0x000018c4       0xb4 /home/rahulmahadev/devel/optee/optee_os/out/arm-plat-vexpress/export-ta_arm32/lib/libutee.a(tee_api_arith.o)
                0x000018c4                TEE_BigIntSubMod
 .text.TEE_BigIntMulMod
                0x00001978       0xfc /home/rahulmahadev/devel/optee/optee_os/out/arm-plat-vexpress/export-ta_arm32/lib/libutee.a(tee_api_arith.o)
                0x00001978                TEE_BigIntMulMod
 .text.TEE_BigIntSquareMod
                0x00001a74       0x34 /home/rahulmahadev/devel/optee/optee_os/out/arm-plat-vexpress/export-ta_arm32/lib/libutee.a(tee_api_arith.o)
                0x00001a74                TEE_BigIntSquareMod
 .text.TEE_BigIntInvMod
                0x00001aa8       0x90 /home/rahulmahadev/devel/optee/optee_os/out/arm-plat-vexpress/export-ta_arm32/lib/libutee.a(tee_api_arith.o)
                0x00001aa8                TEE_BigIntInvMod
 .text.TEE_BigIntRelativePrime
                0x00001b38       0xa4 /home/rahulmahadev/devel/optee/optee_os/out/arm-plat-vexpress/export-ta_arm32/lib/libutee.a(tee_api_arith.o)
                0x00001b38                TEE_BigIntRelativePrime
 .text.TEE_BigIntComputeExtendedGcd
                0x00001bdc       0x60 /home/rahulmahadev/devel/optee/optee_os/out/arm-plat-vexpress/export-ta_arm32/lib/libutee.a(tee_api_arith.o)
                0x00001bdc                TEE_BigIntComputeExtendedGcd
 .text.TEE_BigIntIsProbablePrime
                0x00001c3c       0x64 /home/rahulmahadev/devel/optee/optee_os/out/arm-plat-vexpress/export-ta_arm32/lib/libutee.a(tee_api_arith.o)
                0x00001c3c                TEE_BigIntIsProbablePrime
 .text.TEE_BigIntConvertToFMM
                0x00001ca0       0x64 /home/rahulmahadev/devel/optee/optee_os/out/arm-plat-vexpress/export-ta_arm32/lib/libutee.a(tee_api_arith.o)
                0x00001ca0                TEE_BigIntConvertToFMM
 .text.TEE_BigIntConvertFromFMM
                0x00001d04       0xb4 /home/rahulmahadev/devel/optee/optee_os/out/arm-plat-vexpress/export-ta_arm32/lib/libutee.a(tee_api_arith.o)
                0x00001d04                TEE_BigIntConvertFromFMM
 .text.TEE_BigIntComputeFMM
                0x00001db8       0x64 /home/rahulmahadev/devel/optee/optee_os/out/arm-plat-vexpress/export-ta_arm32/lib/libutee.a(tee_api_arith.o)
                0x00001db8                TEE_BigIntComputeFMM
 .text.__utee_from_param
                0x00001e1c      0x168 /home/rahulmahadev/devel/optee/optee_os/out/arm-plat-vexpress/export-ta_arm32/lib/libutee.a(tee_api.o)
                0x00001e1c                __utee_from_param
 .text.__utee_to_param
                0x00001f84       0xfc /home/rahulmahadev/devel/optee/optee_os/out/arm-plat-vexpress/export-ta_arm32/lib/libutee.a(tee_api.o)
                0x00001f84                __utee_to_param
 .text.TEE_OpenTASession
                0x00002080       0x8c /home/rahulmahadev/devel/optee/optee_os/out/arm-plat-vexpress/export-ta_arm32/lib/libutee.a(tee_api.o)
                0x00002080                TEE_OpenTASession
 .text.TEE_CloseTASession
                0x0000210c       0x78 /home/rahulmahadev/devel/optee/optee_os/out/arm-plat-vexpress/export-ta_arm32/lib/libutee.a(tee_api.o)
                0x0000210c                TEE_CloseTASession
 .text.TEE_InvokeTACommand
                0x00002184       0xe8 /home/rahulmahadev/devel/optee/optee_os/out/arm-plat-vexpress/export-ta_arm32/lib/libutee.a(tee_api.o)
                0x00002184                TEE_InvokeTACommand
 .text.TEE_GetCancellationFlag
                0x0000226c       0x44 /home/rahulmahadev/devel/optee/optee_os/out/arm-plat-vexpress/export-ta_arm32/lib/libutee.a(tee_api.o)
                0x0000226c                TEE_GetCancellationFlag
 .text.TEE_UnmaskCancellation
                0x000022b0       0x80 /home/rahulmahadev/devel/optee/optee_os/out/arm-plat-vexpress/export-ta_arm32/lib/libutee.a(tee_api.o)
                0x000022b0                TEE_UnmaskCancellation
 .text.TEE_MaskCancellation
                0x00002330       0x80 /home/rahulmahadev/devel/optee/optee_os/out/arm-plat-vexpress/export-ta_arm32/lib/libutee.a(tee_api.o)
                0x00002330                TEE_MaskCancellation
 .text.TEE_CheckMemoryAccessRights
                0x000023b0       0x5c /home/rahulmahadev/devel/optee/optee_os/out/arm-plat-vexpress/export-ta_arm32/lib/libutee.a(tee_api.o)
                0x000023b0                TEE_CheckMemoryAccessRights
 .text.TEE_SetInstanceData
                0x0000240c       0x24 /home/rahulmahadev/devel/optee/optee_os/out/arm-plat-vexpress/export-ta_arm32/lib/libutee.a(tee_api.o)
                0x0000240c                TEE_SetInstanceData
 .text.TEE_GetInstanceData
                0x00002430       0x1c /home/rahulmahadev/devel/optee/optee_os/out/arm-plat-vexpress/export-ta_arm32/lib/libutee.a(tee_api.o)
                0x00002430                TEE_GetInstanceData
 .text.TEE_MemMove
                0x0000244c       0x40 /home/rahulmahadev/devel/optee/optee_os/out/arm-plat-vexpress/export-ta_arm32/lib/libutee.a(tee_api.o)
                0x0000244c                TEE_MemMove
 .text.TEE_MemCompare
                0x0000248c       0x40 /home/rahulmahadev/devel/optee/optee_os/out/arm-plat-vexpress/export-ta_arm32/lib/libutee.a(tee_api.o)
                0x0000248c                TEE_MemCompare
 .text.TEE_MemFill
                0x000024cc       0x40 /home/rahulmahadev/devel/optee/optee_os/out/arm-plat-vexpress/export-ta_arm32/lib/libutee.a(tee_api.o)
                0x000024cc                TEE_MemFill
 .text.TEE_GetSystemTime
                0x0000250c       0x78 /home/rahulmahadev/devel/optee/optee_os/out/arm-plat-vexpress/export-ta_arm32/lib/libutee.a(tee_api.o)
                0x0000250c                TEE_GetSystemTime
 .text.TEE_Wait
                0x00002584       0x84 /home/rahulmahadev/devel/optee/optee_os/out/arm-plat-vexpress/export-ta_arm32/lib/libutee.a(tee_api.o)
                0x00002584                TEE_Wait
 .text.TEE_GetTAPersistentTime
                0x00002608       0xd0 /home/rahulmahadev/devel/optee/optee_os/out/arm-plat-vexpress/export-ta_arm32/lib/libutee.a(tee_api.o)
                0x00002608                TEE_GetTAPersistentTime
 .text.TEE_SetTAPersistentTime
                0x000026d8       0x90 /home/rahulmahadev/devel/optee/optee_os/out/arm-plat-vexpress/export-ta_arm32/lib/libutee.a(tee_api.o)
                0x000026d8                TEE_SetTAPersistentTime
 .text.TEE_GetREETime
                0x00002768       0x78 /home/rahulmahadev/devel/optee/optee_os/out/arm-plat-vexpress/export-ta_arm32/lib/libutee.a(tee_api.o)
                0x00002768                TEE_GetREETime
 .text.TEE_Malloc
                0x000027e0       0x30 /home/rahulmahadev/devel/optee/optee_os/out/arm-plat-vexpress/export-ta_arm32/lib/libutee.a(tee_api.o)
                0x000027e0                TEE_Malloc
 .text.TEE_Realloc
                0x00002810       0x30 /home/rahulmahadev/devel/optee/optee_os/out/arm-plat-vexpress/export-ta_arm32/lib/libutee.a(tee_api.o)
                0x00002810                TEE_Realloc
 .text.TEE_Free
                0x00002840       0x28 /home/rahulmahadev/devel/optee/optee_os/out/arm-plat-vexpress/export-ta_arm32/lib/libutee.a(tee_api.o)
                0x00002840                TEE_Free
 .text.TEE_CacheClean
                0x00002868       0x40 /home/rahulmahadev/devel/optee/optee_os/out/arm-plat-vexpress/export-ta_arm32/lib/libutee.a(tee_api.o)
                0x00002868                TEE_CacheClean
 .text.TEE_CacheFlush
                0x000028a8       0x40 /home/rahulmahadev/devel/optee/optee_os/out/arm-plat-vexpress/export-ta_arm32/lib/libutee.a(tee_api.o)
                0x000028a8                TEE_CacheFlush
 .text.TEE_CacheInvalidate
                0x000028e8       0x40 /home/rahulmahadev/devel/optee/optee_os/out/arm-plat-vexpress/export-ta_arm32/lib/libutee.a(tee_api.o)
                0x000028e8                TEE_CacheInvalidate
 .text.__TEE_Panic
                0x00002928       0x20 /home/rahulmahadev/devel/optee/optee_os/out/arm-plat-vexpress/export-ta_arm32/lib/libutee.a(tee_api_panic.o)
                0x00002928                __TEE_Panic
 .text.TEE_Panic
                0x00002948       0x18 /home/rahulmahadev/devel/optee/optee_os/out/arm-plat-vexpress/export-ta_arm32/lib/libutee.a(tee_api_panic.o)
                0x00002948                TEE_Panic
 .text.utee_get_ta_exec_id
                0x00002960       0x14 /home/rahulmahadev/devel/optee/optee_os/out/arm-plat-vexpress/export-ta_arm32/lib/libutee.a(utee_misc.o)
                0x00002960                utee_get_ta_exec_id
 .text.utee_malloc
                0x00002974       0x2c /home/rahulmahadev/devel/optee/optee_os/out/arm-plat-vexpress/export-ta_arm32/lib/libutee.a(utee_misc.o)
                0x00002974                utee_malloc
 .text.utee_realloc
                0x000029a0       0x30 /home/rahulmahadev/devel/optee/optee_os/out/arm-plat-vexpress/export-ta_arm32/lib/libutee.a(utee_misc.o)
                0x000029a0                utee_realloc
 .text.utee_calloc
                0x000029d0       0x30 /home/rahulmahadev/devel/optee/optee_os/out/arm-plat-vexpress/export-ta_arm32/lib/libutee.a(utee_misc.o)
                0x000029d0                utee_calloc
 .text.utee_free
                0x00002a00       0x28 /home/rahulmahadev/devel/optee/optee_os/out/arm-plat-vexpress/export-ta_arm32/lib/libutee.a(utee_misc.o)
                0x00002a00                utee_free
 .text.get_rng_array
                0x00002a28       0x30 /home/rahulmahadev/devel/optee/optee_os/out/arm-plat-vexpress/export-ta_arm32/lib/libutee.a(utee_misc.o)
                0x00002a28                get_rng_array
 .text.buf_addr
                0x00002a58       0x20 /home/rahulmahadev/devel/optee/optee_os/out/arm-plat-vexpress/export-ta_arm32/lib/libutee.a(tee_user_mem.o)
 .text.buf_size
                0x00002a78       0x28 /home/rahulmahadev/devel/optee/optee_os/out/arm-plat-vexpress/export-ta_arm32/lib/libutee.a(tee_user_mem.o)
 .text.elem_addr
                0x00002aa0       0x20 /home/rahulmahadev/devel/optee/optee_os/out/arm-plat-vexpress/export-ta_arm32/lib/libutee.a(tee_user_mem.o)
 .text.is_buffer_valid
                0x00002ac0       0x4c /home/rahulmahadev/devel/optee/optee_os/out/arm-plat-vexpress/export-ta_arm32/lib/libutee.a(tee_user_mem.o)
 .text.print_buf
                0x00002b0c       0x7c /home/rahulmahadev/devel/optee/optee_os/out/arm-plat-vexpress/export-ta_arm32/lib/libutee.a(tee_user_mem.o)
 .text.heap_inc
                0x00002b88       0x60 /home/rahulmahadev/devel/optee/optee_os/out/arm-plat-vexpress/export-ta_arm32/lib/libutee.a(tee_user_mem.o)
 .text.heap_dec
                0x00002be8       0x64 /home/rahulmahadev/devel/optee/optee_os/out/arm-plat-vexpress/export-ta_arm32/lib/libutee.a(tee_user_mem.o)
 .text.check_elem_end
                0x00002c4c       0x74 /home/rahulmahadev/devel/optee/optee_os/out/arm-plat-vexpress/export-ta_arm32/lib/libutee.a(tee_user_mem.o)
 .text.check_elem
                0x00002cc0      0x104 /home/rahulmahadev/devel/optee/optee_os/out/arm-plat-vexpress/export-ta_arm32/lib/libutee.a(tee_user_mem.o)
 .text.is_mem_coherent
                0x00002dc4       0x84 /home/rahulmahadev/devel/optee/optee_os/out/arm-plat-vexpress/export-ta_arm32/lib/libutee.a(tee_user_mem.o)
 .text.tee_user_mem_alloc
                0x00002e48      0x180 /home/rahulmahadev/devel/optee/optee_os/out/arm-plat-vexpress/export-ta_arm32/lib/libutee.a(tee_user_mem.o)
                0x00002e48                tee_user_mem_alloc
 .text.tee_user_mem_realloc
                0x00002fc8       0xe8 /home/rahulmahadev/devel/optee/optee_os/out/arm-plat-vexpress/export-ta_arm32/lib/libutee.a(tee_user_mem.o)
                0x00002fc8                tee_user_mem_realloc
 .text.tee_user_mem_free
                0x000030b0      0x150 /home/rahulmahadev/devel/optee/optee_os/out/arm-plat-vexpress/export-ta_arm32/lib/libutee.a(tee_user_mem.o)
                0x000030b0                tee_user_mem_free
 .text.tee_user_mem_mark_heap
                0x00003200       0x20 /home/rahulmahadev/devel/optee/optee_os/out/arm-plat-vexpress/export-ta_arm32/lib/libutee.a(tee_user_mem.o)
                0x00003200                tee_user_mem_mark_heap
 .text.tee_user_mem_check_heap
                0x00003220       0x94 /home/rahulmahadev/devel/optee/optee_os/out/arm-plat-vexpress/export-ta_arm32/lib/libutee.a(tee_user_mem.o)
                0x00003220                tee_user_mem_check_heap
 .text.tee_user_mem_status
                0x000032b4       0x88 /home/rahulmahadev/devel/optee/optee_os/out/arm-plat-vexpress/export-ta_arm32/lib/libutee.a(tee_user_mem.o)
 .text.tee_user_mem_garbage
                0x0000333c       0x4c /home/rahulmahadev/devel/optee/optee_os/out/arm-plat-vexpress/export-ta_arm32/lib/libutee.a(tee_user_mem.o)
                0x0000333c                tee_user_mem_garbage
 .text.trace_ext_puts
                0x00003388       0x44 /home/rahulmahadev/devel/optee/optee_os/out/arm-plat-vexpress/export-ta_arm32/lib/libutee.a(trace_ext.o)
                0x00003388                trace_ext_puts
 .text.trace_ext_get_thread_id
                0x000033cc       0x14 /home/rahulmahadev/devel/optee/optee_os/out/arm-plat-vexpress/export-ta_arm32/lib/libutee.a(trace_ext.o)
                0x000033cc                trace_ext_get_thread_id
 .text.printf   0x000033e0      0x120 /home/rahulmahadev/devel/optee/optee_os/out/arm-plat-vexpress/export-ta_arm32/lib/libutee.a(trace_ext.o)
                0x000033e0                printf
 .text.puts     0x00003500       0x3c /home/rahulmahadev/devel/optee/optee_os/out/arm-plat-vexpress/export-ta_arm32/lib/libutee.a(trace_ext.o)
                0x00003500                puts
 .text._assert_log
                0x0000353c       0x5c /home/rahulmahadev/devel/optee/optee_os/out/arm-plat-vexpress/export-ta_arm32/lib/libutee.a(assert.o)
                0x0000353c                _assert_log
 .text._assert_break
                0x00003598       0x20 /home/rahulmahadev/devel/optee/optee_os/out/arm-plat-vexpress/export-ta_arm32/lib/libutee.a(assert.o)
                0x00003598                _assert_break
 .text.bget     0x000035b8      0x210 /home/rahulmahadev/devel/optee/optee_os/out/arm-plat-vexpress/export-ta_arm32/lib/libutils.a(bget_malloc.o)
                0x000035b8                bget
 .text.bgetz    0x000037c8       0xbc /home/rahulmahadev/devel/optee/optee_os/out/arm-plat-vexpress/export-ta_arm32/lib/libutils.a(bget_malloc.o)
                0x000037c8                bgetz
 .text.bgetr    0x00003884       0xc4 /home/rahulmahadev/devel/optee/optee_os/out/arm-plat-vexpress/export-ta_arm32/lib/libutils.a(bget_malloc.o)
                0x00003884                bgetr
 .text.brel     0x00003948      0x2f4 /home/rahulmahadev/devel/optee/optee_os/out/arm-plat-vexpress/export-ta_arm32/lib/libutils.a(bget_malloc.o)
                0x00003948                brel
 .text.bpool    0x00003c3c      0x140 /home/rahulmahadev/devel/optee/optee_os/out/arm-plat-vexpress/export-ta_arm32/lib/libutils.a(bget_malloc.o)
                0x00003c3c                bpool
 .text.malloc_lock
                0x00003d7c       0x10 /home/rahulmahadev/devel/optee/optee_os/out/arm-plat-vexpress/export-ta_arm32/lib/libutils.a(bget_malloc.o)
 .text.malloc_unlock
                0x00003d8c       0x10 /home/rahulmahadev/devel/optee/optee_os/out/arm-plat-vexpress/export-ta_arm32/lib/libutils.a(bget_malloc.o)
 .text.raw_malloc_save_max_alloced_size
                0x00003d9c       0x10 /home/rahulmahadev/devel/optee/optee_os/out/arm-plat-vexpress/export-ta_arm32/lib/libutils.a(bget_malloc.o)
 .text.malloc_reset_max_allocated
                0x00003dac       0x10 /home/rahulmahadev/devel/optee/optee_os/out/arm-plat-vexpress/export-ta_arm32/lib/libutils.a(bget_malloc.o)
                0x00003dac                malloc_reset_max_allocated
 .text.malloc_get_max_allocated
                0x00003dbc       0x14 /home/rahulmahadev/devel/optee/optee_os/out/arm-plat-vexpress/export-ta_arm32/lib/libutils.a(bget_malloc.o)
                0x00003dbc                malloc_get_max_allocated
 .text.malloc_get_allocated
                0x00003dd0       0x14 /home/rahulmahadev/devel/optee/optee_os/out/arm-plat-vexpress/export-ta_arm32/lib/libutils.a(bget_malloc.o)
                0x00003dd0                malloc_get_allocated
 .text.malloc_get_heap_size
                0x00003de4       0x68 /home/rahulmahadev/devel/optee/optee_os/out/arm-plat-vexpress/export-ta_arm32/lib/libutils.a(bget_malloc.o)
                0x00003de4                malloc_get_heap_size
 .text.raw_malloc_validate_pools
                0x00003e4c       0x10 /home/rahulmahadev/devel/optee/optee_os/out/arm-plat-vexpress/export-ta_arm32/lib/libutils.a(bget_malloc.o)
 .text.bpool_foreach_iterator_init
                0x00003e5c       0x30 /home/rahulmahadev/devel/optee/optee_os/out/arm-plat-vexpress/export-ta_arm32/lib/libutils.a(bget_malloc.o)
 .text.bpool_foreach_pool
                0x00003e8c       0xf4 /home/rahulmahadev/devel/optee/optee_os/out/arm-plat-vexpress/export-ta_arm32/lib/libutils.a(bget_malloc.o)
 .text.bpool_foreach
                0x00003f80       0x90 /home/rahulmahadev/devel/optee/optee_os/out/arm-plat-vexpress/export-ta_arm32/lib/libutils.a(bget_malloc.o)
 .text.raw_malloc
                0x00004010       0x68 /home/rahulmahadev/devel/optee/optee_os/out/arm-plat-vexpress/export-ta_arm32/lib/libutils.a(bget_malloc.o)
 .text.raw_free
                0x00004078       0x30 /home/rahulmahadev/devel/optee/optee_os/out/arm-plat-vexpress/export-ta_arm32/lib/libutils.a(bget_malloc.o)
 .text.raw_calloc
                0x000040a8       0x78 /home/rahulmahadev/devel/optee/optee_os/out/arm-plat-vexpress/export-ta_arm32/lib/libutils.a(bget_malloc.o)
 .text.raw_realloc
                0x00004120       0x6c /home/rahulmahadev/devel/optee/optee_os/out/arm-plat-vexpress/export-ta_arm32/lib/libutils.a(bget_malloc.o)
 .text.create_free_block
                0x0000418c      0x178 /home/rahulmahadev/devel/optee/optee_os/out/arm-plat-vexpress/export-ta_arm32/lib/libutils.a(bget_malloc.o)
 .text.brel_before
                0x00004304      0x130 /home/rahulmahadev/devel/optee/optee_os/out/arm-plat-vexpress/export-ta_arm32/lib/libutils.a(bget_malloc.o)
 .text.brel_after
                0x00004434      0x1f4 /home/rahulmahadev/devel/optee/optee_os/out/arm-plat-vexpress/export-ta_arm32/lib/libutils.a(bget_malloc.o)
 .text.raw_memalign
                0x00004628      0x184 /home/rahulmahadev/devel/optee/optee_os/out/arm-plat-vexpress/export-ta_arm32/lib/libutils.a(bget_malloc.o)
 .text.bget_buf_size
                0x000047ac       0x78 /home/rahulmahadev/devel/optee/optee_os/out/arm-plat-vexpress/export-ta_arm32/lib/libutils.a(bget_malloc.o)
 .text.malloc   0x00004824       0x40 /home/rahulmahadev/devel/optee/optee_os/out/arm-plat-vexpress/export-ta_arm32/lib/libutils.a(bget_malloc.o)
                0x00004824                malloc
 .text.free     0x00004864       0x34 /home/rahulmahadev/devel/optee/optee_os/out/arm-plat-vexpress/export-ta_arm32/lib/libutils.a(bget_malloc.o)
                0x00004864                free
 .text.calloc   0x00004898       0x50 /home/rahulmahadev/devel/optee/optee_os/out/arm-plat-vexpress/export-ta_arm32/lib/libutils.a(bget_malloc.o)
                0x00004898                calloc
 .text.realloc_unlocked
                0x000048e8       0x3c /home/rahulmahadev/devel/optee/optee_os/out/arm-plat-vexpress/export-ta_arm32/lib/libutils.a(bget_malloc.o)
 .text.realloc  0x00004924       0x3c /home/rahulmahadev/devel/optee/optee_os/out/arm-plat-vexpress/export-ta_arm32/lib/libutils.a(bget_malloc.o)
                0x00004924                realloc
 .text.memalign
                0x00004960       0x50 /home/rahulmahadev/devel/optee/optee_os/out/arm-plat-vexpress/export-ta_arm32/lib/libutils.a(bget_malloc.o)
                0x00004960                memalign
 .text.get_payload_start_size
                0x000049b0       0x2c /home/rahulmahadev/devel/optee/optee_os/out/arm-plat-vexpress/export-ta_arm32/lib/libutils.a(bget_malloc.o)
 .text.malloc_add_pool
                0x000049dc      0x160 /home/rahulmahadev/devel/optee/optee_os/out/arm-plat-vexpress/export-ta_arm32/lib/libutils.a(bget_malloc.o)
                0x000049dc                malloc_add_pool
 .text.malloc_buffer_is_within_alloced
                0x00004b3c       0xbc /home/rahulmahadev/devel/optee/optee_os/out/arm-plat-vexpress/export-ta_arm32/lib/libutils.a(bget_malloc.o)
                0x00004b3c                malloc_buffer_is_within_alloced
 .text.malloc_buffer_overlaps_heap
                0x00004bf8       0xc8 /home/rahulmahadev/devel/optee/optee_os/out/arm-plat-vexpress/export-ta_arm32/lib/libutils.a(bget_malloc.o)
                0x00004bf8                malloc_buffer_overlaps_heap
 .text.snprintf
                0x00004cc0       0x54 /home/rahulmahadev/devel/optee/optee_os/out/arm-plat-vexpress/export-ta_arm32/lib/libutils.a(snprintf.o)
                0x00004cc0                snprintf
 .text.vsnprintf
                0x00004d14       0x48 /home/rahulmahadev/devel/optee/optee_os/out/arm-plat-vexpress/export-ta_arm32/lib/libutils.a(snprintf.o)
                0x00004d14                vsnprintf
 .text.memcmp   0x00004d5c       0xb8 /home/rahulmahadev/devel/optee/optee_os/out/arm-plat-vexpress/export-ta_arm32/lib/libutils.a(memcmp.o)
                0x00004d5c                memcmp
 .text.memcpy   0x00004e14       0xf4 /home/rahulmahadev/devel/optee/optee_os/out/arm-plat-vexpress/export-ta_arm32/lib/libutils.a(memcpy.o)
                0x00004e14                memcpy
 .text.memmove  0x00004f08      0x140 /home/rahulmahadev/devel/optee/optee_os/out/arm-plat-vexpress/export-ta_arm32/lib/libutils.a(memmove.o)
                0x00004f08                memmove
 .text.memset   0x00005048      0x11c /home/rahulmahadev/devel/optee/optee_os/out/arm-plat-vexpress/export-ta_arm32/lib/libutils.a(memset.o)
                0x00005048                memset
 .text.strcmp   0x00005164       0xb0 /home/rahulmahadev/devel/optee/optee_os/out/arm-plat-vexpress/export-ta_arm32/lib/libutils.a(strcmp.o)
                0x00005164                strcmp
 .text.strlen   0x00005214       0x8c /home/rahulmahadev/devel/optee/optee_os/out/arm-plat-vexpress/export-ta_arm32/lib/libutils.a(strlen.o)
                0x00005214                strlen
 .text.f32_to_f
                0x000052a0       0x20 /home/rahulmahadev/devel/optee/optee_os/out/arm-plat-vexpress/export-ta_arm32/lib/libutils.a(arm32_aeabi_softfloat.o)
 .text.f32_from_f
                0x000052c0       0x20 /home/rahulmahadev/devel/optee/optee_os/out/arm-plat-vexpress/export-ta_arm32/lib/libutils.a(arm32_aeabi_softfloat.o)
 .text.f64_to_d
                0x000052e0       0x2c /home/rahulmahadev/devel/optee/optee_os/out/arm-plat-vexpress/export-ta_arm32/lib/libutils.a(arm32_aeabi_softfloat.o)
 .text.f64_from_d
                0x0000530c       0x30 /home/rahulmahadev/devel/optee/optee_os/out/arm-plat-vexpress/export-ta_arm32/lib/libutils.a(arm32_aeabi_softfloat.o)
 .text.__aeabi_dadd
                0x0000533c       0x84 /home/rahulmahadev/devel/optee/optee_os/out/arm-plat-vexpress/export-ta_arm32/lib/libutils.a(arm32_aeabi_softfloat.o)
                0x0000533c                __aeabi_dadd
 .text.__aeabi_ddiv
                0x000053c0       0x84 /home/rahulmahadev/devel/optee/optee_os/out/arm-plat-vexpress/export-ta_arm32/lib/libutils.a(arm32_aeabi_softfloat.o)
                0x000053c0                __aeabi_ddiv
 .text.__aeabi_dmul
                0x00005444       0x84 /home/rahulmahadev/devel/optee/optee_os/out/arm-plat-vexpress/export-ta_arm32/lib/libutils.a(arm32_aeabi_softfloat.o)
                0x00005444                __aeabi_dmul
 .text.__aeabi_drsub
                0x000054c8       0x84 /home/rahulmahadev/devel/optee/optee_os/out/arm-plat-vexpress/export-ta_arm32/lib/libutils.a(arm32_aeabi_softfloat.o)
                0x000054c8                __aeabi_drsub
 .text.__aeabi_dsub
                0x0000554c       0x84 /home/rahulmahadev/devel/optee/optee_os/out/arm-plat-vexpress/export-ta_arm32/lib/libutils.a(arm32_aeabi_softfloat.o)
                0x0000554c                __aeabi_dsub
 .text.__aeabi_dcmpeq
                0x000055d0       0x68 /home/rahulmahadev/devel/optee/optee_os/out/arm-plat-vexpress/export-ta_arm32/lib/libutils.a(arm32_aeabi_softfloat.o)
                0x000055d0                __aeabi_dcmpeq
 .text.__aeabi_dcmplt
                0x00005638       0x68 /home/rahulmahadev/devel/optee/optee_os/out/arm-plat-vexpress/export-ta_arm32/lib/libutils.a(arm32_aeabi_softfloat.o)
                0x00005638                __aeabi_dcmplt
 .text.__aeabi_dcmple
                0x000056a0       0x68 /home/rahulmahadev/devel/optee/optee_os/out/arm-plat-vexpress/export-ta_arm32/lib/libutils.a(arm32_aeabi_softfloat.o)
                0x000056a0                __aeabi_dcmple
 .text.__aeabi_dcmpge
                0x00005708       0x68 /home/rahulmahadev/devel/optee/optee_os/out/arm-plat-vexpress/export-ta_arm32/lib/libutils.a(arm32_aeabi_softfloat.o)
                0x00005708                __aeabi_dcmpge
 .text.__aeabi_dcmpgt
                0x00005770       0x68 /home/rahulmahadev/devel/optee/optee_os/out/arm-plat-vexpress/export-ta_arm32/lib/libutils.a(arm32_aeabi_softfloat.o)
                0x00005770                __aeabi_dcmpgt
 .text.__aeabi_fadd
                0x000057d8       0x64 /home/rahulmahadev/devel/optee/optee_os/out/arm-plat-vexpress/export-ta_arm32/lib/libutils.a(arm32_aeabi_softfloat.o)
                0x000057d8                __aeabi_fadd
 .text.__aeabi_fdiv
                0x0000583c       0x64 /home/rahulmahadev/devel/optee/optee_os/out/arm-plat-vexpress/export-ta_arm32/lib/libutils.a(arm32_aeabi_softfloat.o)
                0x0000583c                __aeabi_fdiv
 .text.__aeabi_fmul
                0x000058a0       0x64 /home/rahulmahadev/devel/optee/optee_os/out/arm-plat-vexpress/export-ta_arm32/lib/libutils.a(arm32_aeabi_softfloat.o)
                0x000058a0                __aeabi_fmul
 .text.__aeabi_frsub
                0x00005904       0x64 /home/rahulmahadev/devel/optee/optee_os/out/arm-plat-vexpress/export-ta_arm32/lib/libutils.a(arm32_aeabi_softfloat.o)
                0x00005904                __aeabi_frsub
 .text.__aeabi_fsub
                0x00005968       0x64 /home/rahulmahadev/devel/optee/optee_os/out/arm-plat-vexpress/export-ta_arm32/lib/libutils.a(arm32_aeabi_softfloat.o)
                0x00005968                __aeabi_fsub
 .text.__aeabi_fcmpeq
                0x000059cc       0x54 /home/rahulmahadev/devel/optee/optee_os/out/arm-plat-vexpress/export-ta_arm32/lib/libutils.a(arm32_aeabi_softfloat.o)
                0x000059cc                __aeabi_fcmpeq
 .text.__aeabi_fcmplt
                0x00005a20       0x54 /home/rahulmahadev/devel/optee/optee_os/out/arm-plat-vexpress/export-ta_arm32/lib/libutils.a(arm32_aeabi_softfloat.o)
                0x00005a20                __aeabi_fcmplt
 .text.__aeabi_fcmple
                0x00005a74       0x54 /home/rahulmahadev/devel/optee/optee_os/out/arm-plat-vexpress/export-ta_arm32/lib/libutils.a(arm32_aeabi_softfloat.o)
                0x00005a74                __aeabi_fcmple
 .text.__aeabi_fcmpge
                0x00005ac8       0x54 /home/rahulmahadev/devel/optee/optee_os/out/arm-plat-vexpress/export-ta_arm32/lib/libutils.a(arm32_aeabi_softfloat.o)
                0x00005ac8                __aeabi_fcmpge
 .text.__aeabi_fcmpgt
                0x00005b1c       0x54 /home/rahulmahadev/devel/optee/optee_os/out/arm-plat-vexpress/export-ta_arm32/lib/libutils.a(arm32_aeabi_softfloat.o)
                0x00005b1c                __aeabi_fcmpgt
 .text.__aeabi_d2iz
                0x00005b70       0x54 /home/rahulmahadev/devel/optee/optee_os/out/arm-plat-vexpress/export-ta_arm32/lib/libutils.a(arm32_aeabi_softfloat.o)
                0x00005b70                __aeabi_d2iz
 .text.__aeabi_d2uiz
                0x00005bc4       0x54 /home/rahulmahadev/devel/optee/optee_os/out/arm-plat-vexpress/export-ta_arm32/lib/libutils.a(arm32_aeabi_softfloat.o)
                0x00005bc4                __aeabi_d2uiz
 .text.__aeabi_d2lz
                0x00005c18       0x58 /home/rahulmahadev/devel/optee/optee_os/out/arm-plat-vexpress/export-ta_arm32/lib/libutils.a(arm32_aeabi_softfloat.o)
                0x00005c18                __aeabi_d2lz
 .text.__aeabi_d2ulz
                0x00005c70       0x58 /home/rahulmahadev/devel/optee/optee_os/out/arm-plat-vexpress/export-ta_arm32/lib/libutils.a(arm32_aeabi_softfloat.o)
                0x00005c70                __aeabi_d2ulz
 .text.__aeabi_f2iz
                0x00005cc8       0x48 /home/rahulmahadev/devel/optee/optee_os/out/arm-plat-vexpress/export-ta_arm32/lib/libutils.a(arm32_aeabi_softfloat.o)
                0x00005cc8                __aeabi_f2iz
 .text.__aeabi_f2uiz
                0x00005d10       0x48 /home/rahulmahadev/devel/optee/optee_os/out/arm-plat-vexpress/export-ta_arm32/lib/libutils.a(arm32_aeabi_softfloat.o)
                0x00005d10                __aeabi_f2uiz
 .text.__aeabi_f2lz
                0x00005d58       0x4c /home/rahulmahadev/devel/optee/optee_os/out/arm-plat-vexpress/export-ta_arm32/lib/libutils.a(arm32_aeabi_softfloat.o)
                0x00005d58                __aeabi_f2lz
 .text.__aeabi_f2ulz
                0x00005da4       0x4c /home/rahulmahadev/devel/optee/optee_os/out/arm-plat-vexpress/export-ta_arm32/lib/libutils.a(arm32_aeabi_softfloat.o)
                0x00005da4                __aeabi_f2ulz
 .text.__aeabi_d2f
                0x00005df0       0x5c /home/rahulmahadev/devel/optee/optee_os/out/arm-plat-vexpress/export-ta_arm32/lib/libutils.a(arm32_aeabi_softfloat.o)
                0x00005df0                __aeabi_d2f
 .text.__aeabi_f2d
                0x00005e4c       0x5c /home/rahulmahadev/devel/optee/optee_os/out/arm-plat-vexpress/export-ta_arm32/lib/libutils.a(arm32_aeabi_softfloat.o)
                0x00005e4c                __aeabi_f2d
 .text.__aeabi_i2d
                0x00005ea8       0x50 /home/rahulmahadev/devel/optee/optee_os/out/arm-plat-vexpress/export-ta_arm32/lib/libutils.a(arm32_aeabi_softfloat.o)
                0x00005ea8                __aeabi_i2d
 .text.__aeabi_ui2d
                0x00005ef8       0x50 /home/rahulmahadev/devel/optee/optee_os/out/arm-plat-vexpress/export-ta_arm32/lib/libutils.a(arm32_aeabi_softfloat.o)
                0x00005ef8                __aeabi_ui2d
 .text.__aeabi_l2d
                0x00005f48       0x54 /home/rahulmahadev/devel/optee/optee_os/out/arm-plat-vexpress/export-ta_arm32/lib/libutils.a(arm32_aeabi_softfloat.o)
                0x00005f48                __aeabi_l2d
 .text.__aeabi_ul2d
                0x00005f9c       0x54 /home/rahulmahadev/devel/optee/optee_os/out/arm-plat-vexpress/export-ta_arm32/lib/libutils.a(arm32_aeabi_softfloat.o)
                0x00005f9c                __aeabi_ul2d
 .text.__aeabi_i2f
                0x00005ff0       0x38 /home/rahulmahadev/devel/optee/optee_os/out/arm-plat-vexpress/export-ta_arm32/lib/libutils.a(arm32_aeabi_softfloat.o)
                0x00005ff0                __aeabi_i2f
 .text.__aeabi_ui2f
                0x00006028       0x38 /home/rahulmahadev/devel/optee/optee_os/out/arm-plat-vexpress/export-ta_arm32/lib/libutils.a(arm32_aeabi_softfloat.o)
                0x00006028                __aeabi_ui2f
 .text.__aeabi_l2f
                0x00006060       0x3c /home/rahulmahadev/devel/optee/optee_os/out/arm-plat-vexpress/export-ta_arm32/lib/libutils.a(arm32_aeabi_softfloat.o)
                0x00006060                __aeabi_l2f
 .text.__aeabi_ul2f
                0x0000609c       0x3c /home/rahulmahadev/devel/optee/optee_os/out/arm-plat-vexpress/export-ta_arm32/lib/libutils.a(arm32_aeabi_softfloat.o)
                0x0000609c                __aeabi_ul2f
 .text.f32_add  0x000060d8       0x6c /home/rahulmahadev/devel/optee/optee_os/out/arm-plat-vexpress/export-ta_arm32/lib/libutils.a(f32_add.o)
                0x000060d8                f32_add
 .text.f32_div  0x00006144      0x290 /home/rahulmahadev/devel/optee/optee_os/out/arm-plat-vexpress/export-ta_arm32/lib/libutils.a(f32_div.o)
                0x00006144                f32_div
 .text.f32_eq   0x000063d4       0xd4 /home/rahulmahadev/devel/optee/optee_os/out/arm-plat-vexpress/export-ta_arm32/lib/libutils.a(f32_eq.o)
                0x000063d4                f32_eq
 .text.f32_le   0x000064a8       0xdc /home/rahulmahadev/devel/optee/optee_os/out/arm-plat-vexpress/export-ta_arm32/lib/libutils.a(f32_le.o)
                0x000064a8                f32_le
 .text.f32_lt   0x00006584       0xdc /home/rahulmahadev/devel/optee/optee_os/out/arm-plat-vexpress/export-ta_arm32/lib/libutils.a(f32_lt.o)
                0x00006584                f32_lt
 .text.f32_mul  0x00006660      0x238 /home/rahulmahadev/devel/optee/optee_os/out/arm-plat-vexpress/export-ta_arm32/lib/libutils.a(f32_mul.o)
                0x00006660                f32_mul
 .text.f32_sub  0x00006898       0x6c /home/rahulmahadev/devel/optee/optee_os/out/arm-plat-vexpress/export-ta_arm32/lib/libutils.a(f32_sub.o)
                0x00006898                f32_sub
 .text.f32_to_f64
                0x00006904      0x180 /home/rahulmahadev/devel/optee/optee_os/out/arm-plat-vexpress/export-ta_arm32/lib/libutils.a(f32_to_f64.o)
                0x00006904                f32_to_f64
 .text.f32_to_i32_r_minMag
                0x00006a84      0x120 /home/rahulmahadev/devel/optee/optee_os/out/arm-plat-vexpress/export-ta_arm32/lib/libutils.a(f32_to_i32_r_minMag.o)
                0x00006a84                f32_to_i32_r_minMag
 .text.f32_to_i64_r_minMag
                0x00006ba4      0x194 /home/rahulmahadev/devel/optee/optee_os/out/arm-plat-vexpress/export-ta_arm32/lib/libutils.a(f32_to_i64_r_minMag.o)
                0x00006ba4                f32_to_i64_r_minMag
 .text.f32_to_ui32_r_minMag
                0x00006d38       0xe8 /home/rahulmahadev/devel/optee/optee_os/out/arm-plat-vexpress/export-ta_arm32/lib/libutils.a(f32_to_ui32_r_minMag.o)
                0x00006d38                f32_to_ui32_r_minMag
 .text.f32_to_ui64_r_minMag
                0x00006e20      0x14c /home/rahulmahadev/devel/optee/optee_os/out/arm-plat-vexpress/export-ta_arm32/lib/libutils.a(f32_to_ui64_r_minMag.o)
                0x00006e20                f32_to_ui64_r_minMag
 .text.f64_add  0x00006f6c       0x9c /home/rahulmahadev/devel/optee/optee_os/out/arm-plat-vexpress/export-ta_arm32/lib/libutils.a(f64_add.o)
                0x00006f6c                f64_add
 .text.f64_div  0x00007008      0x6d0 /home/rahulmahadev/devel/optee/optee_os/out/arm-plat-vexpress/export-ta_arm32/lib/libutils.a(f64_div.o)
                0x00007008                f64_div
 .text.f64_eq   0x000076d8      0x1c4 /home/rahulmahadev/devel/optee/optee_os/out/arm-plat-vexpress/export-ta_arm32/lib/libutils.a(f64_eq.o)
                0x000076d8                f64_eq
 .text.f64_le   0x0000789c      0x194 /home/rahulmahadev/devel/optee/optee_os/out/arm-plat-vexpress/export-ta_arm32/lib/libutils.a(f64_le.o)
                0x0000789c                f64_le
 .text.f64_lt   0x00007a30      0x194 /home/rahulmahadev/devel/optee/optee_os/out/arm-plat-vexpress/export-ta_arm32/lib/libutils.a(f64_lt.o)
                0x00007a30                f64_lt
 .text.f64_mul  0x00007bc4      0x380 /home/rahulmahadev/devel/optee/optee_os/out/arm-plat-vexpress/export-ta_arm32/lib/libutils.a(f64_mul.o)
                0x00007bc4                f64_mul
 .text.f64_sub  0x00007f44       0x9c /home/rahulmahadev/devel/optee/optee_os/out/arm-plat-vexpress/export-ta_arm32/lib/libutils.a(f64_sub.o)
                0x00007f44                f64_sub
 .text.f64_to_f32
                0x00007fe0      0x130 /home/rahulmahadev/devel/optee/optee_os/out/arm-plat-vexpress/export-ta_arm32/lib/libutils.a(f64_to_f32.o)
                0x00007fe0                f64_to_f32
 .text.f64_to_i32_r_minMag
                0x00008110      0x214 /home/rahulmahadev/devel/optee/optee_os/out/arm-plat-vexpress/export-ta_arm32/lib/libutils.a(f64_to_i32_r_minMag.o)
                0x00008110                f64_to_i32_r_minMag
 .text.f64_to_i64_r_minMag
                0x00008324      0x25c /home/rahulmahadev/devel/optee/optee_os/out/arm-plat-vexpress/export-ta_arm32/lib/libutils.a(f64_to_i64_r_minMag.o)
                0x00008324                f64_to_i64_r_minMag
 .text.f64_to_ui32_r_minMag
                0x00008580      0x198 /home/rahulmahadev/devel/optee/optee_os/out/arm-plat-vexpress/export-ta_arm32/lib/libutils.a(f64_to_ui32_r_minMag.o)
                0x00008580                f64_to_ui32_r_minMag
 .text.f64_to_ui64_r_minMag
                0x00008718      0x1f8 /home/rahulmahadev/devel/optee/optee_os/out/arm-plat-vexpress/export-ta_arm32/lib/libutils.a(f64_to_ui64_r_minMag.o)
                0x00008718                f64_to_ui64_r_minMag
 .text.i32_to_f32
                0x00008910       0x78 /home/rahulmahadev/devel/optee/optee_os/out/arm-plat-vexpress/export-ta_arm32/lib/libutils.a(i32_to_f32.o)
                0x00008910                i32_to_f32
 .text.i32_to_f64
                0x00008988      0x104 /home/rahulmahadev/devel/optee/optee_os/out/arm-plat-vexpress/export-ta_arm32/lib/libutils.a(i32_to_f64.o)
                0x00008988                i32_to_f64
 .text.i64_to_f32
                0x00008a8c      0x108 /home/rahulmahadev/devel/optee/optee_os/out/arm-plat-vexpress/export-ta_arm32/lib/libutils.a(i64_to_f32.o)
                0x00008a8c                i64_to_f32
 .text.i64_to_f64
                0x00008b94       0xb4 /home/rahulmahadev/devel/optee/optee_os/out/arm-plat-vexpress/export-ta_arm32/lib/libutils.a(i64_to_f64.o)
                0x00008b94                i64_to_f64
 .text.ui32_to_f32
                0x00008c48       0x7c /home/rahulmahadev/devel/optee/optee_os/out/arm-plat-vexpress/export-ta_arm32/lib/libutils.a(ui32_to_f32.o)
                0x00008c48                ui32_to_f32
 .text.ui32_to_f64
                0x00008cc4       0xcc /home/rahulmahadev/devel/optee/optee_os/out/arm-plat-vexpress/export-ta_arm32/lib/libutils.a(ui32_to_f64.o)
                0x00008cc4                ui32_to_f64
 .text.ui64_to_f32
                0x00008d90       0xd8 /home/rahulmahadev/devel/optee/optee_os/out/arm-plat-vexpress/export-ta_arm32/lib/libutils.a(ui64_to_f32.o)
                0x00008d90                ui64_to_f32
 .text.ui64_to_f64
                0x00008e68       0xa4 /home/rahulmahadev/devel/optee/optee_os/out/arm-plat-vexpress/export-ta_arm32/lib/libutils.a(ui64_to_f64.o)
                0x00008e68                ui64_to_f64
 .text.softfloat_subMagsF32
                0x00008f0c      0x1fc /home/rahulmahadev/devel/optee/optee_os/out/arm-plat-vexpress/export-ta_arm32/lib/libutils.a(s_subMagsF32.o)
                0x00008f0c                softfloat_subMagsF32
 .text.softfloat_subMagsF64
                0x00009108      0x348 /home/rahulmahadev/devel/optee/optee_os/out/arm-plat-vexpress/export-ta_arm32/lib/libutils.a(s_subMagsF64.o)
                0x00009108                softfloat_subMagsF64
 .text.softfloat_addMagsF32
                0x00009450      0x1b4 /home/rahulmahadev/devel/optee/optee_os/out/arm-plat-vexpress/export-ta_arm32/lib/libutils.a(s_addMagsF32.o)
                0x00009450                softfloat_addMagsF32
 .text.softfloat_addMagsF64
                0x00009604      0x308 /home/rahulmahadev/devel/optee/optee_os/out/arm-plat-vexpress/export-ta_arm32/lib/libutils.a(s_addMagsF64.o)
                0x00009604                softfloat_addMagsF64
 .text.softfloat_normSubnormalF64Sig
                0x0000990c       0xa4 /home/rahulmahadev/devel/optee/optee_os/out/arm-plat-vexpress/export-ta_arm32/lib/libutils.a(s_normSubnormalF64Sig.o)
                0x0000990c                softfloat_normSubnormalF64Sig
 .text.softfloat_normSubnormalF32Sig
                0x000099b0       0x6c /home/rahulmahadev/devel/optee/optee_os/out/arm-plat-vexpress/export-ta_arm32/lib/libutils.a(s_normSubnormalF32Sig.o)
                0x000099b0                softfloat_normSubnormalF32Sig
 .text.softfloat_roundPackToF32
                0x00009a1c      0x1c0 /home/rahulmahadev/devel/optee/optee_os/out/arm-plat-vexpress/export-ta_arm32/lib/libutils.a(s_roundPackToF32.o)
                0x00009a1c                softfloat_roundPackToF32
 .text.softfloat_roundPackToF64
                0x00009bdc      0x280 /home/rahulmahadev/devel/optee/optee_os/out/arm-plat-vexpress/export-ta_arm32/lib/libutils.a(s_roundPackToF64.o)
                0x00009bdc                softfloat_roundPackToF64
 .text.softfloat_shortShiftRightJam64
                0x00009e5c       0xb0 /home/rahulmahadev/devel/optee/optee_os/out/arm-plat-vexpress/export-ta_arm32/lib/libutils.a(s_shortShiftRightJam64.o)
                0x00009e5c                softfloat_shortShiftRightJam64
 .text.softfloat_shiftRightJam32
                0x00009f0c       0x58 /home/rahulmahadev/devel/optee/optee_os/out/arm-plat-vexpress/export-ta_arm32/lib/libutils.a(s_shiftRightJam32.o)
                0x00009f0c                softfloat_shiftRightJam32
 .text.softfloat_normRoundPackToF32
                0x00009f64       0xb4 /home/rahulmahadev/devel/optee/optee_os/out/arm-plat-vexpress/export-ta_arm32/lib/libutils.a(s_normRoundPackToF32.o)
                0x00009f64                softfloat_normRoundPackToF32
 .text.softfloat_normRoundPackToF64
                0x0000a018      0x150 /home/rahulmahadev/devel/optee/optee_os/out/arm-plat-vexpress/export-ta_arm32/lib/libutils.a(s_normRoundPackToF64.o)
                0x0000a018                softfloat_normRoundPackToF64
 .text.softfloat_shiftRightJam64
                0x0000a168       0xbc /home/rahulmahadev/devel/optee/optee_os/out/arm-plat-vexpress/export-ta_arm32/lib/libutils.a(s_shiftRightJam64.o)
                0x0000a168                softfloat_shiftRightJam64
 .text.softfloat_countLeadingZeros32
                0x0000a224       0x6c /home/rahulmahadev/devel/optee/optee_os/out/arm-plat-vexpress/export-ta_arm32/lib/libutils.a(s_countLeadingZeros32.o)
                0x0000a224                softfloat_countLeadingZeros32
 .text.softfloat_countLeadingZeros64
                0x0000a290       0x98 /home/rahulmahadev/devel/optee/optee_os/out/arm-plat-vexpress/export-ta_arm32/lib/libutils.a(s_countLeadingZeros64.o)
                0x0000a290                softfloat_countLeadingZeros64
 .text.softfloat_mul64To128
                0x0000a328      0x1b0 /home/rahulmahadev/devel/optee/optee_os/out/arm-plat-vexpress/export-ta_arm32/lib/libutils.a(s_mul64To128.o)
                0x0000a328                softfloat_mul64To128
 .text.softfloat_raiseFlags
                0x0000a4d8       0x3c /home/rahulmahadev/devel/optee/optee_os/out/arm-plat-vexpress/export-ta_arm32/lib/libutils.a(softfloat_raiseFlags.o)
                0x0000a4d8                softfloat_raiseFlags
 .text.softfloat_propagateNaNF32UI
                0x0000a514       0xb8 /home/rahulmahadev/devel/optee/optee_os/out/arm-plat-vexpress/export-ta_arm32/lib/libutils.a(s_propagateNaNF32UI.o)
                0x0000a514                softfloat_propagateNaNF32UI
 .text.softfloat_f32UIToCommonNaN
                0x0000a5cc       0x8c /home/rahulmahadev/devel/optee/optee_os/out/arm-plat-vexpress/export-ta_arm32/lib/libutils.a(s_f32UIToCommonNaN.o)
                0x0000a5cc                softfloat_f32UIToCommonNaN
 .text.softfloat_commonNaNToF64UI
                0x0000a658       0x64 /home/rahulmahadev/devel/optee/optee_os/out/arm-plat-vexpress/export-ta_arm32/lib/libutils.a(s_commonNaNToF64UI.o)
                0x0000a658                softfloat_commonNaNToF64UI
 .text.softfloat_f64UIToCommonNaN
                0x0000a6bc       0xd4 /home/rahulmahadev/devel/optee/optee_os/out/arm-plat-vexpress/export-ta_arm32/lib/libutils.a(s_f64UIToCommonNaN.o)
                0x0000a6bc                softfloat_f64UIToCommonNaN
 .text.softfloat_propagateNaNF64UI
                0x0000a790      0x178 /home/rahulmahadev/devel/optee/optee_os/out/arm-plat-vexpress/export-ta_arm32/lib/libutils.a(s_propagateNaNF64UI.o)
                0x0000a790                softfloat_propagateNaNF64UI
 .text.softfloat_commonNaNToF32UI
                0x0000a908       0x40 /home/rahulmahadev/devel/optee/optee_os/out/arm-plat-vexpress/export-ta_arm32/lib/libutils.a(s_commonNaNToF32UI.o)
                0x0000a908                softfloat_commonNaNToF32UI
 .text.snprintk
                0x0000a948       0x44 /home/rahulmahadev/devel/optee/optee_os/out/arm-plat-vexpress/export-ta_arm32/lib/libutils.a(snprintk.o)
                0x0000a948                snprintk
 .text.vsnprintk
                0x0000a98c       0x40 /home/rahulmahadev/devel/optee/optee_os/out/arm-plat-vexpress/export-ta_arm32/lib/libutils.a(snprintk.o)
                0x0000a98c                vsnprintk
 .text.__vsnprintf
                0x0000a9cc       0x84 /home/rahulmahadev/devel/optee/optee_os/out/arm-plat-vexpress/export-ta_arm32/lib/libutils.a(snprintk.o)
                0x0000a9cc                __vsnprintf
 .text.uuid2str
                0x0000aa50       0xac /home/rahulmahadev/devel/optee/optee_os/out/arm-plat-vexpress/export-ta_arm32/lib/libutils.a(snprintk.o)
 .text.kprintf  0x0000aafc      0xdcc /home/rahulmahadev/devel/optee/optee_os/out/arm-plat-vexpress/export-ta_arm32/lib/libutils.a(snprintk.o)
 .text.strlcpy  0x0000b8c8       0x84 /home/rahulmahadev/devel/optee/optee_os/out/arm-plat-vexpress/export-ta_arm32/lib/libutils.a(strlcpy.o)
                0x0000b8c8                strlcpy
 .text.trace_set_level
                0x0000b94c       0x48 /home/rahulmahadev/devel/optee/optee_os/out/arm-plat-vexpress/export-ta_arm32/lib/libutils.a(trace.o)
                0x0000b94c                trace_set_level
 .text.trace_get_level
                0x0000b994       0x24 /home/rahulmahadev/devel/optee/optee_os/out/arm-plat-vexpress/export-ta_arm32/lib/libutils.a(trace.o)
                0x0000b994                trace_get_level
 .text.trace_level_to_string
                0x0000b9b8       0x58 /home/rahulmahadev/devel/optee/optee_os/out/arm-plat-vexpress/export-ta_arm32/lib/libutils.a(trace.o)
 .text.trace_printf
                0x0000ba10      0x1ec /home/rahulmahadev/devel/optee/optee_os/out/arm-plat-vexpress/export-ta_arm32/lib/libutils.a(trace.o)
                0x0000ba10                trace_printf
 .text.dhex_dump
                0x0000bbfc       0x1c /home/rahulmahadev/devel/optee/optee_os/out/arm-plat-vexpress/export-ta_arm32/lib/libutils.a(trace.o)
                0x0000bbfc                dhex_dump
 .text.memchr   0x0000bc18      0x114 /home/rahulmahadev/devel/optee/optee_os/out/arm-plat-vexpress/export-ta_arm32/lib/libutils.a(memchr.o)
                0x0000bc18                memchr
 .text          0x0000bd2c       0x30 /home/rahulmahadev/devel/optee/optee_os/out/arm-plat-vexpress/export-ta_arm32/lib/libutils.a(arm32_aeabi_ldivmod_a32.o)
                0x0000bd2c                __aeabi_ldivmod
                0x0000bd44                __aeabi_uldivmod
 .text.division_lqr
                0x0000bd5c       0xf0 /home/rahulmahadev/devel/optee/optee_os/out/arm-plat-vexpress/export-ta_arm32/lib/libutils.a(arm32_aeabi_ldivmod.o)
 .text.ul_div_qr
                0x0000be4c       0x70 /home/rahulmahadev/devel/optee/optee_os/out/arm-plat-vexpress/export-ta_arm32/lib/libutils.a(arm32_aeabi_ldivmod.o)
 .text.__ul_divmod
                0x0000bebc       0xa0 /home/rahulmahadev/devel/optee/optee_os/out/arm-plat-vexpress/export-ta_arm32/lib/libutils.a(arm32_aeabi_ldivmod.o)
                0x0000bebc                __ul_divmod
 .text.__l_divmod
                0x0000bf5c      0x114 /home/rahulmahadev/devel/optee/optee_os/out/arm-plat-vexpress/export-ta_arm32/lib/libutils.a(arm32_aeabi_ldivmod.o)
                0x0000bf5c                __l_divmod
 .text.__mpa_set_unused_digits_to_zero
                0x0000c070       0x60 /home/rahulmahadev/devel/optee/optee_os/out/arm-plat-vexpress/export-ta_arm32/lib/libmpa.a(mpa_misc.o)
                0x0000c070                __mpa_set_unused_digits_to_zero
 .text.mpa_wipe
                0x0000c0d0       0x4c /home/rahulmahadev/devel/optee/optee_os/out/arm-plat-vexpress/export-ta_arm32/lib/libmpa.a(mpa_misc.o)
                0x0000c0d0                mpa_wipe
 .text.mpa_copy
                0x0000c11c       0x60 /home/rahulmahadev/devel/optee/optee_os/out/arm-plat-vexpress/export-ta_arm32/lib/libmpa.a(mpa_misc.o)
                0x0000c11c                mpa_copy
 .text.mpa_abs  0x0000c17c       0x38 /home/rahulmahadev/devel/optee/optee_os/out/arm-plat-vexpress/export-ta_arm32/lib/libmpa.a(mpa_misc.o)
                0x0000c17c                mpa_abs
 .text.mpa_highest_bit_index
                0x0000c1b4       0x80 /home/rahulmahadev/devel/optee/optee_os/out/arm-plat-vexpress/export-ta_arm32/lib/libmpa.a(mpa_misc.o)
                0x0000c1b4                mpa_highest_bit_index
 .text.mpa_get_bit
                0x0000c234       0x6c /home/rahulmahadev/devel/optee/optee_os/out/arm-plat-vexpress/export-ta_arm32/lib/libmpa.a(mpa_misc.o)
                0x0000c234                mpa_get_bit
 .text.mpa_can_hold
                0x0000c2a0       0x34 /home/rahulmahadev/devel/optee/optee_os/out/arm-plat-vexpress/export-ta_arm32/lib/libmpa.a(mpa_misc.o)
                0x0000c2a0                mpa_can_hold
 .text.mpa_parity
                0x0000c2d4       0x2c /home/rahulmahadev/devel/optee/optee_os/out/arm-plat-vexpress/export-ta_arm32/lib/libmpa.a(mpa_misc.o)
                0x0000c2d4                mpa_parity
 .text.mpa_constant_one
                0x0000c300       0x18 /home/rahulmahadev/devel/optee/optee_os/out/arm-plat-vexpress/export-ta_arm32/lib/libmpa.a(mpa_misc.o)
                0x0000c300                mpa_constant_one
 .text.__mpa_montgomery_mul_add
                0x0000c318      0x134 /home/rahulmahadev/devel/optee/optee_os/out/arm-plat-vexpress/export-ta_arm32/lib/libmpa.a(mpa_montgomery.o)
                0x0000c318                __mpa_montgomery_mul_add
 .text.__mpa_montgomery_sub_ack
                0x0000c44c      0x118 /home/rahulmahadev/devel/optee/optee_os/out/arm-plat-vexpress/export-ta_arm32/lib/libmpa.a(mpa_montgomery.o)
                0x0000c44c                __mpa_montgomery_sub_ack
 .text.__mpa_montgomery_mul
                0x0000c564      0x160 /home/rahulmahadev/devel/optee/optee_os/out/arm-plat-vexpress/export-ta_arm32/lib/libmpa.a(mpa_montgomery.o)
                0x0000c564                __mpa_montgomery_mul
 .text.mpa_compute_fmm_context
                0x0000c6c4      0x158 /home/rahulmahadev/devel/optee/optee_os/out/arm-plat-vexpress/export-ta_arm32/lib/libmpa.a(mpa_montgomery.o)
                0x0000c6c4                mpa_compute_fmm_context
 .text.mpa_montgomery_mul
                0x0000c81c       0x74 /home/rahulmahadev/devel/optee/optee_os/out/arm-plat-vexpress/export-ta_arm32/lib/libmpa.a(mpa_montgomery.o)
                0x0000c81c                mpa_montgomery_mul
 .text.mpa_is_prob_prime
                0x0000c890       0x68 /home/rahulmahadev/devel/optee/optee_os/out/arm-plat-vexpress/export-ta_arm32/lib/libmpa.a(mpa_primetest.o)
                0x0000c890                mpa_is_prob_prime
 .text.check_table
                0x0000c8f8       0x38 /home/rahulmahadev/devel/optee/optee_os/out/arm-plat-vexpress/export-ta_arm32/lib/libmpa.a(mpa_primetest.o)
 .text.is_small_prime
                0x0000c930       0xc8 /home/rahulmahadev/devel/optee/optee_os/out/arm-plat-vexpress/export-ta_arm32/lib/libmpa.a(mpa_primetest.o)
 .text.has_small_factors
                0x0000c9f8       0x8c /home/rahulmahadev/devel/optee/optee_os/out/arm-plat-vexpress/export-ta_arm32/lib/libmpa.a(mpa_primetest.o)
 .text.primality_test_miller_rabin
                0x0000ca84      0x338 /home/rahulmahadev/devel/optee/optee_os/out/arm-plat-vexpress/export-ta_arm32/lib/libmpa.a(mpa_primetest.o)
 .text.mpa_set_S32
                0x0000cdbc       0x4c /home/rahulmahadev/devel/optee/optee_os/out/arm-plat-vexpress/export-ta_arm32/lib/libmpa.a(mpa_conv.o)
                0x0000cdbc                mpa_set_S32
 .text.mpa_get_S32
                0x0000ce08       0x98 /home/rahulmahadev/devel/optee/optee_os/out/arm-plat-vexpress/export-ta_arm32/lib/libmpa.a(mpa_conv.o)
                0x0000ce08                mpa_get_S32
 .text.mpa_set_word
                0x0000cea0       0x30 /home/rahulmahadev/devel/optee/optee_os/out/arm-plat-vexpress/export-ta_arm32/lib/libmpa.a(mpa_conv.o)
                0x0000cea0                mpa_set_word
 .text.mpa_get_word
                0x0000ced0       0x34 /home/rahulmahadev/devel/optee/optee_os/out/arm-plat-vexpress/export-ta_arm32/lib/libmpa.a(mpa_conv.o)
                0x0000ced0                mpa_get_word
 .text.__mpa_soft_div
                0x0000cf04       0xd8 /home/rahulmahadev/devel/optee/optee_os/out/arm-plat-vexpress/export-ta_arm32/lib/libmpa.a(mpa_div.o)
 .text.__mpa_div_dword
                0x0000cfdc       0x60 /home/rahulmahadev/devel/optee/optee_os/out/arm-plat-vexpress/export-ta_arm32/lib/libmpa.a(mpa_div.o)
                0x0000cfdc                __mpa_div_dword
 .text.__mpa_div_q_r_internal
                0x0000d03c      0x6a0 /home/rahulmahadev/devel/optee/optee_os/out/arm-plat-vexpress/export-ta_arm32/lib/libmpa.a(mpa_div.o)
 .text.__mpa_div_q_r_internal_word
                0x0000d6dc      0x15c /home/rahulmahadev/devel/optee/optee_os/out/arm-plat-vexpress/export-ta_arm32/lib/libmpa.a(mpa_div.o)
                0x0000d6dc                __mpa_div_q_r_internal_word
 .text.__mpa_div_q_r
                0x0000d838      0x184 /home/rahulmahadev/devel/optee/optee_os/out/arm-plat-vexpress/export-ta_arm32/lib/libmpa.a(mpa_div.o)
                0x0000d838                __mpa_div_q_r
 .text.mpa_div  0x0000d9bc      0x104 /home/rahulmahadev/devel/optee/optee_os/out/arm-plat-vexpress/export-ta_arm32/lib/libmpa.a(mpa_div.o)
                0x0000d9bc                mpa_div
 .text.__mpa_divby2
                0x0000dac0       0xf4 /home/rahulmahadev/devel/optee/optee_os/out/arm-plat-vexpress/export-ta_arm32/lib/libmpa.a(mpa_gcd.o)
 .text.__mpa_egcd
                0x0000dbb4      0x390 /home/rahulmahadev/devel/optee/optee_os/out/arm-plat-vexpress/export-ta_arm32/lib/libmpa.a(mpa_gcd.o)
 .text.__mpa_gcd
                0x0000df44      0x1cc /home/rahulmahadev/devel/optee/optee_os/out/arm-plat-vexpress/export-ta_arm32/lib/libmpa.a(mpa_gcd.o)
 .text.mpa_gcd  0x0000e110      0x118 /home/rahulmahadev/devel/optee/optee_os/out/arm-plat-vexpress/export-ta_arm32/lib/libmpa.a(mpa_gcd.o)
                0x0000e110                mpa_gcd
 .text.mpa_extended_gcd
                0x0000e228      0x21c /home/rahulmahadev/devel/optee/optee_os/out/arm-plat-vexpress/export-ta_arm32/lib/libmpa.a(mpa_gcd.o)
                0x0000e228                mpa_extended_gcd
 .text.mpa_init_scratch_mem_sync
                0x0000e444       0x48 /home/rahulmahadev/devel/optee/optee_os/out/arm-plat-vexpress/export-ta_arm32/lib/libmpa.a(mpa_mem_static.o)
                0x0000e444                mpa_init_scratch_mem_sync
 .text.mpa_init_scratch_mem
                0x0000e48c       0x44 /home/rahulmahadev/devel/optee/optee_os/out/arm-plat-vexpress/export-ta_arm32/lib/libmpa.a(mpa_mem_static.o)
                0x0000e48c                mpa_init_scratch_mem
 .text.mpa_alloc_static_temp_var_size
                0x0000e4d0      0x14c /home/rahulmahadev/devel/optee/optee_os/out/arm-plat-vexpress/export-ta_arm32/lib/libmpa.a(mpa_mem_static.o)
                0x0000e4d0                mpa_alloc_static_temp_var_size
 .text.mpa_alloc_static_temp_var
                0x0000e61c       0x2c /home/rahulmahadev/devel/optee/optee_os/out/arm-plat-vexpress/export-ta_arm32/lib/libmpa.a(mpa_mem_static.o)
                0x0000e61c                mpa_alloc_static_temp_var
 .text.mpa_free_static_temp_var
                0x0000e648       0x90 /home/rahulmahadev/devel/optee/optee_os/out/arm-plat-vexpress/export-ta_arm32/lib/libmpa.a(mpa_mem_static.o)
                0x0000e648                mpa_free_static_temp_var
 .text.__mpa_mul_add_word
                0x0000e6d8       0x78 /home/rahulmahadev/devel/optee/optee_os/out/arm-plat-vexpress/export-ta_arm32/lib/libmpa.a(mpa_mul.o)
                0x0000e6d8                __mpa_mul_add_word
 .text.__mpa_mul_add_word_cum
                0x0000e750       0x88 /home/rahulmahadev/devel/optee/optee_os/out/arm-plat-vexpress/export-ta_arm32/lib/libmpa.a(mpa_mul.o)
                0x0000e750                __mpa_mul_add_word_cum
 .text.__mpa_abs_mul_word
                0x0000e7d8       0xcc /home/rahulmahadev/devel/optee/optee_os/out/arm-plat-vexpress/export-ta_arm32/lib/libmpa.a(mpa_mul.o)
                0x0000e7d8                __mpa_abs_mul_word
 .text.__mpa_abs_mul
                0x0000e8a4      0x12c /home/rahulmahadev/devel/optee/optee_os/out/arm-plat-vexpress/export-ta_arm32/lib/libmpa.a(mpa_mul.o)
                0x0000e8a4                __mpa_abs_mul
 .text.mpa_mul  0x0000e9d0       0xf8 /home/rahulmahadev/devel/optee/optee_os/out/arm-plat-vexpress/export-ta_arm32/lib/libmpa.a(mpa_mul.o)
                0x0000e9d0                mpa_mul
 .text.mpa_mul_word
                0x0000eac8       0xdc /home/rahulmahadev/devel/optee/optee_os/out/arm-plat-vexpress/export-ta_arm32/lib/libmpa.a(mpa_mul.o)
                0x0000eac8                mpa_mul_word
 .text.mpa_set_random_generator
                0x0000eba4       0x24 /home/rahulmahadev/devel/optee/optee_os/out/arm-plat-vexpress/export-ta_arm32/lib/libmpa.a(mpa_random.o)
                0x0000eba4                mpa_set_random_generator
 .text.get_random_byte
                0x0000ebc8       0x34 /home/rahulmahadev/devel/optee/optee_os/out/arm-plat-vexpress/export-ta_arm32/lib/libmpa.a(mpa_random.o)
 .text.mpa_get_random
                0x0000ebfc      0x158 /home/rahulmahadev/devel/optee/optee_os/out/arm-plat-vexpress/export-ta_arm32/lib/libmpa.a(mpa_random.o)
                0x0000ebfc                mpa_get_random
 .text.__mpa_shift_words_left
                0x0000ed54       0xcc /home/rahulmahadev/devel/optee/optee_os/out/arm-plat-vexpress/export-ta_arm32/lib/libmpa.a(mpa_shift.o)
                0x0000ed54                __mpa_shift_words_left
 .text.__mpa_shift_words_right
                0x0000ee20       0xc0 /home/rahulmahadev/devel/optee/optee_os/out/arm-plat-vexpress/export-ta_arm32/lib/libmpa.a(mpa_shift.o)
                0x0000ee20                __mpa_shift_words_right
 .text.mpa_shift_left
                0x0000eee0      0x248 /home/rahulmahadev/devel/optee/optee_os/out/arm-plat-vexpress/export-ta_arm32/lib/libmpa.a(mpa_shift.o)
                0x0000eee0                mpa_shift_left
 .text.mpa_shift_right
                0x0000f128      0x200 /home/rahulmahadev/devel/optee/optee_os/out/arm-plat-vexpress/export-ta_arm32/lib/libmpa.a(mpa_shift.o)
                0x0000f128                mpa_shift_right
 .text.__mpa_full_adder
                0x0000f328       0x64 /home/rahulmahadev/devel/optee/optee_os/out/arm-plat-vexpress/export-ta_arm32/lib/libmpa.a(mpa_addsub.o)
                0x0000f328                __mpa_full_adder
 .text.__mpa_full_sub
                0x0000f38c       0x68 /home/rahulmahadev/devel/optee/optee_os/out/arm-plat-vexpress/export-ta_arm32/lib/libmpa.a(mpa_addsub.o)
                0x0000f38c                __mpa_full_sub
 .text.__mpa_full_adder_ackum
                0x0000f3f4       0x64 /home/rahulmahadev/devel/optee/optee_os/out/arm-plat-vexpress/export-ta_arm32/lib/libmpa.a(mpa_addsub.o)
                0x0000f3f4                __mpa_full_adder_ackum
 .text.__mpa_abs_add
                0x0000f458      0x138 /home/rahulmahadev/devel/optee/optee_os/out/arm-plat-vexpress/export-ta_arm32/lib/libmpa.a(mpa_addsub.o)
                0x0000f458                __mpa_abs_add
 .text.__mpa_abs_add_ackum
                0x0000f590      0x10c /home/rahulmahadev/devel/optee/optee_os/out/arm-plat-vexpress/export-ta_arm32/lib/libmpa.a(mpa_addsub.o)
                0x0000f590                __mpa_abs_add_ackum
 .text.__mpa_abs_sub
                0x0000f69c      0x110 /home/rahulmahadev/devel/optee/optee_os/out/arm-plat-vexpress/export-ta_arm32/lib/libmpa.a(mpa_addsub.o)
                0x0000f69c                __mpa_abs_sub
 .text.mpa_add  0x0000f7ac      0x224 /home/rahulmahadev/devel/optee/optee_os/out/arm-plat-vexpress/export-ta_arm32/lib/libmpa.a(mpa_addsub.o)
                0x0000f7ac                mpa_add
 .text.mpa_sub  0x0000f9d0      0x250 /home/rahulmahadev/devel/optee/optee_os/out/arm-plat-vexpress/export-ta_arm32/lib/libmpa.a(mpa_addsub.o)
                0x0000f9d0                mpa_sub
 .text.mpa_neg  0x0000fc20       0x38 /home/rahulmahadev/devel/optee/optee_os/out/arm-plat-vexpress/export-ta_arm32/lib/libmpa.a(mpa_addsub.o)
                0x0000fc20                mpa_neg
 .text.mpa_add_word
                0x0000fc58      0x170 /home/rahulmahadev/devel/optee/optee_os/out/arm-plat-vexpress/export-ta_arm32/lib/libmpa.a(mpa_addsub.o)
                0x0000fc58                mpa_add_word
 .text.mpa_sub_word
                0x0000fdc8      0x174 /home/rahulmahadev/devel/optee/optee_os/out/arm-plat-vexpress/export-ta_arm32/lib/libmpa.a(mpa_addsub.o)
                0x0000fdc8                mpa_sub_word
 .text.__mpa_abs_cmp
                0x0000ff3c      0x100 /home/rahulmahadev/devel/optee/optee_os/out/arm-plat-vexpress/export-ta_arm32/lib/libmpa.a(mpa_cmp.o)
                0x0000ff3c                __mpa_abs_cmp
 .text.__mpa_abs_greater_than
                0x0001003c       0x30 /home/rahulmahadev/devel/optee/optee_os/out/arm-plat-vexpress/export-ta_arm32/lib/libmpa.a(mpa_cmp.o)
                0x0001003c                __mpa_abs_greater_than
 .text.__mpa_abs_less_than
                0x0001006c       0x2c /home/rahulmahadev/devel/optee/optee_os/out/arm-plat-vexpress/export-ta_arm32/lib/libmpa.a(mpa_cmp.o)
                0x0001006c                __mpa_abs_less_than
 .text.mpa_cmp  0x00010098       0x90 /home/rahulmahadev/devel/optee/optee_os/out/arm-plat-vexpress/export-ta_arm32/lib/libmpa.a(mpa_cmp.o)
                0x00010098                mpa_cmp
 .text.mpa_cmp_short
                0x00010128       0xac /home/rahulmahadev/devel/optee/optee_os/out/arm-plat-vexpress/export-ta_arm32/lib/libmpa.a(mpa_cmp.o)
                0x00010128                mpa_cmp_short
 .text.mpa_exp_mod
                0x000101d4      0x16c /home/rahulmahadev/devel/optee/optee_os/out/arm-plat-vexpress/export-ta_arm32/lib/libmpa.a(mpa_expmod.o)
                0x000101d4                mpa_exp_mod
 .text.mpa_init_static
                0x00010340       0x4c /home/rahulmahadev/devel/optee/optee_os/out/arm-plat-vexpress/export-ta_arm32/lib/libmpa.a(mpa_init.o)
                0x00010340                mpa_init_static
 .text.mpa_init_static_fmm_context
                0x0001038c       0xb8 /home/rahulmahadev/devel/optee/optee_os/out/arm-plat-vexpress/export-ta_arm32/lib/libmpa.a(mpa_init.o)
                0x0001038c                mpa_init_static_fmm_context
 .text.__mpa_isspace
                0x00010444       0x44 /home/rahulmahadev/devel/optee/optee_os/out/arm-plat-vexpress/export-ta_arm32/lib/libmpa.a(mpa_io.o)
 .text.__mpa_is_char_in_base
                0x00010488       0x8c /home/rahulmahadev/devel/optee/optee_os/out/arm-plat-vexpress/export-ta_arm32/lib/libmpa.a(mpa_io.o)
 .text.__mpa_digit_value
                0x00010514       0x58 /home/rahulmahadev/devel/optee/optee_os/out/arm-plat-vexpress/export-ta_arm32/lib/libmpa.a(mpa_io.o)
 .text.__mpa_digitstr_to_binary_wsize_base_16
                0x0001056c       0x24 /home/rahulmahadev/devel/optee/optee_os/out/arm-plat-vexpress/export-ta_arm32/lib/libmpa.a(mpa_io.o)
 .text.__mpa_nibble_to_char
                0x00010590       0x50 /home/rahulmahadev/devel/optee/optee_os/out/arm-plat-vexpress/export-ta_arm32/lib/libmpa.a(mpa_io.o)
 .text.__mpa_word_to_hexstr
                0x000105e0       0x6c /home/rahulmahadev/devel/optee/optee_os/out/arm-plat-vexpress/export-ta_arm32/lib/libmpa.a(mpa_io.o)
 .text.__mpa_mpanum_to_hexstr
                0x0001064c      0x134 /home/rahulmahadev/devel/optee/optee_os/out/arm-plat-vexpress/export-ta_arm32/lib/libmpa.a(mpa_io.o)
 .text.__mpa_count_leading_zero_bits
                0x00010780       0x50 /home/rahulmahadev/devel/optee/optee_os/out/arm-plat-vexpress/export-ta_arm32/lib/libmpa.a(mpa_io.o)
 .text.__mpa_size_in_base_255
                0x000107d0       0x6c /home/rahulmahadev/devel/optee/optee_os/out/arm-plat-vexpress/export-ta_arm32/lib/libmpa.a(mpa_io.o)
 .text.mpa_get_str_size
                0x0001083c       0x14 /home/rahulmahadev/devel/optee/optee_os/out/arm-plat-vexpress/export-ta_arm32/lib/libmpa.a(mpa_io.o)
                0x0001083c                mpa_get_str_size
 .text.mpa_set_str
                0x00010850      0x348 /home/rahulmahadev/devel/optee/optee_os/out/arm-plat-vexpress/export-ta_arm32/lib/libmpa.a(mpa_io.o)
                0x00010850                mpa_set_str
 .text.mpa_get_str
                0x00010b98       0xb8 /home/rahulmahadev/devel/optee/optee_os/out/arm-plat-vexpress/export-ta_arm32/lib/libmpa.a(mpa_io.o)
                0x00010b98                mpa_get_str
 .text.set_word
                0x00010c50       0x68 /home/rahulmahadev/devel/optee/optee_os/out/arm-plat-vexpress/export-ta_arm32/lib/libmpa.a(mpa_io.o)
 .text.mpa_set_oct_str
                0x00010cb8      0x100 /home/rahulmahadev/devel/optee/optee_os/out/arm-plat-vexpress/export-ta_arm32/lib/libmpa.a(mpa_io.o)
                0x00010cb8                mpa_set_oct_str
 .text.get_word
                0x00010db8       0x44 /home/rahulmahadev/devel/optee/optee_os/out/arm-plat-vexpress/export-ta_arm32/lib/libmpa.a(mpa_io.o)
 .text.mpa_get_oct_str
                0x00010dfc      0x148 /home/rahulmahadev/devel/optee/optee_os/out/arm-plat-vexpress/export-ta_arm32/lib/libmpa.a(mpa_io.o)
                0x00010dfc                mpa_get_oct_str
 .text.mpa_mod  0x00010f44       0x44 /home/rahulmahadev/devel/optee/optee_os/out/arm-plat-vexpress/export-ta_arm32/lib/libmpa.a(mpa_modulus.o)
                0x00010f44                mpa_mod
 .text.mpa_add_mod
                0x00010f88       0x78 /home/rahulmahadev/devel/optee/optee_os/out/arm-plat-vexpress/export-ta_arm32/lib/libmpa.a(mpa_modulus.o)
                0x00010f88                mpa_add_mod
 .text.mpa_sub_mod
                0x00011000       0x78 /home/rahulmahadev/devel/optee/optee_os/out/arm-plat-vexpress/export-ta_arm32/lib/libmpa.a(mpa_modulus.o)
                0x00011000                mpa_sub_mod
 .text.mpa_mul_mod
                0x00011078       0x78 /home/rahulmahadev/devel/optee/optee_os/out/arm-plat-vexpress/export-ta_arm32/lib/libmpa.a(mpa_modulus.o)
                0x00011078                mpa_mul_mod
 .text.mpa_inv_mod
                0x000110f0      0x12c /home/rahulmahadev/devel/optee/optee_os/out/arm-plat-vexpress/export-ta_arm32/lib/libmpa.a(mpa_modulus.o)
                0x000110f0                mpa_inv_mod
 .text          0x0001121c        0x0 /home/rahulmahadev/devel/optee/neo/ta/out/ta.o
 .text          0x0001121c        0x0 /home/rahulmahadev/devel/optee/neo/ta/out/user_ta_header.o
 .text          0x0001121c        0x0 /home/rahulmahadev/devel/optee/optee_os/out/arm-plat-vexpress/export-ta_arm32/lib/libutee.a(user_ta_entry.o)
 .text          0x0001121c        0x0 /home/rahulmahadev/devel/optee/optee_os/out/arm-plat-vexpress/export-ta_arm32/lib/libutee.a(tee_api_arith.o)
 .text          0x0001121c        0x0 /home/rahulmahadev/devel/optee/optee_os/out/arm-plat-vexpress/export-ta_arm32/lib/libutee.a(tee_api.o)
 .text          0x0001121c        0x0 /home/rahulmahadev/devel/optee/optee_os/out/arm-plat-vexpress/export-ta_arm32/lib/libutee.a(tee_api_panic.o)
 .text          0x0001121c        0x0 /home/rahulmahadev/devel/optee/optee_os/out/arm-plat-vexpress/export-ta_arm32/lib/libutee.a(utee_misc.o)
 .text          0x0001121c        0x0 /home/rahulmahadev/devel/optee/optee_os/out/arm-plat-vexpress/export-ta_arm32/lib/libutee.a(tee_user_mem.o)
 .text          0x0001121c        0x0 /home/rahulmahadev/devel/optee/optee_os/out/arm-plat-vexpress/export-ta_arm32/lib/libutee.a(trace_ext.o)
 .text          0x0001121c        0x0 /home/rahulmahadev/devel/optee/optee_os/out/arm-plat-vexpress/export-ta_arm32/lib/libutee.a(assert.o)
 .text          0x0001121c        0x0 /home/rahulmahadev/devel/optee/optee_os/out/arm-plat-vexpress/export-ta_arm32/lib/libutils.a(bget_malloc.o)
 .text          0x0001121c        0x0 /home/rahulmahadev/devel/optee/optee_os/out/arm-plat-vexpress/export-ta_arm32/lib/libutils.a(snprintf.o)
 .text          0x0001121c        0x0 /home/rahulmahadev/devel/optee/optee_os/out/arm-plat-vexpress/export-ta_arm32/lib/libutils.a(memcmp.o)
 .text          0x0001121c        0x0 /home/rahulmahadev/devel/optee/optee_os/out/arm-plat-vexpress/export-ta_arm32/lib/libutils.a(memcpy.o)
 .text          0x0001121c        0x0 /home/rahulmahadev/devel/optee/optee_os/out/arm-plat-vexpress/export-ta_arm32/lib/libutils.a(memmove.o)
 .text          0x0001121c        0x0 /home/rahulmahadev/devel/optee/optee_os/out/arm-plat-vexpress/export-ta_arm32/lib/libutils.a(memset.o)
 .text          0x0001121c        0x0 /home/rahulmahadev/devel/optee/optee_os/out/arm-plat-vexpress/export-ta_arm32/lib/libutils.a(strcmp.o)
 .text          0x0001121c        0x0 /home/rahulmahadev/devel/optee/optee_os/out/arm-plat-vexpress/export-ta_arm32/lib/libutils.a(strlen.o)
 .text          0x0001121c        0x0 /home/rahulmahadev/devel/optee/optee_os/out/arm-plat-vexpress/export-ta_arm32/lib/libutils.a(arm32_aeabi_softfloat.o)
 .text          0x0001121c        0x0 /home/rahulmahadev/devel/optee/optee_os/out/arm-plat-vexpress/export-ta_arm32/lib/libutils.a(f32_add.o)
 .text          0x0001121c        0x0 /home/rahulmahadev/devel/optee/optee_os/out/arm-plat-vexpress/export-ta_arm32/lib/libutils.a(f32_div.o)
 .text          0x0001121c        0x0 /home/rahulmahadev/devel/optee/optee_os/out/arm-plat-vexpress/export-ta_arm32/lib/libutils.a(f32_eq.o)
 .text          0x0001121c        0x0 /home/rahulmahadev/devel/optee/optee_os/out/arm-plat-vexpress/export-ta_arm32/lib/libutils.a(f32_le.o)
 .text          0x0001121c        0x0 /home/rahulmahadev/devel/optee/optee_os/out/arm-plat-vexpress/export-ta_arm32/lib/libutils.a(f32_lt.o)
 .text          0x0001121c        0x0 /home/rahulmahadev/devel/optee/optee_os/out/arm-plat-vexpress/export-ta_arm32/lib/libutils.a(f32_mul.o)
 .text          0x0001121c        0x0 /home/rahulmahadev/devel/optee/optee_os/out/arm-plat-vexpress/export-ta_arm32/lib/libutils.a(f32_sub.o)
 .text          0x0001121c        0x0 /home/rahulmahadev/devel/optee/optee_os/out/arm-plat-vexpress/export-ta_arm32/lib/libutils.a(f32_to_f64.o)
 .text          0x0001121c        0x0 /home/rahulmahadev/devel/optee/optee_os/out/arm-plat-vexpress/export-ta_arm32/lib/libutils.a(f32_to_i32_r_minMag.o)
 .text          0x0001121c        0x0 /home/rahulmahadev/devel/optee/optee_os/out/arm-plat-vexpress/export-ta_arm32/lib/libutils.a(f32_to_i64_r_minMag.o)
 .text          0x0001121c        0x0 /home/rahulmahadev/devel/optee/optee_os/out/arm-plat-vexpress/export-ta_arm32/lib/libutils.a(f32_to_ui32_r_minMag.o)
 .text          0x0001121c        0x0 /home/rahulmahadev/devel/optee/optee_os/out/arm-plat-vexpress/export-ta_arm32/lib/libutils.a(f32_to_ui64_r_minMag.o)
 .text          0x0001121c        0x0 /home/rahulmahadev/devel/optee/optee_os/out/arm-plat-vexpress/export-ta_arm32/lib/libutils.a(f64_add.o)
 .text          0x0001121c        0x0 /home/rahulmahadev/devel/optee/optee_os/out/arm-plat-vexpress/export-ta_arm32/lib/libutils.a(f64_div.o)
 .text          0x0001121c        0x0 /home/rahulmahadev/devel/optee/optee_os/out/arm-plat-vexpress/export-ta_arm32/lib/libutils.a(f64_eq.o)
 .text          0x0001121c        0x0 /home/rahulmahadev/devel/optee/optee_os/out/arm-plat-vexpress/export-ta_arm32/lib/libutils.a(f64_le.o)
 .text          0x0001121c        0x0 /home/rahulmahadev/devel/optee/optee_os/out/arm-plat-vexpress/export-ta_arm32/lib/libutils.a(f64_lt.o)
 .text          0x0001121c        0x0 /home/rahulmahadev/devel/optee/optee_os/out/arm-plat-vexpress/export-ta_arm32/lib/libutils.a(f64_mul.o)
 .text          0x0001121c        0x0 /home/rahulmahadev/devel/optee/optee_os/out/arm-plat-vexpress/export-ta_arm32/lib/libutils.a(f64_sub.o)
 .text          0x0001121c        0x0 /home/rahulmahadev/devel/optee/optee_os/out/arm-plat-vexpress/export-ta_arm32/lib/libutils.a(f64_to_f32.o)
 .text          0x0001121c        0x0 /home/rahulmahadev/devel/optee/optee_os/out/arm-plat-vexpress/export-ta_arm32/lib/libutils.a(f64_to_i32_r_minMag.o)
 .text          0x0001121c        0x0 /home/rahulmahadev/devel/optee/optee_os/out/arm-plat-vexpress/export-ta_arm32/lib/libutils.a(f64_to_i64_r_minMag.o)
 .text          0x0001121c        0x0 /home/rahulmahadev/devel/optee/optee_os/out/arm-plat-vexpress/export-ta_arm32/lib/libutils.a(f64_to_ui32_r_minMag.o)
 .text          0x0001121c        0x0 /home/rahulmahadev/devel/optee/optee_os/out/arm-plat-vexpress/export-ta_arm32/lib/libutils.a(f64_to_ui64_r_minMag.o)
 .text          0x0001121c        0x0 /home/rahulmahadev/devel/optee/optee_os/out/arm-plat-vexpress/export-ta_arm32/lib/libutils.a(i32_to_f32.o)
 .text          0x0001121c        0x0 /home/rahulmahadev/devel/optee/optee_os/out/arm-plat-vexpress/export-ta_arm32/lib/libutils.a(i32_to_f64.o)
 .text          0x0001121c        0x0 /home/rahulmahadev/devel/optee/optee_os/out/arm-plat-vexpress/export-ta_arm32/lib/libutils.a(i64_to_f32.o)
 .text          0x0001121c        0x0 /home/rahulmahadev/devel/optee/optee_os/out/arm-plat-vexpress/export-ta_arm32/lib/libutils.a(i64_to_f64.o)
 .text          0x0001121c        0x0 /home/rahulmahadev/devel/optee/optee_os/out/arm-plat-vexpress/export-ta_arm32/lib/libutils.a(ui32_to_f32.o)
 .text          0x0001121c        0x0 /home/rahulmahadev/devel/optee/optee_os/out/arm-plat-vexpress/export-ta_arm32/lib/libutils.a(ui32_to_f64.o)
 .text          0x0001121c        0x0 /home/rahulmahadev/devel/optee/optee_os/out/arm-plat-vexpress/export-ta_arm32/lib/libutils.a(ui64_to_f32.o)
 .text          0x0001121c        0x0 /home/rahulmahadev/devel/optee/optee_os/out/arm-plat-vexpress/export-ta_arm32/lib/libutils.a(ui64_to_f64.o)
 .text          0x0001121c        0x0 /home/rahulmahadev/devel/optee/optee_os/out/arm-plat-vexpress/export-ta_arm32/lib/libutils.a(s_subMagsF32.o)
 .text          0x0001121c        0x0 /home/rahulmahadev/devel/optee/optee_os/out/arm-plat-vexpress/export-ta_arm32/lib/libutils.a(s_subMagsF64.o)
 .text          0x0001121c        0x0 /home/rahulmahadev/devel/optee/optee_os/out/arm-plat-vexpress/export-ta_arm32/lib/libutils.a(s_addMagsF32.o)
 .text          0x0001121c        0x0 /home/rahulmahadev/devel/optee/optee_os/out/arm-plat-vexpress/export-ta_arm32/lib/libutils.a(s_addMagsF64.o)
 .text          0x0001121c        0x0 /home/rahulmahadev/devel/optee/optee_os/out/arm-plat-vexpress/export-ta_arm32/lib/libutils.a(s_normSubnormalF64Sig.o)
 .text          0x0001121c        0x0 /home/rahulmahadev/devel/optee/optee_os/out/arm-plat-vexpress/export-ta_arm32/lib/libutils.a(s_normSubnormalF32Sig.o)
 .text          0x0001121c        0x0 /home/rahulmahadev/devel/optee/optee_os/out/arm-plat-vexpress/export-ta_arm32/lib/libutils.a(s_roundPackToF32.o)
 .text          0x0001121c        0x0 /home/rahulmahadev/devel/optee/optee_os/out/arm-plat-vexpress/export-ta_arm32/lib/libutils.a(s_roundPackToF64.o)
 .text          0x0001121c        0x0 /home/rahulmahadev/devel/optee/optee_os/out/arm-plat-vexpress/export-ta_arm32/lib/libutils.a(s_shortShiftRightJam64.o)
 .text          0x0001121c        0x0 /home/rahulmahadev/devel/optee/optee_os/out/arm-plat-vexpress/export-ta_arm32/lib/libutils.a(s_shiftRightJam32.o)
 .text          0x0001121c        0x0 /home/rahulmahadev/devel/optee/optee_os/out/arm-plat-vexpress/export-ta_arm32/lib/libutils.a(s_normRoundPackToF32.o)
 .text          0x0001121c        0x0 /home/rahulmahadev/devel/optee/optee_os/out/arm-plat-vexpress/export-ta_arm32/lib/libutils.a(s_normRoundPackToF64.o)
 .text          0x0001121c        0x0 /home/rahulmahadev/devel/optee/optee_os/out/arm-plat-vexpress/export-ta_arm32/lib/libutils.a(s_shiftRightJam64.o)
 .text          0x0001121c        0x0 /home/rahulmahadev/devel/optee/optee_os/out/arm-plat-vexpress/export-ta_arm32/lib/libutils.a(s_countLeadingZeros32.o)
 .text          0x0001121c        0x0 /home/rahulmahadev/devel/optee/optee_os/out/arm-plat-vexpress/export-ta_arm32/lib/libutils.a(s_countLeadingZeros64.o)
 .text          0x0001121c        0x0 /home/rahulmahadev/devel/optee/optee_os/out/arm-plat-vexpress/export-ta_arm32/lib/libutils.a(s_mul64To128.o)
 .text          0x0001121c        0x0 /home/rahulmahadev/devel/optee/optee_os/out/arm-plat-vexpress/export-ta_arm32/lib/libutils.a(softfloat_state.o)
 .text          0x0001121c        0x0 /home/rahulmahadev/devel/optee/optee_os/out/arm-plat-vexpress/export-ta_arm32/lib/libutils.a(softfloat_raiseFlags.o)
 .text          0x0001121c        0x0 /home/rahulmahadev/devel/optee/optee_os/out/arm-plat-vexpress/export-ta_arm32/lib/libutils.a(s_propagateNaNF32UI.o)
 .text          0x0001121c        0x0 /home/rahulmahadev/devel/optee/optee_os/out/arm-plat-vexpress/export-ta_arm32/lib/libutils.a(s_f32UIToCommonNaN.o)
 .text          0x0001121c        0x0 /home/rahulmahadev/devel/optee/optee_os/out/arm-plat-vexpress/export-ta_arm32/lib/libutils.a(s_commonNaNToF64UI.o)
 .text          0x0001121c        0x0 /home/rahulmahadev/devel/optee/optee_os/out/arm-plat-vexpress/export-ta_arm32/lib/libutils.a(s_f64UIToCommonNaN.o)
 .text          0x0001121c        0x0 /home/rahulmahadev/devel/optee/optee_os/out/arm-plat-vexpress/export-ta_arm32/lib/libutils.a(s_propagateNaNF64UI.o)
 .text          0x0001121c        0x0 /home/rahulmahadev/devel/optee/optee_os/out/arm-plat-vexpress/export-ta_arm32/lib/libutils.a(s_commonNaNToF32UI.o)
 .text          0x0001121c        0x0 /home/rahulmahadev/devel/optee/optee_os/out/arm-plat-vexpress/export-ta_arm32/lib/libutils.a(snprintk.o)
 .text          0x0001121c        0x0 /home/rahulmahadev/devel/optee/optee_os/out/arm-plat-vexpress/export-ta_arm32/lib/libutils.a(strlcpy.o)
 .text          0x0001121c        0x0 /home/rahulmahadev/devel/optee/optee_os/out/arm-plat-vexpress/export-ta_arm32/lib/libutils.a(trace.o)
 .text          0x0001121c        0x0 /home/rahulmahadev/devel/optee/optee_os/out/arm-plat-vexpress/export-ta_arm32/lib/libutils.a(memchr.o)
 .text          0x0001121c        0x0 /home/rahulmahadev/devel/optee/optee_os/out/arm-plat-vexpress/export-ta_arm32/lib/libutils.a(arm32_aeabi_ldivmod.o)
 .text          0x0001121c        0x0 /home/rahulmahadev/devel/optee/optee_os/out/arm-plat-vexpress/export-ta_arm32/lib/libutils.a(s_countLeadingZeros8.o)
 .text          0x0001121c        0x0 /home/rahulmahadev/devel/optee/optee_os/out/arm-plat-vexpress/export-ta_arm32/lib/libmpa.a(mpa_misc.o)
 .text          0x0001121c        0x0 /home/rahulmahadev/devel/optee/optee_os/out/arm-plat-vexpress/export-ta_arm32/lib/libmpa.a(mpa_montgomery.o)
 .text          0x0001121c        0x0 /home/rahulmahadev/devel/optee/optee_os/out/arm-plat-vexpress/export-ta_arm32/lib/libmpa.a(mpa_primetest.o)
 .text          0x0001121c        0x0 /home/rahulmahadev/devel/optee/optee_os/out/arm-plat-vexpress/export-ta_arm32/lib/libmpa.a(mpa_conv.o)
 .text          0x0001121c        0x0 /home/rahulmahadev/devel/optee/optee_os/out/arm-plat-vexpress/export-ta_arm32/lib/libmpa.a(mpa_div.o)
 .text          0x0001121c        0x0 /home/rahulmahadev/devel/optee/optee_os/out/arm-plat-vexpress/export-ta_arm32/lib/libmpa.a(mpa_gcd.o)
 .text          0x0001121c        0x0 /home/rahulmahadev/devel/optee/optee_os/out/arm-plat-vexpress/export-ta_arm32/lib/libmpa.a(mpa_mem_static.o)
 .text          0x0001121c        0x0 /home/rahulmahadev/devel/optee/optee_os/out/arm-plat-vexpress/export-ta_arm32/lib/libmpa.a(mpa_mul.o)
 .text          0x0001121c        0x0 /home/rahulmahadev/devel/optee/optee_os/out/arm-plat-vexpress/export-ta_arm32/lib/libmpa.a(mpa_random.o)
 .text          0x0001121c        0x0 /home/rahulmahadev/devel/optee/optee_os/out/arm-plat-vexpress/export-ta_arm32/lib/libmpa.a(mpa_shift.o)
 .text          0x0001121c        0x0 /home/rahulmahadev/devel/optee/optee_os/out/arm-plat-vexpress/export-ta_arm32/lib/libmpa.a(mpa_addsub.o)
 .text          0x0001121c        0x0 /home/rahulmahadev/devel/optee/optee_os/out/arm-plat-vexpress/export-ta_arm32/lib/libmpa.a(mpa_cmp.o)
 .text          0x0001121c        0x0 /home/rahulmahadev/devel/optee/optee_os/out/arm-plat-vexpress/export-ta_arm32/lib/libmpa.a(mpa_expmod.o)