Archive member included because of file (symbol)

/home/rahulmahadev/devel/optee/optee_os/out/arm-plat-vexpress/export-ta_arm32/lib/libutee.a(tee_api.o)
                              /home/rahulmahadev/devel/optee/neo/ta/out/ta.o (TEE_GetSystemTime)
/home/rahulmahadev/devel/optee/optee_os/out/arm-plat-vexpress/export-ta_arm32/lib/libutee.a(tee_api_objects.o)
                              /home/rahulmahadev/devel/optee/neo/ta/out/ta.o (TEE_CreatePersistentObject)
/home/rahulmahadev/devel/optee/optee_os/out/arm-plat-vexpress/export-ta_arm32/lib/libutee.a(tee_api_operations.o)
                              /home/rahulmahadev/devel/optee/neo/ta/out/ta.o (TEE_AllocateOperation)
/home/rahulmahadev/devel/optee/optee_os/out/arm-plat-vexpress/export-ta_arm32/lib/libutee.a(tee_api_panic.o)
                              /home/rahulmahadev/devel/optee/optee_os/out/arm-plat-vexpress/export-ta_arm32/lib/libutee.a(tee_api.o) (__TEE_Panic)
/home/rahulmahadev/devel/optee/optee_os/out/arm-plat-vexpress/export-ta_arm32/lib/libutee.a(user_ta_entry.o)
                              /home/rahulmahadev/devel/optee/neo/ta/out/user_ta_header.o (__utee_entry)
/home/rahulmahadev/devel/optee/optee_os/out/arm-plat-vexpress/export-ta_arm32/lib/libutee.a(utee_syscalls_a32.o)
                              /home/rahulmahadev/devel/optee/optee_os/out/arm-plat-vexpress/export-ta_arm32/lib/libutee.a(user_ta_entry.o) (utee_return)
/home/rahulmahadev/devel/optee/optee_os/out/arm-plat-vexpress/export-ta_arm32/lib/libutee.a(tee_user_mem.o)
                              /home/rahulmahadev/devel/optee/optee_os/out/arm-plat-vexpress/export-ta_arm32/lib/libutee.a(tee_api.o) (tee_user_mem_alloc)
/home/rahulmahadev/devel/optee/optee_os/out/arm-plat-vexpress/export-ta_arm32/lib/libutee.a(assert.o)
                              /home/rahulmahadev/devel/optee/optee_os/out/arm-plat-vexpress/export-ta_arm32/lib/libutee.a(tee_user_mem.o) (_assert_log)
/home/rahulmahadev/devel/optee/optee_os/out/arm-plat-vexpress/export-ta_arm32/lib/libutee.a(tee_api_arith.o)
                              /home/rahulmahadev/devel/optee/optee_os/out/arm-plat-vexpress/export-ta_arm32/lib/libutee.a(user_ta_entry.o) (_TEE_MathAPI_Init)
/home/rahulmahadev/devel/optee/optee_os/out/arm-plat-vexpress/export-ta_arm32/lib/libutee.a(utee_misc.o)
                              /home/rahulmahadev/devel/optee/optee_os/out/arm-plat-vexpress/export-ta_arm32/lib/libutee.a(tee_user_mem.o) (utee_malloc)
/home/rahulmahadev/devel/optee/optee_os/out/arm-plat-vexpress/export-ta_arm32/lib/libutee.a(trace_ext.o)
                              /home/rahulmahadev/devel/optee/optee_os/out/arm-plat-vexpress/export-ta_arm32/lib/libutee.a(tee_api_arith.o) (printf)
/home/rahulmahadev/devel/optee/optee_os/out/arm-plat-vexpress/export-ta_arm32/lib/libutils.a(bget_malloc.o)
                              /home/rahulmahadev/devel/optee/neo/ta/out/ta.o (malloc)
/home/rahulmahadev/devel/optee/optee_os/out/arm-plat-vexpress/export-ta_arm32/lib/libutils.a(snprintf.o)
                              /home/rahulmahadev/devel/optee/neo/ta/out/ta.o (snprintf)
/home/rahulmahadev/devel/optee/optee_os/out/arm-plat-vexpress/export-ta_arm32/lib/libutils.a(memcmp.o)
                              /home/rahulmahadev/devel/optee/optee_os/out/arm-plat-vexpress/export-ta_arm32/lib/libutee.a(tee_api.o) (memcmp)
/home/rahulmahadev/devel/optee/optee_os/out/arm-plat-vexpress/export-ta_arm32/lib/libutils.a(memcpy.o)
                              /home/rahulmahadev/devel/optee/neo/ta/out/ta.o (memcpy)
/home/rahulmahadev/devel/optee/optee_os/out/arm-plat-vexpress/export-ta_arm32/lib/libutils.a(memmove.o)
                              /home/rahulmahadev/devel/optee/optee_os/out/arm-plat-vexpress/export-ta_arm32/lib/libutee.a(tee_api.o) (memmove)
/home/rahulmahadev/devel/optee/optee_os/out/arm-plat-vexpress/export-ta_arm32/lib/libutils.a(memset.o)
                              /home/rahulmahadev/devel/optee/neo/ta/out/ta.o (memset)
/home/rahulmahadev/devel/optee/optee_os/out/arm-plat-vexpress/export-ta_arm32/lib/libutils.a(strcmp.o)
                              /home/rahulmahadev/devel/optee/neo/ta/out/ta.o (strcmp)
/home/rahulmahadev/devel/optee/optee_os/out/arm-plat-vexpress/export-ta_arm32/lib/libutils.a(strlen.o)
                              /home/rahulmahadev/devel/optee/neo/ta/out/ta.o (strlen)
/home/rahulmahadev/devel/optee/optee_os/out/arm-plat-vexpress/export-ta_arm32/lib/libutils.a(arm32_aeabi_softfloat.o)
                              /home/rahulmahadev/devel/optee/neo/ta/out/ta.o (__aeabi_fdiv)
/home/rahulmahadev/devel/optee/optee_os/out/arm-plat-vexpress/export-ta_arm32/lib/libutils.a(f32_add.o)
                              /home/rahulmahadev/devel/optee/optee_os/out/arm-plat-vexpress/export-ta_arm32/lib/libutils.a(arm32_aeabi_softfloat.o) (f32_add)
/home/rahulmahadev/devel/optee/optee_os/out/arm-plat-vexpress/export-ta_arm32/lib/libutils.a(f32_div.o)
[...]
Memory Configuration

Name             Origin             Length             Attributes
*default*        0x00000000         0xffffffff

Linker script and memory map


.ta_head        0x00000000       0x20
 *(SORT(.ta_head))
 .ta_head       0x00000000       0x20 /home/rahulmahadev/devel/optee/neo/ta/out/user_ta_header.o
                0x00000000                ta_head

.text           0x00000020    0x171e4
 *(SORT(.text) SORT(.text.*))
 .text.string_copy
                0x00000020       0x3c /home/rahulmahadev/devel/optee/neo/ta/out/ta.o
                0x00000020                string_copy
 .text.dump_hash
                0x0000005c      0x2d8 /home/rahulmahadev/devel/optee/neo/ta/out/ta.o
 .text.call_gp_sha1_interface
                0x00000334      0x194 /home/rahulmahadev/devel/optee/neo/ta/out/ta.o
 .text.TA_CreateEntryPoint
                0x000004c8       0x14 /home/rahulmahadev/devel/optee/neo/ta/out/ta.o
                0x000004c8                TA_CreateEntryPoint
 .text.TA_DestroyEntryPoint
                0x000004dc       0x10 /home/rahulmahadev/devel/optee/neo/ta/out/ta.o
                0x000004dc                TA_DestroyEntryPoint
 .text.set_params
                0x000004ec      0x254 /home/rahulmahadev/devel/optee/neo/ta/out/ta.o
 .text.TA_OpenSessionEntryPoint
                0x00000740       0xe4 /home/rahulmahadev/devel/optee/neo/ta/out/ta.o
                0x00000740                TA_OpenSessionEntryPoint
 .text.TA_CloseSessionEntryPoint
                0x00000824       0x18 /home/rahulmahadev/devel/optee/neo/ta/out/ta.o
                0x00000824                TA_CloseSessionEntryPoint
 .text.check_answer
                0x0000083c      0x2e0 /home/rahulmahadev/devel/optee/neo/ta/out/ta.o
 .text.start_quiz
                0x00000b1c      0x114 /home/rahulmahadev/devel/optee/neo/ta/out/ta.o
 .text.TA_InvokeCommandEntryPoint
                0x00000c30       0x54 /home/rahulmahadev/devel/optee/neo/ta/out/ta.o
                0x00000c30                TA_InvokeCommandEntryPoint
 .text.tahead_get_trace_level
                0x00000c84       0x14 /home/rahulmahadev/devel/optee/neo/ta/out/user_ta_header.o
                0x00000c84                tahead_get_trace_level
 .text.__utee_from_param
                0x00000c98      0x168 /home/rahulmahadev/devel/optee/optee_os/out/arm-plat-vexpress/export-ta_arm32/lib/libutee.a(tee_api.o)
                0x00000c98                __utee_from_param
 .text.__utee_to_param
                0x00000e00       0xfc /home/rahulmahadev/devel/optee/optee_os/out/arm-plat-vexpress/export-ta_arm32/lib/libutee.a(tee_api.o)
                0x00000e00                __utee_to_param
 .text.TEE_OpenTASession
                0x00000efc       0x8c /home/rahulmahadev/devel/optee/optee_os/out/arm-plat-vexpress/export-ta_arm32/lib/libutee.a(tee_api.o)
                0x00000efc                TEE_OpenTASession
 .text.TEE_CloseTASession
                0x00000f88       0x78 /home/rahulmahadev/devel/optee/optee_os/out/arm-plat-vexpress/export-ta_arm32/lib/libutee.a(tee_api.o)
                0x00000f88                TEE_CloseTASession
 .text.TEE_InvokeTACommand
                0x00001000       0xe8 /home/rahulmahadev/devel/optee/optee_os/out/arm-plat-vexpress/export-ta_arm32/lib/libutee.a(tee_api.o)
                0x00001000                TEE_InvokeTACommand
 .text.TEE_GetCancellationFlag
                0x000010e8       0x44 /home/rahulmahadev/devel/optee/optee_os/out/arm-plat-vexpress/export-ta_arm32/lib/libutee.a(tee_api.o)
                0x000010e8                TEE_GetCancellationFlag
 .text.TEE_UnmaskCancellation
                0x0000112c       0x80 /home/rahulmahadev/devel/optee/optee_os/out/arm-plat-vexpress/export-ta_arm32/lib/libutee.a(tee_api.o)
                0x0000112c                TEE_UnmaskCancellation
 .text.TEE_MaskCancellation
                0x000011ac       0x80 /home/rahulmahadev/devel/optee/optee_os/out/arm-plat-vexpress/export-ta_arm32/lib/libutee.a(tee_api.o)
                0x000011ac                TEE_MaskCancellation
 .text.TEE_CheckMemoryAccessRights
                0x0000122c       0x5c /home/rahulmahadev/devel/optee/optee_os/out/arm-plat-vexpress/export-ta_arm32/lib/libutee.a(tee_api.o)
                0x0000122c                TEE_CheckMemoryAccessRights
 .text.TEE_SetInstanceData
                0x00001288       0x24 /home/rahulmahadev/devel/optee/optee_os/out/arm-plat-vexpress/export-ta_arm32/lib/libutee.a(tee_api.o)
                0x00001288                TEE_SetInstanceData
 .text.TEE_GetInstanceData
                0x000012ac       0x1c /home/rahulmahadev/devel/optee/optee_os/out/arm-plat-vexpress/export-ta_arm32/lib/libutee.a(tee_api.o)
                0x000012ac                TEE_GetInstanceData
 .text.TEE_MemMove
                0x000012c8       0x40 /home/rahulmahadev/devel/optee/optee_os/out/arm-plat-vexpress/export-ta_arm32/lib/libutee.a(tee_api.o)
                0x000012c8                TEE_MemMove
 .text.TEE_MemCompare
                0x00001308       0x40 /home/rahulmahadev/devel/optee/optee_os/out/arm-plat-vexpress/export-ta_arm32/lib/libutee.a(tee_api.o)
                0x00001308                TEE_MemCompare
 .text.TEE_MemFill
                0x00001348       0x40 /home/rahulmahadev/devel/optee/optee_os/out/arm-plat-vexpress/export-ta_arm32/lib/libutee.a(tee_api.o)
                0x00001348                TEE_MemFill
 .text.TEE_GetSystemTime
                0x00001388       0x78 /home/rahulmahadev/devel/optee/optee_os/out/arm-plat-vexpress/export-ta_arm32/lib/libutee.a(tee_api.o)
                0x00001388                TEE_GetSystemTime
 .text.TEE_Wait
                0x00001400       0x84 /home/rahulmahadev/devel/optee/optee_os/out/arm-plat-vexpress/export-ta_arm32/lib/libutee.a(tee_api.o)
                0x00001400                TEE_Wait
 .text.TEE_GetTAPersistentTime
                0x00001484       0xd0 /home/rahulmahadev/devel/optee/optee_os/out/arm-plat-vexpress/export-ta_arm32/lib/libutee.a(tee_api.o)
                0x00001484                TEE_GetTAPersistentTime
 .text.TEE_SetTAPersistentTime
                0x00001554       0x90 /home/rahulmahadev/devel/optee/optee_os/out/arm-plat-vexpress/export-ta_arm32/lib/libutee.a(tee_api.o)
                0x00001554                TEE_SetTAPersistentTime
 .text.TEE_GetREETime
                0x000015e4       0x78 /home/rahulmahadev/devel/optee/optee_os/out/arm-plat-vexpress/export-ta_arm32/lib/libutee.a(tee_api.o)
                0x000015e4                TEE_GetREETime
 .text.TEE_Malloc
                0x0000165c       0x30 /home/rahulmahadev/devel/optee/optee_os/out/arm-plat-vexpress/export-ta_arm32/lib/libutee.a(tee_api.o)
                0x0000165c                TEE_Malloc
 .text.TEE_Realloc
                0x0000168c       0x30 /home/rahulmahadev/devel/optee/optee_os/out/arm-plat-vexpress/export-ta_arm32/lib/libutee.a(tee_api.o)
                0x0000168c                TEE_Realloc
 .text.TEE_Free
                0x000016bc       0x28 /home/rahulmahadev/devel/optee/optee_os/out/arm-plat-vexpress/export-ta_arm32/lib/libutee.a(tee_api.o)
                0x000016bc                TEE_Free
 .text.TEE_CacheClean
                0x000016e4       0x40 /home/rahulmahadev/devel/optee/optee_os/out/arm-plat-vexpress/export-ta_arm32/lib/libutee.a(tee_api.o)
                0x000016e4                TEE_CacheClean
 .text.TEE_CacheFlush
                0x00001724       0x40 /home/rahulmahadev/devel/optee/optee_os/out/arm-plat-vexpress/export-ta_arm32/lib/libutee.a(tee_api.o)
                0x00001724                TEE_CacheFlush
 .text.TEE_CacheInvalidate
                0x00001764       0x40 /home/rahulmahadev/devel/optee/optee_os/out/arm-plat-vexpress/export-ta_arm32/lib/libutee.a(tee_api.o)
                0x00001764                TEE_CacheInvalidate
 .text.__utee_from_attr
                0x000017a4      0x134 /home/rahulmahadev/devel/optee/optee_os/out/arm-plat-vexpress/export-ta_arm32/lib/libutee.a(tee_api_objects.o)
                0x000017a4                __utee_from_attr
 .text.TEE_GetObjectInfo
                0x000018d8       0xb8 /home/rahulmahadev/devel/optee/optee_os/out/arm-plat-vexpress/export-ta_arm32/lib/libutee.a(tee_api_objects.o)
                0x000018d8                TEE_GetObjectInfo
 .text.TEE_GetObjectInfo1
                0x00001990       0x98 /home/rahulmahadev/devel/optee/optee_os/out/arm-plat-vexpress/export-ta_arm32/lib/libutee.a(tee_api_objects.o)
                0x00001990                TEE_GetObjectInfo1
 .text.TEE_RestrictObjectUsage
                0x00001a28       0x9c /home/rahulmahadev/devel/optee/optee_os/out/arm-plat-vexpress/export-ta_arm32/lib/libutee.a(tee_api_objects.o)
                0x00001a28                TEE_RestrictObjectUsage
 .text.TEE_RestrictObjectUsage1
                0x00001ac4       0x98 /home/rahulmahadev/devel/optee/optee_os/out/arm-plat-vexpress/export-ta_arm32/lib/libutee.a(tee_api_objects.o)
                0x00001ac4                TEE_RestrictObjectUsage1
 .text.TEE_GetObjectBufferAttribute
                0x00001b5c      0x108 /home/rahulmahadev/devel/optee/optee_os/out/arm-plat-vexpress/export-ta_arm32/lib/libutee.a(tee_api_objects.o)
                0x00001b5c                TEE_GetObjectBufferAttribute
 .text.TEE_GetObjectValueAttribute
                0x00001c64      0x140 /home/rahulmahadev/devel/optee/optee_os/out/arm-plat-vexpress/export-ta_arm32/lib/libutee.a(tee_api_objects.o)
                0x00001c64                TEE_GetObjectValueAttribute
 .text.TEE_CloseObject
                0x00001da4       0x80 /home/rahulmahadev/devel/optee/optee_os/out/arm-plat-vexpress/export-ta_arm32/lib/libutee.a(tee_api_objects.o)
                0x00001da4                TEE_CloseObject
 .text.TEE_AllocateTransientObject
                0x00001e24       0xb0 /home/rahulmahadev/devel/optee/optee_os/out/arm-plat-vexpress/export-ta_arm32/lib/libutee.a(tee_api_objects.o)
                0x00001e24                TEE_AllocateTransientObject
 .text.TEE_FreeTransientObject
                0x00001ed4      0x10c /home/rahulmahadev/devel/optee/optee_os/out/arm-plat-vexpress/export-ta_arm32/lib/libutee.a(tee_api_objects.o)
                0x00001ed4                TEE_FreeTransientObject
 .text.TEE_ResetTransientObject
                0x00001fe0      0x10c /home/rahulmahadev/devel/optee/optee_os/out/arm-plat-vexpress/export-ta_arm32/lib/libutee.a(tee_api_objects.o)
                0x00001fe0                TEE_ResetTransientObject
 .text.TEE_PopulateTransientObject
                0x000020ec      0x218 /home/rahulmahadev/devel/optee/optee_os/out/arm-plat-vexpress/export-ta_arm32/lib/libutee.a(tee_api_objects.o)
                0x000020ec                TEE_PopulateTransientObject
 .text.TEE_InitRefAttribute
                0x00002304       0xbc /home/rahulmahadev/devel/optee/optee_os/out/arm-plat-vexpress/export-ta_arm32/lib/libutee.a(tee_api_objects.o)
                0x00002304                TEE_InitRefAttribute
 .text.TEE_InitValueAttribute
                0x000023c0       0xbc /home/rahulmahadev/devel/optee/optee_os/out/arm-plat-vexpress/export-ta_arm32/lib/libutee.a(tee_api_objects.o)
                0x000023c0                TEE_InitValueAttribute
 .text.TEE_CopyObjectAttributes
                0x0000247c       0x9c /home/rahulmahadev/devel/optee/optee_os/out/arm-plat-vexpress/export-ta_arm32/lib/libutee.a(tee_api_objects.o)
                0x0000247c                TEE_CopyObjectAttributes
 .text.TEE_CopyObjectAttributes1
                0x00002518      0x18c /home/rahulmahadev/devel/optee/optee_os/out/arm-plat-vexpress/export-ta_arm32/lib/libutee.a(tee_api_objects.o)
                0x00002518                TEE_CopyObjectAttributes1
 .text.TEE_GenerateKey
                0x000026a4      0x15c /home/rahulmahadev/devel/optee/optee_os/out/arm-plat-vexpress/export-ta_arm32/lib/libutee.a(tee_api_objects.o)
                0x000026a4                TEE_GenerateKey
 .text.TEE_OpenPersistentObject
                0x00002800      0x128 /home/rahulmahadev/devel/optee/optee_os/out/arm-plat-vexpress/export-ta_arm32/lib/libutee.a(tee_api_objects.o)
                0x00002800                TEE_OpenPersistentObject
 .text.TEE_CreatePersistentObject
                0x00002928      0x144 /home/rahulmahadev/devel/optee/optee_os/out/arm-plat-vexpress/export-ta_arm32/lib/libutee.a(tee_api_objects.o)
                0x00002928                TEE_CreatePersistentObject
 .text.TEE_CloseAndDeletePersistentObject
                0x00002a6c       0x7c /home/rahulmahadev/devel/optee/optee_os/out/arm-plat-vexpress/export-ta_arm32/lib/libutee.a(tee_api_objects.o)
                0x00002a6c                TEE_CloseAndDeletePersistentObject
 .text.TEE_CloseAndDeletePersistentObject1
                0x00002ae8       0x98 /home/rahulmahadev/devel/optee/optee_os/out/arm-plat-vexpress/export-ta_arm32/lib/libutee.a(tee_api_objects.o)
                0x00002ae8                TEE_CloseAndDeletePersistentObject1
 .text.TEE_RenamePersistentObject
                0x00002b80       0xe4 /home/rahulmahadev/devel/optee/optee_os/out/arm-plat-vexpress/export-ta_arm32/lib/libutee.a(tee_api_objects.o)
                0x00002b80                TEE_RenamePersistentObject
 .text.TEE_AllocatePersistentObjectEnumerator
                0x00002c64       0xb0 /home/rahulmahadev/devel/optee/optee_os/out/arm-plat-vexpress/export-ta_arm32/lib/libutee.a(tee_api_objects.o)
                0x00002c64                TEE_AllocatePersistentObjectEnumerator
 .text.TEE_FreePersistentObjectEnumerator
                0x00002d14       0x80 /home/rahulmahadev/devel/optee/optee_os/out/arm-plat-vexpress/export-ta_arm32/lib/libutee.a(tee_api_objects.o)
                0x00002d14                TEE_FreePersistentObjectEnumerator
 .text.TEE_ResetPersistentObjectEnumerator
                0x00002d94       0x80 /home/rahulmahadev/devel/optee/optee_os/out/arm-plat-vexpress/export-ta_arm32/lib/libutee.a(tee_api_objects.o)
                0x00002d94                TEE_ResetPersistentObjectEnumerator
 .text.TEE_StartPersistentObjectEnumerator
                0x00002e14       0xb8 /home/rahulmahadev/devel/optee/optee_os/out/arm-plat-vexpress/export-ta_arm32/lib/libutee.a(tee_api_objects.o)
                0x00002e14                TEE_StartPersistentObjectEnumerator
 .text.TEE_GetNextPersistentObject
                0x00002ecc       0xec /home/rahulmahadev/devel/optee/optee_os/out/arm-plat-vexpress/export-ta_arm32/lib/libutee.a(tee_api_objects.o)
                0x00002ecc                TEE_GetNextPersistentObject
 .text.TEE_ReadObjectData
                0x00002fb8       0xcc /home/rahulmahadev/devel/optee/optee_os/out/arm-plat-vexpress/export-ta_arm32/lib/libutee.a(tee_api_objects.o)
                0x00002fb8                TEE_ReadObjectData
 .text.TEE_WriteObjectData
                0x00003084       0xcc /home/rahulmahadev/devel/optee/optee_os/out/arm-plat-vexpress/export-ta_arm32/lib/libutee.a(tee_api_objects.o)
                0x00003084                TEE_WriteObjectData
 .text.TEE_TruncateObjectData
                0x00003150       0xbc /home/rahulmahadev/devel/optee/optee_os/out/arm-plat-vexpress/export-ta_arm32/lib/libutee.a(tee_api_objects.o)
                0x00003150                TEE_TruncateObjectData
 .text.TEE_SeekObjectData
                0x0000320c      0x13c /home/rahulmahadev/devel/optee/optee_os/out/arm-plat-vexpress/export-ta_arm32/lib/libutee.a(tee_api_objects.o)
                0x0000320c                TEE_SeekObjectData
 .text.TEE_AllocateOperation
                0x00003348      0x9ec /home/rahulmahadev/devel/optee/optee_os/out/arm-plat-vexpress/export-ta_arm32/lib/libutee.a(tee_api_operations.o)
                0x00003348                TEE_AllocateOperation
 .text.TEE_FreeOperation
                0x00003d34       0xcc /home/rahulmahadev/devel/optee/optee_os/out/arm-plat-vexpress/export-ta_arm32/lib/libutee.a(tee_api_operations.o)
                0x00003d34                TEE_FreeOperation
 .text.TEE_GetOperationInfo
                0x00003e00       0xc8 /home/rahulmahadev/devel/optee/optee_os/out/arm-plat-vexpress/export-ta_arm32/lib/libutee.a(tee_api_operations.o)
                0x00003e00                TEE_GetOperationInfo
 .text.TEE_GetOperationInfoMultiple
                0x00003ec8      0x1ec /home/rahulmahadev/devel/optee/optee_os/out/arm-plat-vexpress/export-ta_arm32/lib/libutee.a(tee_api_operations.o)
                0x00003ec8                TEE_GetOperationInfoMultiple
 .text.TEE_ResetOperation
                0x000040b4      0x120 /home/rahulmahadev/devel/optee/optee_os/out/arm-plat-vexpress/export-ta_arm32/lib/libutee.a(tee_api_operations.o)
                0x000040b4                TEE_ResetOperation
 .text.TEE_SetOperationKey
                0x000041d4      0x19c /home/rahulmahadev/devel/optee/optee_os/out/arm-plat-vexpress/export-ta_arm32/lib/libutee.a(tee_api_operations.o)
                0x000041d4                TEE_SetOperationKey
 .text.TEE_SetOperationKey2
                0x00004370      0x28c /home/rahulmahadev/devel/optee/optee_os/out/arm-plat-vexpress/export-ta_arm32/lib/libutee.a(tee_api_operations.o)
                0x00004370                TEE_SetOperationKey2
 .text.TEE_CopyOperation
                0x000045fc      0x260 /home/rahulmahadev/devel/optee/optee_os/out/arm-plat-vexpress/export-ta_arm32/lib/libutee.a(tee_api_operations.o)
                0x000045fc                TEE_CopyOperation
 .text.init_hash_operation
                0x0000485c       0x90 /home/rahulmahadev/devel/optee/optee_os/out/arm-plat-vexpress/export-ta_arm32/lib/libutee.a(tee_api_operations.o)
 .text.TEE_DigestUpdate
                0x000048ec       0xd0 /home/rahulmahadev/devel/optee/optee_os/out/arm-plat-vexpress/export-ta_arm32/lib/libutee.a(tee_api_operations.o)
                0x000048ec                TEE_DigestUpdate
 .text.TEE_DigestDoFinal
                0x000049bc      0x108 /home/rahulmahadev/devel/optee/optee_os/out/arm-plat-vexpress/export-ta_arm32/lib/libutee.a(tee_api_operations.o)
                0x000049bc                TEE_DigestDoFinal
 .text.TEE_CipherInit
                0x00004ac4      0x16c /home/rahulmahadev/devel/optee/optee_os/out/arm-plat-vexpress/export-ta_arm32/lib/libutee.a(tee_api_operations.o)
                0x00004ac4                TEE_CipherInit
 .text.tee_buffer_update
                0x00004c30      0x32c /home/rahulmahadev/devel/optee/optee_os/out/arm-plat-vexpress/export-ta_arm32/lib/libutee.a(tee_api_operations.o)
 .text.TEE_CipherUpdate
                0x00004f5c      0x190 /home/rahulmahadev/devel/optee/optee_os/out/arm-plat-vexpress/export-ta_arm32/lib/libutee.a(tee_api_operations.o)
                0x00004f5c                TEE_CipherUpdate
 .text.TEE_CipherDoFinal
                0x000050ec      0x25c /home/rahulmahadev/devel/optee/optee_os/out/arm-plat-vexpress/export-ta_arm32/lib/libutee.a(tee_api_operations.o)
                0x000050ec                TEE_CipherDoFinal
 .text.TEE_MACInit
                0x00005348      0x11c /home/rahulmahadev/devel/optee/optee_os/out/arm-plat-vexpress/export-ta_arm32/lib/libutee.a(tee_api_operations.o)
                0x00005348                TEE_MACInit
 .text.TEE_MACUpdate
                0x00005464      0x17c /home/rahulmahadev/devel/optee/optee_os/out/arm-plat-vexpress/export-ta_arm32/lib/libutee.a(tee_api_operations.o)
                0x00005464                TEE_MACUpdate
 .text.TEE_MACComputeFinal
                0x000055e0      0x134 /home/rahulmahadev/devel/optee/optee_os/out/arm-plat-vexpress/export-ta_arm32/lib/libutee.a(tee_api_operations.o)
                0x000055e0                TEE_MACComputeFinal
 .text.TEE_MACCompareFinal
                0x00005714      0x128 /home/rahulmahadev/devel/optee/optee_os/out/arm-plat-vexpress/export-ta_arm32/lib/libutee.a(tee_api_operations.o)
                0x00005714                TEE_MACCompareFinal
 .text.TEE_AEInit
                0x0000583c      0x130 /home/rahulmahadev/devel/optee/optee_os/out/arm-plat-vexpress/export-ta_arm32/lib/libutee.a(tee_api_operations.o)
                0x0000583c                TEE_AEInit
 .text.TEE_AEUpdateAAD
                0x0000596c      0x148 /home/rahulmahadev/devel/optee/optee_os/out/arm-plat-vexpress/export-ta_arm32/lib/libutee.a(tee_api_operations.o)
                0x0000596c                TEE_AEUpdateAAD
 .text.TEE_AEUpdate
                0x00005ab4      0x14c /home/rahulmahadev/devel/optee/optee_os/out/arm-plat-vexpress/export-ta_arm32/lib/libutee.a(tee_api_operations.o)
                0x00005ab4                TEE_AEUpdate
 .text.TEE_AEEncryptFinal
                0x00005c00      0x208 /home/rahulmahadev/devel/optee/optee_os/out/arm-plat-vexpress/export-ta_arm32/lib/libutee.a(tee_api_operations.o)
                0x00005c00                TEE_AEEncryptFinal
 .text.TEE_AEDecryptFinal
                0x00005e08      0x1f4 /home/rahulmahadev/devel/optee/optee_os/out/arm-plat-vexpress/export-ta_arm32/lib/libutee.a(tee_api_operations.o)
                0x00005e08                TEE_AEDecryptFinal
 .text.TEE_AsymmetricEncrypt
                0x00005ffc      0x2d8 /home/rahulmahadev/devel/optee/optee_os/out/arm-plat-vexpress/export-ta_arm32/lib/libutee.a(tee_api_operations.o)
                0x00005ffc                TEE_AsymmetricEncrypt
 .text.TEE_AsymmetricDecrypt
                0x000062d4      0x2d8 /home/rahulmahadev/devel/optee/optee_os/out/arm-plat-vexpress/export-ta_arm32/lib/libutee.a(tee_api_operations.o)
                0x000062d4                TEE_AsymmetricDecrypt
 .text.TEE_AsymmetricSignDigest
                0x000065ac      0x2c0 /home/rahulmahadev/devel/optee/optee_os/out/arm-plat-vexpress/export-ta_arm32/lib/libutee.a(tee_api_operations.o)
                0x000065ac                TEE_AsymmetricSignDigest
 .text.TEE_AsymmetricVerifyDigest
                0x0000686c      0x2a8 /home/rahulmahadev/devel/optee/optee_os/out/arm-plat-vexpress/export-ta_arm32/lib/libutee.a(tee_api_operations.o)
                0x0000686c                TEE_AsymmetricVerifyDigest
 .text.TEE_DeriveKey
                0x00006b14      0x3c4 /home/rahulmahadev/devel/optee/optee_os/out/arm-plat-vexpress/export-ta_arm32/lib/libutee.a(tee_api_operations.o)
                0x00006b14                TEE_DeriveKey
 .text.TEE_GenerateRandom
                0x00006ed8       0x74 /home/rahulmahadev/devel/optee/optee_os/out/arm-plat-vexpress/export-ta_arm32/lib/libutee.a(tee_api_operations.o)
                0x00006ed8                TEE_GenerateRandom
 .text.__TEE_Panic
                0x00006f4c       0x20 /home/rahulmahadev/devel/optee/optee_os/out/arm-plat-vexpress/export-ta_arm32/lib/libutee.a(tee_api_panic.o)
                0x00006f4c                __TEE_Panic
 .text.TEE_Panic
                0x00006f6c       0x18 /home/rahulmahadev/devel/optee/optee_os/out/arm-plat-vexpress/export-ta_arm32/lib/libutee.a(tee_api_panic.o)
                0x00006f6c                TEE_Panic
 .text.ta_header_save_params
                0x00006f84       0x70 /home/rahulmahadev/devel/optee/optee_os/out/arm-plat-vexpress/export-ta_arm32/lib/libutee.a(user_ta_entry.o)
 .text.ta_header_get_session
                0x00006ff4       0x44 /home/rahulmahadev/devel/optee/optee_os/out/arm-plat-vexpress/export-ta_arm32/lib/libutee.a(user_ta_entry.o)
 .text.ta_header_add_session
                0x00007038      0x14c /home/rahulmahadev/devel/optee/optee_os/out/arm-plat-vexpress/export-ta_arm32/lib/libutee.a(user_ta_entry.o)
 .text.ta_header_remove_session
                0x00007184       0xb8 /home/rahulmahadev/devel/optee/optee_os/out/arm-plat-vexpress/export-ta_arm32/lib/libutee.a(user_ta_entry.o)
 .text.entry_open_session
                0x0000723c       0xcc /home/rahulmahadev/devel/optee/optee_os/out/arm-plat-vexpress/export-ta_arm32/lib/libutee.a(user_ta_entry.o)
 .text.entry_close_session
                0x00007308       0x68 /home/rahulmahadev/devel/optee/optee_os/out/arm-plat-vexpress/export-ta_arm32/lib/libutee.a(user_ta_entry.o)
 .text.entry_invoke_command
                0x00007370       0xa0 /home/rahulmahadev/devel/optee/optee_os/out/arm-plat-vexpress/export-ta_arm32/lib/libutee.a(user_ta_entry.o)
 .text.__utee_entry
                0x00007410       0xc4 /home/rahulmahadev/devel/optee/optee_os/out/arm-plat-vexpress/export-ta_arm32/lib/libutee.a(user_ta_entry.o)
                0x00007410                __utee_entry
 .text          0x000074d4      0x5f8 /home/rahulmahadev/devel/optee/optee_os/out/arm-plat-vexpress/export-ta_arm32/lib/libutee.a(utee_syscalls_a32.o)
                0x000074d4                utee_return
                0x000074e8                utee_log
                0x000074fc                utee_panic
                0x00007510                utee_dummy
                0x00007524                utee_dummy_7args
                0x0000753c                utee_nocall
                0x00007550                utee_get_property
                0x00007564                utee_open_ta_session
                0x0000757c                utee_close_ta_session
                0x00007590                utee_invoke_ta_command
                0x000075a8                utee_get_cancellation_flag
                0x000075bc                utee_check_access_rights
                0x000075d0                utee_unmask_cancellation
                0x000075e4                utee_mask_cancellation
                0x000075f8                utee_wait
                0x0000760c                utee_get_time
                0x00007620                utee_set_ta_time
                0x00007634                utee_cryp_state_alloc
                0x0000764c                utee_cryp_state_copy
                0x00007660                utee_cryp_state_free
                0x00007674                utee_hash_init
                0x00007688                utee_hash_update
                0x0000769c                utee_hash_final
                0x000076b4                utee_cipher_init
                0x000076c8                utee_cipher_update
                0x000076e0                utee_cipher_final
                0x000076f8                utee_cryp_obj_get_info
                0x0000770c                utee_cryp_obj_restrict_usage
                0x00007720                utee_cryp_obj_get_attr
                0x00007734                utee_cryp_obj_alloc
                0x00007748                utee_cryp_obj_close
                0x0000775c                utee_cryp_obj_reset
                0x00007770                utee_cryp_obj_populate
                0x00007784                utee_cryp_obj_copy
                0x00007798                utee_cryp_derive_key
                0x000077ac                utee_cryp_random_number_generate
                0x000077c0                utee_authenc_init
                0x000077d8                utee_authenc_update_aad
                0x000077ec                utee_authenc_update_payload
                0x00007804                utee_authenc_enc_final
                0x0000781c                utee_authenc_dec_final
                0x00007834                utee_asymm_operate
                0x0000784c                utee_asymm_verify
                0x00007864                utee_storage_obj_open
                0x0000787c                utee_storage_obj_create
                0x00007894                utee_storage_obj_del
                0x000078a8                utee_storage_obj_rename
                0x000078bc                utee_storage_alloc_enum
                0x000078d0                utee_storage_free_enum
                0x000078e4                utee_storage_reset_enum
                0x000078f8                utee_storage_start_enum
                0x0000790c                utee_storage_next_enum
                0x00007920                utee_storage_obj_read
                0x00007934                utee_storage_obj_write
                0x00007948                utee_storage_obj_trunc
                0x0000795c                utee_storage_obj_seek
                0x00007970                utee_cryp_obj_generate_key
                0x00007984                utee_se_service_open
                0x00007998                utee_se_service_close
                0x000079ac                utee_se_service_get_readers
                0x000079c0                utee_se_reader_get_prop
                0x000079d4                utee_se_reader_get_name
                0x000079e8                utee_se_reader_open_session
                0x000079fc                utee_se_reader_close_sessions
                0x00007a10                utee_se_session_is_closed
                0x00007a24                utee_se_session_get_atr
                0x00007a38                utee_se_session_open_channel
                0x00007a50                utee_se_session_close
                0x00007a64                utee_se_channel_select_next
                0x00007a78                utee_se_channel_get_select_resp
                0x00007a8c                utee_se_channel_transmit
                0x00007aa4                utee_se_channel_close
                0x00007ab8                utee_cache_operation
 .text.buf_addr
                0x00007acc       0x20 /home/rahulmahadev/devel/optee/optee_os/out/arm-plat-vexpress/export-ta_arm32/lib/libutee.a(tee_user_mem.o)
 .text.buf_size
                0x00007aec       0x28 /home/rahulmahadev/devel/optee/optee_os/out/arm-plat-vexpress/export-ta_arm32/lib/libutee.a(tee_user_mem.o)
 .text.elem_addr
                0x00007b14       0x20 /home/rahulmahadev/devel/optee/optee_os/out/arm-plat-vexpress/export-ta_arm32/lib/libutee.a(tee_user_mem.o)
 .text.is_buffer_valid
                0x00007b34       0x4c /home/rahulmahadev/devel/optee/optee_os/out/arm-plat-vexpress/export-ta_arm32/lib/libutee.a(tee_user_mem.o)
 .text.print_buf
                0x00007b80       0x7c /home/rahulmahadev/devel/optee/optee_os/out/arm-plat-vexpress/export-ta_arm32/lib/libutee.a(tee_user_mem.o)
 .text.heap_inc
                0x00007bfc       0x60 /home/rahulmahadev/devel/optee/optee_os/out/arm-plat-vexpress/export-ta_arm32/lib/libutee.a(tee_user_mem.o)
 .text.heap_dec
                0x00007c5c       0x64 /home/rahulmahadev/devel/optee/optee_os/out/arm-plat-vexpress/export-ta_arm32/lib/libutee.a(tee_user_mem.o)
 .text.check_elem_end
                0x00007cc0       0x74 /home/rahulmahadev/devel/optee/optee_os/out/arm-plat-vexpress/export-ta_arm32/lib/libutee.a(tee_user_mem.o)
 .text.check_elem
                0x00007d34      0x104 /home/rahulmahadev/devel/optee/optee_os/out/arm-plat-vexpress/export-ta_arm32/lib/libutee.a(tee_user_mem.o)
 .text.is_mem_coherent
                0x00007e38       0x84 /home/rahulmahadev/devel/optee/optee_os/out/arm-plat-vexpress/export-ta_arm32/lib/libutee.a(tee_user_mem.o)
 .text.tee_user_mem_alloc
                0x00007ebc      0x180 /home/rahulmahadev/devel/optee/optee_os/out/arm-plat-vexpress/export-ta_arm32/lib/libutee.a(tee_user_mem.o)
                0x00007ebc                tee_user_mem_alloc
 .text.tee_user_mem_realloc
                0x0000803c       0xe8 /home/rahulmahadev/devel/optee/optee_os/out/arm-plat-vexpress/export-ta_arm32/lib/libutee.a(tee_user_mem.o)
                0x0000803c                tee_user_mem_realloc
 .text.tee_user_mem_free
                0x00008124      0x150 /home/rahulmahadev/devel/optee/optee_os/out/arm-plat-vexpress/export-ta_arm32/lib/libutee.a(tee_user_mem.o)
                0x00008124                tee_user_mem_free
 .text.tee_user_mem_mark_heap
                0x00008274       0x20 /home/rahulmahadev/devel/optee/optee_os/out/arm-plat-vexpress/export-ta_arm32/lib/libutee.a(tee_user_mem.o)
                0x00008274                tee_user_mem_mark_heap
 .text.tee_user_mem_check_heap
                0x00008294       0x94 /home/rahulmahadev/devel/optee/optee_os/out/arm-plat-vexpress/export-ta_arm32/lib/libutee.a(tee_user_mem.o)
                0x00008294                tee_user_mem_check_heap
 .text.tee_user_mem_status
                0x00008328       0x88 /home/rahulmahadev/devel/optee/optee_os/out/arm-plat-vexpress/export-ta_arm32/lib/libutee.a(tee_user_mem.o)
 .text.tee_user_mem_garbage
                0x000083b0       0x4c /home/rahulmahadev/devel/optee/optee_os/out/arm-plat-vexpress/export-ta_arm32/lib/libutee.a(tee_user_mem.o)
                0x000083b0                tee_user_mem_garbage
 .text._assert_log
                0x000083fc       0x5c /home/rahulmahadev/devel/optee/optee_os/out/arm-plat-vexpress/export-ta_arm32/lib/libutee.a(assert.o)
                0x000083fc                _assert_log
 .text._assert_break
                0x00008458       0x20 /home/rahulmahadev/devel/optee/optee_os/out/arm-plat-vexpress/export-ta_arm32/lib/libutee.a(assert.o)
                0x00008458                _assert_break
 .text.TEE_BigInt_Panic
                0x00008478       0x74 /home/rahulmahadev/devel/optee/optee_os/out/arm-plat-vexpress/export-ta_arm32/lib/libutee.a(tee_api_arith.o)
 .text._TEE_MathAPI_Init
                0x000084ec       0x50 /home/rahulmahadev/devel/optee/optee_os/out/arm-plat-vexpress/export-ta_arm32/lib/libutee.a(tee_api_arith.o)
                0x000084ec                _TEE_MathAPI_Init
 .text.TEE_BigIntInit
                0x0000853c       0x2c /home/rahulmahadev/devel/optee/optee_os/out/arm-plat-vexpress/export-ta_arm32/lib/libutee.a(tee_api_arith.o)
                0x0000853c                TEE_BigIntInit
 .text.TEE_BigIntInitFMM
                0x00008568       0x40 /home/rahulmahadev/devel/optee/optee_os/out/arm-plat-vexpress/export-ta_arm32/lib/libutee.a(tee_api_arith.o)
                0x00008568                TEE_BigIntInitFMM
 .text.TEE_BigIntInitFMMContext
                0x000085a8       0x68 /home/rahulmahadev/devel/optee/optee_os/out/arm-plat-vexpress/export-ta_arm32/lib/libutee.a(tee_api_arith.o)
                0x000085a8                TEE_BigIntInitFMMContext
 .text.TEE_BigIntFMMSizeInU32
                0x00008610       0x28 /home/rahulmahadev/devel/optee/optee_os/out/arm-plat-vexpress/export-ta_arm32/lib/libutee.a(tee_api_arith.o)
                0x00008610                TEE_BigIntFMMSizeInU32
 .text.TEE_BigIntFMMContextSizeInU32
                0x00008638       0x30 /home/rahulmahadev/devel/optee/optee_os/out/arm-plat-vexpress/export-ta_arm32/lib/libutee.a(tee_api_arith.o)
                0x00008638                TEE_BigIntFMMContextSizeInU32
 .text.TEE_BigIntConvertFromOctetString
                0x00008668       0xb0 /home/rahulmahadev/devel/optee/optee_os/out/arm-plat-vexpress/export-ta_arm32/lib/libutee.a(tee_api_arith.o)
                0x00008668                TEE_BigIntConvertFromOctetString
 .text.TEE_BigIntConvertToOctetString
                0x00008718       0xb4 /home/rahulmahadev/devel/optee/optee_os/out/arm-plat-vexpress/export-ta_arm32/lib/libutee.a(tee_api_arith.o)
                0x00008718                TEE_BigIntConvertToOctetString
 .text.TEE_BigIntConvertFromS32
                0x000087cc       0x30 /home/rahulmahadev/devel/optee/optee_os/out/arm-plat-vexpress/export-ta_arm32/lib/libutee.a(tee_api_arith.o)
                0x000087cc                TEE_BigIntConvertFromS32
 .text.TEE_BigIntConvertToS32
                0x000087fc       0xa0 /home/rahulmahadev/devel/optee/optee_os/out/arm-plat-vexpress/export-ta_arm32/lib/libutee.a(tee_api_arith.o)
                0x000087fc                TEE_BigIntConvertToS32
 .text.TEE_BigIntCmp
                0x0000889c       0x38 /home/rahulmahadev/devel/optee/optee_os/out/arm-plat-vexpress/export-ta_arm32/lib/libutee.a(tee_api_arith.o)
                0x0000889c                TEE_BigIntCmp
 .text.TEE_BigIntCmpS32
                0x000088d4       0x34 /home/rahulmahadev/devel/optee/optee_os/out/arm-plat-vexpress/export-ta_arm32/lib/libutee.a(tee_api_arith.o)
                0x000088d4                TEE_BigIntCmpS32
 .text.TEE_BigIntShiftRight
                0x00008908       0x44 /home/rahulmahadev/devel/optee/optee_os/out/arm-plat-vexpress/export-ta_arm32/lib/libutee.a(tee_api_arith.o)
                0x00008908                TEE_BigIntShiftRight
 .text.TEE_BigIntGetBit
                0x0000894c       0x3c /home/rahulmahadev/devel/optee/optee_os/out/arm-plat-vexpress/export-ta_arm32/lib/libutee.a(tee_api_arith.o)
                0x0000894c                TEE_BigIntGetBit
 .text.TEE_BigIntGetBitCount
                0x00008988       0x34 /home/rahulmahadev/devel/optee/optee_os/out/arm-plat-vexpress/export-ta_arm32/lib/libutee.a(tee_api_arith.o)
                0x00008988                TEE_BigIntGetBitCount
 .text.TEE_BigIntAdd
                0x000089bc       0x50 /home/rahulmahadev/devel/optee/optee_os/out/arm-plat-vexpress/export-ta_arm32/lib/libutee.a(tee_api_arith.o)
                0x000089bc                TEE_BigIntAdd
 .text.TEE_BigIntSub
                0x00008a0c       0x50 /home/rahulmahadev/devel/optee/optee_os/out/arm-plat-vexpress/export-ta_arm32/lib/libutee.a(tee_api_arith.o)
                0x00008a0c                TEE_BigIntSub
 .text.TEE_BigIntNeg
                0x00008a5c       0x34 /home/rahulmahadev/devel/optee/optee_os/out/arm-plat-vexpress/export-ta_arm32/lib/libutee.a(tee_api_arith.o)
                0x00008a5c                TEE_BigIntNeg
 .text.TEE_BigIntMul
                0x00008a90       0x50 /home/rahulmahadev/devel/optee/optee_os/out/arm-plat-vexpress/export-ta_arm32/lib/libutee.a(tee_api_arith.o)
                0x00008a90                TEE_BigIntMul
 .text.TEE_BigIntSquare
                0x00008ae0       0x48 /home/rahulmahadev/devel/optee/optee_os/out/arm-plat-vexpress/export-ta_arm32/lib/libutee.a(tee_api_arith.o)
                0x00008ae0                TEE_BigIntSquare
 .text.TEE_BigIntDiv
                0x00008b28       0x84 /home/rahulmahadev/devel/optee/optee_os/out/arm-plat-vexpress/export-ta_arm32/lib/libutee.a(tee_api_arith.o)
                0x00008b28                TEE_BigIntDiv
 .text.TEE_BigIntMod
                0x00008bac       0xa8 /home/rahulmahadev/devel/optee/optee_os/out/arm-plat-vexpress/export-ta_arm32/lib/libutee.a(tee_api_arith.o)
                0x00008bac                TEE_BigIntMod
 .text.TEE_BigIntAddMod
                0x00008c54       0xb4 /home/rahulmahadev/devel/optee/optee_os/out/arm-plat-vexpress/export-ta_arm32/lib/libutee.a(tee_api_arith.o)
                0x00008c54                TEE_BigIntAddMod
 .text.TEE_BigIntSubMod
                0x00008d08       0xb4 /home/rahulmahadev/devel/optee/optee_os/out/arm-plat-vexpress/export-ta_arm32/lib/libutee.a(tee_api_arith.o)
                0x00008d08                TEE_BigIntSubMod
 .text.TEE_BigIntMulMod
                0x00008dbc       0xfc /home/rahulmahadev/devel/optee/optee_os/out/arm-plat-vexpress/export-ta_arm32/lib/libutee.a(tee_api_arith.o)
                0x00008dbc                TEE_BigIntMulMod
 .text.TEE_BigIntSquareMod
                0x00008eb8       0x34 /home/rahulmahadev/devel/optee/optee_os/out/arm-plat-vexpress/export-ta_arm32/lib/libutee.a(tee_api_arith.o)
                0x00008eb8                TEE_BigIntSquareMod
 .text.TEE_BigIntInvMod
                0x00008eec       0x90 /home/rahulmahadev/devel/optee/optee_os/out/arm-plat-vexpress/export-ta_arm32/lib/libutee.a(tee_api_arith.o)
                0x00008eec                TEE_BigIntInvMod
 .text.TEE_BigIntRelativePrime
                0x00008f7c       0xa4 /home/rahulmahadev/devel/optee/optee_os/out/arm-plat-vexpress/export-ta_arm32/lib/libutee.a(tee_api_arith.o)
                0x00008f7c                TEE_BigIntRelativePrime
 .text.TEE_BigIntComputeExtendedGcd
                0x00009020       0x60 /home/rahulmahadev/devel/optee/optee_os/out/arm-plat-vexpress/export-ta_arm32/lib/libutee.a(tee_api_arith.o)
                0x00009020                TEE_BigIntComputeExtendedGcd
 .text.TEE_BigIntIsProbablePrime
                0x00009080       0x64 /home/rahulmahadev/devel/optee/optee_os/out/arm-plat-vexpress/export-ta_arm32/lib/libutee.a(tee_api_arith.o)
                0x00009080                TEE_BigIntIsProbablePrime
 .text.TEE_BigIntConvertToFMM
                0x000090e4       0x64 /home/rahulmahadev/devel/optee/optee_os/out/arm-plat-vexpress/export-ta_arm32/lib/libutee.a(tee_api_arith.o)
                0x000090e4                TEE_BigIntConvertToFMM
 .text.TEE_BigIntConvertFromFMM
                0x00009148       0xb4 /home/rahulmahadev/devel/optee/optee_os/out/arm-plat-vexpress/export-ta_arm32/lib/libutee.a(tee_api_arith.o)
                0x00009148                TEE_BigIntConvertFromFMM
 .text.TEE_BigIntComputeFMM
                0x000091fc       0x64 /home/rahulmahadev/devel/optee/optee_os/out/arm-plat-vexpress/export-ta_arm32/lib/libutee.a(tee_api_arith.o)
                0x000091fc                TEE_BigIntComputeFMM
 .text.utee_get_ta_exec_id
                0x00009260       0x14 /home/rahulmahadev/devel/optee/optee_os/out/arm-plat-vexpress/export-ta_arm32/lib/libutee.a(utee_misc.o)
                0x00009260                utee_get_ta_exec_id
 .text.utee_malloc
                0x00009274       0x2c /home/rahulmahadev/devel/optee/optee_os/out/arm-plat-vexpress/export-ta_arm32/lib/libutee.a(utee_misc.o)
                0x00009274                utee_malloc
 .text.utee_realloc
                0x000092a0       0x30 /home/rahulmahadev/devel/optee/optee_os/out/arm-plat-vexpress/export-ta_arm32/lib/libutee.a(utee_misc.o)
                0x000092a0                utee_realloc
 .text.utee_calloc
                0x000092d0       0x30 /home/rahulmahadev/devel/optee/optee_os/out/arm-plat-vexpress/export-ta_arm32/lib/libutee.a(utee_misc.o)
                0x000092d0                utee_calloc
 .text.utee_free
                0x00009300       0x28 /home/rahulmahadev/devel/optee/optee_os/out/arm-plat-vexpress/export-ta_arm32/lib/libutee.a(utee_misc.o)
                0x00009300                utee_free
 .text.get_rng_array
                0x00009328       0x30 /home/rahulmahadev/devel/optee/optee_os/out/arm-plat-vexpress/export-ta_arm32/lib/libutee.a(utee_misc.o)
                0x00009328                get_rng_array
 .text.trace_ext_puts
                0x00009358       0x44 /home/rahulmahadev/devel/optee/optee_os/out/arm-plat-vexpress/export-ta_arm32/lib/libutee.a(trace_ext.o)
                0x00009358                trace_ext_puts
 .text.trace_ext_get_thread_id
                0x0000939c       0x14 /home/rahulmahadev/devel/optee/optee_os/out/arm-plat-vexpress/export-ta_arm32/lib/libutee.a(trace_ext.o)
                0x0000939c                trace_ext_get_thread_id
 .text.printf   0x000093b0      0x120 /home/rahulmahadev/devel/optee/optee_os/out/arm-plat-vexpress/export-ta_arm32/lib/libutee.a(trace_ext.o)
                0x000093b0                printf
 .text.puts     0x000094d0       0x3c /home/rahulmahadev/devel/optee/optee_os/out/arm-plat-vexpress/export-ta_arm32/lib/libutee.a(trace_ext.o)
                0x000094d0                puts
 .text.bget     0x0000950c      0x210 /home/rahulmahadev/devel/optee/optee_os/out/arm-plat-vexpress/export-ta_arm32/lib/libutils.a(bget_malloc.o)
                0x0000950c                bget
 .text.bgetz    0x0000971c       0xbc /home/rahulmahadev/devel/optee/optee_os/out/arm-plat-vexpress/export-ta_arm32/lib/libutils.a(bget_malloc.o)
                0x0000971c                bgetz
 .text.bgetr    0x000097d8       0xc4 /home/rahulmahadev/devel/optee/optee_os/out/arm-plat-vexpress/export-ta_arm32/lib/libutils.a(bget_malloc.o)
                0x000097d8                bgetr
 .text.brel     0x0000989c      0x2f4 /home/rahulmahadev/devel/optee/optee_os/out/arm-plat-vexpress/export-ta_arm32/lib/libutils.a(bget_malloc.o)
                0x0000989c                brel
 .text.bpool    0x00009b90      0x140 /home/rahulmahadev/devel/optee/optee_os/out/arm-plat-vexpress/export-ta_arm32/lib/libutils.a(bget_malloc.o)
                0x00009b90                bpool
 .text.malloc_lock
                0x00009cd0       0x10 /home/rahulmahadev/devel/optee/optee_os/out/arm-plat-vexpress/export-ta_arm32/lib/libutils.a(bget_malloc.o)
 .text.malloc_unlock
                0x00009ce0       0x10 /home/rahulmahadev/devel/optee/optee_os/out/arm-plat-vexpress/export-ta_arm32/lib/libutils.a(bget_malloc.o)
 .text.raw_malloc_save_max_alloced_size
                0x00009cf0       0x10 /home/rahulmahadev/devel/optee/optee_os/out/arm-plat-vexpress/export-ta_arm32/lib/libutils.a(bget_malloc.o)
 .text.malloc_reset_max_allocated
                0x00009d00       0x10 /home/rahulmahadev/devel/optee/optee_os/out/arm-plat-vexpress/export-ta_arm32/lib/libutils.a(bget_malloc.o)
                0x00009d00                malloc_reset_max_allocated
 .text.malloc_get_max_allocated
                0x00009d10       0x14 /home/rahulmahadev/devel/optee/optee_os/out/arm-plat-vexpress/export-ta_arm32/lib/libutils.a(bget_malloc.o)
                0x00009d10                malloc_get_max_allocated
 .text.malloc_get_allocated
                0x00009d24       0x14 /home/rahulmahadev/devel/optee/optee_os/out/arm-plat-vexpress/export-ta_arm32/lib/libutils.a(bget_malloc.o)
                0x00009d24                malloc_get_allocated
 .text.malloc_get_heap_size
                0x00009d38       0x68 /home/rahulmahadev/devel/optee/optee_os/out/arm-plat-vexpress/export-ta_arm32/lib/libutils.a(bget_malloc.o)
                0x00009d38                malloc_get_heap_size
 .text.raw_malloc_validate_pools
                0x00009da0       0x10 /home/rahulmahadev/devel/optee/optee_os/out/arm-plat-vexpress/export-ta_arm32/lib/libutils.a(bget_malloc.o)
 .text.bpool_foreach_iterator_init
                0x00009db0       0x30 /home/rahulmahadev/devel/optee/optee_os/out/arm-plat-vexpress/export-ta_arm32/lib/libutils.a(bget_malloc.o)
 .text.bpool_foreach_pool
                0x00009de0       0xf4 /home/rahulmahadev/devel/optee/optee_os/out/arm-plat-vexpress/export-ta_arm32/lib/libutils.a(bget_malloc.o)
 .text.bpool_foreach
                0x00009ed4       0x90 /home/rahulmahadev/devel/optee/optee_os/out/arm-plat-vexpress/export-ta_arm32/lib/libutils.a(bget_malloc.o)
 .text.raw_malloc
                0x00009f64       0x68 /home/rahulmahadev/devel/optee/optee_os/out/arm-plat-vexpress/export-ta_arm32/lib/libutils.a(bget_malloc.o)
 .text.raw_free
                0x00009fcc       0x30 /home/rahulmahadev/devel/optee/optee_os/out/arm-plat-vexpress/export-ta_arm32/lib/libutils.a(bget_malloc.o)
 .text.raw_calloc
                0x00009ffc       0x78 /home/rahulmahadev/devel/optee/optee_os/out/arm-plat-vexpress/export-ta_arm32/lib/libutils.a(bget_malloc.o)
 .text.raw_realloc
                0x0000a074       0x6c /home/rahulmahadev/devel/optee/optee_os/out/arm-plat-vexpress/export-ta_arm32/lib/libutils.a(bget_malloc.o)
 .text.create_free_block
                0x0000a0e0      0x178 /home/rahulmahadev/devel/optee/optee_os/out/arm-plat-vexpress/export-ta_arm32/lib/libutils.a(bget_malloc.o)
 .text.brel_before
                0x0000a258      0x130 /home/rahulmahadev/devel/optee/optee_os/out/arm-plat-vexpress/export-ta_arm32/lib/libutils.a(bget_malloc.o)
 .text.brel_after
                0x0000a388      0x1f4 /home/rahulmahadev/devel/optee/optee_os/out/arm-plat-vexpress/export-ta_arm32/lib/libutils.a(bget_malloc.o)
 .text.raw_memalign
                0x0000a57c      0x184 /home/rahulmahadev/devel/optee/optee_os/out/arm-plat-vexpress/export-ta_arm32/lib/libutils.a(bget_malloc.o)
 .text.bget_buf_size
                0x0000a700       0x78 /home/rahulmahadev/devel/optee/optee_os/out/arm-plat-vexpress/export-ta_arm32/lib/libutils.a(bget_malloc.o)
 .text.malloc   0x0000a778       0x40 /home/rahulmahadev/devel/optee/optee_os/out/arm-plat-vexpress/export-ta_arm32/lib/libutils.a(bget_malloc.o)
                0x0000a778                malloc
 .text.free     0x0000a7b8       0x34 /home/rahulmahadev/devel/optee/optee_os/out/arm-plat-vexpress/export-ta_arm32/lib/libutils.a(bget_malloc.o)
                0x0000a7b8                free
 .text.calloc   0x0000a7ec       0x50 /home/rahulmahadev/devel/optee/optee_os/out/arm-plat-vexpress/export-ta_arm32/lib/libutils.a(bget_malloc.o)
                0x0000a7ec                calloc
 .text.realloc_unlocked
                0x0000a83c       0x3c /home/rahulmahadev/devel/optee/optee_os/out/arm-plat-vexpress/export-ta_arm32/lib/libutils.a(bget_malloc.o)
 .text.realloc  0x0000a878       0x3c /home/rahulmahadev/devel/optee/optee_os/out/arm-plat-vexpress/export-ta_arm32/lib/libutils.a(bget_malloc.o)
                0x0000a878                realloc
 .text.memalign
                0x0000a8b4       0x50 /home/rahulmahadev/devel/optee/optee_os/out/arm-plat-vexpress/export-ta_arm32/lib/libutils.a(bget_malloc.o)
                0x0000a8b4                memalign
 .text.get_payload_start_size
                0x0000a904       0x2c /home/rahulmahadev/devel/optee/optee_os/out/arm-plat-vexpress/export-ta_arm32/lib/libutils.a(bget_malloc.o)
 .text.malloc_add_pool
                0x0000a930      0x160 /home/rahulmahadev/devel/optee/optee_os/out/arm-plat-vexpress/export-ta_arm32/lib/libutils.a(bget_malloc.o)
                0x0000a930                malloc_add_pool
 .text.malloc_buffer_is_within_alloced
                0x0000aa90       0xbc /home/rahulmahadev/devel/optee/optee_os/out/arm-plat-vexpress/export-ta_arm32/lib/libutils.a(bget_malloc.o)
                0x0000aa90                malloc_buffer_is_within_alloced
 .text.malloc_buffer_overlaps_heap
                0x0000ab4c       0xc8 /home/rahulmahadev/devel/optee/optee_os/out/arm-plat-vexpress/export-ta_arm32/lib/libutils.a(bget_malloc.o)
                0x0000ab4c                malloc_buffer_overlaps_heap
 .text.snprintf
                0x0000ac14       0x54 /home/rahulmahadev/devel/optee/optee_os/out/arm-plat-vexpress/export-ta_arm32/lib/libutils.a(snprintf.o)
                0x0000ac14                snprintf
 .text.vsnprintf
                0x0000ac68       0x48 /home/rahulmahadev/devel/optee/optee_os/out/arm-plat-vexpress/export-ta_arm32/lib/libutils.a(snprintf.o)
                0x0000ac68                vsnprintf
 .text.memcmp   0x0000acb0       0xb8 /home/rahulmahadev/devel/optee/optee_os/out/arm-plat-vexpress/export-ta_arm32/lib/libutils.a(memcmp.o)
                0x0000acb0                memcmp
 .text.memcpy   0x0000ad68       0xf4 /home/rahulmahadev/devel/optee/optee_os/out/arm-plat-vexpress/export-ta_arm32/lib/libutils.a(memcpy.o)
                0x0000ad68                memcpy
 .text.memmove  0x0000ae5c      0x140 /home/rahulmahadev/devel/optee/optee_os/out/arm-plat-vexpress/export-ta_arm32/lib/libutils.a(memmove.o)
                0x0000ae5c                memmove
 .text.memset   0x0000af9c      0x11c /home/rahulmahadev/devel/optee/optee_os/out/arm-plat-vexpress/export-ta_arm32/lib/libutils.a(memset.o)
                0x0000af9c                memset
 .text.strcmp   0x0000b0b8       0xb0 /home/rahulmahadev/devel/optee/optee_os/out/arm-plat-vexpress/export-ta_arm32/lib/libutils.a(strcmp.o)
                0x0000b0b8                strcmp
 .text.strlen   0x0000b168       0x8c /home/rahulmahadev/devel/optee/optee_os/out/arm-plat-vexpress/export-ta_arm32/lib/libutils.a(strlen.o)
                0x0000b168                strlen
 .text.f32_to_f
                0x0000b1f4       0x20 /home/rahulmahadev/devel/optee/optee_os/out/arm-plat-vexpress/export-ta_arm32/lib/libutils.a(arm32_aeabi_softfloat.o)
 .text.f32_from_f
                0x0000b214       0x20 /home/rahulmahadev/devel/optee/optee_os/out/arm-plat-vexpress/export-ta_arm32/lib/libutils.a(arm32_aeabi_softfloat.o)
 .text.f64_to_d
                0x0000b234       0x2c /home/rahulmahadev/devel/optee/optee_os/out/arm-plat-vexpress/export-ta_arm32/lib/libutils.a(arm32_aeabi_softfloat.o)
 .text.f64_from_d
                0x0000b260       0x30 /home/rahulmahadev/devel/optee/optee_os/out/arm-plat-vexpress/export-ta_arm32/lib/libutils.a(arm32_aeabi_softfloat.o)
 .text.__aeabi_dadd
                0x0000b290       0x84 /home/rahulmahadev/devel/optee/optee_os/out/arm-plat-vexpress/export-ta_arm32/lib/libutils.a(arm32_aeabi_softfloat.o)
                0x0000b290                __aeabi_dadd
 .text.__aeabi_ddiv
                0x0000b314       0x84 /home/rahulmahadev/devel/optee/optee_os/out/arm-plat-vexpress/export-ta_arm32/lib/libutils.a(arm32_aeabi_softfloat.o)
                0x0000b314                __aeabi_ddiv
 .text.__aeabi_dmul
                0x0000b398       0x84 /home/rahulmahadev/devel/optee/optee_os/out/arm-plat-vexpress/export-ta_arm32/lib/libutils.a(arm32_aeabi_softfloat.o)
                0x0000b398                __aeabi_dmul
 .text.__aeabi_drsub
                0x0000b41c       0x84 /home/rahulmahadev/devel/optee/optee_os/out/arm-plat-vexpress/export-ta_arm32/lib/libutils.a(arm32_aeabi_softfloat.o)
                0x0000b41c                __aeabi_drsub
 .text.__aeabi_dsub
                0x0000b4a0       0x84 /home/rahulmahadev/devel/optee/optee_os/out/arm-plat-vexpress/export-ta_arm32/lib/libutils.a(arm32_aeabi_softfloat.o)
                0x0000b4a0                __aeabi_dsub
 .text.__aeabi_dcmpeq
                0x0000b524       0x68 /home/rahulmahadev/devel/optee/optee_os/out/arm-plat-vexpress/export-ta_arm32/lib/libutils.a(arm32_aeabi_softfloat.o)
                0x0000b524                __aeabi_dcmpeq
 .text.__aeabi_dcmplt
                0x0000b58c       0x68 /home/rahulmahadev/devel/optee/optee_os/out/arm-plat-vexpress/export-ta_arm32/lib/libutils.a(arm32_aeabi_softfloat.o)
                0x0000b58c                __aeabi_dcmplt
 .text.__aeabi_dcmple
                0x0000b5f4       0x68 /home/rahulmahadev/devel/optee/optee_os/out/arm-plat-vexpress/export-ta_arm32/lib/libutils.a(arm32_aeabi_softfloat.o)
                0x0000b5f4                __aeabi_dcmple
 .text.__aeabi_dcmpge
                0x0000b65c       0x68 /home/rahulmahadev/devel/optee/optee_os/out/arm-plat-vexpress/export-ta_arm32/lib/libutils.a(arm32_aeabi_softfloat.o)
                0x0000b65c                __aeabi_dcmpge
 .text.__aeabi_dcmpgt
                0x0000b6c4       0x68 /home/rahulmahadev/devel/optee/optee_os/out/arm-plat-vexpress/export-ta_arm32/lib/libutils.a(arm32_aeabi_softfloat.o)
                0x0000b6c4                __aeabi_dcmpgt
 .text.__aeabi_fadd
                0x0000b72c       0x64 /home/rahulmahadev/devel/optee/optee_os/out/arm-plat-vexpress/export-ta_arm32/lib/libutils.a(arm32_aeabi_softfloat.o)
                0x0000b72c                __aeabi_fadd
 .text.__aeabi_fdiv
                0x0000b790       0x64 /home/rahulmahadev/devel/optee/optee_os/out/arm-plat-vexpress/export-ta_arm32/lib/libutils.a(arm32_aeabi_softfloat.o)
                0x0000b790                __aeabi_fdiv
 .text.__aeabi_fmul
                0x0000b7f4       0x64 /home/rahulmahadev/devel/optee/optee_os/out/arm-plat-vexpress/export-ta_arm32/lib/libutils.a(arm32_aeabi_softfloat.o)
                0x0000b7f4                __aeabi_fmul
 .text.__aeabi_frsub
                0x0000b858       0x64 /home/rahulmahadev/devel/optee/optee_os/out/arm-plat-vexpress/export-ta_arm32/lib/libutils.a(arm32_aeabi_softfloat.o)
                0x0000b858                __aeabi_frsub
 .text.__aeabi_fsub
                0x0000b8bc       0x64 /home/rahulmahadev/devel/optee/optee_os/out/arm-plat-vexpress/export-ta_arm32/lib/libutils.a(arm32_aeabi_softfloat.o)
                0x0000b8bc                __aeabi_fsub
 .text.__aeabi_fcmpeq
                0x0000b920       0x54 /home/rahulmahadev/devel/optee/optee_os/out/arm-plat-vexpress/export-ta_arm32/lib/libutils.a(arm32_aeabi_softfloat.o)
                0x0000b920                __aeabi_fcmpeq
 .text.__aeabi_fcmplt
                0x0000b974       0x54 /home/rahulmahadev/devel/optee/optee_os/out/arm-plat-vexpress/export-ta_arm32/lib/libutils.a(arm32_aeabi_softfloat.o)
                0x0000b974                __aeabi_fcmplt
 .text.__aeabi_fcmple
                0x0000b9c8       0x54 /home/rahulmahadev/devel/optee/optee_os/out/arm-plat-vexpress/export-ta_arm32/lib/libutils.a(arm32_aeabi_softfloat.o)
                0x0000b9c8                __aeabi_fcmple
 .text.__aeabi_fcmpge
                0x0000ba1c       0x54 /home/rahulmahadev/devel/optee/optee_os/out/arm-plat-vexpress/export-ta_arm32/lib/libutils.a(arm32_aeabi_softfloat.o)
                0x0000ba1c                __aeabi_fcmpge
 .text.__aeabi_fcmpgt
                0x0000ba70       0x54 /home/rahulmahadev/devel/optee/optee_os/out/arm-plat-vexpress/export-ta_arm32/lib/libutils.a(arm32_aeabi_softfloat.o)
                0x0000ba70                __aeabi_fcmpgt
 .text.__aeabi_d2iz
                0x0000bac4       0x54 /home/rahulmahadev/devel/optee/optee_os/out/arm-plat-vexpress/export-ta_arm32/lib/libutils.a(arm32_aeabi_softfloat.o)
                0x0000bac4                __aeabi_d2iz
 .text.__aeabi_d2uiz
                0x0000bb18       0x54 /home/rahulmahadev/devel/optee/optee_os/out/arm-plat-vexpress/export-ta_arm32/lib/libutils.a(arm32_aeabi_softfloat.o)
                0x0000bb18                __aeabi_d2uiz
 .text.__aeabi_d2lz
                0x0000bb6c       0x58 /home/rahulmahadev/devel/optee/optee_os/out/arm-plat-vexpress/export-ta_arm32/lib/libutils.a(arm32_aeabi_softfloat.o)
                0x0000bb6c                __aeabi_d2lz
 .text.__aeabi_d2ulz
                0x0000bbc4       0x58 /home/rahulmahadev/devel/optee/optee_os/out/arm-plat-vexpress/export-ta_arm32/lib/libutils.a(arm32_aeabi_softfloat.o)
                0x0000bbc4                __aeabi_d2ulz
 .text.__aeabi_f2iz
                0x0000bc1c       0x48 /home/rahulmahadev/devel/optee/optee_os/out/arm-plat-vexpress/export-ta_arm32/lib/libutils.a(arm32_aeabi_softfloat.o)
                0x0000bc1c                __aeabi_f2iz
 .text.__aeabi_f2uiz
                0x0000bc64       0x48 /home/rahulmahadev/devel/optee/optee_os/out/arm-plat-vexpress/export-ta_arm32/lib/libutils.a(arm32_aeabi_softfloat.o)
                0x0000bc64                __aeabi_f2uiz
 .text.__aeabi_f2lz
                0x0000bcac       0x4c /home/rahulmahadev/devel/optee/optee_os/out/arm-plat-vexpress/export-ta_arm32/lib/libutils.a(arm32_aeabi_softfloat.o)
                0x0000bcac                __aeabi_f2lz
 .text.__aeabi_f2ulz
                0x0000bcf8       0x4c /home/rahulmahadev/devel/optee/optee_os/out/arm-plat-vexpress/export-ta_arm32/lib/libutils.a(arm32_aeabi_softfloat.o)
                0x0000bcf8                __aeabi_f2ulz
 .text.__aeabi_d2f
                0x0000bd44       0x5c /home/rahulmahadev/devel/optee/optee_os/out/arm-plat-vexpress/export-ta_arm32/lib/libutils.a(arm32_aeabi_softfloat.o)
                0x0000bd44                __aeabi_d2f
 .text.__aeabi_f2d
                0x0000bda0       0x5c /home/rahulmahadev/devel/optee/optee_os/out/arm-plat-vexpress/export-ta_arm32/lib/libutils.a(arm32_aeabi_softfloat.o)
                0x0000bda0                __aeabi_f2d
 .text.__aeabi_i2d
                0x0000bdfc       0x50 /home/rahulmahadev/devel/optee/optee_os/out/arm-plat-vexpress/export-ta_arm32/lib/libutils.a(arm32_aeabi_softfloat.o)
                0x0000bdfc                __aeabi_i2d
 .text.__aeabi_ui2d
                0x0000be4c       0x50 /home/rahulmahadev/devel/optee/optee_os/out/arm-plat-vexpress/export-ta_arm32/lib/libutils.a(arm32_aeabi_softfloat.o)
                0x0000be4c                __aeabi_ui2d
 .text.__aeabi_l2d
                0x0000be9c       0x54 /home/rahulmahadev/devel/optee/optee_os/out/arm-plat-vexpress/export-ta_arm32/lib/libutils.a(arm32_aeabi_softfloat.o)
                0x0000be9c                __aeabi_l2d
 .text.__aeabi_ul2d
                0x0000bef0       0x54 /home/rahulmahadev/devel/optee/optee_os/out/arm-plat-vexpress/export-ta_arm32/lib/libutils.a(arm32_aeabi_softfloat.o)
                0x0000bef0                __aeabi_ul2d
 .text.__aeabi_i2f
                0x0000bf44       0x38 /home/rahulmahadev/devel/optee/optee_os/out/arm-plat-vexpress/export-ta_arm32/lib/libutils.a(arm32_aeabi_softfloat.o)
                0x0000bf44                __aeabi_i2f
 .text.__aeabi_ui2f
                0x0000bf7c       0x38 /home/rahulmahadev/devel/optee/optee_os/out/arm-plat-vexpress/export-ta_arm32/lib/libutils.a(arm32_aeabi_softfloat.o)
                0x0000bf7c                __aeabi_ui2f
 .text.__aeabi_l2f
                0x0000bfb4       0x3c /home/rahulmahadev/devel/optee/optee_os/out/arm-plat-vexpress/export-ta_arm32/lib/libutils.a(arm32_aeabi_softfloat.o)
                0x0000bfb4                __aeabi_l2f
 .text.__aeabi_ul2f
                0x0000bff0       0x3c /home/rahulmahadev/devel/optee/optee_os/out/arm-plat-vexpress/export-ta_arm32/lib/libutils.a(arm32_aeabi_softfloat.o)
                0x0000bff0                __aeabi_ul2f
 .text.f32_add  0x0000c02c       0x6c /home/rahulmahadev/devel/optee/optee_os/out/arm-plat-vexpress/export-ta_arm32/lib/libutils.a(f32_add.o)
                0x0000c02c                f32_add
 .text.f32_div  0x0000c098      0x290 /home/rahulmahadev/devel/optee/optee_os/out/arm-plat-vexpress/export-ta_arm32/lib/libutils.a(f32_div.o)
                0x0000c098                f32_div
 .text.f32_eq   0x0000c328       0xd4 /home/rahulmahadev/devel/optee/optee_os/out/arm-plat-vexpress/export-ta_arm32/lib/libutils.a(f32_eq.o)
                0x0000c328                f32_eq
 .text.f32_le   0x0000c3fc       0xdc /home/rahulmahadev/devel/optee/optee_os/out/arm-plat-vexpress/export-ta_arm32/lib/libutils.a(f32_le.o)
                0x0000c3fc                f32_le
 .text.f32_lt   0x0000c4d8       0xdc /home/rahulmahadev/devel/optee/optee_os/out/arm-plat-vexpress/export-ta_arm32/lib/libutils.a(f32_lt.o)
                0x0000c4d8                f32_lt
 .text.f32_mul  0x0000c5b4      0x238 /home/rahulmahadev/devel/optee/optee_os/out/arm-plat-vexpress/export-ta_arm32/lib/libutils.a(f32_mul.o)
                0x0000c5b4                f32_mul
 .text.f32_sub  0x0000c7ec       0x6c /home/rahulmahadev/devel/optee/optee_os/out/arm-plat-vexpress/export-ta_arm32/lib/libutils.a(f32_sub.o)
                0x0000c7ec                f32_sub
 .text.f32_to_f64
                0x0000c858      0x180 /home/rahulmahadev/devel/optee/optee_os/out/arm-plat-vexpress/export-ta_arm32/lib/libutils.a(f32_to_f64.o)
                0x0000c858                f32_to_f64
 .text.f32_to_i32_r_minMag
                0x0000c9d8      0x120 /home/rahulmahadev/devel/optee/optee_os/out/arm-plat-vexpress/export-ta_arm32/lib/libutils.a(f32_to_i32_r_minMag.o)
                0x0000c9d8                f32_to_i32_r_minMag
 .text.f32_to_i64_r_minMag
                0x0000caf8      0x194 /home/rahulmahadev/devel/optee/optee_os/out/arm-plat-vexpress/export-ta_arm32/lib/libutils.a(f32_to_i64_r_minMag.o)
                0x0000caf8                f32_to_i64_r_minMag
 .text.f32_to_ui32_r_minMag
                0x0000cc8c       0xe8 /home/rahulmahadev/devel/optee/optee_os/out/arm-plat-vexpress/export-ta_arm32/lib/libutils.a(f32_to_ui32_r_minMag.o)
                0x0000cc8c                f32_to_ui32_r_minMag
 .text.f32_to_ui64_r_minMag
                0x0000cd74      0x14c /home/rahulmahadev/devel/optee/optee_os/out/arm-plat-vexpress/export-ta_arm32/lib/libutils.a(f32_to_ui64_r_minMag.o)
                0x0000cd74                f32_to_ui64_r_minMag
 .text.f64_add  0x0000cec0       0x9c /home/rahulmahadev/devel/optee/optee_os/out/arm-plat-vexpress/export-ta_arm32/lib/libutils.a(f64_add.o)
                0x0000cec0                f64_add
 .text.f64_div  0x0000cf5c      0x6d0 /home/rahulmahadev/devel/optee/optee_os/out/arm-plat-vexpress/export-ta_arm32/lib/libutils.a(f64_div.o)
                0x0000cf5c                f64_div
 .text.f64_eq   0x0000d62c      0x1c4 /home/rahulmahadev/devel/optee/optee_os/out/arm-plat-vexpress/export-ta_arm32/lib/libutils.a(f64_eq.o)
                0x0000d62c                f64_eq
 .text.f64_le   0x0000d7f0      0x194 /home/rahulmahadev/devel/optee/optee_os/out/arm-plat-vexpress/export-ta_arm32/lib/libutils.a(f64_le.o)
                0x0000d7f0                f64_le
 .text.f64_lt   0x0000d984      0x194 /home/rahulmahadev/devel/optee/optee_os/out/arm-plat-vexpress/export-ta_arm32/lib/libutils.a(f64_lt.o)
                0x0000d984                f64_lt
 .text.f64_mul  0x0000db18      0x380 /home/rahulmahadev/devel/optee/optee_os/out/arm-plat-vexpress/export-ta_arm32/lib/libutils.a(f64_mul.o)
                0x0000db18                f64_mul
 .text.f64_sub  0x0000de98       0x9c /home/rahulmahadev/devel/optee/optee_os/out/arm-plat-vexpress/export-ta_arm32/lib/libutils.a(f64_sub.o)
                0x0000de98                f64_sub
 .text.f64_to_f32
                0x0000df34      0x130 /home/rahulmahadev/devel/optee/optee_os/out/arm-plat-vexpress/export-ta_arm32/lib/libutils.a(f64_to_f32.o)
                0x0000df34                f64_to_f32
 .text.f64_to_i32_r_minMag
                0x0000e064      0x214 /home/rahulmahadev/devel/optee/optee_os/out/arm-plat-vexpress/export-ta_arm32/lib/libutils.a(f64_to_i32_r_minMag.o)
                0x0000e064                f64_to_i32_r_minMag
 .text.f64_to_i64_r_minMag
                0x0000e278      0x25c /home/rahulmahadev/devel/optee/optee_os/out/arm-plat-vexpress/export-ta_arm32/lib/libutils.a(f64_to_i64_r_minMag.o)
                0x0000e278                f64_to_i64_r_minMag
 .text.f64_to_ui32_r_minMag
                0x0000e4d4      0x198 /home/rahulmahadev/devel/optee/optee_os/out/arm-plat-vexpress/export-ta_arm32/lib/libutils.a(f64_to_ui32_r_minMag.o)
                0x0000e4d4                f64_to_ui32_r_minMag
 .text.f64_to_ui64_r_minMag
                0x0000e66c      0x1f8 /home/rahulmahadev/devel/optee/optee_os/out/arm-plat-vexpress/export-ta_arm32/lib/libutils.a(f64_to_ui64_r_minMag.o)
                0x0000e66c                f64_to_ui64_r_minMag
 .text.i32_to_f32
                0x0000e864       0x78 /home/rahulmahadev/devel/optee/optee_os/out/arm-plat-vexpress/export-ta_arm32/lib/libutils.a(i32_to_f32.o)
                0x0000e864                i32_to_f32
 .text.i32_to_f64
                0x0000e8dc      0x104 /home/rahulmahadev/devel/optee/optee_os/out/arm-plat-vexpress/export-ta_arm32/lib/libutils.a(i32_to_f64.o)
                0x0000e8dc                i32_to_f64
 .text.i64_to_f32
                0x0000e9e0      0x108 /home/rahulmahadev/devel/optee/optee_os/out/arm-plat-vexpress/export-ta_arm32/lib/libutils.a(i64_to_f32.o)
                0x0000e9e0                i64_to_f32
 .text.i64_to_f64
                0x0000eae8       0xb4 /home/rahulmahadev/devel/optee/optee_os/out/arm-plat-vexpress/export-ta_arm32/lib/libutils.a(i64_to_f64.o)
                0x0000eae8                i64_to_f64
 .text.ui32_to_f32
                0x0000eb9c       0x7c /home/rahulmahadev/devel/optee/optee_os/out/arm-plat-vexpress/export-ta_arm32/lib/libutils.a(ui32_to_f32.o)
                0x0000eb9c                ui32_to_f32
 .text.ui32_to_f64
                0x0000ec18       0xcc /home/rahulmahadev/devel/optee/optee_os/out/arm-plat-vexpress/export-ta_arm32/lib/libutils.a(ui32_to_f64.o)
                0x0000ec18                ui32_to_f64
 .text.ui64_to_f32
                0x0000ece4       0xd8 /home/rahulmahadev/devel/optee/optee_os/out/arm-plat-vexpress/export-ta_arm32/lib/libutils.a(ui64_to_f32.o)
                0x0000ece4                ui64_to_f32
 .text.ui64_to_f64
                0x0000edbc       0xa4 /home/rahulmahadev/devel/optee/optee_os/out/arm-plat-vexpress/export-ta_arm32/lib/libutils.a(ui64_to_f64.o)
                0x0000edbc                ui64_to_f64
 .text.softfloat_subMagsF32
                0x0000ee60      0x1fc /home/rahulmahadev/devel/optee/optee_os/out/arm-plat-vexpress/export-ta_arm32/lib/libutils.a(s_subMagsF32.o)
                0x0000ee60                softfloat_subMagsF32
 .text.softfloat_subMagsF64
                0x0000f05c      0x348 /home/rahulmahadev/devel/optee/optee_os/out/arm-plat-vexpress/export-ta_arm32/lib/libutils.a(s_subMagsF64.o)
                0x0000f05c                softfloat_subMagsF64
 .text.softfloat_addMagsF32
                0x0000f3a4      0x1b4 /home/rahulmahadev/devel/optee/optee_os/out/arm-plat-vexpress/export-ta_arm32/lib/libutils.a(s_addMagsF32.o)
                0x0000f3a4                softfloat_addMagsF32
 .text.softfloat_addMagsF64
                0x0000f558      0x308 /home/rahulmahadev/devel/optee/optee_os/out/arm-plat-vexpress/export-ta_arm32/lib/libutils.a(s_addMagsF64.o)
                0x0000f558                softfloat_addMagsF64
 .text.softfloat_normSubnormalF64Sig
                0x0000f860       0xa4 /home/rahulmahadev/devel/optee/optee_os/out/arm-plat-vexpress/export-ta_arm32/lib/libutils.a(s_normSubnormalF64Sig.o)
                0x0000f860                softfloat_normSubnormalF64Sig
 .text.softfloat_normSubnormalF32Sig
                0x0000f904       0x6c /home/rahulmahadev/devel/optee/optee_os/out/arm-plat-vexpress/export-ta_arm32/lib/libutils.a(s_normSubnormalF32Sig.o)
                0x0000f904                softfloat_normSubnormalF32Sig
 .text.softfloat_roundPackToF32
                0x0000f970      0x1c0 /home/rahulmahadev/devel/optee/optee_os/out/arm-plat-vexpress/export-ta_arm32/lib/libutils.a(s_roundPackToF32.o)
                0x0000f970                softfloat_roundPackToF32
 .text.softfloat_roundPackToF64
                0x0000fb30      0x280 /home/rahulmahadev/devel/optee/optee_os/out/arm-plat-vexpress/export-ta_arm32/lib/libutils.a(s_roundPackToF64.o)
                0x0000fb30                softfloat_roundPackToF64
 .text.softfloat_shortShiftRightJam64
                0x0000fdb0       0xb0 /home/rahulmahadev/devel/optee/optee_os/out/arm-plat-vexpress/export-ta_arm32/lib/libutils.a(s_shortShiftRightJam64.o)
                0x0000fdb0                softfloat_shortShiftRightJam64
 .text.softfloat_shiftRightJam32
                0x0000fe60       0x58 /home/rahulmahadev/devel/optee/optee_os/out/arm-plat-vexpress/export-ta_arm32/lib/libutils.a(s_shiftRightJam32.o)
                0x0000fe60                softfloat_shiftRightJam32
 .text.softfloat_normRoundPackToF32
                0x0000feb8       0xb4 /home/rahulmahadev/devel/optee/optee_os/out/arm-plat-vexpress/export-ta_arm32/lib/libutils.a(s_normRoundPackToF32.o)
                0x0000feb8                softfloat_normRoundPackToF32
 .text.softfloat_normRoundPackToF64
                0x0000ff6c      0x150 /home/rahulmahadev/devel/optee/optee_os/out/arm-plat-vexpress/export-ta_arm32/lib/libutils.a(s_normRoundPackToF64.o)
                0x0000ff6c                softfloat_normRoundPackToF64
 .text.softfloat_shiftRightJam64
                0x000100bc       0xbc /home/rahulmahadev/devel/optee/optee_os/out/arm-plat-vexpress/export-ta_arm32/lib/libutils.a(s_shiftRightJam64.o)
                0x000100bc                softfloat_shiftRightJam64
 .text.softfloat_countLeadingZeros32
                0x00010178       0x6c /home/rahulmahadev/devel/optee/optee_os/out/arm-plat-vexpress/export-ta_arm32/lib/libutils.a(s_countLeadingZeros32.o)
                0x00010178                softfloat_countLeadingZeros32
 .text.softfloat_countLeadingZeros64
                0x000101e4       0x98 /home/rahulmahadev/devel/optee/optee_os/out/arm-plat-vexpress/export-ta_arm32/lib/libutils.a(s_countLeadingZeros64.o)
                0x000101e4                softfloat_countLeadingZeros64
 .text.softfloat_mul64To128
                0x0001027c      0x1b0 /home/rahulmahadev/devel/optee/optee_os/out/arm-plat-vexpress/export-ta_arm32/lib/libutils.a(s_mul64To128.o)
                0x0001027c                softfloat_mul64To128
 .text.softfloat_raiseFlags
                0x0001042c       0x3c /home/rahulmahadev/devel/optee/optee_os/out/arm-plat-vexpress/export-ta_arm32/lib/libutils.a(softfloat_raiseFlags.o)
                0x0001042c                softfloat_raiseFlags
 .text.softfloat_propagateNaNF32UI
                0x00010468       0xb8 /home/rahulmahadev/devel/optee/optee_os/out/arm-plat-vexpress/export-ta_arm32/lib/libutils.a(s_propagateNaNF32UI.o)
                0x00010468                softfloat_propagateNaNF32UI
 .text.softfloat_f32UIToCommonNaN
                0x00010520       0x8c /home/rahulmahadev/devel/optee/optee_os/out/arm-plat-vexpress/export-ta_arm32/lib/libutils.a(s_f32UIToCommonNaN.o)
                0x00010520                softfloat_f32UIToCommonNaN
 .text.softfloat_commonNaNToF64UI
                0x000105ac       0x64 /home/rahulmahadev/devel/optee/optee_os/out/arm-plat-vexpress/export-ta_arm32/lib/libutils.a(s_commonNaNToF64UI.o)
                0x000105ac                softfloat_commonNaNToF64UI
 .text.softfloat_f64UIToCommonNaN
                0x00010610       0xd4 /home/rahulmahadev/devel/optee/optee_os/out/arm-plat-vexpress/export-ta_arm32/lib/libutils.a(s_f64UIToCommonNaN.o)
                0x00010610                softfloat_f64UIToCommonNaN
 .text.softfloat_propagateNaNF64UI
                0x000106e4      0x178 /home/rahulmahadev/devel/optee/optee_os/out/arm-plat-vexpress/export-ta_arm32/lib/libutils.a(s_propagateNaNF64UI.o)
                0x000106e4                softfloat_propagateNaNF64UI
 .text.softfloat_commonNaNToF32UI
                0x0001085c       0x40 /home/rahulmahadev/devel/optee/optee_os/out/arm-plat-vexpress/export-ta_arm32/lib/libutils.a(s_commonNaNToF32UI.o)
                0x0001085c                softfloat_commonNaNToF32UI
 .text.snprintk
                0x0001089c       0x44 /home/rahulmahadev/devel/optee/optee_os/out/arm-plat-vexpress/export-ta_arm32/lib/libutils.a(snprintk.o)
                0x0001089c                snprintk
 .text.vsnprintk
                0x000108e0       0x40 /home/rahulmahadev/devel/optee/optee_os/out/arm-plat-vexpress/export-ta_arm32/lib/libutils.a(snprintk.o)
                0x000108e0                vsnprintk
 .text.__vsnprintf
                0x00010920       0x84 /home/rahulmahadev/devel/optee/optee_os/out/arm-plat-vexpress/export-ta_arm32/lib/libutils.a(snprintk.o)
                0x00010920                __vsnprintf
 .text.uuid2str
                0x000109a4       0xac /home/rahulmahadev/devel/optee/optee_os/out/arm-plat-vexpress/export-ta_arm32/lib/libutils.a(snprintk.o)
 .text.kprintf  0x00010a50      0xdcc /home/rahulmahadev/devel/optee/optee_os/out/arm-plat-vexpress/export-ta_arm32/lib/libutils.a(snprintk.o)
 .text.strlcpy  0x0001181c       0x84 /home/rahulmahadev/devel/optee/optee_os/out/arm-plat-vexpress/export-ta_arm32/lib/libutils.a(strlcpy.o)
                0x0001181c                strlcpy
 .text.buf_compare_ct
                0x000118a0       0x94 /home/rahulmahadev/devel/optee/optee_os/out/arm-plat-vexpress/export-ta_arm32/lib/libutils.a(buf_compare_ct.o)
                0x000118a0                buf_compare_ct
 .text.trace_set_level
                0x00011934       0x48 /home/rahulmahadev/devel/optee/optee_os/out/arm-plat-vexpress/export-ta_arm32/lib/libutils.a(trace.o)
                0x00011934                trace_set_level
 .text.trace_get_level
                0x0001197c       0x24 /home/rahulmahadev/devel/optee/optee_os/out/arm-plat-vexpress/export-ta_arm32/lib/libutils.a(trace.o)
                0x0001197c                trace_get_level
 .text.trace_level_to_string
                0x000119a0       0x58 /home/rahulmahadev/devel/optee/optee_os/out/arm-plat-vexpress/export-ta_arm32/lib/libutils.a(trace.o)
 .text.trace_printf
                0x000119f8      0x1ec /home/rahulmahadev/devel/optee/optee_os/out/arm-plat-vexpress/export-ta_arm32/lib/libutils.a(trace.o)
                0x000119f8                trace_printf
 .text.dhex_dump
                0x00011be4       0x1c /home/rahulmahadev/devel/optee/optee_os/out/arm-plat-vexpress/export-ta_arm32/lib/libutils.a(trace.o)
                0x00011be4                dhex_dump
 .text.memchr   0x00011c00      0x114 /home/rahulmahadev/devel/optee/optee_os/out/arm-plat-vexpress/export-ta_arm32/lib/libutils.a(memchr.o)
                0x00011c00                memchr
 .text          0x00011d14       0x30 /home/rahulmahadev/devel/optee/optee_os/out/arm-plat-vexpress/export-ta_arm32/lib/libutils.a(arm32_aeabi_ldivmod_a32.o)
                0x00011d14                __aeabi_ldivmod
                0x00011d2c                __aeabi_uldivmod
 .text.division_lqr
                0x00011d44       0xf0 /home/rahulmahadev/devel/optee/optee_os/out/arm-plat-vexpress/export-ta_arm32/lib/libutils.a(arm32_aeabi_ldivmod.o)
 .text.ul_div_qr
                0x00011e34       0x70 /home/rahulmahadev/devel/optee/optee_os/out/arm-plat-vexpress/export-ta_arm32/lib/libutils.a(arm32_aeabi_ldivmod.o)
 .text.__ul_divmod
                0x00011ea4       0xa0 /home/rahulmahadev/devel/optee/optee_os/out/arm-plat-vexpress/export-ta_arm32/lib/libutils.a(arm32_aeabi_ldivmod.o)
                0x00011ea4                __ul_divmod
 .text.__l_divmod
                0x00011f44      0x114 /home/rahulmahadev/devel/optee/optee_os/out/arm-plat-vexpress/export-ta_arm32/lib/libutils.a(arm32_aeabi_ldivmod.o)
                0x00011f44                __l_divmod
 .text.__mpa_set_unused_digits_to_zero
                0x00012058       0x60 /home/rahulmahadev/devel/optee/optee_os/out/arm-plat-vexpress/export-ta_arm32/lib/libmpa.a(mpa_misc.o)
                0x00012058                __mpa_set_unused_digits_to_zero
 .text.mpa_wipe
                0x000120b8       0x4c /home/rahulmahadev/devel/optee/optee_os/out/arm-plat-vexpress/export-ta_arm32/lib/libmpa.a(mpa_misc.o)
                0x000120b8                mpa_wipe
 .text.mpa_copy
                0x00012104       0x60 /home/rahulmahadev/devel/optee/optee_os/out/arm-plat-vexpress/export-ta_arm32/lib/libmpa.a(mpa_misc.o)
                0x00012104                mpa_copy
 .text.mpa_abs  0x00012164       0x38 /home/rahulmahadev/devel/optee/optee_os/out/arm-plat-vexpress/export-ta_arm32/lib/libmpa.a(mpa_misc.o)
                0x00012164                mpa_abs
 .text.mpa_highest_bit_index
                0x0001219c       0x80 /home/rahulmahadev/devel/optee/optee_os/out/arm-plat-vexpress/export-ta_arm32/lib/libmpa.a(mpa_misc.o)
                0x0001219c                mpa_highest_bit_index
 .text.mpa_get_bit
                0x0001221c       0x6c /home/rahulmahadev/devel/optee/optee_os/out/arm-plat-vexpress/export-ta_arm32/lib/libmpa.a(mpa_misc.o)
                0x0001221c                mpa_get_bit
 .text.mpa_can_hold
                0x00012288       0x34 /home/rahulmahadev/devel/optee/optee_os/out/arm-plat-vexpress/export-ta_arm32/lib/libmpa.a(mpa_misc.o)
                0x00012288                mpa_can_hold
 .text.mpa_parity
                0x000122bc       0x2c /home/rahulmahadev/devel/optee/optee_os/out/arm-plat-vexpress/export-ta_arm32/lib/libmpa.a(mpa_misc.o)
                0x000122bc                mpa_parity
 .text.mpa_constant_one
                0x000122e8       0x18 /home/rahulmahadev/devel/optee/optee_os/out/arm-plat-vexpress/export-ta_arm32/lib/libmpa.a(mpa_misc.o)
                0x000122e8                mpa_constant_one
 .text.__mpa_montgomery_mul_add
                0x00012300      0x134 /home/rahulmahadev/devel/optee/optee_os/out/arm-plat-vexpress/export-ta_arm32/lib/libmpa.a(mpa_montgomery.o)
                0x00012300                __mpa_montgomery_mul_add
 .text.__mpa_montgomery_sub_ack
                0x00012434      0x118 /home/rahulmahadev/devel/optee/optee_os/out/arm-plat-vexpress/export-ta_arm32/lib/libmpa.a(mpa_montgomery.o)
                0x00012434                __mpa_montgomery_sub_ack
 .text.__mpa_montgomery_mul
                0x0001254c      0x160 /home/rahulmahadev/devel/optee/optee_os/out/arm-plat-vexpress/export-ta_arm32/lib/libmpa.a(mpa_montgomery.o)
                0x0001254c                __mpa_montgomery_mul
 .text.mpa_compute_fmm_context
                0x000126ac      0x158 /home/rahulmahadev/devel/optee/optee_os/out/arm-plat-vexpress/export-ta_arm32/lib/libmpa.a(mpa_montgomery.o)
                0x000126ac                mpa_compute_fmm_context
 .text.mpa_montgomery_mul
                0x00012804       0x74 /home/rahulmahadev/devel/optee/optee_os/out/arm-plat-vexpress/export-ta_arm32/lib/libmpa.a(mpa_montgomery.o)
                0x00012804                mpa_montgomery_mul
 .text.mpa_is_prob_prime
                0x00012878       0x68 /home/rahulmahadev/devel/optee/optee_os/out/arm-plat-vexpress/export-ta_arm32/lib/libmpa.a(mpa_primetest.o)
                0x00012878                mpa_is_prob_prime
 .text.check_table
                0x000128e0       0x38 /home/rahulmahadev/devel/optee/optee_os/out/arm-plat-vexpress/export-ta_arm32/lib/libmpa.a(mpa_primetest.o)
 .text.is_small_prime
                0x00012918       0xc8 /home/rahulmahadev/devel/optee/optee_os/out/arm-plat-vexpress/export-ta_arm32/lib/libmpa.a(mpa_primetest.o)
 .text.has_small_factors
                0x000129e0       0x8c /home/rahulmahadev/devel/optee/optee_os/out/arm-plat-vexpress/export-ta_arm32/lib/libmpa.a(mpa_primetest.o)
 .text.primality_test_miller_rabin
                0x00012a6c      0x338 /home/rahulmahadev/devel/optee/optee_os/out/arm-plat-vexpress/export-ta_arm32/lib/libmpa.a(mpa_primetest.o)
 .text.mpa_set_S32
                0x00012da4       0x4c /home/rahulmahadev/devel/optee/optee_os/out/arm-plat-vexpress/export-ta_arm32/lib/libmpa.a(mpa_conv.o)
                0x00012da4                mpa_set_S32
 .text.mpa_get_S32
                0x00012df0       0x98 /home/rahulmahadev/devel/optee/optee_os/out/arm-plat-vexpress/export-ta_arm32/lib/libmpa.a(mpa_conv.o)
                0x00012df0                mpa_get_S32
 .text.mpa_set_word
                0x00012e88       0x30 /home/rahulmahadev/devel/optee/optee_os/out/arm-plat-vexpress/export-ta_arm32/lib/libmpa.a(mpa_conv.o)
                0x00012e88                mpa_set_word
 .text.mpa_get_word
                0x00012eb8       0x34 /home/rahulmahadev/devel/optee/optee_os/out/arm-plat-vexpress/export-ta_arm32/lib/libmpa.a(mpa_conv.o)
                0x00012eb8                mpa_get_word
 .text.__mpa_soft_div
                0x00012eec       0xd8 /home/rahulmahadev/devel/optee/optee_os/out/arm-plat-vexpress/export-ta_arm32/lib/libmpa.a(mpa_div.o)
 .text.__mpa_div_dword
                0x00012fc4       0x60 /home/rahulmahadev/devel/optee/optee_os/out/arm-plat-vexpress/export-ta_arm32/lib/libmpa.a(mpa_div.o)
                0x00012fc4                __mpa_div_dword
 .text.__mpa_div_q_r_internal
                0x00013024      0x6a0 /home/rahulmahadev/devel/optee/optee_os/out/arm-plat-vexpress/export-ta_arm32/lib/libmpa.a(mpa_div.o)
 .text.__mpa_div_q_r_internal_word
                0x000136c4      0x15c /home/rahulmahadev/devel/optee/optee_os/out/arm-plat-vexpress/export-ta_arm32/lib/libmpa.a(mpa_div.o)
                0x000136c4                __mpa_div_q_r_internal_word
 .text.__mpa_div_q_r
                0x00013820      0x184 /home/rahulmahadev/devel/optee/optee_os/out/arm-plat-vexpress/export-ta_arm32/lib/libmpa.a(mpa_div.o)
                0x00013820                __mpa_div_q_r
 .text.mpa_div  0x000139a4      0x104 /home/rahulmahadev/devel/optee/optee_os/out/arm-plat-vexpress/export-ta_arm32/lib/libmpa.a(mpa_div.o)
                0x000139a4                mpa_div
 .text.__mpa_divby2
                0x00013aa8       0xf4 /home/rahulmahadev/devel/optee/optee_os/out/arm-plat-vexpress/export-ta_arm32/lib/libmpa.a(mpa_gcd.o)
 .text.__mpa_egcd
                0x00013b9c      0x390 /home/rahulmahadev/devel/optee/optee_os/out/arm-plat-vexpress/export-ta_arm32/lib/libmpa.a(mpa_gcd.o)
 .text.__mpa_gcd
                0x00013f2c      0x1cc /home/rahulmahadev/devel/optee/optee_os/out/arm-plat-vexpress/export-ta_arm32/lib/libmpa.a(mpa_gcd.o)
 .text.mpa_gcd  0x000140f8      0x118 /home/rahulmahadev/devel/optee/optee_os/out/arm-plat-vexpress/export-ta_arm32/lib/libmpa.a(mpa_gcd.o)
                0x000140f8                mpa_gcd
 .text.mpa_extended_gcd
                0x00014210      0x21c /home/rahulmahadev/devel/optee/optee_os/out/arm-plat-vexpress/export-ta_arm32/lib/libmpa.a(mpa_gcd.o)
                0x00014210                mpa_extended_gcd
 .text.mpa_init_scratch_mem_sync
                0x0001442c       0x48 /home/rahulmahadev/devel/optee/optee_os/out/arm-plat-vexpress/export-ta_arm32/lib/libmpa.a(mpa_mem_static.o)
                0x0001442c                mpa_init_scratch_mem_sync
 .text.mpa_init_scratch_mem
                0x00014474       0x44 /home/rahulmahadev/devel/optee/optee_os/out/arm-plat-vexpress/export-ta_arm32/lib/libmpa.a(mpa_mem_static.o)
                0x00014474                mpa_init_scratch_mem
 .text.mpa_alloc_static_temp_var_size
                0x000144b8      0x14c /home/rahulmahadev/devel/optee/optee_os/out/arm-plat-vexpress/export-ta_arm32/lib/libmpa.a(mpa_mem_static.o)
                0x000144b8                mpa_alloc_static_temp_var_size
 .text.mpa_alloc_static_temp_var
                0x00014604       0x2c /home/rahulmahadev/devel/optee/optee_os/out/arm-plat-vexpress/export-ta_arm32/lib/libmpa.a(mpa_mem_static.o)
                0x00014604                mpa_alloc_static_temp_var
 .text.mpa_free_static_temp_var
                0x00014630       0x90 /home/rahulmahadev/devel/optee/optee_os/out/arm-plat-vexpress/export-ta_arm32/lib/libmpa.a(mpa_mem_static.o)
                0x00014630                mpa_free_static_temp_var
 .text.__mpa_mul_add_word
                0x000146c0       0x78 /home/rahulmahadev/devel/optee/optee_os/out/arm-plat-vexpress/export-ta_arm32/lib/libmpa.a(mpa_mul.o)
                0x000146c0                __mpa_mul_add_word
 .text.__mpa_mul_add_word_cum
                0x00014738       0x88 /home/rahulmahadev/devel/optee/optee_os/out/arm-plat-vexpress/export-ta_arm32/lib/libmpa.a(mpa_mul.o)
                0x00014738                __mpa_mul_add_word_cum
 .text.__mpa_abs_mul_word
                0x000147c0       0xcc /home/rahulmahadev/devel/optee/optee_os/out/arm-plat-vexpress/export-ta_arm32/lib/libmpa.a(mpa_mul.o)
                0x000147c0                __mpa_abs_mul_word
 .text.__mpa_abs_mul
                0x0001488c      0x12c /home/rahulmahadev/devel/optee/optee_os/out/arm-plat-vexpress/export-ta_arm32/lib/libmpa.a(mpa_mul.o)
                0x0001488c                __mpa_abs_mul
 .text.mpa_mul  0x000149b8       0xf8 /home/rahulmahadev/devel/optee/optee_os/out/arm-plat-vexpress/export-ta_arm32/lib/libmpa.a(mpa_mul.o)
                0x000149b8                mpa_mul
 .text.mpa_mul_word
                0x00014ab0       0xdc /home/rahulmahadev/devel/optee/optee_os/out/arm-plat-vexpress/export-ta_arm32/lib/libmpa.a(mpa_mul.o)
                0x00014ab0                mpa_mul_word
 .text.mpa_set_random_generator
                0x00014b8c       0x24 /home/rahulmahadev/devel/optee/optee_os/out/arm-plat-vexpress/export-ta_arm32/lib/libmpa.a(mpa_random.o)
                0x00014b8c                mpa_set_random_generator
 .text.get_random_byte
                0x00014bb0       0x34 /home/rahulmahadev/devel/optee/optee_os/out/arm-plat-vexpress/export-ta_arm32/lib/libmpa.a(mpa_random.o)
 .text.mpa_get_random
                0x00014be4      0x158 /home/rahulmahadev/devel/optee/optee_os/out/arm-plat-vexpress/export-ta_arm32/lib/libmpa.a(mpa_random.o)
                0x00014be4                mpa_get_random
 .text.__mpa_shift_words_left
                0x00014d3c       0xcc /home/rahulmahadev/devel/optee/optee_os/out/arm-plat-vexpress/export-ta_arm32/lib/libmpa.a(mpa_shift.o)
                0x00014d3c                __mpa_shift_words_left
 .text.__mpa_shift_words_right
                0x00014e08       0xc0 /home/rahulmahadev/devel/optee/optee_os/out/arm-plat-vexpress/export-ta_arm32/lib/libmpa.a(mpa_shift.o)
                0x00014e08                __mpa_shift_words_right
 .text.mpa_shift_left
                0x00014ec8      0x248 /home/rahulmahadev/devel/optee/optee_os/out/arm-plat-vexpress/export-ta_arm32/lib/libmpa.a(mpa_shift.o)
                0x00014ec8                mpa_shift_left
 .text.mpa_shift_right
                0x00015110      0x200 /home/rahulmahadev/devel/optee/optee_os/out/arm-plat-vexpress/export-ta_arm32/lib/libmpa.a(mpa_shift.o)
                0x00015110                mpa_shift_right
 .text.__mpa_full_adder
                0x00015310       0x64 /home/rahulmahadev/devel/optee/optee_os/out/arm-plat-vexpress/export-ta_arm32/lib/libmpa.a(mpa_addsub.o)
                0x00015310                __mpa_full_adder
 .text.__mpa_full_sub
                0x00015374       0x68 /home/rahulmahadev/devel/optee/optee_os/out/arm-plat-vexpress/export-ta_arm32/lib/libmpa.a(mpa_addsub.o)
                0x00015374                __mpa_full_sub
 .text.__mpa_full_adder_ackum
                0x000153dc       0x64 /home/rahulmahadev/devel/optee/optee_os/out/arm-plat-vexpress/export-ta_arm32/lib/libmpa.a(mpa_addsub.o)
                0x000153dc                __mpa_full_adder_ackum
 .text.__mpa_abs_add
                0x00015440      0x138 /home/rahulmahadev/devel/optee/optee_os/out/arm-plat-vexpress/export-ta_arm32/lib/libmpa.a(mpa_addsub.o)
                0x00015440                __mpa_abs_add
 .text.__mpa_abs_add_ackum
                0x00015578      0x10c /home/rahulmahadev/devel/optee/optee_os/out/arm-plat-vexpress/export-ta_arm32/lib/libmpa.a(mpa_addsub.o)
                0x00015578                __mpa_abs_add_ackum
 .text.__mpa_abs_sub
                0x00015684      0x110 /home/rahulmahadev/devel/optee/optee_os/out/arm-plat-vexpress/export-ta_arm32/lib/libmpa.a(mpa_addsub.o)
                0x00015684                __mpa_abs_sub
 .text.mpa_add  0x00015794      0x224 /home/rahulmahadev/devel/optee/optee_os/out/arm-plat-vexpress/export-ta_arm32/lib/libmpa.a(mpa_addsub.o)
                0x00015794                mpa_add
 .text.mpa_sub  0x000159b8      0x250 /home/rahulmahadev/devel/optee/optee_os/out/arm-plat-vexpress/export-ta_arm32/lib/libmpa.a(mpa_addsub.o)
                0x000159b8                mpa_sub
 .text.mpa_neg  0x00015c08       0x38 /home/rahulmahadev/devel/optee/optee_os/out/arm-plat-vexpress/export-ta_arm32/lib/libmpa.a(mpa_addsub.o)
                0x00015c08                mpa_neg
 .text.mpa_add_word
                0x00015c40      0x170 /home/rahulmahadev/devel/optee/optee_os/out/arm-plat-vexpress/export-ta_arm32/lib/libmpa.a(mpa_addsub.o)
                0x00015c40                mpa_add_word
 .text.mpa_sub_word
                0x00015db0      0x174 /home/rahulmahadev/devel/optee/optee_os/out/arm-plat-vexpress/export-ta_arm32/lib/libmpa.a(mpa_addsub.o)
                0x00015db0                mpa_sub_word
 .text.__mpa_abs_cmp
                0x00015f24      0x100 /home/rahulmahadev/devel/optee/optee_os/out/arm-plat-vexpress/export-ta_arm32/lib/libmpa.a(mpa_cmp.o)
                0x00015f24                __mpa_abs_cmp
 .text.__mpa_abs_greater_than
                0x00016024       0x30 /home/rahulmahadev/devel/optee/optee_os/out/arm-plat-vexpress/export-ta_arm32/lib/libmpa.a(mpa_cmp.o)
                0x00016024                __mpa_abs_greater_than
 .text.__mpa_abs_less_than
                0x00016054       0x2c /home/rahulmahadev/devel/optee/optee_os/out/arm-plat-vexpress/export-ta_arm32/lib/libmpa.a(mpa_cmp.o)
                0x00016054                __mpa_abs_less_than
 .text.mpa_cmp  0x00016080       0x90 /home/rahulmahadev/devel/optee/optee_os/out/arm-plat-vexpress/export-ta_arm32/lib/libmpa.a(mpa_cmp.o)
                0x00016080                mpa_cmp
 .text.mpa_cmp_short
                0x00016110       0xac /home/rahulmahadev/devel/optee/optee_os/out/arm-plat-vexpress/export-ta_arm32/lib/libmpa.a(mpa_cmp.o)
                0x00016110                mpa_cmp_short
 .text.mpa_exp_mod
                0x000161bc      0x16c /home/rahulmahadev/devel/optee/optee_os/out/arm-plat-vexpress/export-ta_arm32/lib/libmpa.a(mpa_expmod.o)
                0x000161bc                mpa_exp_mod
 .text.mpa_init_static
                0x00016328       0x4c /home/rahulmahadev/devel/optee/optee_os/out/arm-plat-vexpress/export-ta_arm32/lib/libmpa.a(mpa_init.o)
                0x00016328                mpa_init_static
 .text.mpa_init_static_fmm_context
                0x00016374       0xb8 /home/rahulmahadev/devel/optee/optee_os/out/arm-plat-vexpress/export-ta_arm32/lib/libmpa.a(mpa_init.o)
                0x00016374                mpa_init_static_fmm_context
 .text.__mpa_isspace
                0x0001642c       0x44 /home/rahulmahadev/devel/optee/optee_os/out/arm-plat-vexpress/export-ta_arm32/lib/libmpa.a(mpa_io.o)
 .text.__mpa_is_char_in_base
                0x00016470       0x8c /home/rahulmahadev/devel/optee/optee_os/out/arm-plat-vexpress/export-ta_arm32/lib/libmpa.a(mpa_io.o)
 .text.__mpa_digit_value
                0x000164fc       0x58 /home/rahulmahadev/devel/optee/optee_os/out/arm-plat-vexpress/export-ta_arm32/lib/libmpa.a(mpa_io.o)
 .text.__mpa_digitstr_to_binary_wsize_base_16
                0x00016554       0x24 /home/rahulmahadev/devel/optee/optee_os/out/arm-plat-vexpress/export-ta_arm32/lib/libmpa.a(mpa_io.o)
 .text.__mpa_nibble_to_char
                0x00016578       0x50 /home/rahulmahadev/devel/optee/optee_os/out/arm-plat-vexpress/export-ta_arm32/lib/libmpa.a(mpa_io.o)
 .text.__mpa_word_to_hexstr
                0x000165c8       0x6c /home/rahulmahadev/devel/optee/optee_os/out/arm-plat-vexpress/export-ta_arm32/lib/libmpa.a(mpa_io.o)
 .text.__mpa_mpanum_to_hexstr
                0x00016634      0x134 /home/rahulmahadev/devel/optee/optee_os/out/arm-plat-vexpress/export-ta_arm32/lib/libmpa.a(mpa_io.o)
 .text.__mpa_count_leading_zero_bits
                0x00016768       0x50 /home/rahulmahadev/devel/optee/optee_os/out/arm-plat-vexpress/export-ta_arm32/lib/libmpa.a(mpa_io.o)
 .text.__mpa_size_in_base_255
                0x000167b8       0x6c /home/rahulmahadev/devel/optee/optee_os/out/arm-plat-vexpress/export-ta_arm32/lib/libmpa.a(mpa_io.o)
 .text.mpa_get_str_size
                0x00016824       0x14 /home/rahulmahadev/devel/optee/optee_os/out/arm-plat-vexpress/export-ta_arm32/lib/libmpa.a(mpa_io.o)
                0x00016824                mpa_get_str_size
 .text.mpa_set_str
                0x00016838      0x348 /home/rahulmahadev/devel/optee/optee_os/out/arm-plat-vexpress/export-ta_arm32/lib/libmpa.a(mpa_io.o)
                0x00016838                mpa_set_str
 .text.mpa_get_str
                0x00016b80       0xb8 /home/rahulmahadev/devel/optee/optee_os/out/arm-plat-vexpress/export-ta_arm32/lib/libmpa.a(mpa_io.o)
                0x00016b80                mpa_get_str
 .text.set_word
                0x00016c38       0x68 /home/rahulmahadev/devel/optee/optee_os/out/arm-plat-vexpress/export-ta_arm32/lib/libmpa.a(mpa_io.o)
 .text.mpa_set_oct_str
                0x00016ca0      0x100 /home/rahulmahadev/devel/optee/optee_os/out/arm-plat-vexpress/export-ta_arm32/lib/libmpa.a(mpa_io.o)