Archive member included because of file (symbol)

/home/rahulmahadev/devel/optee/optee_os/out/arm-plat-vexpress/export-ta_arm32/lib/libutee.a(tee_api.o)
                              /home/rahulmahadev/devel/optee/neo/ta/out/ta.o (TEE_GetSystemTime)
/home/rahulmahadev/devel/optee/optee_os/out/arm-plat-vexpress/export-ta_arm32/lib/libutee.a(tee_api_objects.o)
                              /home/rahulmahadev/devel/optee/neo/ta/out/ta.o (TEE_CreatePersistentObject)
/home/rahulmahadev/devel/optee/optee_os/out/arm-plat-vexpress/export-ta_arm32/lib/libutee.a(tee_api_operations.o)
                              /home/rahulmahadev/devel/optee/neo/ta/out/ta.o (TEE_AllocateOperation)
/home/rahulmahadev/devel/optee/optee_os/out/arm-plat-vexpress/export-ta_arm32/lib/libutee.a(tee_api_panic.o)
                              /home/rahulmahadev/devel/optee/optee_os/out/arm-plat-vexpress/export-ta_arm32/lib/libutee.a(tee_api.o) (__TEE_Panic)
/home/rahulmahadev/devel/optee/optee_os/out/arm-plat-vexpress/export-ta_arm32/lib/libutee.a(user_ta_entry.o)
                              /home/rahulmahadev/devel/optee/neo/ta/out/user_ta_header.o (__utee_entry)
/home/rahulmahadev/devel/optee/optee_os/out/arm-plat-vexpress/export-ta_arm32/lib/libutee.a(utee_syscalls_a32.o)
                              /home/rahulmahadev/devel/optee/optee_os/out/arm-plat-vexpress/export-ta_arm32/lib/libutee.a(user_ta_entry.o) (utee_return)
/home/rahulmahadev/devel/optee/optee_os/out/arm-plat-vexpress/export-ta_arm32/lib/libutee.a(tee_user_mem.o)
                              /home/rahulmahadev/devel/optee/optee_os/out/arm-plat-vexpress/export-ta_arm32/lib/libutee.a(tee_api.o) (tee_user_mem_alloc)
/home/rahulmahadev/devel/optee/optee_os/out/arm-plat-vexpress/export-ta_arm32/lib/libutee.a(assert.o)
                              /home/rahulmahadev/devel/optee/optee_os/out/arm-plat-vexpress/export-ta_arm32/lib/libutee.a(tee_user_mem.o) (_assert_log)
/home/rahulmahadev/devel/optee/optee_os/out/arm-plat-vexpress/export-ta_arm32/lib/libutee.a(tee_api_arith.o)
                              /home/rahulmahadev/devel/optee/optee_os/out/arm-plat-vexpress/export-ta_arm32/lib/libutee.a(user_ta_entry.o) (_TEE_MathAPI_Init)
/home/rahulmahadev/devel/optee/optee_os/out/arm-plat-vexpress/export-ta_arm32/lib/libutee.a(utee_misc.o)
                              /home/rahulmahadev/devel/optee/optee_os/out/arm-plat-vexpress/export-ta_arm32/lib/libutee.a(tee_user_mem.o) (utee_malloc)
/home/rahulmahadev/devel/optee/optee_os/out/arm-plat-vexpress/export-ta_arm32/lib/libutee.a(trace_ext.o)
                              /home/rahulmahadev/devel/optee/optee_os/out/arm-plat-vexpress/export-ta_arm32/lib/libutee.a(tee_api_arith.o) (printf)
/home/rahulmahadev/devel/optee/optee_os/out/arm-plat-vexpress/export-ta_arm32/lib/libutils.a(bget_malloc.o)
                              /home/rahulmahadev/devel/optee/neo/ta/out/ta.o (malloc)
/home/rahulmahadev/devel/optee/optee_os/out/arm-plat-vexpress/export-ta_arm32/lib/libutils.a(snprintf.o)
                              /home/rahulmahadev/devel/optee/neo/ta/out/ta.o (snprintf)
/home/rahulmahadev/devel/optee/optee_os/out/arm-plat-vexpress/export-ta_arm32/lib/libutils.a(memcmp.o)
                              /home/rahulmahadev/devel/optee/optee_os/out/arm-plat-vexpress/export-ta_arm32/lib/libutee.a(tee_api.o) (memcmp)
/home/rahulmahadev/devel/optee/optee_os/out/arm-plat-vexpress/export-ta_arm32/lib/libutils.a(memcpy.o)
                              /home/rahulmahadev/devel/optee/neo/ta/out/ta.o (memcpy)
/home/rahulmahadev/devel/optee/optee_os/out/arm-plat-vexpress/export-ta_arm32/lib/libutils.a(memmove.o)
                              /home/rahulmahadev/devel/optee/optee_os/out/arm-plat-vexpress/export-ta_arm32/lib/libutee.a(tee_api.o) (memmove)
/home/rahulmahadev/devel/optee/optee_os/out/arm-plat-vexpress/export-ta_arm32/lib/libutils.a(memset.o)
                              /home/rahulmahadev/devel/optee/neo/ta/out/ta.o (memset)
/home/rahulmahadev/devel/optee/optee_os/out/arm-plat-vexpress/export-ta_arm32/lib/libutils.a(strcmp.o)
                              /home/rahulmahadev/devel/optee/neo/ta/out/ta.o (strcmp)
/home/rahulmahadev/devel/optee/optee_os/out/arm-plat-vexpress/export-ta_arm32/lib/libutils.a(strlen.o)
                              /home/rahulmahadev/devel/optee/neo/ta/out/ta.o (strlen)
/home/rahulmahadev/devel/optee/optee_os/out/arm-plat-vexpress/export-ta_arm32/lib/libutils.a(arm32_aeabi_softfloat.o)
                              /home/rahulmahadev/devel/optee/neo/ta/out/ta.o (__aeabi_fdiv)
/home/rahulmahadev/devel/optee/optee_os/out/arm-plat-vexpress/export-ta_arm32/lib/libutils.a(f32_add.o)
                              /home/rahulmahadev/devel/optee/optee_os/out/arm-plat-vexpress/export-ta_arm32/lib/libutils.a(arm32_aeabi_softfloat.o) (f32_add)
/home/rahulmahadev/devel/optee/optee_os/out/arm-plat-vexpress/export-ta_arm32/lib/libutils.a(f32_div.o)
[...]
Memory Configuration

Name             Origin             Length             Attributes
*default*        0x00000000         0xffffffff

Linker script and memory map


.ta_head        0x00000000       0x20
 *(SORT(.ta_head))
 .ta_head       0x00000000       0x20 /home/rahulmahadev/devel/optee/neo/ta/out/user_ta_header.o
                0x00000000                ta_head

.text           0x00000020    0x17008
 *(SORT(.text) SORT(.text.*))
 .text.string_copy
                0x00000020       0x3c /home/rahulmahadev/devel/optee/neo/ta/out/ta.o
                0x00000020                string_copy
 .text.dump_hash
                0x0000005c      0x2d8 /home/rahulmahadev/devel/optee/neo/ta/out/ta.o
 .text.call_gp_sha1_interface
                0x00000334      0x194 /home/rahulmahadev/devel/optee/neo/ta/out/ta.o
 .text.TA_CreateEntryPoint
                0x000004c8       0x14 /home/rahulmahadev/devel/optee/neo/ta/out/ta.o
                0x000004c8                TA_CreateEntryPoint
 .text.TA_DestroyEntryPoint
                0x000004dc       0x10 /home/rahulmahadev/devel/optee/neo/ta/out/ta.o
                0x000004dc                TA_DestroyEntryPoint
 .text.set_params
                0x000004ec      0x110 /home/rahulmahadev/devel/optee/neo/ta/out/ta.o
 .text.TA_OpenSessionEntryPoint
                0x000005fc       0xe4 /home/rahulmahadev/devel/optee/neo/ta/out/ta.o
                0x000005fc                TA_OpenSessionEntryPoint
 .text.TA_CloseSessionEntryPoint
                0x000006e0       0x18 /home/rahulmahadev/devel/optee/neo/ta/out/ta.o
                0x000006e0                TA_CloseSessionEntryPoint
 .text.check_answer
                0x000006f8      0x294 /home/rahulmahadev/devel/optee/neo/ta/out/ta.o
 .text.start_quiz
                0x0000098c       0xc8 /home/rahulmahadev/devel/optee/neo/ta/out/ta.o
 .text.TA_InvokeCommandEntryPoint
                0x00000a54       0x54 /home/rahulmahadev/devel/optee/neo/ta/out/ta.o
                0x00000a54                TA_InvokeCommandEntryPoint
 .text.tahead_get_trace_level
                0x00000aa8       0x14 /home/rahulmahadev/devel/optee/neo/ta/out/user_ta_header.o
                0x00000aa8                tahead_get_trace_level
 .text.__utee_from_param
                0x00000abc      0x168 /home/rahulmahadev/devel/optee/optee_os/out/arm-plat-vexpress/export-ta_arm32/lib/libutee.a(tee_api.o)
                0x00000abc                __utee_from_param
 .text.__utee_to_param
                0x00000c24       0xfc /home/rahulmahadev/devel/optee/optee_os/out/arm-plat-vexpress/export-ta_arm32/lib/libutee.a(tee_api.o)
                0x00000c24                __utee_to_param
 .text.TEE_OpenTASession
                0x00000d20       0x8c /home/rahulmahadev/devel/optee/optee_os/out/arm-plat-vexpress/export-ta_arm32/lib/libutee.a(tee_api.o)
                0x00000d20                TEE_OpenTASession
 .text.TEE_CloseTASession
                0x00000dac       0x78 /home/rahulmahadev/devel/optee/optee_os/out/arm-plat-vexpress/export-ta_arm32/lib/libutee.a(tee_api.o)
                0x00000dac                TEE_CloseTASession
 .text.TEE_InvokeTACommand
                0x00000e24       0xe8 /home/rahulmahadev/devel/optee/optee_os/out/arm-plat-vexpress/export-ta_arm32/lib/libutee.a(tee_api.o)
                0x00000e24                TEE_InvokeTACommand
 .text.TEE_GetCancellationFlag
                0x00000f0c       0x44 /home/rahulmahadev/devel/optee/optee_os/out/arm-plat-vexpress/export-ta_arm32/lib/libutee.a(tee_api.o)
                0x00000f0c                TEE_GetCancellationFlag
 .text.TEE_UnmaskCancellation
                0x00000f50       0x80 /home/rahulmahadev/devel/optee/optee_os/out/arm-plat-vexpress/export-ta_arm32/lib/libutee.a(tee_api.o)
                0x00000f50                TEE_UnmaskCancellation
 .text.TEE_MaskCancellation
                0x00000fd0       0x80 /home/rahulmahadev/devel/optee/optee_os/out/arm-plat-vexpress/export-ta_arm32/lib/libutee.a(tee_api.o)
                0x00000fd0                TEE_MaskCancellation
 .text.TEE_CheckMemoryAccessRights
                0x00001050       0x5c /home/rahulmahadev/devel/optee/optee_os/out/arm-plat-vexpress/export-ta_arm32/lib/libutee.a(tee_api.o)
                0x00001050                TEE_CheckMemoryAccessRights
 .text.TEE_SetInstanceData
                0x000010ac       0x24 /home/rahulmahadev/devel/optee/optee_os/out/arm-plat-vexpress/export-ta_arm32/lib/libutee.a(tee_api.o)
                0x000010ac                TEE_SetInstanceData
 .text.TEE_GetInstanceData
                0x000010d0       0x1c /home/rahulmahadev/devel/optee/optee_os/out/arm-plat-vexpress/export-ta_arm32/lib/libutee.a(tee_api.o)
                0x000010d0                TEE_GetInstanceData
 .text.TEE_MemMove
                0x000010ec       0x40 /home/rahulmahadev/devel/optee/optee_os/out/arm-plat-vexpress/export-ta_arm32/lib/libutee.a(tee_api.o)
                0x000010ec                TEE_MemMove
 .text.TEE_MemCompare
                0x0000112c       0x40 /home/rahulmahadev/devel/optee/optee_os/out/arm-plat-vexpress/export-ta_arm32/lib/libutee.a(tee_api.o)
                0x0000112c                TEE_MemCompare
 .text.TEE_MemFill
                0x0000116c       0x40 /home/rahulmahadev/devel/optee/optee_os/out/arm-plat-vexpress/export-ta_arm32/lib/libutee.a(tee_api.o)
                0x0000116c                TEE_MemFill
 .text.TEE_GetSystemTime
                0x000011ac       0x78 /home/rahulmahadev/devel/optee/optee_os/out/arm-plat-vexpress/export-ta_arm32/lib/libutee.a(tee_api.o)
                0x000011ac                TEE_GetSystemTime
 .text.TEE_Wait
                0x00001224       0x84 /home/rahulmahadev/devel/optee/optee_os/out/arm-plat-vexpress/export-ta_arm32/lib/libutee.a(tee_api.o)
                0x00001224                TEE_Wait
 .text.TEE_GetTAPersistentTime
                0x000012a8       0xd0 /home/rahulmahadev/devel/optee/optee_os/out/arm-plat-vexpress/export-ta_arm32/lib/libutee.a(tee_api.o)
                0x000012a8                TEE_GetTAPersistentTime
 .text.TEE_SetTAPersistentTime
                0x00001378       0x90 /home/rahulmahadev/devel/optee/optee_os/out/arm-plat-vexpress/export-ta_arm32/lib/libutee.a(tee_api.o)
                0x00001378                TEE_SetTAPersistentTime
 .text.TEE_GetREETime
                0x00001408       0x78 /home/rahulmahadev/devel/optee/optee_os/out/arm-plat-vexpress/export-ta_arm32/lib/libutee.a(tee_api.o)
                0x00001408                TEE_GetREETime
 .text.TEE_Malloc
                0x00001480       0x30 /home/rahulmahadev/devel/optee/optee_os/out/arm-plat-vexpress/export-ta_arm32/lib/libutee.a(tee_api.o)
                0x00001480                TEE_Malloc
 .text.TEE_Realloc
                0x000014b0       0x30 /home/rahulmahadev/devel/optee/optee_os/out/arm-plat-vexpress/export-ta_arm32/lib/libutee.a(tee_api.o)
                0x000014b0                TEE_Realloc
 .text.TEE_Free
                0x000014e0       0x28 /home/rahulmahadev/devel/optee/optee_os/out/arm-plat-vexpress/export-ta_arm32/lib/libutee.a(tee_api.o)
                0x000014e0                TEE_Free
 .text.TEE_CacheClean
                0x00001508       0x40 /home/rahulmahadev/devel/optee/optee_os/out/arm-plat-vexpress/export-ta_arm32/lib/libutee.a(tee_api.o)
                0x00001508                TEE_CacheClean
 .text.TEE_CacheFlush
                0x00001548       0x40 /home/rahulmahadev/devel/optee/optee_os/out/arm-plat-vexpress/export-ta_arm32/lib/libutee.a(tee_api.o)
                0x00001548                TEE_CacheFlush
 .text.TEE_CacheInvalidate
                0x00001588       0x40 /home/rahulmahadev/devel/optee/optee_os/out/arm-plat-vexpress/export-ta_arm32/lib/libutee.a(tee_api.o)
                0x00001588                TEE_CacheInvalidate
 .text.__utee_from_attr
                0x000015c8      0x134 /home/rahulmahadev/devel/optee/optee_os/out/arm-plat-vexpress/export-ta_arm32/lib/libutee.a(tee_api_objects.o)
                0x000015c8                __utee_from_attr
 .text.TEE_GetObjectInfo
                0x000016fc       0xb8 /home/rahulmahadev/devel/optee/optee_os/out/arm-plat-vexpress/export-ta_arm32/lib/libutee.a(tee_api_objects.o)
                0x000016fc                TEE_GetObjectInfo
 .text.TEE_GetObjectInfo1
                0x000017b4       0x98 /home/rahulmahadev/devel/optee/optee_os/out/arm-plat-vexpress/export-ta_arm32/lib/libutee.a(tee_api_objects.o)
                0x000017b4                TEE_GetObjectInfo1
 .text.TEE_RestrictObjectUsage
                0x0000184c       0x9c /home/rahulmahadev/devel/optee/optee_os/out/arm-plat-vexpress/export-ta_arm32/lib/libutee.a(tee_api_objects.o)
                0x0000184c                TEE_RestrictObjectUsage
 .text.TEE_RestrictObjectUsage1
                0x000018e8       0x98 /home/rahulmahadev/devel/optee/optee_os/out/arm-plat-vexpress/export-ta_arm32/lib/libutee.a(tee_api_objects.o)
                0x000018e8                TEE_RestrictObjectUsage1
 .text.TEE_GetObjectBufferAttribute
                0x00001980      0x108 /home/rahulmahadev/devel/optee/optee_os/out/arm-plat-vexpress/export-ta_arm32/lib/libutee.a(tee_api_objects.o)
                0x00001980                TEE_GetObjectBufferAttribute
 .text.TEE_GetObjectValueAttribute
                0x00001a88      0x140 /home/rahulmahadev/devel/optee/optee_os/out/arm-plat-vexpress/export-ta_arm32/lib/libutee.a(tee_api_objects.o)
                0x00001a88                TEE_GetObjectValueAttribute
 .text.TEE_CloseObject
                0x00001bc8       0x80 /home/rahulmahadev/devel/optee/optee_os/out/arm-plat-vexpress/export-ta_arm32/lib/libutee.a(tee_api_objects.o)
                0x00001bc8                TEE_CloseObject
 .text.TEE_AllocateTransientObject
                0x00001c48       0xb0 /home/rahulmahadev/devel/optee/optee_os/out/arm-plat-vexpress/export-ta_arm32/lib/libutee.a(tee_api_objects.o)
                0x00001c48                TEE_AllocateTransientObject
 .text.TEE_FreeTransientObject
                0x00001cf8      0x10c /home/rahulmahadev/devel/optee/optee_os/out/arm-plat-vexpress/export-ta_arm32/lib/libutee.a(tee_api_objects.o)
                0x00001cf8                TEE_FreeTransientObject
 .text.TEE_ResetTransientObject
                0x00001e04      0x10c /home/rahulmahadev/devel/optee/optee_os/out/arm-plat-vexpress/export-ta_arm32/lib/libutee.a(tee_api_objects.o)
                0x00001e04                TEE_ResetTransientObject
 .text.TEE_PopulateTransientObject
                0x00001f10      0x218 /home/rahulmahadev/devel/optee/optee_os/out/arm-plat-vexpress/export-ta_arm32/lib/libutee.a(tee_api_objects.o)
                0x00001f10                TEE_PopulateTransientObject
 .text.TEE_InitRefAttribute
                0x00002128       0xbc /home/rahulmahadev/devel/optee/optee_os/out/arm-plat-vexpress/export-ta_arm32/lib/libutee.a(tee_api_objects.o)
                0x00002128                TEE_InitRefAttribute
 .text.TEE_InitValueAttribute
                0x000021e4       0xbc /home/rahulmahadev/devel/optee/optee_os/out/arm-plat-vexpress/export-ta_arm32/lib/libutee.a(tee_api_objects.o)
                0x000021e4                TEE_InitValueAttribute
 .text.TEE_CopyObjectAttributes
                0x000022a0       0x9c /home/rahulmahadev/devel/optee/optee_os/out/arm-plat-vexpress/export-ta_arm32/lib/libutee.a(tee_api_objects.o)
                0x000022a0                TEE_CopyObjectAttributes
 .text.TEE_CopyObjectAttributes1
                0x0000233c      0x18c /home/rahulmahadev/devel/optee/optee_os/out/arm-plat-vexpress/export-ta_arm32/lib/libutee.a(tee_api_objects.o)
                0x0000233c                TEE_CopyObjectAttributes1
 .text.TEE_GenerateKey
                0x000024c8      0x15c /home/rahulmahadev/devel/optee/optee_os/out/arm-plat-vexpress/export-ta_arm32/lib/libutee.a(tee_api_objects.o)
                0x000024c8                TEE_GenerateKey
 .text.TEE_OpenPersistentObject
                0x00002624      0x128 /home/rahulmahadev/devel/optee/optee_os/out/arm-plat-vexpress/export-ta_arm32/lib/libutee.a(tee_api_objects.o)
                0x00002624                TEE_OpenPersistentObject
 .text.TEE_CreatePersistentObject
                0x0000274c      0x144 /home/rahulmahadev/devel/optee/optee_os/out/arm-plat-vexpress/export-ta_arm32/lib/libutee.a(tee_api_objects.o)
                0x0000274c                TEE_CreatePersistentObject
 .text.TEE_CloseAndDeletePersistentObject
                0x00002890       0x7c /home/rahulmahadev/devel/optee/optee_os/out/arm-plat-vexpress/export-ta_arm32/lib/libutee.a(tee_api_objects.o)
                0x00002890                TEE_CloseAndDeletePersistentObject
 .text.TEE_CloseAndDeletePersistentObject1
                0x0000290c       0x98 /home/rahulmahadev/devel/optee/optee_os/out/arm-plat-vexpress/export-ta_arm32/lib/libutee.a(tee_api_objects.o)
                0x0000290c                TEE_CloseAndDeletePersistentObject1
 .text.TEE_RenamePersistentObject
                0x000029a4       0xe4 /home/rahulmahadev/devel/optee/optee_os/out/arm-plat-vexpress/export-ta_arm32/lib/libutee.a(tee_api_objects.o)
                0x000029a4                TEE_RenamePersistentObject
 .text.TEE_AllocatePersistentObjectEnumerator
                0x00002a88       0xb0 /home/rahulmahadev/devel/optee/optee_os/out/arm-plat-vexpress/export-ta_arm32/lib/libutee.a(tee_api_objects.o)
                0x00002a88                TEE_AllocatePersistentObjectEnumerator
 .text.TEE_FreePersistentObjectEnumerator
                0x00002b38       0x80 /home/rahulmahadev/devel/optee/optee_os/out/arm-plat-vexpress/export-ta_arm32/lib/libutee.a(tee_api_objects.o)
                0x00002b38                TEE_FreePersistentObjectEnumerator
 .text.TEE_ResetPersistentObjectEnumerator
                0x00002bb8       0x80 /home/rahulmahadev/devel/optee/optee_os/out/arm-plat-vexpress/export-ta_arm32/lib/libutee.a(tee_api_objects.o)
                0x00002bb8                TEE_ResetPersistentObjectEnumerator
 .text.TEE_StartPersistentObjectEnumerator
                0x00002c38       0xb8 /home/rahulmahadev/devel/optee/optee_os/out/arm-plat-vexpress/export-ta_arm32/lib/libutee.a(tee_api_objects.o)
                0x00002c38                TEE_StartPersistentObjectEnumerator
 .text.TEE_GetNextPersistentObject
                0x00002cf0       0xec /home/rahulmahadev/devel/optee/optee_os/out/arm-plat-vexpress/export-ta_arm32/lib/libutee.a(tee_api_objects.o)
                0x00002cf0                TEE_GetNextPersistentObject
 .text.TEE_ReadObjectData
                0x00002ddc       0xcc /home/rahulmahadev/devel/optee/optee_os/out/arm-plat-vexpress/export-ta_arm32/lib/libutee.a(tee_api_objects.o)
                0x00002ddc                TEE_ReadObjectData
 .text.TEE_WriteObjectData
                0x00002ea8       0xcc /home/rahulmahadev/devel/optee/optee_os/out/arm-plat-vexpress/export-ta_arm32/lib/libutee.a(tee_api_objects.o)
                0x00002ea8                TEE_WriteObjectData
 .text.TEE_TruncateObjectData
                0x00002f74       0xbc /home/rahulmahadev/devel/optee/optee_os/out/arm-plat-vexpress/export-ta_arm32/lib/libutee.a(tee_api_objects.o)
                0x00002f74                TEE_TruncateObjectData
 .text.TEE_SeekObjectData
                0x00003030      0x13c /home/rahulmahadev/devel/optee/optee_os/out/arm-plat-vexpress/export-ta_arm32/lib/libutee.a(tee_api_objects.o)
                0x00003030                TEE_SeekObjectData
 .text.TEE_AllocateOperation
                0x0000316c      0x9ec /home/rahulmahadev/devel/optee/optee_os/out/arm-plat-vexpress/export-ta_arm32/lib/libutee.a(tee_api_operations.o)
                0x0000316c                TEE_AllocateOperation
 .text.TEE_FreeOperation
                0x00003b58       0xcc /home/rahulmahadev/devel/optee/optee_os/out/arm-plat-vexpress/export-ta_arm32/lib/libutee.a(tee_api_operations.o)
                0x00003b58                TEE_FreeOperation
 .text.TEE_GetOperationInfo
                0x00003c24       0xc8 /home/rahulmahadev/devel/optee/optee_os/out/arm-plat-vexpress/export-ta_arm32/lib/libutee.a(tee_api_operations.o)
                0x00003c24                TEE_GetOperationInfo
 .text.TEE_GetOperationInfoMultiple
                0x00003cec      0x1ec /home/rahulmahadev/devel/optee/optee_os/out/arm-plat-vexpress/export-ta_arm32/lib/libutee.a(tee_api_operations.o)
                0x00003cec                TEE_GetOperationInfoMultiple
 .text.TEE_ResetOperation
                0x00003ed8      0x120 /home/rahulmahadev/devel/optee/optee_os/out/arm-plat-vexpress/export-ta_arm32/lib/libutee.a(tee_api_operations.o)
                0x00003ed8                TEE_ResetOperation
 .text.TEE_SetOperationKey
                0x00003ff8      0x19c /home/rahulmahadev/devel/optee/optee_os/out/arm-plat-vexpress/export-ta_arm32/lib/libutee.a(tee_api_operations.o)
                0x00003ff8                TEE_SetOperationKey
 .text.TEE_SetOperationKey2
                0x00004194      0x28c /home/rahulmahadev/devel/optee/optee_os/out/arm-plat-vexpress/export-ta_arm32/lib/libutee.a(tee_api_operations.o)
                0x00004194                TEE_SetOperationKey2
 .text.TEE_CopyOperation
                0x00004420      0x260 /home/rahulmahadev/devel/optee/optee_os/out/arm-plat-vexpress/export-ta_arm32/lib/libutee.a(tee_api_operations.o)
                0x00004420                TEE_CopyOperation
 .text.init_hash_operation
                0x00004680       0x90 /home/rahulmahadev/devel/optee/optee_os/out/arm-plat-vexpress/export-ta_arm32/lib/libutee.a(tee_api_operations.o)
 .text.TEE_DigestUpdate
                0x00004710       0xd0 /home/rahulmahadev/devel/optee/optee_os/out/arm-plat-vexpress/export-ta_arm32/lib/libutee.a(tee_api_operations.o)
                0x00004710                TEE_DigestUpdate
 .text.TEE_DigestDoFinal
                0x000047e0      0x108 /home/rahulmahadev/devel/optee/optee_os/out/arm-plat-vexpress/export-ta_arm32/lib/libutee.a(tee_api_operations.o)
                0x000047e0                TEE_DigestDoFinal
 .text.TEE_CipherInit
                0x000048e8      0x16c /home/rahulmahadev/devel/optee/optee_os/out/arm-plat-vexpress/export-ta_arm32/lib/libutee.a(tee_api_operations.o)
                0x000048e8                TEE_CipherInit
 .text.tee_buffer_update
                0x00004a54      0x32c /home/rahulmahadev/devel/optee/optee_os/out/arm-plat-vexpress/export-ta_arm32/lib/libutee.a(tee_api_operations.o)
 .text.TEE_CipherUpdate
                0x00004d80      0x190 /home/rahulmahadev/devel/optee/optee_os/out/arm-plat-vexpress/export-ta_arm32/lib/libutee.a(tee_api_operations.o)
                0x00004d80                TEE_CipherUpdate
 .text.TEE_CipherDoFinal
                0x00004f10      0x25c /home/rahulmahadev/devel/optee/optee_os/out/arm-plat-vexpress/export-ta_arm32/lib/libutee.a(tee_api_operations.o)
                0x00004f10                TEE_CipherDoFinal
 .text.TEE_MACInit
                0x0000516c      0x11c /home/rahulmahadev/devel/optee/optee_os/out/arm-plat-vexpress/export-ta_arm32/lib/libutee.a(tee_api_operations.o)
                0x0000516c                TEE_MACInit
 .text.TEE_MACUpdate
                0x00005288      0x17c /home/rahulmahadev/devel/optee/optee_os/out/arm-plat-vexpress/export-ta_arm32/lib/libutee.a(tee_api_operations.o)
                0x00005288                TEE_MACUpdate
 .text.TEE_MACComputeFinal
                0x00005404      0x134 /home/rahulmahadev/devel/optee/optee_os/out/arm-plat-vexpress/export-ta_arm32/lib/libutee.a(tee_api_operations.o)
                0x00005404                TEE_MACComputeFinal
 .text.TEE_MACCompareFinal
                0x00005538      0x128 /home/rahulmahadev/devel/optee/optee_os/out/arm-plat-vexpress/export-ta_arm32/lib/libutee.a(tee_api_operations.o)
                0x00005538                TEE_MACCompareFinal
 .text.TEE_AEInit
                0x00005660      0x130 /home/rahulmahadev/devel/optee/optee_os/out/arm-plat-vexpress/export-ta_arm32/lib/libutee.a(tee_api_operations.o)
                0x00005660                TEE_AEInit
 .text.TEE_AEUpdateAAD
                0x00005790      0x148 /home/rahulmahadev/devel/optee/optee_os/out/arm-plat-vexpress/export-ta_arm32/lib/libutee.a(tee_api_operations.o)
                0x00005790                TEE_AEUpdateAAD
 .text.TEE_AEUpdate
                0x000058d8      0x14c /home/rahulmahadev/devel/optee/optee_os/out/arm-plat-vexpress/export-ta_arm32/lib/libutee.a(tee_api_operations.o)
                0x000058d8                TEE_AEUpdate
 .text.TEE_AEEncryptFinal
                0x00005a24      0x208 /home/rahulmahadev/devel/optee/optee_os/out/arm-plat-vexpress/export-ta_arm32/lib/libutee.a(tee_api_operations.o)
                0x00005a24                TEE_AEEncryptFinal
 .text.TEE_AEDecryptFinal
                0x00005c2c      0x1f4 /home/rahulmahadev/devel/optee/optee_os/out/arm-plat-vexpress/export-ta_arm32/lib/libutee.a(tee_api_operations.o)
                0x00005c2c                TEE_AEDecryptFinal
 .text.TEE_AsymmetricEncrypt
                0x00005e20      0x2d8 /home/rahulmahadev/devel/optee/optee_os/out/arm-plat-vexpress/export-ta_arm32/lib/libutee.a(tee_api_operations.o)
                0x00005e20                TEE_AsymmetricEncrypt
 .text.TEE_AsymmetricDecrypt
                0x000060f8      0x2d8 /home/rahulmahadev/devel/optee/optee_os/out/arm-plat-vexpress/export-ta_arm32/lib/libutee.a(tee_api_operations.o)
                0x000060f8                TEE_AsymmetricDecrypt
 .text.TEE_AsymmetricSignDigest
                0x000063d0      0x2c0 /home/rahulmahadev/devel/optee/optee_os/out/arm-plat-vexpress/export-ta_arm32/lib/libutee.a(tee_api_operations.o)
                0x000063d0                TEE_AsymmetricSignDigest
 .text.TEE_AsymmetricVerifyDigest
                0x00006690      0x2a8 /home/rahulmahadev/devel/optee/optee_os/out/arm-plat-vexpress/export-ta_arm32/lib/libutee.a(tee_api_operations.o)
                0x00006690                TEE_AsymmetricVerifyDigest
 .text.TEE_DeriveKey
                0x00006938      0x3c4 /home/rahulmahadev/devel/optee/optee_os/out/arm-plat-vexpress/export-ta_arm32/lib/libutee.a(tee_api_operations.o)
                0x00006938                TEE_DeriveKey
 .text.TEE_GenerateRandom
                0x00006cfc       0x74 /home/rahulmahadev/devel/optee/optee_os/out/arm-plat-vexpress/export-ta_arm32/lib/libutee.a(tee_api_operations.o)
                0x00006cfc                TEE_GenerateRandom
 .text.__TEE_Panic
                0x00006d70       0x20 /home/rahulmahadev/devel/optee/optee_os/out/arm-plat-vexpress/export-ta_arm32/lib/libutee.a(tee_api_panic.o)
                0x00006d70                __TEE_Panic
 .text.TEE_Panic
                0x00006d90       0x18 /home/rahulmahadev/devel/optee/optee_os/out/arm-plat-vexpress/export-ta_arm32/lib/libutee.a(tee_api_panic.o)
                0x00006d90                TEE_Panic
 .text.ta_header_save_params
                0x00006da8       0x70 /home/rahulmahadev/devel/optee/optee_os/out/arm-plat-vexpress/export-ta_arm32/lib/libutee.a(user_ta_entry.o)
 .text.ta_header_get_session
                0x00006e18       0x44 /home/rahulmahadev/devel/optee/optee_os/out/arm-plat-vexpress/export-ta_arm32/lib/libutee.a(user_ta_entry.o)
 .text.ta_header_add_session
                0x00006e5c      0x14c /home/rahulmahadev/devel/optee/optee_os/out/arm-plat-vexpress/export-ta_arm32/lib/libutee.a(user_ta_entry.o)
 .text.ta_header_remove_session
                0x00006fa8       0xb8 /home/rahulmahadev/devel/optee/optee_os/out/arm-plat-vexpress/export-ta_arm32/lib/libutee.a(user_ta_entry.o)
 .text.entry_open_session
                0x00007060       0xcc /home/rahulmahadev/devel/optee/optee_os/out/arm-plat-vexpress/export-ta_arm32/lib/libutee.a(user_ta_entry.o)
 .text.entry_close_session
                0x0000712c       0x68 /home/rahulmahadev/devel/optee/optee_os/out/arm-plat-vexpress/export-ta_arm32/lib/libutee.a(user_ta_entry.o)
 .text.entry_invoke_command
                0x00007194       0xa0 /home/rahulmahadev/devel/optee/optee_os/out/arm-plat-vexpress/export-ta_arm32/lib/libutee.a(user_ta_entry.o)
 .text.__utee_entry
                0x00007234       0xc4 /home/rahulmahadev/devel/optee/optee_os/out/arm-plat-vexpress/export-ta_arm32/lib/libutee.a(user_ta_entry.o)
                0x00007234                __utee_entry
 .text          0x000072f8      0x5f8 /home/rahulmahadev/devel/optee/optee_os/out/arm-plat-vexpress/export-ta_arm32/lib/libutee.a(utee_syscalls_a32.o)
                0x000072f8                utee_return
                0x0000730c                utee_log
                0x00007320                utee_panic
                0x00007334                utee_dummy
                0x00007348                utee_dummy_7args
                0x00007360                utee_nocall
                0x00007374                utee_get_property
                0x00007388                utee_open_ta_session
                0x000073a0                utee_close_ta_session
                0x000073b4                utee_invoke_ta_command
                0x000073cc                utee_get_cancellation_flag
                0x000073e0                utee_check_access_rights
                0x000073f4                utee_unmask_cancellation
                0x00007408                utee_mask_cancellation
                0x0000741c                utee_wait
                0x00007430                utee_get_time
                0x00007444                utee_set_ta_time
                0x00007458                utee_cryp_state_alloc
                0x00007470                utee_cryp_state_copy
                0x00007484                utee_cryp_state_free
                0x00007498                utee_hash_init
                0x000074ac                utee_hash_update
                0x000074c0                utee_hash_final
                0x000074d8                utee_cipher_init
                0x000074ec                utee_cipher_update
                0x00007504                utee_cipher_final
                0x0000751c                utee_cryp_obj_get_info
                0x00007530                utee_cryp_obj_restrict_usage
                0x00007544                utee_cryp_obj_get_attr
                0x00007558                utee_cryp_obj_alloc
                0x0000756c                utee_cryp_obj_close
                0x00007580                utee_cryp_obj_reset
                0x00007594                utee_cryp_obj_populate
                0x000075a8                utee_cryp_obj_copy
                0x000075bc                utee_cryp_derive_key
                0x000075d0                utee_cryp_random_number_generate
                0x000075e4                utee_authenc_init
                0x000075fc                utee_authenc_update_aad
                0x00007610                utee_authenc_update_payload
                0x00007628                utee_authenc_enc_final
                0x00007640                utee_authenc_dec_final
                0x00007658                utee_asymm_operate
                0x00007670                utee_asymm_verify
                0x00007688                utee_storage_obj_open
                0x000076a0                utee_storage_obj_create
                0x000076b8                utee_storage_obj_del
                0x000076cc                utee_storage_obj_rename
                0x000076e0                utee_storage_alloc_enum
                0x000076f4                utee_storage_free_enum
                0x00007708                utee_storage_reset_enum
                0x0000771c                utee_storage_start_enum
                0x00007730                utee_storage_next_enum
                0x00007744                utee_storage_obj_read
                0x00007758                utee_storage_obj_write
                0x0000776c                utee_storage_obj_trunc
                0x00007780                utee_storage_obj_seek
                0x00007794                utee_cryp_obj_generate_key
                0x000077a8                utee_se_service_open
                0x000077bc                utee_se_service_close
                0x000077d0                utee_se_service_get_readers
                0x000077e4                utee_se_reader_get_prop
                0x000077f8                utee_se_reader_get_name
                0x0000780c                utee_se_reader_open_session
                0x00007820                utee_se_reader_close_sessions
                0x00007834                utee_se_session_is_closed
                0x00007848                utee_se_session_get_atr
                0x0000785c                utee_se_session_open_channel
                0x00007874                utee_se_session_close
                0x00007888                utee_se_channel_select_next
                0x0000789c                utee_se_channel_get_select_resp
                0x000078b0                utee_se_channel_transmit
                0x000078c8                utee_se_channel_close
                0x000078dc                utee_cache_operation
 .text.buf_addr
                0x000078f0       0x20 /home/rahulmahadev/devel/optee/optee_os/out/arm-plat-vexpress/export-ta_arm32/lib/libutee.a(tee_user_mem.o)
 .text.buf_size
                0x00007910       0x28 /home/rahulmahadev/devel/optee/optee_os/out/arm-plat-vexpress/export-ta_arm32/lib/libutee.a(tee_user_mem.o)
 .text.elem_addr
                0x00007938       0x20 /home/rahulmahadev/devel/optee/optee_os/out/arm-plat-vexpress/export-ta_arm32/lib/libutee.a(tee_user_mem.o)
 .text.is_buffer_valid
                0x00007958       0x4c /home/rahulmahadev/devel/optee/optee_os/out/arm-plat-vexpress/export-ta_arm32/lib/libutee.a(tee_user_mem.o)
 .text.print_buf
                0x000079a4       0x7c /home/rahulmahadev/devel/optee/optee_os/out/arm-plat-vexpress/export-ta_arm32/lib/libutee.a(tee_user_mem.o)
 .text.heap_inc
                0x00007a20       0x60 /home/rahulmahadev/devel/optee/optee_os/out/arm-plat-vexpress/export-ta_arm32/lib/libutee.a(tee_user_mem.o)
 .text.heap_dec
                0x00007a80       0x64 /home/rahulmahadev/devel/optee/optee_os/out/arm-plat-vexpress/export-ta_arm32/lib/libutee.a(tee_user_mem.o)
 .text.check_elem_end
                0x00007ae4       0x74 /home/rahulmahadev/devel/optee/optee_os/out/arm-plat-vexpress/export-ta_arm32/lib/libutee.a(tee_user_mem.o)
 .text.check_elem
                0x00007b58      0x104 /home/rahulmahadev/devel/optee/optee_os/out/arm-plat-vexpress/export-ta_arm32/lib/libutee.a(tee_user_mem.o)
 .text.is_mem_coherent
                0x00007c5c       0x84 /home/rahulmahadev/devel/optee/optee_os/out/arm-plat-vexpress/export-ta_arm32/lib/libutee.a(tee_user_mem.o)
 .text.tee_user_mem_alloc
                0x00007ce0      0x180 /home/rahulmahadev/devel/optee/optee_os/out/arm-plat-vexpress/export-ta_arm32/lib/libutee.a(tee_user_mem.o)
                0x00007ce0                tee_user_mem_alloc
 .text.tee_user_mem_realloc
                0x00007e60       0xe8 /home/rahulmahadev/devel/optee/optee_os/out/arm-plat-vexpress/export-ta_arm32/lib/libutee.a(tee_user_mem.o)
                0x00007e60                tee_user_mem_realloc
 .text.tee_user_mem_free
                0x00007f48      0x150 /home/rahulmahadev/devel/optee/optee_os/out/arm-plat-vexpress/export-ta_arm32/lib/libutee.a(tee_user_mem.o)
                0x00007f48                tee_user_mem_free
 .text.tee_user_mem_mark_heap
                0x00008098       0x20 /home/rahulmahadev/devel/optee/optee_os/out/arm-plat-vexpress/export-ta_arm32/lib/libutee.a(tee_user_mem.o)
                0x00008098                tee_user_mem_mark_heap
 .text.tee_user_mem_check_heap
                0x000080b8       0x94 /home/rahulmahadev/devel/optee/optee_os/out/arm-plat-vexpress/export-ta_arm32/lib/libutee.a(tee_user_mem.o)
                0x000080b8                tee_user_mem_check_heap
 .text.tee_user_mem_status
                0x0000814c       0x88 /home/rahulmahadev/devel/optee/optee_os/out/arm-plat-vexpress/export-ta_arm32/lib/libutee.a(tee_user_mem.o)
 .text.tee_user_mem_garbage
                0x000081d4       0x4c /home/rahulmahadev/devel/optee/optee_os/out/arm-plat-vexpress/export-ta_arm32/lib/libutee.a(tee_user_mem.o)
                0x000081d4                tee_user_mem_garbage
 .text._assert_log
                0x00008220       0x5c /home/rahulmahadev/devel/optee/optee_os/out/arm-plat-vexpress/export-ta_arm32/lib/libutee.a(assert.o)
                0x00008220                _assert_log
 .text._assert_break
                0x0000827c       0x20 /home/rahulmahadev/devel/optee/optee_os/out/arm-plat-vexpress/export-ta_arm32/lib/libutee.a(assert.o)
                0x0000827c                _assert_break
 .text.TEE_BigInt_Panic
                0x0000829c       0x74 /home/rahulmahadev/devel/optee/optee_os/out/arm-plat-vexpress/export-ta_arm32/lib/libutee.a(tee_api_arith.o)
 .text._TEE_MathAPI_Init
                0x00008310       0x50 /home/rahulmahadev/devel/optee/optee_os/out/arm-plat-vexpress/export-ta_arm32/lib/libutee.a(tee_api_arith.o)
                0x00008310                _TEE_MathAPI_Init
 .text.TEE_BigIntInit
                0x00008360       0x2c /home/rahulmahadev/devel/optee/optee_os/out/arm-plat-vexpress/export-ta_arm32/lib/libutee.a(tee_api_arith.o)
                0x00008360                TEE_BigIntInit
 .text.TEE_BigIntInitFMM
                0x0000838c       0x40 /home/rahulmahadev/devel/optee/optee_os/out/arm-plat-vexpress/export-ta_arm32/lib/libutee.a(tee_api_arith.o)
                0x0000838c                TEE_BigIntInitFMM
 .text.TEE_BigIntInitFMMContext
                0x000083cc       0x68 /home/rahulmahadev/devel/optee/optee_os/out/arm-plat-vexpress/export-ta_arm32/lib/libutee.a(tee_api_arith.o)
                0x000083cc                TEE_BigIntInitFMMContext
 .text.TEE_BigIntFMMSizeInU32
                0x00008434       0x28 /home/rahulmahadev/devel/optee/optee_os/out/arm-plat-vexpress/export-ta_arm32/lib/libutee.a(tee_api_arith.o)
                0x00008434                TEE_BigIntFMMSizeInU32
 .text.TEE_BigIntFMMContextSizeInU32
                0x0000845c       0x30 /home/rahulmahadev/devel/optee/optee_os/out/arm-plat-vexpress/export-ta_arm32/lib/libutee.a(tee_api_arith.o)
                0x0000845c                TEE_BigIntFMMContextSizeInU32
 .text.TEE_BigIntConvertFromOctetString
                0x0000848c       0xb0 /home/rahulmahadev/devel/optee/optee_os/out/arm-plat-vexpress/export-ta_arm32/lib/libutee.a(tee_api_arith.o)
                0x0000848c                TEE_BigIntConvertFromOctetString
 .text.TEE_BigIntConvertToOctetString
                0x0000853c       0xb4 /home/rahulmahadev/devel/optee/optee_os/out/arm-plat-vexpress/export-ta_arm32/lib/libutee.a(tee_api_arith.o)
                0x0000853c                TEE_BigIntConvertToOctetString
 .text.TEE_BigIntConvertFromS32
                0x000085f0       0x30 /home/rahulmahadev/devel/optee/optee_os/out/arm-plat-vexpress/export-ta_arm32/lib/libutee.a(tee_api_arith.o)
                0x000085f0                TEE_BigIntConvertFromS32
 .text.TEE_BigIntConvertToS32
                0x00008620       0xa0 /home/rahulmahadev/devel/optee/optee_os/out/arm-plat-vexpress/export-ta_arm32/lib/libutee.a(tee_api_arith.o)
                0x00008620                TEE_BigIntConvertToS32
 .text.TEE_BigIntCmp
                0x000086c0       0x38 /home/rahulmahadev/devel/optee/optee_os/out/arm-plat-vexpress/export-ta_arm32/lib/libutee.a(tee_api_arith.o)
                0x000086c0                TEE_BigIntCmp
 .text.TEE_BigIntCmpS32
                0x000086f8       0x34 /home/rahulmahadev/devel/optee/optee_os/out/arm-plat-vexpress/export-ta_arm32/lib/libutee.a(tee_api_arith.o)
                0x000086f8                TEE_BigIntCmpS32
 .text.TEE_BigIntShiftRight
                0x0000872c       0x44 /home/rahulmahadev/devel/optee/optee_os/out/arm-plat-vexpress/export-ta_arm32/lib/libutee.a(tee_api_arith.o)
                0x0000872c                TEE_BigIntShiftRight
 .text.TEE_BigIntGetBit
                0x00008770       0x3c /home/rahulmahadev/devel/optee/optee_os/out/arm-plat-vexpress/export-ta_arm32/lib/libutee.a(tee_api_arith.o)
                0x00008770                TEE_BigIntGetBit
 .text.TEE_BigIntGetBitCount
                0x000087ac       0x34 /home/rahulmahadev/devel/optee/optee_os/out/arm-plat-vexpress/export-ta_arm32/lib/libutee.a(tee_api_arith.o)
                0x000087ac                TEE_BigIntGetBitCount
 .text.TEE_BigIntAdd
                0x000087e0       0x50 /home/rahulmahadev/devel/optee/optee_os/out/arm-plat-vexpress/export-ta_arm32/lib/libutee.a(tee_api_arith.o)
                0x000087e0                TEE_BigIntAdd
 .text.TEE_BigIntSub
                0x00008830       0x50 /home/rahulmahadev/devel/optee/optee_os/out/arm-plat-vexpress/export-ta_arm32/lib/libutee.a(tee_api_arith.o)
                0x00008830                TEE_BigIntSub
 .text.TEE_BigIntNeg
                0x00008880       0x34 /home/rahulmahadev/devel/optee/optee_os/out/arm-plat-vexpress/export-ta_arm32/lib/libutee.a(tee_api_arith.o)
                0x00008880                TEE_BigIntNeg
 .text.TEE_BigIntMul
                0x000088b4       0x50 /home/rahulmahadev/devel/optee/optee_os/out/arm-plat-vexpress/export-ta_arm32/lib/libutee.a(tee_api_arith.o)
                0x000088b4                TEE_BigIntMul
 .text.TEE_BigIntSquare
                0x00008904       0x48 /home/rahulmahadev/devel/optee/optee_os/out/arm-plat-vexpress/export-ta_arm32/lib/libutee.a(tee_api_arith.o)
                0x00008904                TEE_BigIntSquare
 .text.TEE_BigIntDiv
                0x0000894c       0x84 /home/rahulmahadev/devel/optee/optee_os/out/arm-plat-vexpress/export-ta_arm32/lib/libutee.a(tee_api_arith.o)
                0x0000894c                TEE_BigIntDiv
 .text.TEE_BigIntMod
                0x000089d0       0xa8 /home/rahulmahadev/devel/optee/optee_os/out/arm-plat-vexpress/export-ta_arm32/lib/libutee.a(tee_api_arith.o)
                0x000089d0                TEE_BigIntMod
 .text.TEE_BigIntAddMod
                0x00008a78       0xb4 /home/rahulmahadev/devel/optee/optee_os/out/arm-plat-vexpress/export-ta_arm32/lib/libutee.a(tee_api_arith.o)
                0x00008a78                TEE_BigIntAddMod
 .text.TEE_BigIntSubMod
                0x00008b2c       0xb4 /home/rahulmahadev/devel/optee/optee_os/out/arm-plat-vexpress/export-ta_arm32/lib/libutee.a(tee_api_arith.o)
                0x00008b2c                TEE_BigIntSubMod
 .text.TEE_BigIntMulMod
                0x00008be0       0xfc /home/rahulmahadev/devel/optee/optee_os/out/arm-plat-vexpress/export-ta_arm32/lib/libutee.a(tee_api_arith.o)
                0x00008be0                TEE_BigIntMulMod
 .text.TEE_BigIntSquareMod
                0x00008cdc       0x34 /home/rahulmahadev/devel/optee/optee_os/out/arm-plat-vexpress/export-ta_arm32/lib/libutee.a(tee_api_arith.o)
                0x00008cdc                TEE_BigIntSquareMod
 .text.TEE_BigIntInvMod
                0x00008d10       0x90 /home/rahulmahadev/devel/optee/optee_os/out/arm-plat-vexpress/export-ta_arm32/lib/libutee.a(tee_api_arith.o)
                0x00008d10                TEE_BigIntInvMod
 .text.TEE_BigIntRelativePrime
                0x00008da0       0xa4 /home/rahulmahadev/devel/optee/optee_os/out/arm-plat-vexpress/export-ta_arm32/lib/libutee.a(tee_api_arith.o)
                0x00008da0                TEE_BigIntRelativePrime
 .text.TEE_BigIntComputeExtendedGcd
                0x00008e44       0x60 /home/rahulmahadev/devel/optee/optee_os/out/arm-plat-vexpress/export-ta_arm32/lib/libutee.a(tee_api_arith.o)
                0x00008e44                TEE_BigIntComputeExtendedGcd
 .text.TEE_BigIntIsProbablePrime
                0x00008ea4       0x64 /home/rahulmahadev/devel/optee/optee_os/out/arm-plat-vexpress/export-ta_arm32/lib/libutee.a(tee_api_arith.o)
                0x00008ea4                TEE_BigIntIsProbablePrime
 .text.TEE_BigIntConvertToFMM
                0x00008f08       0x64 /home/rahulmahadev/devel/optee/optee_os/out/arm-plat-vexpress/export-ta_arm32/lib/libutee.a(tee_api_arith.o)
                0x00008f08                TEE_BigIntConvertToFMM
 .text.TEE_BigIntConvertFromFMM
                0x00008f6c       0xb4 /home/rahulmahadev/devel/optee/optee_os/out/arm-plat-vexpress/export-ta_arm32/lib/libutee.a(tee_api_arith.o)
                0x00008f6c                TEE_BigIntConvertFromFMM
 .text.TEE_BigIntComputeFMM
                0x00009020       0x64 /home/rahulmahadev/devel/optee/optee_os/out/arm-plat-vexpress/export-ta_arm32/lib/libutee.a(tee_api_arith.o)
                0x00009020                TEE_BigIntComputeFMM
 .text.utee_get_ta_exec_id
                0x00009084       0x14 /home/rahulmahadev/devel/optee/optee_os/out/arm-plat-vexpress/export-ta_arm32/lib/libutee.a(utee_misc.o)
                0x00009084                utee_get_ta_exec_id
 .text.utee_malloc
                0x00009098       0x2c /home/rahulmahadev/devel/optee/optee_os/out/arm-plat-vexpress/export-ta_arm32/lib/libutee.a(utee_misc.o)
                0x00009098                utee_malloc
 .text.utee_realloc
                0x000090c4       0x30 /home/rahulmahadev/devel/optee/optee_os/out/arm-plat-vexpress/export-ta_arm32/lib/libutee.a(utee_misc.o)
                0x000090c4                utee_realloc
 .text.utee_calloc
                0x000090f4       0x30 /home/rahulmahadev/devel/optee/optee_os/out/arm-plat-vexpress/export-ta_arm32/lib/libutee.a(utee_misc.o)
                0x000090f4                utee_calloc
 .text.utee_free
                0x00009124       0x28 /home/rahulmahadev/devel/optee/optee_os/out/arm-plat-vexpress/export-ta_arm32/lib/libutee.a(utee_misc.o)
                0x00009124                utee_free
 .text.get_rng_array
                0x0000914c       0x30 /home/rahulmahadev/devel/optee/optee_os/out/arm-plat-vexpress/export-ta_arm32/lib/libutee.a(utee_misc.o)
                0x0000914c                get_rng_array
 .text.trace_ext_puts
                0x0000917c       0x44 /home/rahulmahadev/devel/optee/optee_os/out/arm-plat-vexpress/export-ta_arm32/lib/libutee.a(trace_ext.o)
                0x0000917c                trace_ext_puts
 .text.trace_ext_get_thread_id
                0x000091c0       0x14 /home/rahulmahadev/devel/optee/optee_os/out/arm-plat-vexpress/export-ta_arm32/lib/libutee.a(trace_ext.o)
                0x000091c0                trace_ext_get_thread_id
 .text.printf   0x000091d4      0x120 /home/rahulmahadev/devel/optee/optee_os/out/arm-plat-vexpress/export-ta_arm32/lib/libutee.a(trace_ext.o)
                0x000091d4                printf
 .text.puts     0x000092f4       0x3c /home/rahulmahadev/devel/optee/optee_os/out/arm-plat-vexpress/export-ta_arm32/lib/libutee.a(trace_ext.o)
                0x000092f4                puts
 .text.bget     0x00009330      0x210 /home/rahulmahadev/devel/optee/optee_os/out/arm-plat-vexpress/export-ta_arm32/lib/libutils.a(bget_malloc.o)
                0x00009330                bget
 .text.bgetz    0x00009540       0xbc /home/rahulmahadev/devel/optee/optee_os/out/arm-plat-vexpress/export-ta_arm32/lib/libutils.a(bget_malloc.o)
                0x00009540                bgetz
 .text.bgetr    0x000095fc       0xc4 /home/rahulmahadev/devel/optee/optee_os/out/arm-plat-vexpress/export-ta_arm32/lib/libutils.a(bget_malloc.o)
                0x000095fc                bgetr
 .text.brel     0x000096c0      0x2f4 /home/rahulmahadev/devel/optee/optee_os/out/arm-plat-vexpress/export-ta_arm32/lib/libutils.a(bget_malloc.o)
                0x000096c0                brel
 .text.bpool    0x000099b4      0x140 /home/rahulmahadev/devel/optee/optee_os/out/arm-plat-vexpress/export-ta_arm32/lib/libutils.a(bget_malloc.o)
                0x000099b4                bpool
 .text.malloc_lock
                0x00009af4       0x10 /home/rahulmahadev/devel/optee/optee_os/out/arm-plat-vexpress/export-ta_arm32/lib/libutils.a(bget_malloc.o)
 .text.malloc_unlock
                0x00009b04       0x10 /home/rahulmahadev/devel/optee/optee_os/out/arm-plat-vexpress/export-ta_arm32/lib/libutils.a(bget_malloc.o)
 .text.raw_malloc_save_max_alloced_size
                0x00009b14       0x10 /home/rahulmahadev/devel/optee/optee_os/out/arm-plat-vexpress/export-ta_arm32/lib/libutils.a(bget_malloc.o)
 .text.malloc_reset_max_allocated
                0x00009b24       0x10 /home/rahulmahadev/devel/optee/optee_os/out/arm-plat-vexpress/export-ta_arm32/lib/libutils.a(bget_malloc.o)
                0x00009b24                malloc_reset_max_allocated
 .text.malloc_get_max_allocated
                0x00009b34       0x14 /home/rahulmahadev/devel/optee/optee_os/out/arm-plat-vexpress/export-ta_arm32/lib/libutils.a(bget_malloc.o)
                0x00009b34                malloc_get_max_allocated
 .text.malloc_get_allocated
                0x00009b48       0x14 /home/rahulmahadev/devel/optee/optee_os/out/arm-plat-vexpress/export-ta_arm32/lib/libutils.a(bget_malloc.o)
                0x00009b48                malloc_get_allocated
 .text.malloc_get_heap_size
                0x00009b5c       0x68 /home/rahulmahadev/devel/optee/optee_os/out/arm-plat-vexpress/export-ta_arm32/lib/libutils.a(bget_malloc.o)
                0x00009b5c                malloc_get_heap_size
 .text.raw_malloc_validate_pools
                0x00009bc4       0x10 /home/rahulmahadev/devel/optee/optee_os/out/arm-plat-vexpress/export-ta_arm32/lib/libutils.a(bget_malloc.o)
 .text.bpool_foreach_iterator_init
                0x00009bd4       0x30 /home/rahulmahadev/devel/optee/optee_os/out/arm-plat-vexpress/export-ta_arm32/lib/libutils.a(bget_malloc.o)
 .text.bpool_foreach_pool
                0x00009c04       0xf4 /home/rahulmahadev/devel/optee/optee_os/out/arm-plat-vexpress/export-ta_arm32/lib/libutils.a(bget_malloc.o)
 .text.bpool_foreach
                0x00009cf8       0x90 /home/rahulmahadev/devel/optee/optee_os/out/arm-plat-vexpress/export-ta_arm32/lib/libutils.a(bget_malloc.o)
 .text.raw_malloc
                0x00009d88       0x68 /home/rahulmahadev/devel/optee/optee_os/out/arm-plat-vexpress/export-ta_arm32/lib/libutils.a(bget_malloc.o)
 .text.raw_free
                0x00009df0       0x30 /home/rahulmahadev/devel/optee/optee_os/out/arm-plat-vexpress/export-ta_arm32/lib/libutils.a(bget_malloc.o)
 .text.raw_calloc
                0x00009e20       0x78 /home/rahulmahadev/devel/optee/optee_os/out/arm-plat-vexpress/export-ta_arm32/lib/libutils.a(bget_malloc.o)
 .text.raw_realloc
                0x00009e98       0x6c /home/rahulmahadev/devel/optee/optee_os/out/arm-plat-vexpress/export-ta_arm32/lib/libutils.a(bget_malloc.o)
 .text.create_free_block
                0x00009f04      0x178 /home/rahulmahadev/devel/optee/optee_os/out/arm-plat-vexpress/export-ta_arm32/lib/libutils.a(bget_malloc.o)
 .text.brel_before
                0x0000a07c      0x130 /home/rahulmahadev/devel/optee/optee_os/out/arm-plat-vexpress/export-ta_arm32/lib/libutils.a(bget_malloc.o)
 .text.brel_after
                0x0000a1ac      0x1f4 /home/rahulmahadev/devel/optee/optee_os/out/arm-plat-vexpress/export-ta_arm32/lib/libutils.a(bget_malloc.o)
 .text.raw_memalign
                0x0000a3a0      0x184 /home/rahulmahadev/devel/optee/optee_os/out/arm-plat-vexpress/export-ta_arm32/lib/libutils.a(bget_malloc.o)
 .text.bget_buf_size
                0x0000a524       0x78 /home/rahulmahadev/devel/optee/optee_os/out/arm-plat-vexpress/export-ta_arm32/lib/libutils.a(bget_malloc.o)
 .text.malloc   0x0000a59c       0x40 /home/rahulmahadev/devel/optee/optee_os/out/arm-plat-vexpress/export-ta_arm32/lib/libutils.a(bget_malloc.o)
                0x0000a59c                malloc
 .text.free     0x0000a5dc       0x34 /home/rahulmahadev/devel/optee/optee_os/out/arm-plat-vexpress/export-ta_arm32/lib/libutils.a(bget_malloc.o)
                0x0000a5dc                free
 .text.calloc   0x0000a610       0x50 /home/rahulmahadev/devel/optee/optee_os/out/arm-plat-vexpress/export-ta_arm32/lib/libutils.a(bget_malloc.o)
                0x0000a610                calloc
 .text.realloc_unlocked
                0x0000a660       0x3c /home/rahulmahadev/devel/optee/optee_os/out/arm-plat-vexpress/export-ta_arm32/lib/libutils.a(bget_malloc.o)
 .text.realloc  0x0000a69c       0x3c /home/rahulmahadev/devel/optee/optee_os/out/arm-plat-vexpress/export-ta_arm32/lib/libutils.a(bget_malloc.o)
                0x0000a69c                realloc
 .text.memalign
                0x0000a6d8       0x50 /home/rahulmahadev/devel/optee/optee_os/out/arm-plat-vexpress/export-ta_arm32/lib/libutils.a(bget_malloc.o)
                0x0000a6d8                memalign
 .text.get_payload_start_size
                0x0000a728       0x2c /home/rahulmahadev/devel/optee/optee_os/out/arm-plat-vexpress/export-ta_arm32/lib/libutils.a(bget_malloc.o)
 .text.malloc_add_pool
                0x0000a754      0x160 /home/rahulmahadev/devel/optee/optee_os/out/arm-plat-vexpress/export-ta_arm32/lib/libutils.a(bget_malloc.o)
                0x0000a754                malloc_add_pool
 .text.malloc_buffer_is_within_alloced
                0x0000a8b4       0xbc /home/rahulmahadev/devel/optee/optee_os/out/arm-plat-vexpress/export-ta_arm32/lib/libutils.a(bget_malloc.o)
                0x0000a8b4                malloc_buffer_is_within_alloced
 .text.malloc_buffer_overlaps_heap
                0x0000a970       0xc8 /home/rahulmahadev/devel/optee/optee_os/out/arm-plat-vexpress/export-ta_arm32/lib/libutils.a(bget_malloc.o)
                0x0000a970                malloc_buffer_overlaps_heap
 .text.snprintf
                0x0000aa38       0x54 /home/rahulmahadev/devel/optee/optee_os/out/arm-plat-vexpress/export-ta_arm32/lib/libutils.a(snprintf.o)
                0x0000aa38                snprintf
 .text.vsnprintf
                0x0000aa8c       0x48 /home/rahulmahadev/devel/optee/optee_os/out/arm-plat-vexpress/export-ta_arm32/lib/libutils.a(snprintf.o)
                0x0000aa8c                vsnprintf
 .text.memcmp   0x0000aad4       0xb8 /home/rahulmahadev/devel/optee/optee_os/out/arm-plat-vexpress/export-ta_arm32/lib/libutils.a(memcmp.o)
                0x0000aad4                memcmp
 .text.memcpy   0x0000ab8c       0xf4 /home/rahulmahadev/devel/optee/optee_os/out/arm-plat-vexpress/export-ta_arm32/lib/libutils.a(memcpy.o)
                0x0000ab8c                memcpy
 .text.memmove  0x0000ac80      0x140 /home/rahulmahadev/devel/optee/optee_os/out/arm-plat-vexpress/export-ta_arm32/lib/libutils.a(memmove.o)
                0x0000ac80                memmove
 .text.memset   0x0000adc0      0x11c /home/rahulmahadev/devel/optee/optee_os/out/arm-plat-vexpress/export-ta_arm32/lib/libutils.a(memset.o)
                0x0000adc0                memset
 .text.strcmp   0x0000aedc       0xb0 /home/rahulmahadev/devel/optee/optee_os/out/arm-plat-vexpress/export-ta_arm32/lib/libutils.a(strcmp.o)
                0x0000aedc                strcmp
 .text.strlen   0x0000af8c       0x8c /home/rahulmahadev/devel/optee/optee_os/out/arm-plat-vexpress/export-ta_arm32/lib/libutils.a(strlen.o)
                0x0000af8c                strlen
 .text.f32_to_f
                0x0000b018       0x20 /home/rahulmahadev/devel/optee/optee_os/out/arm-plat-vexpress/export-ta_arm32/lib/libutils.a(arm32_aeabi_softfloat.o)
 .text.f32_from_f
                0x0000b038       0x20 /home/rahulmahadev/devel/optee/optee_os/out/arm-plat-vexpress/export-ta_arm32/lib/libutils.a(arm32_aeabi_softfloat.o)
 .text.f64_to_d
                0x0000b058       0x2c /home/rahulmahadev/devel/optee/optee_os/out/arm-plat-vexpress/export-ta_arm32/lib/libutils.a(arm32_aeabi_softfloat.o)
 .text.f64_from_d
                0x0000b084       0x30 /home/rahulmahadev/devel/optee/optee_os/out/arm-plat-vexpress/export-ta_arm32/lib/libutils.a(arm32_aeabi_softfloat.o)
 .text.__aeabi_dadd
                0x0000b0b4       0x84 /home/rahulmahadev/devel/optee/optee_os/out/arm-plat-vexpress/export-ta_arm32/lib/libutils.a(arm32_aeabi_softfloat.o)
                0x0000b0b4                __aeabi_dadd
 .text.__aeabi_ddiv
                0x0000b138       0x84 /home/rahulmahadev/devel/optee/optee_os/out/arm-plat-vexpress/export-ta_arm32/lib/libutils.a(arm32_aeabi_softfloat.o)
                0x0000b138                __aeabi_ddiv
 .text.__aeabi_dmul
                0x0000b1bc       0x84 /home/rahulmahadev/devel/optee/optee_os/out/arm-plat-vexpress/export-ta_arm32/lib/libutils.a(arm32_aeabi_softfloat.o)
                0x0000b1bc                __aeabi_dmul
 .text.__aeabi_drsub
                0x0000b240       0x84 /home/rahulmahadev/devel/optee/optee_os/out/arm-plat-vexpress/export-ta_arm32/lib/libutils.a(arm32_aeabi_softfloat.o)
                0x0000b240                __aeabi_drsub
 .text.__aeabi_dsub
                0x0000b2c4       0x84 /home/rahulmahadev/devel/optee/optee_os/out/arm-plat-vexpress/export-ta_arm32/lib/libutils.a(arm32_aeabi_softfloat.o)
                0x0000b2c4                __aeabi_dsub
 .text.__aeabi_dcmpeq
                0x0000b348       0x68 /home/rahulmahadev/devel/optee/optee_os/out/arm-plat-vexpress/export-ta_arm32/lib/libutils.a(arm32_aeabi_softfloat.o)
                0x0000b348                __aeabi_dcmpeq
 .text.__aeabi_dcmplt
                0x0000b3b0       0x68 /home/rahulmahadev/devel/optee/optee_os/out/arm-plat-vexpress/export-ta_arm32/lib/libutils.a(arm32_aeabi_softfloat.o)
                0x0000b3b0                __aeabi_dcmplt
 .text.__aeabi_dcmple
                0x0000b418       0x68 /home/rahulmahadev/devel/optee/optee_os/out/arm-plat-vexpress/export-ta_arm32/lib/libutils.a(arm32_aeabi_softfloat.o)
                0x0000b418                __aeabi_dcmple
 .text.__aeabi_dcmpge
                0x0000b480       0x68 /home/rahulmahadev/devel/optee/optee_os/out/arm-plat-vexpress/export-ta_arm32/lib/libutils.a(arm32_aeabi_softfloat.o)
                0x0000b480                __aeabi_dcmpge
 .text.__aeabi_dcmpgt
                0x0000b4e8       0x68 /home/rahulmahadev/devel/optee/optee_os/out/arm-plat-vexpress/export-ta_arm32/lib/libutils.a(arm32_aeabi_softfloat.o)
                0x0000b4e8                __aeabi_dcmpgt
 .text.__aeabi_fadd
                0x0000b550       0x64 /home/rahulmahadev/devel/optee/optee_os/out/arm-plat-vexpress/export-ta_arm32/lib/libutils.a(arm32_aeabi_softfloat.o)
                0x0000b550                __aeabi_fadd
 .text.__aeabi_fdiv
                0x0000b5b4       0x64 /home/rahulmahadev/devel/optee/optee_os/out/arm-plat-vexpress/export-ta_arm32/lib/libutils.a(arm32_aeabi_softfloat.o)
                0x0000b5b4                __aeabi_fdiv
 .text.__aeabi_fmul
                0x0000b618       0x64 /home/rahulmahadev/devel/optee/optee_os/out/arm-plat-vexpress/export-ta_arm32/lib/libutils.a(arm32_aeabi_softfloat.o)
                0x0000b618                __aeabi_fmul
 .text.__aeabi_frsub
                0x0000b67c       0x64 /home/rahulmahadev/devel/optee/optee_os/out/arm-plat-vexpress/export-ta_arm32/lib/libutils.a(arm32_aeabi_softfloat.o)
                0x0000b67c                __aeabi_frsub
 .text.__aeabi_fsub
                0x0000b6e0       0x64 /home/rahulmahadev/devel/optee/optee_os/out/arm-plat-vexpress/export-ta_arm32/lib/libutils.a(arm32_aeabi_softfloat.o)
                0x0000b6e0                __aeabi_fsub
 .text.__aeabi_fcmpeq
                0x0000b744       0x54 /home/rahulmahadev/devel/optee/optee_os/out/arm-plat-vexpress/export-ta_arm32/lib/libutils.a(arm32_aeabi_softfloat.o)
                0x0000b744                __aeabi_fcmpeq
 .text.__aeabi_fcmplt
                0x0000b798       0x54 /home/rahulmahadev/devel/optee/optee_os/out/arm-plat-vexpress/export-ta_arm32/lib/libutils.a(arm32_aeabi_softfloat.o)
                0x0000b798                __aeabi_fcmplt
 .text.__aeabi_fcmple
                0x0000b7ec       0x54 /home/rahulmahadev/devel/optee/optee_os/out/arm-plat-vexpress/export-ta_arm32/lib/libutils.a(arm32_aeabi_softfloat.o)
                0x0000b7ec                __aeabi_fcmple
 .text.__aeabi_fcmpge
                0x0000b840       0x54 /home/rahulmahadev/devel/optee/optee_os/out/arm-plat-vexpress/export-ta_arm32/lib/libutils.a(arm32_aeabi_softfloat.o)
                0x0000b840                __aeabi_fcmpge
 .text.__aeabi_fcmpgt
                0x0000b894       0x54 /home/rahulmahadev/devel/optee/optee_os/out/arm-plat-vexpress/export-ta_arm32/lib/libutils.a(arm32_aeabi_softfloat.o)
                0x0000b894                __aeabi_fcmpgt
 .text.__aeabi_d2iz
                0x0000b8e8       0x54 /home/rahulmahadev/devel/optee/optee_os/out/arm-plat-vexpress/export-ta_arm32/lib/libutils.a(arm32_aeabi_softfloat.o)
                0x0000b8e8                __aeabi_d2iz
 .text.__aeabi_d2uiz
                0x0000b93c       0x54 /home/rahulmahadev/devel/optee/optee_os/out/arm-plat-vexpress/export-ta_arm32/lib/libutils.a(arm32_aeabi_softfloat.o)
                0x0000b93c                __aeabi_d2uiz
 .text.__aeabi_d2lz
                0x0000b990       0x58 /home/rahulmahadev/devel/optee/optee_os/out/arm-plat-vexpress/export-ta_arm32/lib/libutils.a(arm32_aeabi_softfloat.o)
                0x0000b990                __aeabi_d2lz
 .text.__aeabi_d2ulz
                0x0000b9e8       0x58 /home/rahulmahadev/devel/optee/optee_os/out/arm-plat-vexpress/export-ta_arm32/lib/libutils.a(arm32_aeabi_softfloat.o)
                0x0000b9e8                __aeabi_d2ulz
 .text.__aeabi_f2iz
                0x0000ba40       0x48 /home/rahulmahadev/devel/optee/optee_os/out/arm-plat-vexpress/export-ta_arm32/lib/libutils.a(arm32_aeabi_softfloat.o)
                0x0000ba40                __aeabi_f2iz
 .text.__aeabi_f2uiz
                0x0000ba88       0x48 /home/rahulmahadev/devel/optee/optee_os/out/arm-plat-vexpress/export-ta_arm32/lib/libutils.a(arm32_aeabi_softfloat.o)
                0x0000ba88                __aeabi_f2uiz
 .text.__aeabi_f2lz
                0x0000bad0       0x4c /home/rahulmahadev/devel/optee/optee_os/out/arm-plat-vexpress/export-ta_arm32/lib/libutils.a(arm32_aeabi_softfloat.o)
                0x0000bad0                __aeabi_f2lz
 .text.__aeabi_f2ulz
                0x0000bb1c       0x4c /home/rahulmahadev/devel/optee/optee_os/out/arm-plat-vexpress/export-ta_arm32/lib/libutils.a(arm32_aeabi_softfloat.o)
                0x0000bb1c                __aeabi_f2ulz
 .text.__aeabi_d2f
                0x0000bb68       0x5c /home/rahulmahadev/devel/optee/optee_os/out/arm-plat-vexpress/export-ta_arm32/lib/libutils.a(arm32_aeabi_softfloat.o)
                0x0000bb68                __aeabi_d2f
 .text.__aeabi_f2d
                0x0000bbc4       0x5c /home/rahulmahadev/devel/optee/optee_os/out/arm-plat-vexpress/export-ta_arm32/lib/libutils.a(arm32_aeabi_softfloat.o)
                0x0000bbc4                __aeabi_f2d
 .text.__aeabi_i2d
                0x0000bc20       0x50 /home/rahulmahadev/devel/optee/optee_os/out/arm-plat-vexpress/export-ta_arm32/lib/libutils.a(arm32_aeabi_softfloat.o)
                0x0000bc20                __aeabi_i2d
 .text.__aeabi_ui2d
                0x0000bc70       0x50 /home/rahulmahadev/devel/optee/optee_os/out/arm-plat-vexpress/export-ta_arm32/lib/libutils.a(arm32_aeabi_softfloat.o)
                0x0000bc70                __aeabi_ui2d
 .text.__aeabi_l2d
                0x0000bcc0       0x54 /home/rahulmahadev/devel/optee/optee_os/out/arm-plat-vexpress/export-ta_arm32/lib/libutils.a(arm32_aeabi_softfloat.o)
                0x0000bcc0                __aeabi_l2d
 .text.__aeabi_ul2d
                0x0000bd14       0x54 /home/rahulmahadev/devel/optee/optee_os/out/arm-plat-vexpress/export-ta_arm32/lib/libutils.a(arm32_aeabi_softfloat.o)
                0x0000bd14                __aeabi_ul2d
 .text.__aeabi_i2f
                0x0000bd68       0x38 /home/rahulmahadev/devel/optee/optee_os/out/arm-plat-vexpress/export-ta_arm32/lib/libutils.a(arm32_aeabi_softfloat.o)
                0x0000bd68                __aeabi_i2f
 .text.__aeabi_ui2f
                0x0000bda0       0x38 /home/rahulmahadev/devel/optee/optee_os/out/arm-plat-vexpress/export-ta_arm32/lib/libutils.a(arm32_aeabi_softfloat.o)
                0x0000bda0                __aeabi_ui2f
 .text.__aeabi_l2f
                0x0000bdd8       0x3c /home/rahulmahadev/devel/optee/optee_os/out/arm-plat-vexpress/export-ta_arm32/lib/libutils.a(arm32_aeabi_softfloat.o)
                0x0000bdd8                __aeabi_l2f
 .text.__aeabi_ul2f
                0x0000be14       0x3c /home/rahulmahadev/devel/optee/optee_os/out/arm-plat-vexpress/export-ta_arm32/lib/libutils.a(arm32_aeabi_softfloat.o)
                0x0000be14                __aeabi_ul2f
 .text.f32_add  0x0000be50       0x6c /home/rahulmahadev/devel/optee/optee_os/out/arm-plat-vexpress/export-ta_arm32/lib/libutils.a(f32_add.o)
                0x0000be50                f32_add
 .text.f32_div  0x0000bebc      0x290 /home/rahulmahadev/devel/optee/optee_os/out/arm-plat-vexpress/export-ta_arm32/lib/libutils.a(f32_div.o)
                0x0000bebc                f32_div
 .text.f32_eq   0x0000c14c       0xd4 /home/rahulmahadev/devel/optee/optee_os/out/arm-plat-vexpress/export-ta_arm32/lib/libutils.a(f32_eq.o)
                0x0000c14c                f32_eq
 .text.f32_le   0x0000c220       0xdc /home/rahulmahadev/devel/optee/optee_os/out/arm-plat-vexpress/export-ta_arm32/lib/libutils.a(f32_le.o)
                0x0000c220                f32_le
 .text.f32_lt   0x0000c2fc       0xdc /home/rahulmahadev/devel/optee/optee_os/out/arm-plat-vexpress/export-ta_arm32/lib/libutils.a(f32_lt.o)
                0x0000c2fc                f32_lt
 .text.f32_mul  0x0000c3d8      0x238 /home/rahulmahadev/devel/optee/optee_os/out/arm-plat-vexpress/export-ta_arm32/lib/libutils.a(f32_mul.o)
                0x0000c3d8                f32_mul
 .text.f32_sub  0x0000c610       0x6c /home/rahulmahadev/devel/optee/optee_os/out/arm-plat-vexpress/export-ta_arm32/lib/libutils.a(f32_sub.o)
                0x0000c610                f32_sub
 .text.f32_to_f64
                0x0000c67c      0x180 /home/rahulmahadev/devel/optee/optee_os/out/arm-plat-vexpress/export-ta_arm32/lib/libutils.a(f32_to_f64.o)
                0x0000c67c                f32_to_f64
 .text.f32_to_i32_r_minMag
                0x0000c7fc      0x120 /home/rahulmahadev/devel/optee/optee_os/out/arm-plat-vexpress/export-ta_arm32/lib/libutils.a(f32_to_i32_r_minMag.o)
                0x0000c7fc                f32_to_i32_r_minMag
 .text.f32_to_i64_r_minMag
                0x0000c91c      0x194 /home/rahulmahadev/devel/optee/optee_os/out/arm-plat-vexpress/export-ta_arm32/lib/libutils.a(f32_to_i64_r_minMag.o)
                0x0000c91c                f32_to_i64_r_minMag
 .text.f32_to_ui32_r_minMag
                0x0000cab0       0xe8 /home/rahulmahadev/devel/optee/optee_os/out/arm-plat-vexpress/export-ta_arm32/lib/libutils.a(f32_to_ui32_r_minMag.o)
                0x0000cab0                f32_to_ui32_r_minMag
 .text.f32_to_ui64_r_minMag
                0x0000cb98      0x14c /home/rahulmahadev/devel/optee/optee_os/out/arm-plat-vexpress/export-ta_arm32/lib/libutils.a(f32_to_ui64_r_minMag.o)
                0x0000cb98                f32_to_ui64_r_minMag
 .text.f64_add  0x0000cce4       0x9c /home/rahulmahadev/devel/optee/optee_os/out/arm-plat-vexpress/export-ta_arm32/lib/libutils.a(f64_add.o)
                0x0000cce4                f64_add
 .text.f64_div  0x0000cd80      0x6d0 /home/rahulmahadev/devel/optee/optee_os/out/arm-plat-vexpress/export-ta_arm32/lib/libutils.a(f64_div.o)
                0x0000cd80                f64_div
 .text.f64_eq   0x0000d450      0x1c4 /home/rahulmahadev/devel/optee/optee_os/out/arm-plat-vexpress/export-ta_arm32/lib/libutils.a(f64_eq.o)
                0x0000d450                f64_eq
 .text.f64_le   0x0000d614      0x194 /home/rahulmahadev/devel/optee/optee_os/out/arm-plat-vexpress/export-ta_arm32/lib/libutils.a(f64_le.o)
                0x0000d614                f64_le
 .text.f64_lt   0x0000d7a8      0x194 /home/rahulmahadev/devel/optee/optee_os/out/arm-plat-vexpress/export-ta_arm32/lib/libutils.a(f64_lt.o)
                0x0000d7a8                f64_lt
 .text.f64_mul  0x0000d93c      0x380 /home/rahulmahadev/devel/optee/optee_os/out/arm-plat-vexpress/export-ta_arm32/lib/libutils.a(f64_mul.o)
                0x0000d93c                f64_mul
 .text.f64_sub  0x0000dcbc       0x9c /home/rahulmahadev/devel/optee/optee_os/out/arm-plat-vexpress/export-ta_arm32/lib/libutils.a(f64_sub.o)
                0x0000dcbc                f64_sub
 .text.f64_to_f32
                0x0000dd58      0x130 /home/rahulmahadev/devel/optee/optee_os/out/arm-plat-vexpress/export-ta_arm32/lib/libutils.a(f64_to_f32.o)
                0x0000dd58                f64_to_f32
 .text.f64_to_i32_r_minMag
                0x0000de88      0x214 /home/rahulmahadev/devel/optee/optee_os/out/arm-plat-vexpress/export-ta_arm32/lib/libutils.a(f64_to_i32_r_minMag.o)
                0x0000de88                f64_to_i32_r_minMag
 .text.f64_to_i64_r_minMag
                0x0000e09c      0x25c /home/rahulmahadev/devel/optee/optee_os/out/arm-plat-vexpress/export-ta_arm32/lib/libutils.a(f64_to_i64_r_minMag.o)
                0x0000e09c                f64_to_i64_r_minMag
 .text.f64_to_ui32_r_minMag
                0x0000e2f8      0x198 /home/rahulmahadev/devel/optee/optee_os/out/arm-plat-vexpress/export-ta_arm32/lib/libutils.a(f64_to_ui32_r_minMag.o)
                0x0000e2f8                f64_to_ui32_r_minMag
 .text.f64_to_ui64_r_minMag
                0x0000e490      0x1f8 /home/rahulmahadev/devel/optee/optee_os/out/arm-plat-vexpress/export-ta_arm32/lib/libutils.a(f64_to_ui64_r_minMag.o)
                0x0000e490                f64_to_ui64_r_minMag
 .text.i32_to_f32
                0x0000e688       0x78 /home/rahulmahadev/devel/optee/optee_os/out/arm-plat-vexpress/export-ta_arm32/lib/libutils.a(i32_to_f32.o)
                0x0000e688                i32_to_f32
 .text.i32_to_f64
                0x0000e700      0x104 /home/rahulmahadev/devel/optee/optee_os/out/arm-plat-vexpress/export-ta_arm32/lib/libutils.a(i32_to_f64.o)
                0x0000e700                i32_to_f64
 .text.i64_to_f32
                0x0000e804      0x108 /home/rahulmahadev/devel/optee/optee_os/out/arm-plat-vexpress/export-ta_arm32/lib/libutils.a(i64_to_f32.o)
                0x0000e804                i64_to_f32
 .text.i64_to_f64
                0x0000e90c       0xb4 /home/rahulmahadev/devel/optee/optee_os/out/arm-plat-vexpress/export-ta_arm32/lib/libutils.a(i64_to_f64.o)
                0x0000e90c                i64_to_f64
 .text.ui32_to_f32
                0x0000e9c0       0x7c /home/rahulmahadev/devel/optee/optee_os/out/arm-plat-vexpress/export-ta_arm32/lib/libutils.a(ui32_to_f32.o)
                0x0000e9c0                ui32_to_f32
 .text.ui32_to_f64
                0x0000ea3c       0xcc /home/rahulmahadev/devel/optee/optee_os/out/arm-plat-vexpress/export-ta_arm32/lib/libutils.a(ui32_to_f64.o)
                0x0000ea3c                ui32_to_f64
 .text.ui64_to_f32
                0x0000eb08       0xd8 /home/rahulmahadev/devel/optee/optee_os/out/arm-plat-vexpress/export-ta_arm32/lib/libutils.a(ui64_to_f32.o)
                0x0000eb08                ui64_to_f32
 .text.ui64_to_f64
                0x0000ebe0       0xa4 /home/rahulmahadev/devel/optee/optee_os/out/arm-plat-vexpress/export-ta_arm32/lib/libutils.a(ui64_to_f64.o)
                0x0000ebe0                ui64_to_f64
 .text.softfloat_subMagsF32
                0x0000ec84      0x1fc /home/rahulmahadev/devel/optee/optee_os/out/arm-plat-vexpress/export-ta_arm32/lib/libutils.a(s_subMagsF32.o)
                0x0000ec84                softfloat_subMagsF32
 .text.softfloat_subMagsF64
                0x0000ee80      0x348 /home/rahulmahadev/devel/optee/optee_os/out/arm-plat-vexpress/export-ta_arm32/lib/libutils.a(s_subMagsF64.o)
                0x0000ee80                softfloat_subMagsF64
 .text.softfloat_addMagsF32
                0x0000f1c8      0x1b4 /home/rahulmahadev/devel/optee/optee_os/out/arm-plat-vexpress/export-ta_arm32/lib/libutils.a(s_addMagsF32.o)
                0x0000f1c8                softfloat_addMagsF32
 .text.softfloat_addMagsF64
                0x0000f37c      0x308 /home/rahulmahadev/devel/optee/optee_os/out/arm-plat-vexpress/export-ta_arm32/lib/libutils.a(s_addMagsF64.o)
                0x0000f37c                softfloat_addMagsF64
 .text.softfloat_normSubnormalF64Sig
                0x0000f684       0xa4 /home/rahulmahadev/devel/optee/optee_os/out/arm-plat-vexpress/export-ta_arm32/lib/libutils.a(s_normSubnormalF64Sig.o)
                0x0000f684                softfloat_normSubnormalF64Sig
 .text.softfloat_normSubnormalF32Sig
                0x0000f728       0x6c /home/rahulmahadev/devel/optee/optee_os/out/arm-plat-vexpress/export-ta_arm32/lib/libutils.a(s_normSubnormalF32Sig.o)
                0x0000f728                softfloat_normSubnormalF32Sig
 .text.softfloat_roundPackToF32
                0x0000f794      0x1c0 /home/rahulmahadev/devel/optee/optee_os/out/arm-plat-vexpress/export-ta_arm32/lib/libutils.a(s_roundPackToF32.o)
                0x0000f794                softfloat_roundPackToF32
 .text.softfloat_roundPackToF64
                0x0000f954      0x280 /home/rahulmahadev/devel/optee/optee_os/out/arm-plat-vexpress/export-ta_arm32/lib/libutils.a(s_roundPackToF64.o)
                0x0000f954                softfloat_roundPackToF64
 .text.softfloat_shortShiftRightJam64
                0x0000fbd4       0xb0 /home/rahulmahadev/devel/optee/optee_os/out/arm-plat-vexpress/export-ta_arm32/lib/libutils.a(s_shortShiftRightJam64.o)
                0x0000fbd4                softfloat_shortShiftRightJam64
 .text.softfloat_shiftRightJam32
                0x0000fc84       0x58 /home/rahulmahadev/devel/optee/optee_os/out/arm-plat-vexpress/export-ta_arm32/lib/libutils.a(s_shiftRightJam32.o)
                0x0000fc84                softfloat_shiftRightJam32
 .text.softfloat_normRoundPackToF32
                0x0000fcdc       0xb4 /home/rahulmahadev/devel/optee/optee_os/out/arm-plat-vexpress/export-ta_arm32/lib/libutils.a(s_normRoundPackToF32.o)
                0x0000fcdc                softfloat_normRoundPackToF32
 .text.softfloat_normRoundPackToF64
                0x0000fd90      0x150 /home/rahulmahadev/devel/optee/optee_os/out/arm-plat-vexpress/export-ta_arm32/lib/libutils.a(s_normRoundPackToF64.o)
                0x0000fd90                softfloat_normRoundPackToF64
 .text.softfloat_shiftRightJam64
                0x0000fee0       0xbc /home/rahulmahadev/devel/optee/optee_os/out/arm-plat-vexpress/export-ta_arm32/lib/libutils.a(s_shiftRightJam64.o)
                0x0000fee0                softfloat_shiftRightJam64
 .text.softfloat_countLeadingZeros32
                0x0000ff9c       0x6c /home/rahulmahadev/devel/optee/optee_os/out/arm-plat-vexpress/export-ta_arm32/lib/libutils.a(s_countLeadingZeros32.o)
                0x0000ff9c                softfloat_countLeadingZeros32
 .text.softfloat_countLeadingZeros64
                0x00010008       0x98 /home/rahulmahadev/devel/optee/optee_os/out/arm-plat-vexpress/export-ta_arm32/lib/libutils.a(s_countLeadingZeros64.o)
                0x00010008                softfloat_countLeadingZeros64
 .text.softfloat_mul64To128
                0x000100a0      0x1b0 /home/rahulmahadev/devel/optee/optee_os/out/arm-plat-vexpress/export-ta_arm32/lib/libutils.a(s_mul64To128.o)
                0x000100a0                softfloat_mul64To128
 .text.softfloat_raiseFlags
                0x00010250       0x3c /home/rahulmahadev/devel/optee/optee_os/out/arm-plat-vexpress/export-ta_arm32/lib/libutils.a(softfloat_raiseFlags.o)
                0x00010250                softfloat_raiseFlags
 .text.softfloat_propagateNaNF32UI
                0x0001028c       0xb8 /home/rahulmahadev/devel/optee/optee_os/out/arm-plat-vexpress/export-ta_arm32/lib/libutils.a(s_propagateNaNF32UI.o)
                0x0001028c                softfloat_propagateNaNF32UI
 .text.softfloat_f32UIToCommonNaN
                0x00010344       0x8c /home/rahulmahadev/devel/optee/optee_os/out/arm-plat-vexpress/export-ta_arm32/lib/libutils.a(s_f32UIToCommonNaN.o)
                0x00010344                softfloat_f32UIToCommonNaN
 .text.softfloat_commonNaNToF64UI
                0x000103d0       0x64 /home/rahulmahadev/devel/optee/optee_os/out/arm-plat-vexpress/export-ta_arm32/lib/libutils.a(s_commonNaNToF64UI.o)
                0x000103d0                softfloat_commonNaNToF64UI
 .text.softfloat_f64UIToCommonNaN
                0x00010434       0xd4 /home/rahulmahadev/devel/optee/optee_os/out/arm-plat-vexpress/export-ta_arm32/lib/libutils.a(s_f64UIToCommonNaN.o)
                0x00010434                softfloat_f64UIToCommonNaN
 .text.softfloat_propagateNaNF64UI
                0x00010508      0x178 /home/rahulmahadev/devel/optee/optee_os/out/arm-plat-vexpress/export-ta_arm32/lib/libutils.a(s_propagateNaNF64UI.o)
                0x00010508                softfloat_propagateNaNF64UI
 .text.softfloat_commonNaNToF32UI
                0x00010680       0x40 /home/rahulmahadev/devel/optee/optee_os/out/arm-plat-vexpress/export-ta_arm32/lib/libutils.a(s_commonNaNToF32UI.o)
                0x00010680                softfloat_commonNaNToF32UI
 .text.snprintk
                0x000106c0       0x44 /home/rahulmahadev/devel/optee/optee_os/out/arm-plat-vexpress/export-ta_arm32/lib/libutils.a(snprintk.o)
                0x000106c0                snprintk
 .text.vsnprintk
                0x00010704       0x40 /home/rahulmahadev/devel/optee/optee_os/out/arm-plat-vexpress/export-ta_arm32/lib/libutils.a(snprintk.o)
                0x00010704                vsnprintk
 .text.__vsnprintf
                0x00010744       0x84 /home/rahulmahadev/devel/optee/optee_os/out/arm-plat-vexpress/export-ta_arm32/lib/libutils.a(snprintk.o)
                0x00010744                __vsnprintf
 .text.uuid2str
                0x000107c8       0xac /home/rahulmahadev/devel/optee/optee_os/out/arm-plat-vexpress/export-ta_arm32/lib/libutils.a(snprintk.o)
 .text.kprintf  0x00010874      0xdcc /home/rahulmahadev/devel/optee/optee_os/out/arm-plat-vexpress/export-ta_arm32/lib/libutils.a(snprintk.o)
 .text.strlcpy  0x00011640       0x84 /home/rahulmahadev/devel/optee/optee_os/out/arm-plat-vexpress/export-ta_arm32/lib/libutils.a(strlcpy.o)
                0x00011640                strlcpy
 .text.buf_compare_ct
                0x000116c4       0x94 /home/rahulmahadev/devel/optee/optee_os/out/arm-plat-vexpress/export-ta_arm32/lib/libutils.a(buf_compare_ct.o)
                0x000116c4                buf_compare_ct
 .text.trace_set_level
                0x00011758       0x48 /home/rahulmahadev/devel/optee/optee_os/out/arm-plat-vexpress/export-ta_arm32/lib/libutils.a(trace.o)
                0x00011758                trace_set_level
 .text.trace_get_level
                0x000117a0       0x24 /home/rahulmahadev/devel/optee/optee_os/out/arm-plat-vexpress/export-ta_arm32/lib/libutils.a(trace.o)
                0x000117a0                trace_get_level
 .text.trace_level_to_string
                0x000117c4       0x58 /home/rahulmahadev/devel/optee/optee_os/out/arm-plat-vexpress/export-ta_arm32/lib/libutils.a(trace.o)
 .text.trace_printf
                0x0001181c      0x1ec /home/rahulmahadev/devel/optee/optee_os/out/arm-plat-vexpress/export-ta_arm32/lib/libutils.a(trace.o)
                0x0001181c                trace_printf
 .text.dhex_dump
                0x00011a08       0x1c /home/rahulmahadev/devel/optee/optee_os/out/arm-plat-vexpress/export-ta_arm32/lib/libutils.a(trace.o)
                0x00011a08                dhex_dump
 .text.memchr   0x00011a24      0x114 /home/rahulmahadev/devel/optee/optee_os/out/arm-plat-vexpress/export-ta_arm32/lib/libutils.a(memchr.o)
                0x00011a24                memchr
 .text          0x00011b38       0x30 /home/rahulmahadev/devel/optee/optee_os/out/arm-plat-vexpress/export-ta_arm32/lib/libutils.a(arm32_aeabi_ldivmod_a32.o)
                0x00011b38                __aeabi_ldivmod
                0x00011b50                __aeabi_uldivmod
 .text.division_lqr
                0x00011b68       0xf0 /home/rahulmahadev/devel/optee/optee_os/out/arm-plat-vexpress/export-ta_arm32/lib/libutils.a(arm32_aeabi_ldivmod.o)
 .text.ul_div_qr
                0x00011c58       0x70 /home/rahulmahadev/devel/optee/optee_os/out/arm-plat-vexpress/export-ta_arm32/lib/libutils.a(arm32_aeabi_ldivmod.o)
 .text.__ul_divmod
                0x00011cc8       0xa0 /home/rahulmahadev/devel/optee/optee_os/out/arm-plat-vexpress/export-ta_arm32/lib/libutils.a(arm32_aeabi_ldivmod.o)
                0x00011cc8                __ul_divmod
 .text.__l_divmod
                0x00011d68      0x114 /home/rahulmahadev/devel/optee/optee_os/out/arm-plat-vexpress/export-ta_arm32/lib/libutils.a(arm32_aeabi_ldivmod.o)
                0x00011d68                __l_divmod
 .text.__mpa_set_unused_digits_to_zero
                0x00011e7c       0x60 /home/rahulmahadev/devel/optee/optee_os/out/arm-plat-vexpress/export-ta_arm32/lib/libmpa.a(mpa_misc.o)
                0x00011e7c                __mpa_set_unused_digits_to_zero
 .text.mpa_wipe
                0x00011edc       0x4c /home/rahulmahadev/devel/optee/optee_os/out/arm-plat-vexpress/export-ta_arm32/lib/libmpa.a(mpa_misc.o)
                0x00011edc                mpa_wipe
 .text.mpa_copy
                0x00011f28       0x60 /home/rahulmahadev/devel/optee/optee_os/out/arm-plat-vexpress/export-ta_arm32/lib/libmpa.a(mpa_misc.o)
                0x00011f28                mpa_copy
 .text.mpa_abs  0x00011f88       0x38 /home/rahulmahadev/devel/optee/optee_os/out/arm-plat-vexpress/export-ta_arm32/lib/libmpa.a(mpa_misc.o)
                0x00011f88                mpa_abs
 .text.mpa_highest_bit_index
                0x00011fc0       0x80 /home/rahulmahadev/devel/optee/optee_os/out/arm-plat-vexpress/export-ta_arm32/lib/libmpa.a(mpa_misc.o)
                0x00011fc0                mpa_highest_bit_index
 .text.mpa_get_bit
                0x00012040       0x6c /home/rahulmahadev/devel/optee/optee_os/out/arm-plat-vexpress/export-ta_arm32/lib/libmpa.a(mpa_misc.o)
                0x00012040                mpa_get_bit
 .text.mpa_can_hold
                0x000120ac       0x34 /home/rahulmahadev/devel/optee/optee_os/out/arm-plat-vexpress/export-ta_arm32/lib/libmpa.a(mpa_misc.o)
                0x000120ac                mpa_can_hold
 .text.mpa_parity
                0x000120e0       0x2c /home/rahulmahadev/devel/optee/optee_os/out/arm-plat-vexpress/export-ta_arm32/lib/libmpa.a(mpa_misc.o)
                0x000120e0                mpa_parity
 .text.mpa_constant_one
                0x0001210c       0x18 /home/rahulmahadev/devel/optee/optee_os/out/arm-plat-vexpress/export-ta_arm32/lib/libmpa.a(mpa_misc.o)
                0x0001210c                mpa_constant_one
 .text.__mpa_montgomery_mul_add
                0x00012124      0x134 /home/rahulmahadev/devel/optee/optee_os/out/arm-plat-vexpress/export-ta_arm32/lib/libmpa.a(mpa_montgomery.o)
                0x00012124                __mpa_montgomery_mul_add
 .text.__mpa_montgomery_sub_ack
                0x00012258      0x118 /home/rahulmahadev/devel/optee/optee_os/out/arm-plat-vexpress/export-ta_arm32/lib/libmpa.a(mpa_montgomery.o)
                0x00012258                __mpa_montgomery_sub_ack
 .text.__mpa_montgomery_mul
                0x00012370      0x160 /home/rahulmahadev/devel/optee/optee_os/out/arm-plat-vexpress/export-ta_arm32/lib/libmpa.a(mpa_montgomery.o)
                0x00012370                __mpa_montgomery_mul
 .text.mpa_compute_fmm_context
                0x000124d0      0x158 /home/rahulmahadev/devel/optee/optee_os/out/arm-plat-vexpress/export-ta_arm32/lib/libmpa.a(mpa_montgomery.o)
                0x000124d0                mpa_compute_fmm_context
 .text.mpa_montgomery_mul
                0x00012628       0x74 /home/rahulmahadev/devel/optee/optee_os/out/arm-plat-vexpress/export-ta_arm32/lib/libmpa.a(mpa_montgomery.o)
                0x00012628                mpa_montgomery_mul
 .text.mpa_is_prob_prime
                0x0001269c       0x68 /home/rahulmahadev/devel/optee/optee_os/out/arm-plat-vexpress/export-ta_arm32/lib/libmpa.a(mpa_primetest.o)
                0x0001269c                mpa_is_prob_prime
 .text.check_table
                0x00012704       0x38 /home/rahulmahadev/devel/optee/optee_os/out/arm-plat-vexpress/export-ta_arm32/lib/libmpa.a(mpa_primetest.o)
 .text.is_small_prime
                0x0001273c       0xc8 /home/rahulmahadev/devel/optee/optee_os/out/arm-plat-vexpress/export-ta_arm32/lib/libmpa.a(mpa_primetest.o)
 .text.has_small_factors
                0x00012804       0x8c /home/rahulmahadev/devel/optee/optee_os/out/arm-plat-vexpress/export-ta_arm32/lib/libmpa.a(mpa_primetest.o)
 .text.primality_test_miller_rabin
                0x00012890      0x338 /home/rahulmahadev/devel/optee/optee_os/out/arm-plat-vexpress/export-ta_arm32/lib/libmpa.a(mpa_primetest.o)
 .text.mpa_set_S32
                0x00012bc8       0x4c /home/rahulmahadev/devel/optee/optee_os/out/arm-plat-vexpress/export-ta_arm32/lib/libmpa.a(mpa_conv.o)
                0x00012bc8                mpa_set_S32
 .text.mpa_get_S32
                0x00012c14       0x98 /home/rahulmahadev/devel/optee/optee_os/out/arm-plat-vexpress/export-ta_arm32/lib/libmpa.a(mpa_conv.o)
                0x00012c14                mpa_get_S32
 .text.mpa_set_word
                0x00012cac       0x30 /home/rahulmahadev/devel/optee/optee_os/out/arm-plat-vexpress/export-ta_arm32/lib/libmpa.a(mpa_conv.o)
                0x00012cac                mpa_set_word
 .text.mpa_get_word
                0x00012cdc       0x34 /home/rahulmahadev/devel/optee/optee_os/out/arm-plat-vexpress/export-ta_arm32/lib/libmpa.a(mpa_conv.o)
                0x00012cdc                mpa_get_word
 .text.__mpa_soft_div
                0x00012d10       0xd8 /home/rahulmahadev/devel/optee/optee_os/out/arm-plat-vexpress/export-ta_arm32/lib/libmpa.a(mpa_div.o)
 .text.__mpa_div_dword
                0x00012de8       0x60 /home/rahulmahadev/devel/optee/optee_os/out/arm-plat-vexpress/export-ta_arm32/lib/libmpa.a(mpa_div.o)
                0x00012de8                __mpa_div_dword
 .text.__mpa_div_q_r_internal
                0x00012e48      0x6a0 /home/rahulmahadev/devel/optee/optee_os/out/arm-plat-vexpress/export-ta_arm32/lib/libmpa.a(mpa_div.o)
 .text.__mpa_div_q_r_internal_word
                0x000134e8      0x15c /home/rahulmahadev/devel/optee/optee_os/out/arm-plat-vexpress/export-ta_arm32/lib/libmpa.a(mpa_div.o)
                0x000134e8                __mpa_div_q_r_internal_word
 .text.__mpa_div_q_r
                0x00013644      0x184 /home/rahulmahadev/devel/optee/optee_os/out/arm-plat-vexpress/export-ta_arm32/lib/libmpa.a(mpa_div.o)
                0x00013644                __mpa_div_q_r
 .text.mpa_div  0x000137c8      0x104 /home/rahulmahadev/devel/optee/optee_os/out/arm-plat-vexpress/export-ta_arm32/lib/libmpa.a(mpa_div.o)
                0x000137c8                mpa_div
 .text.__mpa_divby2
                0x000138cc       0xf4 /home/rahulmahadev/devel/optee/optee_os/out/arm-plat-vexpress/export-ta_arm32/lib/libmpa.a(mpa_gcd.o)
 .text.__mpa_egcd
                0x000139c0      0x390 /home/rahulmahadev/devel/optee/optee_os/out/arm-plat-vexpress/export-ta_arm32/lib/libmpa.a(mpa_gcd.o)
 .text.__mpa_gcd
                0x00013d50      0x1cc /home/rahulmahadev/devel/optee/optee_os/out/arm-plat-vexpress/export-ta_arm32/lib/libmpa.a(mpa_gcd.o)
 .text.mpa_gcd  0x00013f1c      0x118 /home/rahulmahadev/devel/optee/optee_os/out/arm-plat-vexpress/export-ta_arm32/lib/libmpa.a(mpa_gcd.o)
                0x00013f1c                mpa_gcd
 .text.mpa_extended_gcd
                0x00014034      0x21c /home/rahulmahadev/devel/optee/optee_os/out/arm-plat-vexpress/export-ta_arm32/lib/libmpa.a(mpa_gcd.o)
                0x00014034                mpa_extended_gcd
 .text.mpa_init_scratch_mem_sync
                0x00014250       0x48 /home/rahulmahadev/devel/optee/optee_os/out/arm-plat-vexpress/export-ta_arm32/lib/libmpa.a(mpa_mem_static.o)
                0x00014250                mpa_init_scratch_mem_sync
 .text.mpa_init_scratch_mem
                0x00014298       0x44 /home/rahulmahadev/devel/optee/optee_os/out/arm-plat-vexpress/export-ta_arm32/lib/libmpa.a(mpa_mem_static.o)
                0x00014298                mpa_init_scratch_mem
 .text.mpa_alloc_static_temp_var_size
                0x000142dc      0x14c /home/rahulmahadev/devel/optee/optee_os/out/arm-plat-vexpress/export-ta_arm32/lib/libmpa.a(mpa_mem_static.o)
                0x000142dc                mpa_alloc_static_temp_var_size
 .text.mpa_alloc_static_temp_var
                0x00014428       0x2c /home/rahulmahadev/devel/optee/optee_os/out/arm-plat-vexpress/export-ta_arm32/lib/libmpa.a(mpa_mem_static.o)
                0x00014428                mpa_alloc_static_temp_var
 .text.mpa_free_static_temp_var
                0x00014454       0x90 /home/rahulmahadev/devel/optee/optee_os/out/arm-plat-vexpress/export-ta_arm32/lib/libmpa.a(mpa_mem_static.o)
                0x00014454                mpa_free_static_temp_var
 .text.__mpa_mul_add_word
                0x000144e4       0x78 /home/rahulmahadev/devel/optee/optee_os/out/arm-plat-vexpress/export-ta_arm32/lib/libmpa.a(mpa_mul.o)
                0x000144e4                __mpa_mul_add_word
 .text.__mpa_mul_add_word_cum
                0x0001455c       0x88 /home/rahulmahadev/devel/optee/optee_os/out/arm-plat-vexpress/export-ta_arm32/lib/libmpa.a(mpa_mul.o)
                0x0001455c                __mpa_mul_add_word_cum
 .text.__mpa_abs_mul_word
                0x000145e4       0xcc /home/rahulmahadev/devel/optee/optee_os/out/arm-plat-vexpress/export-ta_arm32/lib/libmpa.a(mpa_mul.o)
                0x000145e4                __mpa_abs_mul_word
 .text.__mpa_abs_mul
                0x000146b0      0x12c /home/rahulmahadev/devel/optee/optee_os/out/arm-plat-vexpress/export-ta_arm32/lib/libmpa.a(mpa_mul.o)
                0x000146b0                __mpa_abs_mul
 .text.mpa_mul  0x000147dc       0xf8 /home/rahulmahadev/devel/optee/optee_os/out/arm-plat-vexpress/export-ta_arm32/lib/libmpa.a(mpa_mul.o)
                0x000147dc                mpa_mul
 .text.mpa_mul_word
                0x000148d4       0xdc /home/rahulmahadev/devel/optee/optee_os/out/arm-plat-vexpress/export-ta_arm32/lib/libmpa.a(mpa_mul.o)
                0x000148d4                mpa_mul_word
 .text.mpa_set_random_generator
                0x000149b0       0x24 /home/rahulmahadev/devel/optee/optee_os/out/arm-plat-vexpress/export-ta_arm32/lib/libmpa.a(mpa_random.o)
                0x000149b0                mpa_set_random_generator
 .text.get_random_byte
                0x000149d4       0x34 /home/rahulmahadev/devel/optee/optee_os/out/arm-plat-vexpress/export-ta_arm32/lib/libmpa.a(mpa_random.o)
 .text.mpa_get_random
                0x00014a08      0x158 /home/rahulmahadev/devel/optee/optee_os/out/arm-plat-vexpress/export-ta_arm32/lib/libmpa.a(mpa_random.o)
                0x00014a08                mpa_get_random
 .text.__mpa_shift_words_left
                0x00014b60       0xcc /home/rahulmahadev/devel/optee/optee_os/out/arm-plat-vexpress/export-ta_arm32/lib/libmpa.a(mpa_shift.o)
                0x00014b60                __mpa_shift_words_left
 .text.__mpa_shift_words_right
                0x00014c2c       0xc0 /home/rahulmahadev/devel/optee/optee_os/out/arm-plat-vexpress/export-ta_arm32/lib/libmpa.a(mpa_shift.o)
                0x00014c2c                __mpa_shift_words_right
 .text.mpa_shift_left
                0x00014cec      0x248 /home/rahulmahadev/devel/optee/optee_os/out/arm-plat-vexpress/export-ta_arm32/lib/libmpa.a(mpa_shift.o)
                0x00014cec                mpa_shift_left
 .text.mpa_shift_right
                0x00014f34      0x200 /home/rahulmahadev/devel/optee/optee_os/out/arm-plat-vexpress/export-ta_arm32/lib/libmpa.a(mpa_shift.o)
                0x00014f34                mpa_shift_right
 .text.__mpa_full_adder
                0x00015134       0x64 /home/rahulmahadev/devel/optee/optee_os/out/arm-plat-vexpress/export-ta_arm32/lib/libmpa.a(mpa_addsub.o)
                0x00015134                __mpa_full_adder
 .text.__mpa_full_sub
                0x00015198       0x68 /home/rahulmahadev/devel/optee/optee_os/out/arm-plat-vexpress/export-ta_arm32/lib/libmpa.a(mpa_addsub.o)
                0x00015198                __mpa_full_sub
 .text.__mpa_full_adder_ackum
                0x00015200       0x64 /home/rahulmahadev/devel/optee/optee_os/out/arm-plat-vexpress/export-ta_arm32/lib/libmpa.a(mpa_addsub.o)
                0x00015200                __mpa_full_adder_ackum
 .text.__mpa_abs_add
                0x00015264      0x138 /home/rahulmahadev/devel/optee/optee_os/out/arm-plat-vexpress/export-ta_arm32/lib/libmpa.a(mpa_addsub.o)
                0x00015264                __mpa_abs_add
 .text.__mpa_abs_add_ackum
                0x0001539c      0x10c /home/rahulmahadev/devel/optee/optee_os/out/arm-plat-vexpress/export-ta_arm32/lib/libmpa.a(mpa_addsub.o)
                0x0001539c                __mpa_abs_add_ackum
 .text.__mpa_abs_sub
                0x000154a8      0x110 /home/rahulmahadev/devel/optee/optee_os/out/arm-plat-vexpress/export-ta_arm32/lib/libmpa.a(mpa_addsub.o)
                0x000154a8                __mpa_abs_sub
 .text.mpa_add  0x000155b8      0x224 /home/rahulmahadev/devel/optee/optee_os/out/arm-plat-vexpress/export-ta_arm32/lib/libmpa.a(mpa_addsub.o)
                0x000155b8                mpa_add
 .text.mpa_sub  0x000157dc      0x250 /home/rahulmahadev/devel/optee/optee_os/out/arm-plat-vexpress/export-ta_arm32/lib/libmpa.a(mpa_addsub.o)
                0x000157dc                mpa_sub
 .text.mpa_neg  0x00015a2c       0x38 /home/rahulmahadev/devel/optee/optee_os/out/arm-plat-vexpress/export-ta_arm32/lib/libmpa.a(mpa_addsub.o)
                0x00015a2c                mpa_neg
 .text.mpa_add_word
                0x00015a64      0x170 /home/rahulmahadev/devel/optee/optee_os/out/arm-plat-vexpress/export-ta_arm32/lib/libmpa.a(mpa_addsub.o)
                0x00015a64                mpa_add_word
 .text.mpa_sub_word
                0x00015bd4      0x174 /home/rahulmahadev/devel/optee/optee_os/out/arm-plat-vexpress/export-ta_arm32/lib/libmpa.a(mpa_addsub.o)
                0x00015bd4                mpa_sub_word
 .text.__mpa_abs_cmp
                0x00015d48      0x100 /home/rahulmahadev/devel/optee/optee_os/out/arm-plat-vexpress/export-ta_arm32/lib/libmpa.a(mpa_cmp.o)
                0x00015d48                __mpa_abs_cmp
 .text.__mpa_abs_greater_than
                0x00015e48       0x30 /home/rahulmahadev/devel/optee/optee_os/out/arm-plat-vexpress/export-ta_arm32/lib/libmpa.a(mpa_cmp.o)
                0x00015e48                __mpa_abs_greater_than
 .text.__mpa_abs_less_than
                0x00015e78       0x2c /home/rahulmahadev/devel/optee/optee_os/out/arm-plat-vexpress/export-ta_arm32/lib/libmpa.a(mpa_cmp.o)
                0x00015e78                __mpa_abs_less_than
 .text.mpa_cmp  0x00015ea4       0x90 /home/rahulmahadev/devel/optee/optee_os/out/arm-plat-vexpress/export-ta_arm32/lib/libmpa.a(mpa_cmp.o)
                0x00015ea4                mpa_cmp
 .text.mpa_cmp_short
                0x00015f34       0xac /home/rahulmahadev/devel/optee/optee_os/out/arm-plat-vexpress/export-ta_arm32/lib/libmpa.a(mpa_cmp.o)
                0x00015f34                mpa_cmp_short
 .text.mpa_exp_mod
                0x00015fe0      0x16c /home/rahulmahadev/devel/optee/optee_os/out/arm-plat-vexpress/export-ta_arm32/lib/libmpa.a(mpa_expmod.o)
                0x00015fe0                mpa_exp_mod
 .text.mpa_init_static
                0x0001614c       0x4c /home/rahulmahadev/devel/optee/optee_os/out/arm-plat-vexpress/export-ta_arm32/lib/libmpa.a(mpa_init.o)
                0x0001614c                mpa_init_static
 .text.mpa_init_static_fmm_context
                0x00016198       0xb8 /home/rahulmahadev/devel/optee/optee_os/out/arm-plat-vexpress/export-ta_arm32/lib/libmpa.a(mpa_init.o)
                0x00016198                mpa_init_static_fmm_context
 .text.__mpa_isspace
                0x00016250       0x44 /home/rahulmahadev/devel/optee/optee_os/out/arm-plat-vexpress/export-ta_arm32/lib/libmpa.a(mpa_io.o)
 .text.__mpa_is_char_in_base
                0x00016294       0x8c /home/rahulmahadev/devel/optee/optee_os/out/arm-plat-vexpress/export-ta_arm32/lib/libmpa.a(mpa_io.o)
 .text.__mpa_digit_value
                0x00016320       0x58 /home/rahulmahadev/devel/optee/optee_os/out/arm-plat-vexpress/export-ta_arm32/lib/libmpa.a(mpa_io.o)
 .text.__mpa_digitstr_to_binary_wsize_base_16
                0x00016378       0x24 /home/rahulmahadev/devel/optee/optee_os/out/arm-plat-vexpress/export-ta_arm32/lib/libmpa.a(mpa_io.o)
 .text.__mpa_nibble_to_char
                0x0001639c       0x50 /home/rahulmahadev/devel/optee/optee_os/out/arm-plat-vexpress/export-ta_arm32/lib/libmpa.a(mpa_io.o)
 .text.__mpa_word_to_hexstr
                0x000163ec       0x6c /home/rahulmahadev/devel/optee/optee_os/out/arm-plat-vexpress/export-ta_arm32/lib/libmpa.a(mpa_io.o)
 .text.__mpa_mpanum_to_hexstr
                0x00016458      0x134 /home/rahulmahadev/devel/optee/optee_os/out/arm-plat-vexpress/export-ta_arm32/lib/libmpa.a(mpa_io.o)
 .text.__mpa_count_leading_zero_bits
                0x0001658c       0x50 /home/rahulmahadev/devel/optee/optee_os/out/arm-plat-vexpress/export-ta_arm32/lib/libmpa.a(mpa_io.o)
 .text.__mpa_size_in_base_255
                0x000165dc       0x6c /home/rahulmahadev/devel/optee/optee_os/out/arm-plat-vexpress/export-ta_arm32/lib/libmpa.a(mpa_io.o)
 .text.mpa_get_str_size
                0x00016648       0x14 /home/rahulmahadev/devel/optee/optee_os/out/arm-plat-vexpress/export-ta_arm32/lib/libmpa.a(mpa_io.o)
                0x00016648                mpa_get_str_size
 .text.mpa_set_str
                0x0001665c      0x348 /home/rahulmahadev/devel/optee/optee_os/out/arm-plat-vexpress/export-ta_arm32/lib/libmpa.a(mpa_io.o)
                0x0001665c                mpa_set_str
 .text.mpa_get_str
                0x000169a4       0xb8 /home/rahulmahadev/devel/optee/optee_os/out/arm-plat-vexpress/export-ta_arm32/lib/libmpa.a(mpa_io.o)
                0x000169a4                mpa_get_str
 .text.set_word
                0x00016a5c       0x68 /home/rahulmahadev/devel/optee/optee_os/out/arm-plat-vexpress/export-ta_arm32/lib/libmpa.a(mpa_io.o)
 .text.mpa_set_oct_str
                0x00016ac4      0x100 /home/rahulmahadev/devel/optee/optee_os/out/arm-plat-vexpress/export-ta_arm32/lib/libmpa.a(mpa_io.o)