Archive member included because of file (symbol)

/home/rahulmahadev/devel/optee/optee_os/out/arm-plat-vexpress/export-ta_arm32/lib/libutee.a(user_ta_entry.o)
                              /home/rahulmahadev/devel/optee/neo/ta/out/user_ta_header.o (__utee_entry)
/home/rahulmahadev/devel/optee/optee_os/out/arm-plat-vexpress/export-ta_arm32/lib/libutee.a(utee_syscalls_a32.o)
                              /home/rahulmahadev/devel/optee/optee_os/out/arm-plat-vexpress/export-ta_arm32/lib/libutee.a(user_ta_entry.o) (utee_return)
/home/rahulmahadev/devel/optee/optee_os/out/arm-plat-vexpress/export-ta_arm32/lib/libutee.a(tee_api_arith.o)
                              /home/rahulmahadev/devel/optee/optee_os/out/arm-plat-vexpress/export-ta_arm32/lib/libutee.a(user_ta_entry.o) (_TEE_MathAPI_Init)
/home/rahulmahadev/devel/optee/optee_os/out/arm-plat-vexpress/export-ta_arm32/lib/libutee.a(tee_api.o)
                              /home/rahulmahadev/devel/optee/optee_os/out/arm-plat-vexpress/export-ta_arm32/lib/libutee.a(user_ta_entry.o) (__utee_from_param)
/home/rahulmahadev/devel/optee/optee_os/out/arm-plat-vexpress/export-ta_arm32/lib/libutee.a(tee_api_panic.o)
                              /home/rahulmahadev/devel/optee/optee_os/out/arm-plat-vexpress/export-ta_arm32/lib/libutee.a(user_ta_entry.o) (__TEE_Panic)
/home/rahulmahadev/devel/optee/optee_os/out/arm-plat-vexpress/export-ta_arm32/lib/libutee.a(utee_misc.o)
                              /home/rahulmahadev/devel/optee/optee_os/out/arm-plat-vexpress/export-ta_arm32/lib/libutee.a(tee_api_arith.o) (get_rng_array)
/home/rahulmahadev/devel/optee/optee_os/out/arm-plat-vexpress/export-ta_arm32/lib/libutee.a(tee_user_mem.o)
                              /home/rahulmahadev/devel/optee/optee_os/out/arm-plat-vexpress/export-ta_arm32/lib/libutee.a(tee_api.o) (tee_user_mem_alloc)
/home/rahulmahadev/devel/optee/optee_os/out/arm-plat-vexpress/export-ta_arm32/lib/libutee.a(trace_ext.o)
                              /home/rahulmahadev/devel/optee/optee_os/out/arm-plat-vexpress/export-ta_arm32/lib/libutee.a(tee_api_arith.o) (printf)
/home/rahulmahadev/devel/optee/optee_os/out/arm-plat-vexpress/export-ta_arm32/lib/libutee.a(assert.o)
                              /home/rahulmahadev/devel/optee/optee_os/out/arm-plat-vexpress/export-ta_arm32/lib/libutee.a(tee_user_mem.o) (_assert_log)
/home/rahulmahadev/devel/optee/optee_os/out/arm-plat-vexpress/export-ta_arm32/lib/libutils.a(bget_malloc.o)
                              /home/rahulmahadev/devel/optee/optee_os/out/arm-plat-vexpress/export-ta_arm32/lib/libutee.a(utee_misc.o) (malloc)
/home/rahulmahadev/devel/optee/optee_os/out/arm-plat-vexpress/export-ta_arm32/lib/libutils.a(snprintf.o)
                              /home/rahulmahadev/devel/optee/optee_os/out/arm-plat-vexpress/export-ta_arm32/lib/libutee.a(trace_ext.o) (vsnprintf)
/home/rahulmahadev/devel/optee/optee_os/out/arm-plat-vexpress/export-ta_arm32/lib/libutils.a(memcmp.o)
                              /home/rahulmahadev/devel/optee/optee_os/out/arm-plat-vexpress/export-ta_arm32/lib/libutee.a(tee_api.o) (memcmp)
/home/rahulmahadev/devel/optee/optee_os/out/arm-plat-vexpress/export-ta_arm32/lib/libutils.a(memcpy.o)
                              /home/rahulmahadev/devel/optee/neo/ta/out/ta.o (memcpy)
/home/rahulmahadev/devel/optee/optee_os/out/arm-plat-vexpress/export-ta_arm32/lib/libutils.a(memmove.o)
                              /home/rahulmahadev/devel/optee/optee_os/out/arm-plat-vexpress/export-ta_arm32/lib/libutee.a(tee_api.o) (memmove)
/home/rahulmahadev/devel/optee/optee_os/out/arm-plat-vexpress/export-ta_arm32/lib/libutils.a(memset.o)
                              /home/rahulmahadev/devel/optee/optee_os/out/arm-plat-vexpress/export-ta_arm32/lib/libutee.a(user_ta_entry.o) (memset)
/home/rahulmahadev/devel/optee/optee_os/out/arm-plat-vexpress/export-ta_arm32/lib/libutils.a(strlen.o)
                              /home/rahulmahadev/devel/optee/optee_os/out/arm-plat-vexpress/export-ta_arm32/lib/libutee.a(trace_ext.o) (strlen)
/home/rahulmahadev/devel/optee/optee_os/out/arm-plat-vexpress/export-ta_arm32/lib/libutils.a(snprintk.o)
                              /home/rahulmahadev/devel/optee/optee_os/out/arm-plat-vexpress/export-ta_arm32/lib/libutils.a(snprintf.o) (__vsnprintf)
/home/rahulmahadev/devel/optee/optee_os/out/arm-plat-vexpress/export-ta_arm32/lib/libutils.a(strlcpy.o)
                              /home/rahulmahadev/devel/optee/optee_os/out/arm-plat-vexpress/export-ta_arm32/lib/libutee.a(trace_ext.o) (strlcpy)
/home/rahulmahadev/devel/optee/optee_os/out/arm-plat-vexpress/export-ta_arm32/lib/libutils.a(trace.o)
                              /home/rahulmahadev/devel/optee/optee_os/out/arm-plat-vexpress/export-ta_arm32/lib/libutee.a(user_ta_entry.o) (trace_set_level)
/home/rahulmahadev/devel/optee/optee_os/out/arm-plat-vexpress/export-ta_arm32/lib/libutils.a(memchr.o)
[...]
Memory Configuration

Name             Origin             Length             Attributes
*default*        0x00000000         0xffffffff

Linker script and memory map


.ta_head        0x00000000       0x20
 *(SORT(.ta_head))
 .ta_head       0x00000000       0x20 /home/rahulmahadev/devel/optee/neo/ta/out/user_ta_header.o
                0x00000000                ta_head

.text           0x00000020     0xb8f0
 *(SORT(.text) SORT(.text.*))
 .text.string_copy
                0x00000020       0x3c /home/rahulmahadev/devel/optee/neo/ta/out/ta.o
                0x00000020                string_copy
 .text.TA_CreateEntryPoint
                0x0000005c       0x14 /home/rahulmahadev/devel/optee/neo/ta/out/ta.o
                0x0000005c                TA_CreateEntryPoint
 .text.TA_DestroyEntryPoint
                0x00000070       0x10 /home/rahulmahadev/devel/optee/neo/ta/out/ta.o
                0x00000070                TA_DestroyEntryPoint
 .text.set_params
                0x00000080       0xb8 /home/rahulmahadev/devel/optee/neo/ta/out/ta.o
 .text.TA_OpenSessionEntryPoint
                0x00000138       0x40 /home/rahulmahadev/devel/optee/neo/ta/out/ta.o
                0x00000138                TA_OpenSessionEntryPoint
 .text.TA_CloseSessionEntryPoint
                0x00000178       0x18 /home/rahulmahadev/devel/optee/neo/ta/out/ta.o
                0x00000178                TA_CloseSessionEntryPoint
 .text.check_answer
                0x00000190       0x7c /home/rahulmahadev/devel/optee/neo/ta/out/ta.o
 .text.start_quiz
                0x0000020c       0xc4 /home/rahulmahadev/devel/optee/neo/ta/out/ta.o
 .text.TA_InvokeCommandEntryPoint
                0x000002d0       0x54 /home/rahulmahadev/devel/optee/neo/ta/out/ta.o
                0x000002d0                TA_InvokeCommandEntryPoint
 .text.tahead_get_trace_level
                0x00000324       0x14 /home/rahulmahadev/devel/optee/neo/ta/out/user_ta_header.o
                0x00000324                tahead_get_trace_level
 .text.ta_header_save_params
                0x00000338       0x70 /home/rahulmahadev/devel/optee/optee_os/out/arm-plat-vexpress/export-ta_arm32/lib/libutee.a(user_ta_entry.o)
 .text.ta_header_get_session
                0x000003a8       0x44 /home/rahulmahadev/devel/optee/optee_os/out/arm-plat-vexpress/export-ta_arm32/lib/libutee.a(user_ta_entry.o)
 .text.ta_header_add_session
                0x000003ec      0x14c /home/rahulmahadev/devel/optee/optee_os/out/arm-plat-vexpress/export-ta_arm32/lib/libutee.a(user_ta_entry.o)
 .text.ta_header_remove_session
                0x00000538       0xb8 /home/rahulmahadev/devel/optee/optee_os/out/arm-plat-vexpress/export-ta_arm32/lib/libutee.a(user_ta_entry.o)
 .text.entry_open_session
                0x000005f0       0xcc /home/rahulmahadev/devel/optee/optee_os/out/arm-plat-vexpress/export-ta_arm32/lib/libutee.a(user_ta_entry.o)
 .text.entry_close_session
                0x000006bc       0x68 /home/rahulmahadev/devel/optee/optee_os/out/arm-plat-vexpress/export-ta_arm32/lib/libutee.a(user_ta_entry.o)
 .text.entry_invoke_command
                0x00000724       0xa0 /home/rahulmahadev/devel/optee/optee_os/out/arm-plat-vexpress/export-ta_arm32/lib/libutee.a(user_ta_entry.o)
 .text.__utee_entry
                0x000007c4       0xc4 /home/rahulmahadev/devel/optee/optee_os/out/arm-plat-vexpress/export-ta_arm32/lib/libutee.a(user_ta_entry.o)
                0x000007c4                __utee_entry
 .text          0x00000888      0x5f8 /home/rahulmahadev/devel/optee/optee_os/out/arm-plat-vexpress/export-ta_arm32/lib/libutee.a(utee_syscalls_a32.o)
                0x00000888                utee_return
                0x0000089c                utee_log
                0x000008b0                utee_panic
                0x000008c4                utee_dummy
                0x000008d8                utee_dummy_7args
                0x000008f0                utee_nocall
                0x00000904                utee_get_property
                0x00000918                utee_open_ta_session
                0x00000930                utee_close_ta_session
                0x00000944                utee_invoke_ta_command
                0x0000095c                utee_get_cancellation_flag
                0x00000970                utee_check_access_rights
                0x00000984                utee_unmask_cancellation
                0x00000998                utee_mask_cancellation
                0x000009ac                utee_wait
                0x000009c0                utee_get_time
                0x000009d4                utee_set_ta_time
                0x000009e8                utee_cryp_state_alloc
                0x00000a00                utee_cryp_state_copy
                0x00000a14                utee_cryp_state_free
                0x00000a28                utee_hash_init
                0x00000a3c                utee_hash_update
                0x00000a50                utee_hash_final
                0x00000a68                utee_cipher_init
                0x00000a7c                utee_cipher_update
                0x00000a94                utee_cipher_final
                0x00000aac                utee_cryp_obj_get_info
                0x00000ac0                utee_cryp_obj_restrict_usage
                0x00000ad4                utee_cryp_obj_get_attr
                0x00000ae8                utee_cryp_obj_alloc
                0x00000afc                utee_cryp_obj_close
                0x00000b10                utee_cryp_obj_reset
                0x00000b24                utee_cryp_obj_populate
                0x00000b38                utee_cryp_obj_copy
                0x00000b4c                utee_cryp_derive_key
                0x00000b60                utee_cryp_random_number_generate
                0x00000b74                utee_authenc_init
                0x00000b8c                utee_authenc_update_aad
                0x00000ba0                utee_authenc_update_payload
                0x00000bb8                utee_authenc_enc_final
                0x00000bd0                utee_authenc_dec_final
                0x00000be8                utee_asymm_operate
                0x00000c00                utee_asymm_verify
                0x00000c18                utee_storage_obj_open
                0x00000c30                utee_storage_obj_create
                0x00000c48                utee_storage_obj_del
                0x00000c5c                utee_storage_obj_rename
                0x00000c70                utee_storage_alloc_enum
                0x00000c84                utee_storage_free_enum
                0x00000c98                utee_storage_reset_enum
                0x00000cac                utee_storage_start_enum
                0x00000cc0                utee_storage_next_enum
                0x00000cd4                utee_storage_obj_read
                0x00000ce8                utee_storage_obj_write
                0x00000cfc                utee_storage_obj_trunc
                0x00000d10                utee_storage_obj_seek
                0x00000d24                utee_cryp_obj_generate_key
                0x00000d38                utee_se_service_open
                0x00000d4c                utee_se_service_close
                0x00000d60                utee_se_service_get_readers
                0x00000d74                utee_se_reader_get_prop
                0x00000d88                utee_se_reader_get_name
                0x00000d9c                utee_se_reader_open_session
                0x00000db0                utee_se_reader_close_sessions
                0x00000dc4                utee_se_session_is_closed
                0x00000dd8                utee_se_session_get_atr
                0x00000dec                utee_se_session_open_channel
                0x00000e04                utee_se_session_close
                0x00000e18                utee_se_channel_select_next
                0x00000e2c                utee_se_channel_get_select_resp
                0x00000e40                utee_se_channel_transmit
                0x00000e58                utee_se_channel_close
                0x00000e6c                utee_cache_operation
 .text.TEE_BigInt_Panic
                0x00000e80       0x74 /home/rahulmahadev/devel/optee/optee_os/out/arm-plat-vexpress/export-ta_arm32/lib/libutee.a(tee_api_arith.o)
 .text._TEE_MathAPI_Init
                0x00000ef4       0x50 /home/rahulmahadev/devel/optee/optee_os/out/arm-plat-vexpress/export-ta_arm32/lib/libutee.a(tee_api_arith.o)
                0x00000ef4                _TEE_MathAPI_Init
 .text.TEE_BigIntInit
                0x00000f44       0x2c /home/rahulmahadev/devel/optee/optee_os/out/arm-plat-vexpress/export-ta_arm32/lib/libutee.a(tee_api_arith.o)
                0x00000f44                TEE_BigIntInit
 .text.TEE_BigIntInitFMM
                0x00000f70       0x40 /home/rahulmahadev/devel/optee/optee_os/out/arm-plat-vexpress/export-ta_arm32/lib/libutee.a(tee_api_arith.o)
                0x00000f70                TEE_BigIntInitFMM
 .text.TEE_BigIntInitFMMContext
                0x00000fb0       0x68 /home/rahulmahadev/devel/optee/optee_os/out/arm-plat-vexpress/export-ta_arm32/lib/libutee.a(tee_api_arith.o)
                0x00000fb0                TEE_BigIntInitFMMContext
 .text.TEE_BigIntFMMSizeInU32
                0x00001018       0x28 /home/rahulmahadev/devel/optee/optee_os/out/arm-plat-vexpress/export-ta_arm32/lib/libutee.a(tee_api_arith.o)
                0x00001018                TEE_BigIntFMMSizeInU32
 .text.TEE_BigIntFMMContextSizeInU32
                0x00001040       0x30 /home/rahulmahadev/devel/optee/optee_os/out/arm-plat-vexpress/export-ta_arm32/lib/libutee.a(tee_api_arith.o)
                0x00001040                TEE_BigIntFMMContextSizeInU32
 .text.TEE_BigIntConvertFromOctetString
                0x00001070       0xb0 /home/rahulmahadev/devel/optee/optee_os/out/arm-plat-vexpress/export-ta_arm32/lib/libutee.a(tee_api_arith.o)
                0x00001070                TEE_BigIntConvertFromOctetString
 .text.TEE_BigIntConvertToOctetString
                0x00001120       0xb4 /home/rahulmahadev/devel/optee/optee_os/out/arm-plat-vexpress/export-ta_arm32/lib/libutee.a(tee_api_arith.o)
                0x00001120                TEE_BigIntConvertToOctetString
 .text.TEE_BigIntConvertFromS32
                0x000011d4       0x30 /home/rahulmahadev/devel/optee/optee_os/out/arm-plat-vexpress/export-ta_arm32/lib/libutee.a(tee_api_arith.o)
                0x000011d4                TEE_BigIntConvertFromS32
 .text.TEE_BigIntConvertToS32
                0x00001204       0xa0 /home/rahulmahadev/devel/optee/optee_os/out/arm-plat-vexpress/export-ta_arm32/lib/libutee.a(tee_api_arith.o)
                0x00001204                TEE_BigIntConvertToS32
 .text.TEE_BigIntCmp
                0x000012a4       0x38 /home/rahulmahadev/devel/optee/optee_os/out/arm-plat-vexpress/export-ta_arm32/lib/libutee.a(tee_api_arith.o)
                0x000012a4                TEE_BigIntCmp
 .text.TEE_BigIntCmpS32
                0x000012dc       0x34 /home/rahulmahadev/devel/optee/optee_os/out/arm-plat-vexpress/export-ta_arm32/lib/libutee.a(tee_api_arith.o)
                0x000012dc                TEE_BigIntCmpS32
 .text.TEE_BigIntShiftRight
                0x00001310       0x44 /home/rahulmahadev/devel/optee/optee_os/out/arm-plat-vexpress/export-ta_arm32/lib/libutee.a(tee_api_arith.o)
                0x00001310                TEE_BigIntShiftRight
 .text.TEE_BigIntGetBit
                0x00001354       0x3c /home/rahulmahadev/devel/optee/optee_os/out/arm-plat-vexpress/export-ta_arm32/lib/libutee.a(tee_api_arith.o)
                0x00001354                TEE_BigIntGetBit
 .text.TEE_BigIntGetBitCount
                0x00001390       0x34 /home/rahulmahadev/devel/optee/optee_os/out/arm-plat-vexpress/export-ta_arm32/lib/libutee.a(tee_api_arith.o)
                0x00001390                TEE_BigIntGetBitCount
 .text.TEE_BigIntAdd
                0x000013c4       0x50 /home/rahulmahadev/devel/optee/optee_os/out/arm-plat-vexpress/export-ta_arm32/lib/libutee.a(tee_api_arith.o)
                0x000013c4                TEE_BigIntAdd
 .text.TEE_BigIntSub
                0x00001414       0x50 /home/rahulmahadev/devel/optee/optee_os/out/arm-plat-vexpress/export-ta_arm32/lib/libutee.a(tee_api_arith.o)
                0x00001414                TEE_BigIntSub
 .text.TEE_BigIntNeg
                0x00001464       0x34 /home/rahulmahadev/devel/optee/optee_os/out/arm-plat-vexpress/export-ta_arm32/lib/libutee.a(tee_api_arith.o)
                0x00001464                TEE_BigIntNeg
 .text.TEE_BigIntMul
                0x00001498       0x50 /home/rahulmahadev/devel/optee/optee_os/out/arm-plat-vexpress/export-ta_arm32/lib/libutee.a(tee_api_arith.o)
                0x00001498                TEE_BigIntMul
 .text.TEE_BigIntSquare
                0x000014e8       0x48 /home/rahulmahadev/devel/optee/optee_os/out/arm-plat-vexpress/export-ta_arm32/lib/libutee.a(tee_api_arith.o)
                0x000014e8                TEE_BigIntSquare
 .text.TEE_BigIntDiv
                0x00001530       0x84 /home/rahulmahadev/devel/optee/optee_os/out/arm-plat-vexpress/export-ta_arm32/lib/libutee.a(tee_api_arith.o)
                0x00001530                TEE_BigIntDiv
 .text.TEE_BigIntMod
                0x000015b4       0xa8 /home/rahulmahadev/devel/optee/optee_os/out/arm-plat-vexpress/export-ta_arm32/lib/libutee.a(tee_api_arith.o)
                0x000015b4                TEE_BigIntMod
 .text.TEE_BigIntAddMod
                0x0000165c       0xb4 /home/rahulmahadev/devel/optee/optee_os/out/arm-plat-vexpress/export-ta_arm32/lib/libutee.a(tee_api_arith.o)
                0x0000165c                TEE_BigIntAddMod
 .text.TEE_BigIntSubMod
                0x00001710       0xb4 /home/rahulmahadev/devel/optee/optee_os/out/arm-plat-vexpress/export-ta_arm32/lib/libutee.a(tee_api_arith.o)
                0x00001710                TEE_BigIntSubMod
 .text.TEE_BigIntMulMod
                0x000017c4       0xfc /home/rahulmahadev/devel/optee/optee_os/out/arm-plat-vexpress/export-ta_arm32/lib/libutee.a(tee_api_arith.o)
                0x000017c4                TEE_BigIntMulMod
 .text.TEE_BigIntSquareMod
                0x000018c0       0x34 /home/rahulmahadev/devel/optee/optee_os/out/arm-plat-vexpress/export-ta_arm32/lib/libutee.a(tee_api_arith.o)
                0x000018c0                TEE_BigIntSquareMod
 .text.TEE_BigIntInvMod
                0x000018f4       0x90 /home/rahulmahadev/devel/optee/optee_os/out/arm-plat-vexpress/export-ta_arm32/lib/libutee.a(tee_api_arith.o)
                0x000018f4                TEE_BigIntInvMod
 .text.TEE_BigIntRelativePrime
                0x00001984       0xa4 /home/rahulmahadev/devel/optee/optee_os/out/arm-plat-vexpress/export-ta_arm32/lib/libutee.a(tee_api_arith.o)
                0x00001984                TEE_BigIntRelativePrime
 .text.TEE_BigIntComputeExtendedGcd
                0x00001a28       0x60 /home/rahulmahadev/devel/optee/optee_os/out/arm-plat-vexpress/export-ta_arm32/lib/libutee.a(tee_api_arith.o)
                0x00001a28                TEE_BigIntComputeExtendedGcd
 .text.TEE_BigIntIsProbablePrime
                0x00001a88       0x64 /home/rahulmahadev/devel/optee/optee_os/out/arm-plat-vexpress/export-ta_arm32/lib/libutee.a(tee_api_arith.o)
                0x00001a88                TEE_BigIntIsProbablePrime
 .text.TEE_BigIntConvertToFMM
                0x00001aec       0x64 /home/rahulmahadev/devel/optee/optee_os/out/arm-plat-vexpress/export-ta_arm32/lib/libutee.a(tee_api_arith.o)
                0x00001aec                TEE_BigIntConvertToFMM
 .text.TEE_BigIntConvertFromFMM
                0x00001b50       0xb4 /home/rahulmahadev/devel/optee/optee_os/out/arm-plat-vexpress/export-ta_arm32/lib/libutee.a(tee_api_arith.o)
                0x00001b50                TEE_BigIntConvertFromFMM
 .text.TEE_BigIntComputeFMM
                0x00001c04       0x64 /home/rahulmahadev/devel/optee/optee_os/out/arm-plat-vexpress/export-ta_arm32/lib/libutee.a(tee_api_arith.o)
                0x00001c04                TEE_BigIntComputeFMM
 .text.__utee_from_param
                0x00001c68      0x168 /home/rahulmahadev/devel/optee/optee_os/out/arm-plat-vexpress/export-ta_arm32/lib/libutee.a(tee_api.o)
                0x00001c68                __utee_from_param
 .text.__utee_to_param
                0x00001dd0       0xfc /home/rahulmahadev/devel/optee/optee_os/out/arm-plat-vexpress/export-ta_arm32/lib/libutee.a(tee_api.o)
                0x00001dd0                __utee_to_param
 .text.TEE_OpenTASession
                0x00001ecc       0x8c /home/rahulmahadev/devel/optee/optee_os/out/arm-plat-vexpress/export-ta_arm32/lib/libutee.a(tee_api.o)
                0x00001ecc                TEE_OpenTASession
 .text.TEE_CloseTASession
                0x00001f58       0x78 /home/rahulmahadev/devel/optee/optee_os/out/arm-plat-vexpress/export-ta_arm32/lib/libutee.a(tee_api.o)
                0x00001f58                TEE_CloseTASession
 .text.TEE_InvokeTACommand
                0x00001fd0       0xe8 /home/rahulmahadev/devel/optee/optee_os/out/arm-plat-vexpress/export-ta_arm32/lib/libutee.a(tee_api.o)
                0x00001fd0                TEE_InvokeTACommand
 .text.TEE_GetCancellationFlag
                0x000020b8       0x44 /home/rahulmahadev/devel/optee/optee_os/out/arm-plat-vexpress/export-ta_arm32/lib/libutee.a(tee_api.o)
                0x000020b8                TEE_GetCancellationFlag
 .text.TEE_UnmaskCancellation
                0x000020fc       0x80 /home/rahulmahadev/devel/optee/optee_os/out/arm-plat-vexpress/export-ta_arm32/lib/libutee.a(tee_api.o)
                0x000020fc                TEE_UnmaskCancellation
 .text.TEE_MaskCancellation
                0x0000217c       0x80 /home/rahulmahadev/devel/optee/optee_os/out/arm-plat-vexpress/export-ta_arm32/lib/libutee.a(tee_api.o)
                0x0000217c                TEE_MaskCancellation
 .text.TEE_CheckMemoryAccessRights
                0x000021fc       0x5c /home/rahulmahadev/devel/optee/optee_os/out/arm-plat-vexpress/export-ta_arm32/lib/libutee.a(tee_api.o)
                0x000021fc                TEE_CheckMemoryAccessRights
 .text.TEE_SetInstanceData
                0x00002258       0x24 /home/rahulmahadev/devel/optee/optee_os/out/arm-plat-vexpress/export-ta_arm32/lib/libutee.a(tee_api.o)
                0x00002258                TEE_SetInstanceData
 .text.TEE_GetInstanceData
                0x0000227c       0x1c /home/rahulmahadev/devel/optee/optee_os/out/arm-plat-vexpress/export-ta_arm32/lib/libutee.a(tee_api.o)
                0x0000227c                TEE_GetInstanceData
 .text.TEE_MemMove
                0x00002298       0x40 /home/rahulmahadev/devel/optee/optee_os/out/arm-plat-vexpress/export-ta_arm32/lib/libutee.a(tee_api.o)
                0x00002298                TEE_MemMove
 .text.TEE_MemCompare
                0x000022d8       0x40 /home/rahulmahadev/devel/optee/optee_os/out/arm-plat-vexpress/export-ta_arm32/lib/libutee.a(tee_api.o)
                0x000022d8                TEE_MemCompare
 .text.TEE_MemFill
                0x00002318       0x40 /home/rahulmahadev/devel/optee/optee_os/out/arm-plat-vexpress/export-ta_arm32/lib/libutee.a(tee_api.o)
                0x00002318                TEE_MemFill
 .text.TEE_GetSystemTime
                0x00002358       0x78 /home/rahulmahadev/devel/optee/optee_os/out/arm-plat-vexpress/export-ta_arm32/lib/libutee.a(tee_api.o)
                0x00002358                TEE_GetSystemTime
 .text.TEE_Wait
                0x000023d0       0x84 /home/rahulmahadev/devel/optee/optee_os/out/arm-plat-vexpress/export-ta_arm32/lib/libutee.a(tee_api.o)
                0x000023d0                TEE_Wait
 .text.TEE_GetTAPersistentTime
                0x00002454       0xd0 /home/rahulmahadev/devel/optee/optee_os/out/arm-plat-vexpress/export-ta_arm32/lib/libutee.a(tee_api.o)
                0x00002454                TEE_GetTAPersistentTime
 .text.TEE_SetTAPersistentTime
                0x00002524       0x90 /home/rahulmahadev/devel/optee/optee_os/out/arm-plat-vexpress/export-ta_arm32/lib/libutee.a(tee_api.o)
                0x00002524                TEE_SetTAPersistentTime
 .text.TEE_GetREETime
                0x000025b4       0x78 /home/rahulmahadev/devel/optee/optee_os/out/arm-plat-vexpress/export-ta_arm32/lib/libutee.a(tee_api.o)
                0x000025b4                TEE_GetREETime
 .text.TEE_Malloc
                0x0000262c       0x30 /home/rahulmahadev/devel/optee/optee_os/out/arm-plat-vexpress/export-ta_arm32/lib/libutee.a(tee_api.o)
                0x0000262c                TEE_Malloc
 .text.TEE_Realloc
                0x0000265c       0x30 /home/rahulmahadev/devel/optee/optee_os/out/arm-plat-vexpress/export-ta_arm32/lib/libutee.a(tee_api.o)
                0x0000265c                TEE_Realloc
 .text.TEE_Free
                0x0000268c       0x28 /home/rahulmahadev/devel/optee/optee_os/out/arm-plat-vexpress/export-ta_arm32/lib/libutee.a(tee_api.o)
                0x0000268c                TEE_Free
 .text.TEE_CacheClean
                0x000026b4       0x40 /home/rahulmahadev/devel/optee/optee_os/out/arm-plat-vexpress/export-ta_arm32/lib/libutee.a(tee_api.o)
                0x000026b4                TEE_CacheClean
 .text.TEE_CacheFlush
                0x000026f4       0x40 /home/rahulmahadev/devel/optee/optee_os/out/arm-plat-vexpress/export-ta_arm32/lib/libutee.a(tee_api.o)
                0x000026f4                TEE_CacheFlush
 .text.TEE_CacheInvalidate
                0x00002734       0x40 /home/rahulmahadev/devel/optee/optee_os/out/arm-plat-vexpress/export-ta_arm32/lib/libutee.a(tee_api.o)
                0x00002734                TEE_CacheInvalidate
 .text.__TEE_Panic
                0x00002774       0x20 /home/rahulmahadev/devel/optee/optee_os/out/arm-plat-vexpress/export-ta_arm32/lib/libutee.a(tee_api_panic.o)
                0x00002774                __TEE_Panic
 .text.TEE_Panic
                0x00002794       0x18 /home/rahulmahadev/devel/optee/optee_os/out/arm-plat-vexpress/export-ta_arm32/lib/libutee.a(tee_api_panic.o)
                0x00002794                TEE_Panic
 .text.utee_get_ta_exec_id
                0x000027ac       0x14 /home/rahulmahadev/devel/optee/optee_os/out/arm-plat-vexpress/export-ta_arm32/lib/libutee.a(utee_misc.o)
                0x000027ac                utee_get_ta_exec_id
 .text.utee_malloc
                0x000027c0       0x2c /home/rahulmahadev/devel/optee/optee_os/out/arm-plat-vexpress/export-ta_arm32/lib/libutee.a(utee_misc.o)
                0x000027c0                utee_malloc
 .text.utee_realloc
                0x000027ec       0x30 /home/rahulmahadev/devel/optee/optee_os/out/arm-plat-vexpress/export-ta_arm32/lib/libutee.a(utee_misc.o)
                0x000027ec                utee_realloc
 .text.utee_calloc
                0x0000281c       0x30 /home/rahulmahadev/devel/optee/optee_os/out/arm-plat-vexpress/export-ta_arm32/lib/libutee.a(utee_misc.o)
                0x0000281c                utee_calloc
 .text.utee_free
                0x0000284c       0x28 /home/rahulmahadev/devel/optee/optee_os/out/arm-plat-vexpress/export-ta_arm32/lib/libutee.a(utee_misc.o)
                0x0000284c                utee_free
 .text.get_rng_array
                0x00002874       0x30 /home/rahulmahadev/devel/optee/optee_os/out/arm-plat-vexpress/export-ta_arm32/lib/libutee.a(utee_misc.o)
                0x00002874                get_rng_array
 .text.buf_addr
                0x000028a4       0x20 /home/rahulmahadev/devel/optee/optee_os/out/arm-plat-vexpress/export-ta_arm32/lib/libutee.a(tee_user_mem.o)
 .text.buf_size
                0x000028c4       0x28 /home/rahulmahadev/devel/optee/optee_os/out/arm-plat-vexpress/export-ta_arm32/lib/libutee.a(tee_user_mem.o)
 .text.elem_addr
                0x000028ec       0x20 /home/rahulmahadev/devel/optee/optee_os/out/arm-plat-vexpress/export-ta_arm32/lib/libutee.a(tee_user_mem.o)
 .text.is_buffer_valid
                0x0000290c       0x4c /home/rahulmahadev/devel/optee/optee_os/out/arm-plat-vexpress/export-ta_arm32/lib/libutee.a(tee_user_mem.o)
 .text.print_buf
                0x00002958       0x7c /home/rahulmahadev/devel/optee/optee_os/out/arm-plat-vexpress/export-ta_arm32/lib/libutee.a(tee_user_mem.o)
 .text.heap_inc
                0x000029d4       0x60 /home/rahulmahadev/devel/optee/optee_os/out/arm-plat-vexpress/export-ta_arm32/lib/libutee.a(tee_user_mem.o)
 .text.heap_dec
                0x00002a34       0x64 /home/rahulmahadev/devel/optee/optee_os/out/arm-plat-vexpress/export-ta_arm32/lib/libutee.a(tee_user_mem.o)
 .text.check_elem_end
                0x00002a98       0x74 /home/rahulmahadev/devel/optee/optee_os/out/arm-plat-vexpress/export-ta_arm32/lib/libutee.a(tee_user_mem.o)
 .text.check_elem
                0x00002b0c      0x104 /home/rahulmahadev/devel/optee/optee_os/out/arm-plat-vexpress/export-ta_arm32/lib/libutee.a(tee_user_mem.o)
 .text.is_mem_coherent
                0x00002c10       0x84 /home/rahulmahadev/devel/optee/optee_os/out/arm-plat-vexpress/export-ta_arm32/lib/libutee.a(tee_user_mem.o)
 .text.tee_user_mem_alloc
                0x00002c94      0x180 /home/rahulmahadev/devel/optee/optee_os/out/arm-plat-vexpress/export-ta_arm32/lib/libutee.a(tee_user_mem.o)
                0x00002c94                tee_user_mem_alloc
 .text.tee_user_mem_realloc
                0x00002e14       0xe8 /home/rahulmahadev/devel/optee/optee_os/out/arm-plat-vexpress/export-ta_arm32/lib/libutee.a(tee_user_mem.o)
                0x00002e14                tee_user_mem_realloc
 .text.tee_user_mem_free
                0x00002efc      0x150 /home/rahulmahadev/devel/optee/optee_os/out/arm-plat-vexpress/export-ta_arm32/lib/libutee.a(tee_user_mem.o)
                0x00002efc                tee_user_mem_free
 .text.tee_user_mem_mark_heap
                0x0000304c       0x20 /home/rahulmahadev/devel/optee/optee_os/out/arm-plat-vexpress/export-ta_arm32/lib/libutee.a(tee_user_mem.o)
                0x0000304c                tee_user_mem_mark_heap
 .text.tee_user_mem_check_heap
                0x0000306c       0x94 /home/rahulmahadev/devel/optee/optee_os/out/arm-plat-vexpress/export-ta_arm32/lib/libutee.a(tee_user_mem.o)
                0x0000306c                tee_user_mem_check_heap
 .text.tee_user_mem_status
                0x00003100       0x88 /home/rahulmahadev/devel/optee/optee_os/out/arm-plat-vexpress/export-ta_arm32/lib/libutee.a(tee_user_mem.o)
 .text.tee_user_mem_garbage
                0x00003188       0x4c /home/rahulmahadev/devel/optee/optee_os/out/arm-plat-vexpress/export-ta_arm32/lib/libutee.a(tee_user_mem.o)
                0x00003188                tee_user_mem_garbage
 .text.trace_ext_puts
                0x000031d4       0x44 /home/rahulmahadev/devel/optee/optee_os/out/arm-plat-vexpress/export-ta_arm32/lib/libutee.a(trace_ext.o)
                0x000031d4                trace_ext_puts
 .text.trace_ext_get_thread_id
                0x00003218       0x14 /home/rahulmahadev/devel/optee/optee_os/out/arm-plat-vexpress/export-ta_arm32/lib/libutee.a(trace_ext.o)
                0x00003218                trace_ext_get_thread_id
 .text.printf   0x0000322c      0x120 /home/rahulmahadev/devel/optee/optee_os/out/arm-plat-vexpress/export-ta_arm32/lib/libutee.a(trace_ext.o)
                0x0000322c                printf
 .text.puts     0x0000334c       0x3c /home/rahulmahadev/devel/optee/optee_os/out/arm-plat-vexpress/export-ta_arm32/lib/libutee.a(trace_ext.o)
                0x0000334c                puts
 .text._assert_log
                0x00003388       0x5c /home/rahulmahadev/devel/optee/optee_os/out/arm-plat-vexpress/export-ta_arm32/lib/libutee.a(assert.o)
                0x00003388                _assert_log
 .text._assert_break
                0x000033e4       0x20 /home/rahulmahadev/devel/optee/optee_os/out/arm-plat-vexpress/export-ta_arm32/lib/libutee.a(assert.o)
                0x000033e4                _assert_break
 .text.bget     0x00003404      0x210 /home/rahulmahadev/devel/optee/optee_os/out/arm-plat-vexpress/export-ta_arm32/lib/libutils.a(bget_malloc.o)
                0x00003404                bget
 .text.bgetz    0x00003614       0xbc /home/rahulmahadev/devel/optee/optee_os/out/arm-plat-vexpress/export-ta_arm32/lib/libutils.a(bget_malloc.o)
                0x00003614                bgetz
 .text.bgetr    0x000036d0       0xc4 /home/rahulmahadev/devel/optee/optee_os/out/arm-plat-vexpress/export-ta_arm32/lib/libutils.a(bget_malloc.o)
                0x000036d0                bgetr
 .text.brel     0x00003794      0x2f4 /home/rahulmahadev/devel/optee/optee_os/out/arm-plat-vexpress/export-ta_arm32/lib/libutils.a(bget_malloc.o)
                0x00003794                brel
 .text.bpool    0x00003a88      0x140 /home/rahulmahadev/devel/optee/optee_os/out/arm-plat-vexpress/export-ta_arm32/lib/libutils.a(bget_malloc.o)
                0x00003a88                bpool
 .text.malloc_lock
                0x00003bc8       0x10 /home/rahulmahadev/devel/optee/optee_os/out/arm-plat-vexpress/export-ta_arm32/lib/libutils.a(bget_malloc.o)
 .text.malloc_unlock
                0x00003bd8       0x10 /home/rahulmahadev/devel/optee/optee_os/out/arm-plat-vexpress/export-ta_arm32/lib/libutils.a(bget_malloc.o)
 .text.raw_malloc_save_max_alloced_size
                0x00003be8       0x10 /home/rahulmahadev/devel/optee/optee_os/out/arm-plat-vexpress/export-ta_arm32/lib/libutils.a(bget_malloc.o)
 .text.malloc_reset_max_allocated
                0x00003bf8       0x10 /home/rahulmahadev/devel/optee/optee_os/out/arm-plat-vexpress/export-ta_arm32/lib/libutils.a(bget_malloc.o)
                0x00003bf8                malloc_reset_max_allocated
 .text.malloc_get_max_allocated
                0x00003c08       0x14 /home/rahulmahadev/devel/optee/optee_os/out/arm-plat-vexpress/export-ta_arm32/lib/libutils.a(bget_malloc.o)
                0x00003c08                malloc_get_max_allocated
 .text.malloc_get_allocated
                0x00003c1c       0x14 /home/rahulmahadev/devel/optee/optee_os/out/arm-plat-vexpress/export-ta_arm32/lib/libutils.a(bget_malloc.o)
                0x00003c1c                malloc_get_allocated
 .text.malloc_get_heap_size
                0x00003c30       0x68 /home/rahulmahadev/devel/optee/optee_os/out/arm-plat-vexpress/export-ta_arm32/lib/libutils.a(bget_malloc.o)
                0x00003c30                malloc_get_heap_size
 .text.raw_malloc_validate_pools
                0x00003c98       0x10 /home/rahulmahadev/devel/optee/optee_os/out/arm-plat-vexpress/export-ta_arm32/lib/libutils.a(bget_malloc.o)
 .text.bpool_foreach_iterator_init
                0x00003ca8       0x30 /home/rahulmahadev/devel/optee/optee_os/out/arm-plat-vexpress/export-ta_arm32/lib/libutils.a(bget_malloc.o)
 .text.bpool_foreach_pool
                0x00003cd8       0xf4 /home/rahulmahadev/devel/optee/optee_os/out/arm-plat-vexpress/export-ta_arm32/lib/libutils.a(bget_malloc.o)
 .text.bpool_foreach
                0x00003dcc       0x90 /home/rahulmahadev/devel/optee/optee_os/out/arm-plat-vexpress/export-ta_arm32/lib/libutils.a(bget_malloc.o)
 .text.raw_malloc
                0x00003e5c       0x68 /home/rahulmahadev/devel/optee/optee_os/out/arm-plat-vexpress/export-ta_arm32/lib/libutils.a(bget_malloc.o)
 .text.raw_free
                0x00003ec4       0x30 /home/rahulmahadev/devel/optee/optee_os/out/arm-plat-vexpress/export-ta_arm32/lib/libutils.a(bget_malloc.o)
 .text.raw_calloc
                0x00003ef4       0x78 /home/rahulmahadev/devel/optee/optee_os/out/arm-plat-vexpress/export-ta_arm32/lib/libutils.a(bget_malloc.o)
 .text.raw_realloc
                0x00003f6c       0x6c /home/rahulmahadev/devel/optee/optee_os/out/arm-plat-vexpress/export-ta_arm32/lib/libutils.a(bget_malloc.o)
 .text.create_free_block
                0x00003fd8      0x178 /home/rahulmahadev/devel/optee/optee_os/out/arm-plat-vexpress/export-ta_arm32/lib/libutils.a(bget_malloc.o)
 .text.brel_before
                0x00004150      0x130 /home/rahulmahadev/devel/optee/optee_os/out/arm-plat-vexpress/export-ta_arm32/lib/libutils.a(bget_malloc.o)
 .text.brel_after
                0x00004280      0x1f4 /home/rahulmahadev/devel/optee/optee_os/out/arm-plat-vexpress/export-ta_arm32/lib/libutils.a(bget_malloc.o)
 .text.raw_memalign
                0x00004474      0x184 /home/rahulmahadev/devel/optee/optee_os/out/arm-plat-vexpress/export-ta_arm32/lib/libutils.a(bget_malloc.o)
 .text.bget_buf_size
                0x000045f8       0x78 /home/rahulmahadev/devel/optee/optee_os/out/arm-plat-vexpress/export-ta_arm32/lib/libutils.a(bget_malloc.o)
 .text.malloc   0x00004670       0x40 /home/rahulmahadev/devel/optee/optee_os/out/arm-plat-vexpress/export-ta_arm32/lib/libutils.a(bget_malloc.o)
                0x00004670                malloc
 .text.free     0x000046b0       0x34 /home/rahulmahadev/devel/optee/optee_os/out/arm-plat-vexpress/export-ta_arm32/lib/libutils.a(bget_malloc.o)
                0x000046b0                free
 .text.calloc   0x000046e4       0x50 /home/rahulmahadev/devel/optee/optee_os/out/arm-plat-vexpress/export-ta_arm32/lib/libutils.a(bget_malloc.o)
                0x000046e4                calloc
 .text.realloc_unlocked
                0x00004734       0x3c /home/rahulmahadev/devel/optee/optee_os/out/arm-plat-vexpress/export-ta_arm32/lib/libutils.a(bget_malloc.o)
 .text.realloc  0x00004770       0x3c /home/rahulmahadev/devel/optee/optee_os/out/arm-plat-vexpress/export-ta_arm32/lib/libutils.a(bget_malloc.o)
                0x00004770                realloc
 .text.memalign
                0x000047ac       0x50 /home/rahulmahadev/devel/optee/optee_os/out/arm-plat-vexpress/export-ta_arm32/lib/libutils.a(bget_malloc.o)
                0x000047ac                memalign
 .text.get_payload_start_size
                0x000047fc       0x2c /home/rahulmahadev/devel/optee/optee_os/out/arm-plat-vexpress/export-ta_arm32/lib/libutils.a(bget_malloc.o)
 .text.malloc_add_pool
                0x00004828      0x160 /home/rahulmahadev/devel/optee/optee_os/out/arm-plat-vexpress/export-ta_arm32/lib/libutils.a(bget_malloc.o)
                0x00004828                malloc_add_pool
 .text.malloc_buffer_is_within_alloced
                0x00004988       0xbc /home/rahulmahadev/devel/optee/optee_os/out/arm-plat-vexpress/export-ta_arm32/lib/libutils.a(bget_malloc.o)
                0x00004988                malloc_buffer_is_within_alloced
 .text.malloc_buffer_overlaps_heap
                0x00004a44       0xc8 /home/rahulmahadev/devel/optee/optee_os/out/arm-plat-vexpress/export-ta_arm32/lib/libutils.a(bget_malloc.o)
                0x00004a44                malloc_buffer_overlaps_heap
 .text.snprintf
                0x00004b0c       0x54 /home/rahulmahadev/devel/optee/optee_os/out/arm-plat-vexpress/export-ta_arm32/lib/libutils.a(snprintf.o)
                0x00004b0c                snprintf
 .text.vsnprintf
                0x00004b60       0x48 /home/rahulmahadev/devel/optee/optee_os/out/arm-plat-vexpress/export-ta_arm32/lib/libutils.a(snprintf.o)
                0x00004b60                vsnprintf
 .text.memcmp   0x00004ba8       0xb8 /home/rahulmahadev/devel/optee/optee_os/out/arm-plat-vexpress/export-ta_arm32/lib/libutils.a(memcmp.o)
                0x00004ba8                memcmp
 .text.memcpy   0x00004c60       0xf4 /home/rahulmahadev/devel/optee/optee_os/out/arm-plat-vexpress/export-ta_arm32/lib/libutils.a(memcpy.o)
                0x00004c60                memcpy
 .text.memmove  0x00004d54      0x140 /home/rahulmahadev/devel/optee/optee_os/out/arm-plat-vexpress/export-ta_arm32/lib/libutils.a(memmove.o)
                0x00004d54                memmove
 .text.memset   0x00004e94      0x11c /home/rahulmahadev/devel/optee/optee_os/out/arm-plat-vexpress/export-ta_arm32/lib/libutils.a(memset.o)
                0x00004e94                memset
 .text.strlen   0x00004fb0       0x8c /home/rahulmahadev/devel/optee/optee_os/out/arm-plat-vexpress/export-ta_arm32/lib/libutils.a(strlen.o)
                0x00004fb0                strlen
 .text.snprintk
                0x0000503c       0x44 /home/rahulmahadev/devel/optee/optee_os/out/arm-plat-vexpress/export-ta_arm32/lib/libutils.a(snprintk.o)
                0x0000503c                snprintk
 .text.vsnprintk
                0x00005080       0x40 /home/rahulmahadev/devel/optee/optee_os/out/arm-plat-vexpress/export-ta_arm32/lib/libutils.a(snprintk.o)
                0x00005080                vsnprintk
 .text.__vsnprintf
                0x000050c0       0x84 /home/rahulmahadev/devel/optee/optee_os/out/arm-plat-vexpress/export-ta_arm32/lib/libutils.a(snprintk.o)
                0x000050c0                __vsnprintf
 .text.uuid2str
                0x00005144       0xac /home/rahulmahadev/devel/optee/optee_os/out/arm-plat-vexpress/export-ta_arm32/lib/libutils.a(snprintk.o)
 .text.kprintf  0x000051f0      0xdcc /home/rahulmahadev/devel/optee/optee_os/out/arm-plat-vexpress/export-ta_arm32/lib/libutils.a(snprintk.o)
 .text.strlcpy  0x00005fbc       0x84 /home/rahulmahadev/devel/optee/optee_os/out/arm-plat-vexpress/export-ta_arm32/lib/libutils.a(strlcpy.o)
                0x00005fbc                strlcpy
 .text.trace_set_level
                0x00006040       0x48 /home/rahulmahadev/devel/optee/optee_os/out/arm-plat-vexpress/export-ta_arm32/lib/libutils.a(trace.o)
                0x00006040                trace_set_level
 .text.trace_get_level
                0x00006088       0x24 /home/rahulmahadev/devel/optee/optee_os/out/arm-plat-vexpress/export-ta_arm32/lib/libutils.a(trace.o)
                0x00006088                trace_get_level
 .text.trace_level_to_string
                0x000060ac       0x58 /home/rahulmahadev/devel/optee/optee_os/out/arm-plat-vexpress/export-ta_arm32/lib/libutils.a(trace.o)
 .text.trace_printf
                0x00006104      0x1ec /home/rahulmahadev/devel/optee/optee_os/out/arm-plat-vexpress/export-ta_arm32/lib/libutils.a(trace.o)
                0x00006104                trace_printf
 .text.dhex_dump
                0x000062f0       0x1c /home/rahulmahadev/devel/optee/optee_os/out/arm-plat-vexpress/export-ta_arm32/lib/libutils.a(trace.o)
                0x000062f0                dhex_dump
 .text.memchr   0x0000630c      0x114 /home/rahulmahadev/devel/optee/optee_os/out/arm-plat-vexpress/export-ta_arm32/lib/libutils.a(memchr.o)
                0x0000630c                memchr
 .text          0x00006420       0x30 /home/rahulmahadev/devel/optee/optee_os/out/arm-plat-vexpress/export-ta_arm32/lib/libutils.a(arm32_aeabi_ldivmod_a32.o)
                0x00006420                __aeabi_ldivmod
                0x00006438                __aeabi_uldivmod
 .text.division_lqr
                0x00006450       0xf0 /home/rahulmahadev/devel/optee/optee_os/out/arm-plat-vexpress/export-ta_arm32/lib/libutils.a(arm32_aeabi_ldivmod.o)
 .text.ul_div_qr
                0x00006540       0x70 /home/rahulmahadev/devel/optee/optee_os/out/arm-plat-vexpress/export-ta_arm32/lib/libutils.a(arm32_aeabi_ldivmod.o)
 .text.__ul_divmod
                0x000065b0       0xa0 /home/rahulmahadev/devel/optee/optee_os/out/arm-plat-vexpress/export-ta_arm32/lib/libutils.a(arm32_aeabi_ldivmod.o)
                0x000065b0                __ul_divmod
 .text.__l_divmod
                0x00006650      0x114 /home/rahulmahadev/devel/optee/optee_os/out/arm-plat-vexpress/export-ta_arm32/lib/libutils.a(arm32_aeabi_ldivmod.o)
                0x00006650                __l_divmod
 .text.__mpa_set_unused_digits_to_zero
                0x00006764       0x60 /home/rahulmahadev/devel/optee/optee_os/out/arm-plat-vexpress/export-ta_arm32/lib/libmpa.a(mpa_misc.o)
                0x00006764                __mpa_set_unused_digits_to_zero
 .text.mpa_wipe
                0x000067c4       0x4c /home/rahulmahadev/devel/optee/optee_os/out/arm-plat-vexpress/export-ta_arm32/lib/libmpa.a(mpa_misc.o)
                0x000067c4                mpa_wipe
 .text.mpa_copy
                0x00006810       0x60 /home/rahulmahadev/devel/optee/optee_os/out/arm-plat-vexpress/export-ta_arm32/lib/libmpa.a(mpa_misc.o)
                0x00006810                mpa_copy
 .text.mpa_abs  0x00006870       0x38 /home/rahulmahadev/devel/optee/optee_os/out/arm-plat-vexpress/export-ta_arm32/lib/libmpa.a(mpa_misc.o)
                0x00006870                mpa_abs
 .text.mpa_highest_bit_index
                0x000068a8       0x80 /home/rahulmahadev/devel/optee/optee_os/out/arm-plat-vexpress/export-ta_arm32/lib/libmpa.a(mpa_misc.o)
                0x000068a8                mpa_highest_bit_index
 .text.mpa_get_bit
                0x00006928       0x6c /home/rahulmahadev/devel/optee/optee_os/out/arm-plat-vexpress/export-ta_arm32/lib/libmpa.a(mpa_misc.o)
                0x00006928                mpa_get_bit
 .text.mpa_can_hold
                0x00006994       0x34 /home/rahulmahadev/devel/optee/optee_os/out/arm-plat-vexpress/export-ta_arm32/lib/libmpa.a(mpa_misc.o)
                0x00006994                mpa_can_hold
 .text.mpa_parity
                0x000069c8       0x2c /home/rahulmahadev/devel/optee/optee_os/out/arm-plat-vexpress/export-ta_arm32/lib/libmpa.a(mpa_misc.o)
                0x000069c8                mpa_parity
 .text.mpa_constant_one
                0x000069f4       0x18 /home/rahulmahadev/devel/optee/optee_os/out/arm-plat-vexpress/export-ta_arm32/lib/libmpa.a(mpa_misc.o)
                0x000069f4                mpa_constant_one
 .text.__mpa_montgomery_mul_add
                0x00006a0c      0x134 /home/rahulmahadev/devel/optee/optee_os/out/arm-plat-vexpress/export-ta_arm32/lib/libmpa.a(mpa_montgomery.o)
                0x00006a0c                __mpa_montgomery_mul_add
 .text.__mpa_montgomery_sub_ack
                0x00006b40      0x118 /home/rahulmahadev/devel/optee/optee_os/out/arm-plat-vexpress/export-ta_arm32/lib/libmpa.a(mpa_montgomery.o)
                0x00006b40                __mpa_montgomery_sub_ack
 .text.__mpa_montgomery_mul
                0x00006c58      0x160 /home/rahulmahadev/devel/optee/optee_os/out/arm-plat-vexpress/export-ta_arm32/lib/libmpa.a(mpa_montgomery.o)
                0x00006c58                __mpa_montgomery_mul
 .text.mpa_compute_fmm_context
                0x00006db8      0x158 /home/rahulmahadev/devel/optee/optee_os/out/arm-plat-vexpress/export-ta_arm32/lib/libmpa.a(mpa_montgomery.o)
                0x00006db8                mpa_compute_fmm_context
 .text.mpa_montgomery_mul
                0x00006f10       0x74 /home/rahulmahadev/devel/optee/optee_os/out/arm-plat-vexpress/export-ta_arm32/lib/libmpa.a(mpa_montgomery.o)
                0x00006f10                mpa_montgomery_mul
 .text.mpa_is_prob_prime
                0x00006f84       0x68 /home/rahulmahadev/devel/optee/optee_os/out/arm-plat-vexpress/export-ta_arm32/lib/libmpa.a(mpa_primetest.o)
                0x00006f84                mpa_is_prob_prime
 .text.check_table
                0x00006fec       0x38 /home/rahulmahadev/devel/optee/optee_os/out/arm-plat-vexpress/export-ta_arm32/lib/libmpa.a(mpa_primetest.o)
 .text.is_small_prime
                0x00007024       0xc8 /home/rahulmahadev/devel/optee/optee_os/out/arm-plat-vexpress/export-ta_arm32/lib/libmpa.a(mpa_primetest.o)
 .text.has_small_factors
                0x000070ec       0x8c /home/rahulmahadev/devel/optee/optee_os/out/arm-plat-vexpress/export-ta_arm32/lib/libmpa.a(mpa_primetest.o)
 .text.primality_test_miller_rabin
                0x00007178      0x338 /home/rahulmahadev/devel/optee/optee_os/out/arm-plat-vexpress/export-ta_arm32/lib/libmpa.a(mpa_primetest.o)
 .text.mpa_set_S32
                0x000074b0       0x4c /home/rahulmahadev/devel/optee/optee_os/out/arm-plat-vexpress/export-ta_arm32/lib/libmpa.a(mpa_conv.o)
                0x000074b0                mpa_set_S32
 .text.mpa_get_S32
                0x000074fc       0x98 /home/rahulmahadev/devel/optee/optee_os/out/arm-plat-vexpress/export-ta_arm32/lib/libmpa.a(mpa_conv.o)
                0x000074fc                mpa_get_S32
 .text.mpa_set_word
                0x00007594       0x30 /home/rahulmahadev/devel/optee/optee_os/out/arm-plat-vexpress/export-ta_arm32/lib/libmpa.a(mpa_conv.o)
                0x00007594                mpa_set_word
 .text.mpa_get_word
                0x000075c4       0x34 /home/rahulmahadev/devel/optee/optee_os/out/arm-plat-vexpress/export-ta_arm32/lib/libmpa.a(mpa_conv.o)
                0x000075c4                mpa_get_word
 .text.__mpa_soft_div
                0x000075f8       0xd8 /home/rahulmahadev/devel/optee/optee_os/out/arm-plat-vexpress/export-ta_arm32/lib/libmpa.a(mpa_div.o)
 .text.__mpa_div_dword
                0x000076d0       0x60 /home/rahulmahadev/devel/optee/optee_os/out/arm-plat-vexpress/export-ta_arm32/lib/libmpa.a(mpa_div.o)
                0x000076d0                __mpa_div_dword
 .text.__mpa_div_q_r_internal
                0x00007730      0x6a0 /home/rahulmahadev/devel/optee/optee_os/out/arm-plat-vexpress/export-ta_arm32/lib/libmpa.a(mpa_div.o)
 .text.__mpa_div_q_r_internal_word
                0x00007dd0      0x15c /home/rahulmahadev/devel/optee/optee_os/out/arm-plat-vexpress/export-ta_arm32/lib/libmpa.a(mpa_div.o)
                0x00007dd0                __mpa_div_q_r_internal_word
 .text.__mpa_div_q_r
                0x00007f2c      0x184 /home/rahulmahadev/devel/optee/optee_os/out/arm-plat-vexpress/export-ta_arm32/lib/libmpa.a(mpa_div.o)
                0x00007f2c                __mpa_div_q_r
 .text.mpa_div  0x000080b0      0x104 /home/rahulmahadev/devel/optee/optee_os/out/arm-plat-vexpress/export-ta_arm32/lib/libmpa.a(mpa_div.o)
                0x000080b0                mpa_div
 .text.__mpa_divby2
                0x000081b4       0xf4 /home/rahulmahadev/devel/optee/optee_os/out/arm-plat-vexpress/export-ta_arm32/lib/libmpa.a(mpa_gcd.o)
 .text.__mpa_egcd
                0x000082a8      0x390 /home/rahulmahadev/devel/optee/optee_os/out/arm-plat-vexpress/export-ta_arm32/lib/libmpa.a(mpa_gcd.o)
 .text.__mpa_gcd
                0x00008638      0x1cc /home/rahulmahadev/devel/optee/optee_os/out/arm-plat-vexpress/export-ta_arm32/lib/libmpa.a(mpa_gcd.o)
 .text.mpa_gcd  0x00008804      0x118 /home/rahulmahadev/devel/optee/optee_os/out/arm-plat-vexpress/export-ta_arm32/lib/libmpa.a(mpa_gcd.o)
                0x00008804                mpa_gcd
 .text.mpa_extended_gcd
                0x0000891c      0x21c /home/rahulmahadev/devel/optee/optee_os/out/arm-plat-vexpress/export-ta_arm32/lib/libmpa.a(mpa_gcd.o)
                0x0000891c                mpa_extended_gcd
 .text.mpa_init_scratch_mem_sync
                0x00008b38       0x48 /home/rahulmahadev/devel/optee/optee_os/out/arm-plat-vexpress/export-ta_arm32/lib/libmpa.a(mpa_mem_static.o)
                0x00008b38                mpa_init_scratch_mem_sync
 .text.mpa_init_scratch_mem
                0x00008b80       0x44 /home/rahulmahadev/devel/optee/optee_os/out/arm-plat-vexpress/export-ta_arm32/lib/libmpa.a(mpa_mem_static.o)
                0x00008b80                mpa_init_scratch_mem
 .text.mpa_alloc_static_temp_var_size
                0x00008bc4      0x14c /home/rahulmahadev/devel/optee/optee_os/out/arm-plat-vexpress/export-ta_arm32/lib/libmpa.a(mpa_mem_static.o)
                0x00008bc4                mpa_alloc_static_temp_var_size
 .text.mpa_alloc_static_temp_var
                0x00008d10       0x2c /home/rahulmahadev/devel/optee/optee_os/out/arm-plat-vexpress/export-ta_arm32/lib/libmpa.a(mpa_mem_static.o)
                0x00008d10                mpa_alloc_static_temp_var
 .text.mpa_free_static_temp_var
                0x00008d3c       0x90 /home/rahulmahadev/devel/optee/optee_os/out/arm-plat-vexpress/export-ta_arm32/lib/libmpa.a(mpa_mem_static.o)
                0x00008d3c                mpa_free_static_temp_var
 .text.__mpa_mul_add_word
                0x00008dcc       0x78 /home/rahulmahadev/devel/optee/optee_os/out/arm-plat-vexpress/export-ta_arm32/lib/libmpa.a(mpa_mul.o)
                0x00008dcc                __mpa_mul_add_word
 .text.__mpa_mul_add_word_cum
                0x00008e44       0x88 /home/rahulmahadev/devel/optee/optee_os/out/arm-plat-vexpress/export-ta_arm32/lib/libmpa.a(mpa_mul.o)
                0x00008e44                __mpa_mul_add_word_cum
 .text.__mpa_abs_mul_word
                0x00008ecc       0xcc /home/rahulmahadev/devel/optee/optee_os/out/arm-plat-vexpress/export-ta_arm32/lib/libmpa.a(mpa_mul.o)
                0x00008ecc                __mpa_abs_mul_word
 .text.__mpa_abs_mul
                0x00008f98      0x12c /home/rahulmahadev/devel/optee/optee_os/out/arm-plat-vexpress/export-ta_arm32/lib/libmpa.a(mpa_mul.o)
                0x00008f98                __mpa_abs_mul
 .text.mpa_mul  0x000090c4       0xf8 /home/rahulmahadev/devel/optee/optee_os/out/arm-plat-vexpress/export-ta_arm32/lib/libmpa.a(mpa_mul.o)
                0x000090c4                mpa_mul
 .text.mpa_mul_word
                0x000091bc       0xdc /home/rahulmahadev/devel/optee/optee_os/out/arm-plat-vexpress/export-ta_arm32/lib/libmpa.a(mpa_mul.o)
                0x000091bc                mpa_mul_word
 .text.mpa_set_random_generator
                0x00009298       0x24 /home/rahulmahadev/devel/optee/optee_os/out/arm-plat-vexpress/export-ta_arm32/lib/libmpa.a(mpa_random.o)
                0x00009298                mpa_set_random_generator
 .text.get_random_byte
                0x000092bc       0x34 /home/rahulmahadev/devel/optee/optee_os/out/arm-plat-vexpress/export-ta_arm32/lib/libmpa.a(mpa_random.o)
 .text.mpa_get_random
                0x000092f0      0x158 /home/rahulmahadev/devel/optee/optee_os/out/arm-plat-vexpress/export-ta_arm32/lib/libmpa.a(mpa_random.o)
                0x000092f0                mpa_get_random
 .text.__mpa_shift_words_left
                0x00009448       0xcc /home/rahulmahadev/devel/optee/optee_os/out/arm-plat-vexpress/export-ta_arm32/lib/libmpa.a(mpa_shift.o)
                0x00009448                __mpa_shift_words_left
 .text.__mpa_shift_words_right
                0x00009514       0xc0 /home/rahulmahadev/devel/optee/optee_os/out/arm-plat-vexpress/export-ta_arm32/lib/libmpa.a(mpa_shift.o)
                0x00009514                __mpa_shift_words_right
 .text.mpa_shift_left
                0x000095d4      0x248 /home/rahulmahadev/devel/optee/optee_os/out/arm-plat-vexpress/export-ta_arm32/lib/libmpa.a(mpa_shift.o)
                0x000095d4                mpa_shift_left
 .text.mpa_shift_right
                0x0000981c      0x200 /home/rahulmahadev/devel/optee/optee_os/out/arm-plat-vexpress/export-ta_arm32/lib/libmpa.a(mpa_shift.o)
                0x0000981c                mpa_shift_right
 .text.__mpa_full_adder
                0x00009a1c       0x64 /home/rahulmahadev/devel/optee/optee_os/out/arm-plat-vexpress/export-ta_arm32/lib/libmpa.a(mpa_addsub.o)
                0x00009a1c                __mpa_full_adder
 .text.__mpa_full_sub
                0x00009a80       0x68 /home/rahulmahadev/devel/optee/optee_os/out/arm-plat-vexpress/export-ta_arm32/lib/libmpa.a(mpa_addsub.o)
                0x00009a80                __mpa_full_sub
 .text.__mpa_full_adder_ackum
                0x00009ae8       0x64 /home/rahulmahadev/devel/optee/optee_os/out/arm-plat-vexpress/export-ta_arm32/lib/libmpa.a(mpa_addsub.o)
                0x00009ae8                __mpa_full_adder_ackum
 .text.__mpa_abs_add
                0x00009b4c      0x138 /home/rahulmahadev/devel/optee/optee_os/out/arm-plat-vexpress/export-ta_arm32/lib/libmpa.a(mpa_addsub.o)
                0x00009b4c                __mpa_abs_add
 .text.__mpa_abs_add_ackum
                0x00009c84      0x10c /home/rahulmahadev/devel/optee/optee_os/out/arm-plat-vexpress/export-ta_arm32/lib/libmpa.a(mpa_addsub.o)
                0x00009c84                __mpa_abs_add_ackum
 .text.__mpa_abs_sub
                0x00009d90      0x110 /home/rahulmahadev/devel/optee/optee_os/out/arm-plat-vexpress/export-ta_arm32/lib/libmpa.a(mpa_addsub.o)
                0x00009d90                __mpa_abs_sub
 .text.mpa_add  0x00009ea0      0x224 /home/rahulmahadev/devel/optee/optee_os/out/arm-plat-vexpress/export-ta_arm32/lib/libmpa.a(mpa_addsub.o)
                0x00009ea0                mpa_add
 .text.mpa_sub  0x0000a0c4      0x250 /home/rahulmahadev/devel/optee/optee_os/out/arm-plat-vexpress/export-ta_arm32/lib/libmpa.a(mpa_addsub.o)
                0x0000a0c4                mpa_sub
 .text.mpa_neg  0x0000a314       0x38 /home/rahulmahadev/devel/optee/optee_os/out/arm-plat-vexpress/export-ta_arm32/lib/libmpa.a(mpa_addsub.o)
                0x0000a314                mpa_neg
 .text.mpa_add_word
                0x0000a34c      0x170 /home/rahulmahadev/devel/optee/optee_os/out/arm-plat-vexpress/export-ta_arm32/lib/libmpa.a(mpa_addsub.o)
                0x0000a34c                mpa_add_word
 .text.mpa_sub_word
                0x0000a4bc      0x174 /home/rahulmahadev/devel/optee/optee_os/out/arm-plat-vexpress/export-ta_arm32/lib/libmpa.a(mpa_addsub.o)
                0x0000a4bc                mpa_sub_word
 .text.__mpa_abs_cmp
                0x0000a630      0x100 /home/rahulmahadev/devel/optee/optee_os/out/arm-plat-vexpress/export-ta_arm32/lib/libmpa.a(mpa_cmp.o)
                0x0000a630                __mpa_abs_cmp
 .text.__mpa_abs_greater_than
                0x0000a730       0x30 /home/rahulmahadev/devel/optee/optee_os/out/arm-plat-vexpress/export-ta_arm32/lib/libmpa.a(mpa_cmp.o)
                0x0000a730                __mpa_abs_greater_than
 .text.__mpa_abs_less_than
                0x0000a760       0x2c /home/rahulmahadev/devel/optee/optee_os/out/arm-plat-vexpress/export-ta_arm32/lib/libmpa.a(mpa_cmp.o)
                0x0000a760                __mpa_abs_less_than
 .text.mpa_cmp  0x0000a78c       0x90 /home/rahulmahadev/devel/optee/optee_os/out/arm-plat-vexpress/export-ta_arm32/lib/libmpa.a(mpa_cmp.o)
                0x0000a78c                mpa_cmp
 .text.mpa_cmp_short
                0x0000a81c       0xac /home/rahulmahadev/devel/optee/optee_os/out/arm-plat-vexpress/export-ta_arm32/lib/libmpa.a(mpa_cmp.o)
                0x0000a81c                mpa_cmp_short
 .text.mpa_exp_mod
                0x0000a8c8      0x16c /home/rahulmahadev/devel/optee/optee_os/out/arm-plat-vexpress/export-ta_arm32/lib/libmpa.a(mpa_expmod.o)
                0x0000a8c8                mpa_exp_mod
 .text.mpa_init_static
                0x0000aa34       0x4c /home/rahulmahadev/devel/optee/optee_os/out/arm-plat-vexpress/export-ta_arm32/lib/libmpa.a(mpa_init.o)
                0x0000aa34                mpa_init_static
 .text.mpa_init_static_fmm_context
                0x0000aa80       0xb8 /home/rahulmahadev/devel/optee/optee_os/out/arm-plat-vexpress/export-ta_arm32/lib/libmpa.a(mpa_init.o)
                0x0000aa80                mpa_init_static_fmm_context
 .text.__mpa_isspace
                0x0000ab38       0x44 /home/rahulmahadev/devel/optee/optee_os/out/arm-plat-vexpress/export-ta_arm32/lib/libmpa.a(mpa_io.o)
 .text.__mpa_is_char_in_base
                0x0000ab7c       0x8c /home/rahulmahadev/devel/optee/optee_os/out/arm-plat-vexpress/export-ta_arm32/lib/libmpa.a(mpa_io.o)
 .text.__mpa_digit_value
                0x0000ac08       0x58 /home/rahulmahadev/devel/optee/optee_os/out/arm-plat-vexpress/export-ta_arm32/lib/libmpa.a(mpa_io.o)
 .text.__mpa_digitstr_to_binary_wsize_base_16
                0x0000ac60       0x24 /home/rahulmahadev/devel/optee/optee_os/out/arm-plat-vexpress/export-ta_arm32/lib/libmpa.a(mpa_io.o)
 .text.__mpa_nibble_to_char
                0x0000ac84       0x50 /home/rahulmahadev/devel/optee/optee_os/out/arm-plat-vexpress/export-ta_arm32/lib/libmpa.a(mpa_io.o)
 .text.__mpa_word_to_hexstr
                0x0000acd4       0x6c /home/rahulmahadev/devel/optee/optee_os/out/arm-plat-vexpress/export-ta_arm32/lib/libmpa.a(mpa_io.o)
 .text.__mpa_mpanum_to_hexstr
                0x0000ad40      0x134 /home/rahulmahadev/devel/optee/optee_os/out/arm-plat-vexpress/export-ta_arm32/lib/libmpa.a(mpa_io.o)
 .text.__mpa_count_leading_zero_bits
                0x0000ae74       0x50 /home/rahulmahadev/devel/optee/optee_os/out/arm-plat-vexpress/export-ta_arm32/lib/libmpa.a(mpa_io.o)
 .text.__mpa_size_in_base_255
                0x0000aec4       0x6c /home/rahulmahadev/devel/optee/optee_os/out/arm-plat-vexpress/export-ta_arm32/lib/libmpa.a(mpa_io.o)
 .text.mpa_get_str_size
                0x0000af30       0x14 /home/rahulmahadev/devel/optee/optee_os/out/arm-plat-vexpress/export-ta_arm32/lib/libmpa.a(mpa_io.o)
                0x0000af30                mpa_get_str_size
 .text.mpa_set_str
                0x0000af44      0x348 /home/rahulmahadev/devel/optee/optee_os/out/arm-plat-vexpress/export-ta_arm32/lib/libmpa.a(mpa_io.o)
                0x0000af44                mpa_set_str
 .text.mpa_get_str
                0x0000b28c       0xb8 /home/rahulmahadev/devel/optee/optee_os/out/arm-plat-vexpress/export-ta_arm32/lib/libmpa.a(mpa_io.o)
                0x0000b28c                mpa_get_str
 .text.set_word
                0x0000b344       0x68 /home/rahulmahadev/devel/optee/optee_os/out/arm-plat-vexpress/export-ta_arm32/lib/libmpa.a(mpa_io.o)
 .text.mpa_set_oct_str
                0x0000b3ac      0x100 /home/rahulmahadev/devel/optee/optee_os/out/arm-plat-vexpress/export-ta_arm32/lib/libmpa.a(mpa_io.o)
                0x0000b3ac                mpa_set_oct_str
 .text.get_word
                0x0000b4ac       0x44 /home/rahulmahadev/devel/optee/optee_os/out/arm-plat-vexpress/export-ta_arm32/lib/libmpa.a(mpa_io.o)
 .text.mpa_get_oct_str
                0x0000b4f0      0x148 /home/rahulmahadev/devel/optee/optee_os/out/arm-plat-vexpress/export-ta_arm32/lib/libmpa.a(mpa_io.o)
                0x0000b4f0                mpa_get_oct_str
 .text.mpa_mod  0x0000b638       0x44 /home/rahulmahadev/devel/optee/optee_os/out/arm-plat-vexpress/export-ta_arm32/lib/libmpa.a(mpa_modulus.o)
                0x0000b638                mpa_mod
 .text.mpa_add_mod
                0x0000b67c       0x78 /home/rahulmahadev/devel/optee/optee_os/out/arm-plat-vexpress/export-ta_arm32/lib/libmpa.a(mpa_modulus.o)
                0x0000b67c                mpa_add_mod
 .text.mpa_sub_mod
                0x0000b6f4       0x78 /home/rahulmahadev/devel/optee/optee_os/out/arm-plat-vexpress/export-ta_arm32/lib/libmpa.a(mpa_modulus.o)
                0x0000b6f4                mpa_sub_mod
 .text.mpa_mul_mod
                0x0000b76c       0x78 /home/rahulmahadev/devel/optee/optee_os/out/arm-plat-vexpress/export-ta_arm32/lib/libmpa.a(mpa_modulus.o)
                0x0000b76c                mpa_mul_mod
 .text.mpa_inv_mod
                0x0000b7e4      0x12c /home/rahulmahadev/devel/optee/optee_os/out/arm-plat-vexpress/export-ta_arm32/lib/libmpa.a(mpa_modulus.o)
                0x0000b7e4                mpa_inv_mod
 .text          0x0000b910        0x0 /home/rahulmahadev/devel/optee/neo/ta/out/ta.o
 .text          0x0000b910        0x0 /home/rahulmahadev/devel/optee/neo/ta/out/user_ta_header.o
 .text          0x0000b910        0x0 /home/rahulmahadev/devel/optee/optee_os/out/arm-plat-vexpress/export-ta_arm32/lib/libutee.a(user_ta_entry.o)
 .text          0x0000b910        0x0 /home/rahulmahadev/devel/optee/optee_os/out/arm-plat-vexpress/export-ta_arm32/lib/libutee.a(tee_api_arith.o)
 .text          0x0000b910        0x0 /home/rahulmahadev/devel/optee/optee_os/out/arm-plat-vexpress/export-ta_arm32/lib/libutee.a(tee_api.o)
 .text          0x0000b910        0x0 /home/rahulmahadev/devel/optee/optee_os/out/arm-plat-vexpress/export-ta_arm32/lib/libutee.a(tee_api_panic.o)
 .text          0x0000b910        0x0 /home/rahulmahadev/devel/optee/optee_os/out/arm-plat-vexpress/export-ta_arm32/lib/libutee.a(utee_misc.o)
 .text          0x0000b910        0x0 /home/rahulmahadev/devel/optee/optee_os/out/arm-plat-vexpress/export-ta_arm32/lib/libutee.a(tee_user_mem.o)
 .text          0x0000b910        0x0 /home/rahulmahadev/devel/optee/optee_os/out/arm-plat-vexpress/export-ta_arm32/lib/libutee.a(trace_ext.o)
 .text          0x0000b910        0x0 /home/rahulmahadev/devel/optee/optee_os/out/arm-plat-vexpress/export-ta_arm32/lib/libutee.a(assert.o)
 .text          0x0000b910        0x0 /home/rahulmahadev/devel/optee/optee_os/out/arm-plat-vexpress/export-ta_arm32/lib/libutils.a(bget_malloc.o)
 .text          0x0000b910        0x0 /home/rahulmahadev/devel/optee/optee_os/out/arm-plat-vexpress/export-ta_arm32/lib/libutils.a(snprintf.o)
 .text          0x0000b910        0x0 /home/rahulmahadev/devel/optee/optee_os/out/arm-plat-vexpress/export-ta_arm32/lib/libutils.a(memcmp.o)
 .text          0x0000b910        0x0 /home/rahulmahadev/devel/optee/optee_os/out/arm-plat-vexpress/export-ta_arm32/lib/libutils.a(memcpy.o)
 .text          0x0000b910        0x0 /home/rahulmahadev/devel/optee/optee_os/out/arm-plat-vexpress/export-ta_arm32/lib/libutils.a(memmove.o)
 .text          0x0000b910        0x0 /home/rahulmahadev/devel/optee/optee_os/out/arm-plat-vexpress/export-ta_arm32/lib/libutils.a(memset.o)
 .text          0x0000b910        0x0 /home/rahulmahadev/devel/optee/optee_os/out/arm-plat-vexpress/export-ta_arm32/lib/libutils.a(strlen.o)
 .text          0x0000b910        0x0 /home/rahulmahadev/devel/optee/optee_os/out/arm-plat-vexpress/export-ta_arm32/lib/libutils.a(snprintk.o)
 .text          0x0000b910        0x0 /home/rahulmahadev/devel/optee/optee_os/out/arm-plat-vexpress/export-ta_arm32/lib/libutils.a(strlcpy.o)
 .text          0x0000b910        0x0 /home/rahulmahadev/devel/optee/optee_os/out/arm-plat-vexpress/export-ta_arm32/lib/libutils.a(trace.o)
 .text          0x0000b910        0x0 /home/rahulmahadev/devel/optee/optee_os/out/arm-plat-vexpress/export-ta_arm32/lib/libutils.a(memchr.o)
 .text          0x0000b910        0x0 /home/rahulmahadev/devel/optee/optee_os/out/arm-plat-vexpress/export-ta_arm32/lib/libutils.a(arm32_aeabi_ldivmod.o)
 .text          0x0000b910        0x0 /home/rahulmahadev/devel/optee/optee_os/out/arm-plat-vexpress/export-ta_arm32/lib/libmpa.a(mpa_misc.o)
 .text          0x0000b910        0x0 /home/rahulmahadev/devel/optee/optee_os/out/arm-plat-vexpress/export-ta_arm32/lib/libmpa.a(mpa_montgomery.o)
 .text          0x0000b910        0x0 /home/rahulmahadev/devel/optee/optee_os/out/arm-plat-vexpress/export-ta_arm32/lib/libmpa.a(mpa_primetest.o)
 .text          0x0000b910        0x0 /home/rahulmahadev/devel/optee/optee_os/out/arm-plat-vexpress/export-ta_arm32/lib/libmpa.a(mpa_conv.o)
 .text          0x0000b910        0x0 /home/rahulmahadev/devel/optee/optee_os/out/arm-plat-vexpress/export-ta_arm32/lib/libmpa.a(mpa_div.o)
 .text          0x0000b910        0x0 /home/rahulmahadev/devel/optee/optee_os/out/arm-plat-vexpress/export-ta_arm32/lib/libmpa.a(mpa_gcd.o)
 .text          0x0000b910        0x0 /home/rahulmahadev/devel/optee/optee_os/out/arm-plat-vexpress/export-ta_arm32/lib/libmpa.a(mpa_mem_static.o)
 .text          0x0000b910        0x0 /home/rahulmahadev/devel/optee/optee_os/out/arm-plat-vexpress/export-ta_arm32/lib/libmpa.a(mpa_mul.o)
 .text          0x0000b910        0x0 /home/rahulmahadev/devel/optee/optee_os/out/arm-plat-vexpress/export-ta_arm32/lib/libmpa.a(mpa_random.o)
 .text          0x0000b910        0x0 /home/rahulmahadev/devel/optee/optee_os/out/arm-plat-vexpress/export-ta_arm32/lib/libmpa.a(mpa_shift.o)
 .text          0x0000b910        0x0 /home/rahulmahadev/devel/optee/optee_os/out/arm-plat-vexpress/export-ta_arm32/lib/libmpa.a(mpa_addsub.o)
 .text          0x0000b910        0x0 /home/rahulmahadev/devel/optee/optee_os/out/arm-plat-vexpress/export-ta_arm32/lib/libmpa.a(mpa_cmp.o)
 .text          0x0000b910        0x0 /home/rahulmahadev/devel/optee/optee_os/out/arm-plat-vexpress/export-ta_arm32/lib/libmpa.a(mpa_expmod.o)
 .text          0x0000b910        0x0 /home/rahulmahadev/devel/optee/optee_os/out/arm-plat-vexpress/export-ta_arm32/lib/libmpa.a(mpa_init.o)
 .text          0x0000b910        0x0 /home/rahulmahadev/devel/optee/optee_os/out/arm-plat-vexpress/export-ta_arm32/lib/libmpa.a(mpa_io.o)
 .text          0x0000b910        0x0 /home/rahulmahadev/devel/optee/optee_os/out/arm-plat-vexpress/export-ta_arm32/lib/libmpa.a(mpa_modulus.o)
 *(SORT(.stub))
 *(SORT(.glue_7))
 .glue_7        0x00000000        0x0 linker stubs
 *(SORT(.glue_7t))
 .glue_7t       0x00000000        0x0 linker stubs
 *(SORT(.gnu.linkonce.t.*))
 *(SORT(.vfp11_veneer))
 .vfp11_veneer  0x00000000        0x0 linker stubs

.v4_bx          0x0000b910        0x0
 .v4_bx         0x00000000        0x0 linker stubs

.iplt           0x0000b910        0x0
 .iplt          0x00000000        0x0 /home/rahulmahadev/devel/optee/neo/ta/out/ta.o

.eh_frame
 *(SORT(.eh_frame))

.rodata         0x0000b910     0x177b
 *(SORT(.gnu.linkonce.r.*))
 *(SORT(.rodata) SORT(.rodata.*))
 .rodata.ta.c   0x0000b910       0x80 /home/rahulmahadev/devel/optee/neo/ta/out/ta.o
 .rodata.__func__.4912
                0x0000b990       0x10 /home/rahulmahadev/devel/optee/neo/ta/out/ta.o
 .rodata.trace_ext_prefix
                0x0000b9a0        0x8 /home/rahulmahadev/devel/optee/neo/ta/out/user_ta_header.o
                0x0000b9a0                trace_ext_prefix
 .rodata.ta_heap_size
                0x0000b9a8        0x4 /home/rahulmahadev/devel/optee/neo/ta/out/user_ta_header.o
                0x0000b9a8                ta_heap_size
 .rodata.__compound_literal.3
                0x0000b9ac        0x4 /home/rahulmahadev/devel/optee/neo/ta/out/user_ta_header.o
 .rodata.__compound_literal.4
                0x0000b9b0        0x4 /home/rahulmahadev/devel/optee/neo/ta/out/user_ta_header.o
 .rodata.__compound_literal.5
                0x0000b9b4        0x4 /home/rahulmahadev/devel/optee/neo/ta/out/user_ta_header.o
 .rodata.user_ta_header.c
                0x0000b9b8       0xc0 /home/rahulmahadev/devel/optee/neo/ta/out/user_ta_header.o
 .rodata.ta_num_props
                0x0000ba78        0x4 /home/rahulmahadev/devel/optee/neo/ta/out/user_ta_header.o
                0x0000ba78                ta_num_props
 .rodata.lib/libutee/arch/arm/user_ta_entry.c
                0x0000ba7c        0xc /home/rahulmahadev/devel/optee/optee_os/out/arm-plat-vexpress/export-ta_arm32/lib/libutee.a(user_ta_entry.o)
 .rodata.__func__.5398
                0x0000ba88       0x10 /home/rahulmahadev/devel/optee/optee_os/out/arm-plat-vexpress/export-ta_arm32/lib/libutee.a(user_ta_entry.o)
 .rodata.lib/libutee/tee_api_arith.c
                0x0000ba98       0x6c /home/rahulmahadev/devel/optee/optee_os/out/arm-plat-vexpress/export-ta_arm32/lib/libutee.a(tee_api_arith.o)
 .rodata.__func__.5134
                0x0000bb04       0x14 /home/rahulmahadev/devel/optee/optee_os/out/arm-plat-vexpress/export-ta_arm32/lib/libutee.a(tee_api_arith.o)
 .rodata.__func__.5170
                0x0000bb18       0x24 /home/rahulmahadev/devel/optee/optee_os/out/arm-plat-vexpress/export-ta_arm32/lib/libutee.a(tee_api_arith.o)
 .rodata.__func__.5179
                0x0000bb3c       0x20 /home/rahulmahadev/devel/optee/optee_os/out/arm-plat-vexpress/export-ta_arm32/lib/libutee.a(tee_api_arith.o)
 .rodata.__func__.5191
                0x0000bb5c       0x18 /home/rahulmahadev/devel/optee/optee_os/out/arm-plat-vexpress/export-ta_arm32/lib/libutee.a(tee_api_arith.o)
 .rodata.DEFAULT_TEE_MALLOC_HINT
                0x0000bb74        0x4 /home/rahulmahadev/devel/optee/optee_os/out/arm-plat-vexpress/export-ta_arm32/lib/libutee.a(tee_api.o)
 .rodata.lib/libutee/tee_api.c
                0x0000bb78        0xc /home/rahulmahadev/devel/optee/optee_os/out/arm-plat-vexpress/export-ta_arm32/lib/libutee.a(tee_api.o)
 .rodata.__func__.5364
                0x0000bb84       0x14 /home/rahulmahadev/devel/optee/optee_os/out/arm-plat-vexpress/export-ta_arm32/lib/libutee.a(tee_api.o)
 .rodata.__func__.5376
                0x0000bb98       0x14 /home/rahulmahadev/devel/optee/optee_os/out/arm-plat-vexpress/export-ta_arm32/lib/libutee.a(tee_api.o)
 .rodata.__func__.5387
                0x0000bbac       0x18 /home/rahulmahadev/devel/optee/optee_os/out/arm-plat-vexpress/export-ta_arm32/lib/libutee.a(tee_api.o)
 .rodata.__func__.5393
                0x0000bbc4       0x18 /home/rahulmahadev/devel/optee/optee_os/out/arm-plat-vexpress/export-ta_arm32/lib/libutee.a(tee_api.o)
 .rodata.__func__.5426
                0x0000bbdc       0x14 /home/rahulmahadev/devel/optee/optee_os/out/arm-plat-vexpress/export-ta_arm32/lib/libutee.a(tee_api.o)
 .rodata.__func__.5431
                0x0000bbf0        0xc /home/rahulmahadev/devel/optee/optee_os/out/arm-plat-vexpress/export-ta_arm32/lib/libutee.a(tee_api.o)
 .rodata.__func__.5436
                0x0000bbfc       0x18 /home/rahulmahadev/devel/optee/optee_os/out/arm-plat-vexpress/export-ta_arm32/lib/libutee.a(tee_api.o)
 .rodata.__func__.5441
                0x0000bc14       0x18 /home/rahulmahadev/devel/optee/optee_os/out/arm-plat-vexpress/export-ta_arm32/lib/libutee.a(tee_api.o)
 .rodata.__func__.5446
                0x0000bc2c       0x10 /home/rahulmahadev/devel/optee/optee_os/out/arm-plat-vexpress/export-ta_arm32/lib/libutee.a(tee_api.o)
 .rodata.DEFAULT_TEE_MALLOC_HINT
                0x0000bc3c        0x4 /home/rahulmahadev/devel/optee/optee_os/out/arm-plat-vexpress/export-ta_arm32/lib/libutee.a(tee_user_mem.o)
 .rodata.CANARY_LINE_SIZE
                0x0000bc40        0x4 /home/rahulmahadev/devel/optee/optee_os/out/arm-plat-vexpress/export-ta_arm32/lib/libutee.a(tee_user_mem.o)
 .rodata.lib/libutee/tee_user_mem.c
                0x0000bc44       0xf8 /home/rahulmahadev/devel/optee/optee_os/out/arm-plat-vexpress/export-ta_arm32/lib/libutee.a(tee_user_mem.o)
 .rodata.__func__.4949
                0x0000bd3c       0x10 /home/rahulmahadev/devel/optee/optee_os/out/arm-plat-vexpress/export-ta_arm32/lib/libutee.a(tee_user_mem.o)
 .rodata.__func__.4954
                0x0000bd4c        0xc /home/rahulmahadev/devel/optee/optee_os/out/arm-plat-vexpress/export-ta_arm32/lib/libutee.a(tee_user_mem.o)
 .rodata.__func__.4973
                0x0000bd58       0x14 /home/rahulmahadev/devel/optee/optee_os/out/arm-plat-vexpress/export-ta_arm32/lib/libutee.a(tee_user_mem.o)
 .rodata.__func__.4990
                0x0000bd6c       0x14 /home/rahulmahadev/devel/optee/optee_os/out/arm-plat-vexpress/export-ta_arm32/lib/libutee.a(tee_user_mem.o)
 .rodata.__func__.4998
                0x0000bd80       0x18 /home/rahulmahadev/devel/optee/optee_os/out/arm-plat-vexpress/export-ta_arm32/lib/libutee.a(tee_user_mem.o)
 .rodata.__func__.5003
                0x0000bd98       0x14 /home/rahulmahadev/devel/optee/optee_os/out/arm-plat-vexpress/export-ta_arm32/lib/libutee.a(tee_user_mem.o)
 .rodata.lib/libutee/trace_ext.c
                0x0000bdac        0x8 /home/rahulmahadev/devel/optee/optee_os/out/arm-plat-vexpress/export-ta_arm32/lib/libutee.a(trace_ext.o)
 .rodata.prefix.4700
                0x0000bdb4        0xc /home/rahulmahadev/devel/optee/optee_os/out/arm-plat-vexpress/export-ta_arm32/lib/libutee.a(trace_ext.o)
 .rodata.failed.4701
                0x0000bdc0       0x14 /home/rahulmahadev/devel/optee/optee_os/out/arm-plat-vexpress/export-ta_arm32/lib/libutee.a(trace_ext.o)
 .rodata.trunc.4702
                0x0000bdd4        0x8 /home/rahulmahadev/devel/optee/optee_os/out/arm-plat-vexpress/export-ta_arm32/lib/libutee.a(trace_ext.o)
 .rodata.lib/libutee/assert.c
                0x0000bddc       0x20 /home/rahulmahadev/devel/optee/optee_os/out/arm-plat-vexpress/export-ta_arm32/lib/libutee.a(assert.o)
 .rodata.__func__.5167
                0x0000bdfc        0xc /home/rahulmahadev/devel/optee/optee_os/out/arm-plat-vexpress/export-ta_arm32/lib/libutee.a(assert.o)
 .rodata.lib/libutils/isoc/bget_malloc.c
                0x0000be08      0x3e4 /home/rahulmahadev/devel/optee/optee_os/out/arm-plat-vexpress/export-ta_arm32/lib/libutils.a(bget_malloc.o)
 .rodata.hexdigits
                0x0000c1ec       0x14 /home/rahulmahadev/devel/optee/optee_os/out/arm-plat-vexpress/export-ta_arm32/lib/libutils.a(snprintk.o)
 .rodata.HEXDIGITS
                0x0000c200       0x14 /home/rahulmahadev/devel/optee/optee_os/out/arm-plat-vexpress/export-ta_arm32/lib/libutils.a(snprintk.o)
 .rodata.lib/libutils/ext/snprintk.c
                0x0000c214       0x54 /home/rahulmahadev/devel/optee/optee_os/out/arm-plat-vexpress/export-ta_arm32/lib/libutils.a(snprintk.o)
 .rodata.lib/libutils/ext/trace.c
                0x0000c268       0x2c /home/rahulmahadev/devel/optee/optee_os/out/arm-plat-vexpress/export-ta_arm32/lib/libutils.a(trace.o)
 .rodata.lvl_strs.4251
                0x0000c294       0x14 /home/rahulmahadev/devel/optee/optee_os/out/arm-plat-vexpress/export-ta_arm32/lib/libutils.a(trace.o)
 .rodata.const_largest_deci_base
                0x0000c2a8        0xc /home/rahulmahadev/devel/optee/optee_os/out/arm-plat-vexpress/export-ta_arm32/lib/libmpa.a(mpa_misc.o)
                0x0000c2a8                const_largest_deci_base
 .rodata.Const_1_LShift_Base
                0x0000c2b4       0x10 /home/rahulmahadev/devel/optee/optee_os/out/arm-plat-vexpress/export-ta_arm32/lib/libmpa.a(mpa_misc.o)
                0x0000c2b4                Const_1_LShift_Base
 .rodata.const_one
                0x0000c2c4        0xc /home/rahulmahadev/devel/optee/optee_os/out/arm-plat-vexpress/export-ta_arm32/lib/libmpa.a(mpa_misc.o)
                0x0000c2c4                const_one
 .rodata.MAX_TABULATED_PRIME
                0x0000c2d0        0x4 /home/rahulmahadev/devel/optee/optee_os/out/arm-plat-vexpress/export-ta_arm32/lib/libmpa.a(mpa_primetest.o)
                0x0000c2d0                MAX_TABULATED_PRIME
 .rodata.NR_STORED_PRIMES
                0x0000c2d4        0x4 /home/rahulmahadev/devel/optee/optee_os/out/arm-plat-vexpress/export-ta_arm32/lib/libmpa.a(mpa_primetest.o)
                0x0000c2d4                NR_STORED_PRIMES
 .rodata.PRIME_TABLE
                0x0000c2d8      0xc38 /home/rahulmahadev/devel/optee/optee_os/out/arm-plat-vexpress/export-ta_arm32/lib/libmpa.a(mpa_primetest.o)
                0x0000c2d8                PRIME_TABLE
 .rodata.const_small_prime_factors
                0x0000cf10       0xb8 /home/rahulmahadev/devel/optee/optee_os/out/arm-plat-vexpress/export-ta_arm32/lib/libmpa.a(mpa_primetest.o)
 .rodata.const_miller_rabin_proof_limit
                0x0000cfc8       0x10 /home/rahulmahadev/devel/optee/optee_os/out/arm-plat-vexpress/export-ta_arm32/lib/libmpa.a(mpa_primetest.o)
 .rodata.const_two
                0x0000cfd8        0xc /home/rahulmahadev/devel/optee/optee_os/out/arm-plat-vexpress/export-ta_arm32/lib/libmpa.a(mpa_primetest.o)
 .rodata.proof_a.4620
                0x0000cfe4       0x1c /home/rahulmahadev/devel/optee/optee_os/out/arm-plat-vexpress/export-ta_arm32/lib/libmpa.a(mpa_primetest.o)
 .rodata.lib/libmpa/mpa_io.c
                0x0000d000       0x88 /home/rahulmahadev/devel/optee/optee_os/out/arm-plat-vexpress/export-ta_arm32/lib/libmpa.a(mpa_io.o)
 .rodata.__compound_literal.0
                0x0000d088        0x1 /home/rahulmahadev/devel/optee/neo/ta/out/user_ta_header.o
 .rodata.__compound_literal.1
                0x0000d089        0x1 /home/rahulmahadev/devel/optee/neo/ta/out/user_ta_header.o
 .rodata.__compound_literal.2
                0x0000d08a        0x1 /home/rahulmahadev/devel/optee/neo/ta/out/user_ta_header.o

.gnu.version_d  0x0000d08c        0x0
 .gnu.version_d
                0x00000000        0x0 /home/rahulmahadev/devel/optee/neo/ta/out/ta.o

.gnu.version    0x0000d08c        0x0
 .gnu.version   0x00000000        0x0 /home/rahulmahadev/devel/optee/neo/ta/out/ta.o

.gnu.version_r  0x0000d08c        0x0
 .gnu.version_r
                0x00000000        0x0 /home/rahulmahadev/devel/optee/neo/ta/out/ta.o

.ARM.exidx
 *(SORT(.ARM.exidx*) SORT(.gnu.linkonce.armexidx.*))

.ctors
 *(SORT(.ctors))

.dtors
 *(SORT(.dtors))

.plt            0x0000d08c        0x0
 *(SORT(.plt))
 .plt           0x00000000        0x0 /home/rahulmahadev/devel/optee/neo/ta/out/ta.o

.got            0x0000d08c      0x1d4
 *(SORT(.got.plt))
 .got.plt       0x0000d08c        0xc /home/rahulmahadev/devel/optee/neo/ta/out/ta.o
                0x0000d08c                _GLOBAL_OFFSET_TABLE_
 *(SORT(.got))
 .got           0x0000d098      0x1c8 /home/rahulmahadev/devel/optee/neo/ta/out/ta.o

.rel.text
 *(SORT(.rel.text))
 *(SORT(.rel.gnu.linkonce.t*))

.rela.text
 *(SORT(.rela.text))
 *(SORT(.rela.gnu.linkonce.t*))

.rel.data
 *(SORT(.rel.data))
 *(SORT(.rel.gnu.linkonce.d*))

.rela.data
 *(SORT(.rela.data))
 *(SORT(.rela.gnu.linkonce.d*))

.rel.rodata
 *(SORT(.rel.rodata))
 *(SORT(.rel.gnu.linkonce.r*))

.rela.rodata
 *(SORT(.rela.rodata))
 *(SORT(.rela.gnu.linkonce.r*))

.rel.dyn        0x0000d260       0xc0
 *(SORT(.rel.dyn))
 .rel.iplt      0x00000000        0x0 /home/rahulmahadev/devel/optee/neo/ta/out/ta.o
 .rel.text.set_params
                0x00000000        0x0 /home/rahulmahadev/devel/optee/neo/ta/out/ta.o
 .rel.text.start_quiz
                0x00000000        0x0 /home/rahulmahadev/devel/optee/neo/ta/out/ta.o
 .rel.ta_head   0x0000d260        0x8 /home/rahulmahadev/devel/optee/neo/ta/out/ta.o
 .rel.data.rel.ro.local.ta_props
                0x0000d268       0x90 /home/rahulmahadev/devel/optee/neo/ta/out/ta.o
 .rel.data.rel.local.ta_sessions
                0x0000d2f8        0x8 /home/rahulmahadev/devel/optee/neo/ta/out/ta.o
 .rel.text.ta_header_save_params
                0x00000000        0x0 /home/rahulmahadev/devel/optee/neo/ta/out/ta.o
 .rel.data.rel.local.mempool
                0x0000d300        0x8 /home/rahulmahadev/devel/optee/neo/ta/out/ta.o
 .rel.text.TEE_BigIntDiv
                0x00000000        0x0 /home/rahulmahadev/devel/optee/neo/ta/out/ta.o
 .rel.text.TEE_BigIntMod
                0x00000000        0x0 /home/rahulmahadev/devel/optee/neo/ta/out/ta.o
 .rel.text.TEE_BigIntAddMod
                0x00000000        0x0 /home/rahulmahadev/devel/optee/neo/ta/out/ta.o
 .rel.text.TEE_BigIntSubMod
                0x00000000        0x0 /home/rahulmahadev/devel/optee/neo/ta/out/ta.o
 .rel.text.TEE_BigIntMulMod
                0x00000000        0x0 /home/rahulmahadev/devel/optee/neo/ta/out/ta.o
 .rel.text.TEE_BigIntSquareMod
                0x00000000        0x0 /home/rahulmahadev/devel/optee/neo/ta/out/ta.o
 .rel.text.TEE_BigIntInvMod
                0x00000000        0x0 /home/rahulmahadev/devel/optee/neo/ta/out/ta.o
 .rel.text.TEE_OpenTASession
                0x00000000        0x0 /home/rahulmahadev/devel/optee/neo/ta/out/ta.o
 .rel.text.TEE_InvokeTACommand
                0x00000000        0x0 /home/rahulmahadev/devel/optee/neo/ta/out/ta.o
 .rel.text.TEE_Panic
                0x00000000        0x0 /home/rahulmahadev/devel/optee/neo/ta/out/ta.o
 .rel.data.rel.local.user_mem_head
                0x0000d308        0x8 /home/rahulmahadev/devel/optee/neo/ta/out/ta.o
 .rel.text.is_buffer_valid
                0x00000000        0x0 /home/rahulmahadev/devel/optee/neo/ta/out/ta.o
 .rel.text.is_mem_coherent
                0x00000000        0x0 /home/rahulmahadev/devel/optee/neo/ta/out/ta.o
 .rel.text.tee_user_mem_alloc
                0x00000000        0x0 /home/rahulmahadev/devel/optee/neo/ta/out/ta.o
 .rel.text.tee_user_mem_realloc
                0x00000000        0x0 /home/rahulmahadev/devel/optee/neo/ta/out/ta.o
 .rel.text.tee_user_mem_free
                0x00000000        0x0 /home/rahulmahadev/devel/optee/neo/ta/out/ta.o
 .rel.text.tee_user_mem_status
                0x00000000        0x0 /home/rahulmahadev/devel/optee/neo/ta/out/ta.o
 .rel.text.tee_user_mem_garbage
                0x00000000        0x0 /home/rahulmahadev/devel/optee/neo/ta/out/ta.o
 .rel.text.printf
                0x00000000        0x0 /home/rahulmahadev/devel/optee/neo/ta/out/ta.o
 .rel.text.puts
                0x00000000        0x0 /home/rahulmahadev/devel/optee/neo/ta/out/ta.o
 .rel.data.rel.local.freelist
                0x0000d310       0x10 /home/rahulmahadev/devel/optee/neo/ta/out/ta.o
 .rel.text.bgetz
                0x00000000        0x0 /home/rahulmahadev/devel/optee/neo/ta/out/ta.o
 .rel.text.bgetr
                0x00000000        0x0 /home/rahulmahadev/devel/optee/neo/ta/out/ta.o
 .rel.text.raw_malloc
                0x00000000        0x0 /home/rahulmahadev/devel/optee/neo/ta/out/ta.o
 .rel.text.raw_free
                0x00000000        0x0 /home/rahulmahadev/devel/optee/neo/ta/out/ta.o
 .rel.text.raw_calloc
                0x00000000        0x0 /home/rahulmahadev/devel/optee/neo/ta/out/ta.o
 .rel.text.raw_realloc
                0x00000000        0x0 /home/rahulmahadev/devel/optee/neo/ta/out/ta.o
 .rel.text.raw_memalign
                0x00000000        0x0 /home/rahulmahadev/devel/optee/neo/ta/out/ta.o
 .rel.text.malloc_add_pool
                0x00000000        0x0 /home/rahulmahadev/devel/optee/neo/ta/out/ta.o
 .rel.text.snprintk
                0x00000000        0x0 /home/rahulmahadev/devel/optee/neo/ta/out/ta.o
 .rel.text.vsnprintk
                0x00000000        0x0 /home/rahulmahadev/devel/optee/neo/ta/out/ta.o
 .rel.text.uuid2str
                0x00000000        0x0 /home/rahulmahadev/devel/optee/neo/ta/out/ta.o
 .rel.text.mpa_abs
                0x00000000        0x0 /home/rahulmahadev/devel/optee/neo/ta/out/ta.o
 .rel.text.mpa_constant_one
                0x00000000        0x0 /home/rahulmahadev/devel/optee/neo/ta/out/ta.o
 .rel.text.__mpa_montgomery_mul
                0x00000000        0x0 /home/rahulmahadev/devel/optee/neo/ta/out/ta.o
 .rel.text.mpa_montgomery_mul
                0x00000000        0x0 /home/rahulmahadev/devel/optee/neo/ta/out/ta.o
 .rel.text.check_table
                0x00000000        0x0 /home/rahulmahadev/devel/optee/neo/ta/out/ta.o
 .rel.text.__mpa_div_q_r_internal
                0x00000000        0x0 /home/rahulmahadev/devel/optee/neo/ta/out/ta.o
 .rel.text.__mpa_div_q_r_internal_word
                0x00000000        0x0 /home/rahulmahadev/devel/optee/neo/ta/out/ta.o
 .rel.text.__mpa_div_q_r
                0x00000000        0x0 /home/rahulmahadev/devel/optee/neo/ta/out/ta.o
 .rel.text.mpa_div
                0x00000000        0x0 /home/rahulmahadev/devel/optee/neo/ta/out/ta.o
 .rel.text.mpa_extended_gcd
                0x00000000        0x0 /home/rahulmahadev/devel/optee/neo/ta/out/ta.o
 .rel.text.mpa_init_scratch_mem
                0x00000000        0x0 /home/rahulmahadev/devel/optee/neo/ta/out/ta.o
 .rel.text.mpa_alloc_static_temp_var
                0x00000000        0x0 /home/rahulmahadev/devel/optee/neo/ta/out/ta.o
 .rel.text.__mpa_abs_mul_word
                0x00000000        0x0 /home/rahulmahadev/devel/optee/neo/ta/out/ta.o
 .rel.text.__mpa_abs_mul
                0x00000000        0x0 /home/rahulmahadev/devel/optee/neo/ta/out/ta.o
 .rel.text.mpa_mul
                0x00000000        0x0 /home/rahulmahadev/devel/optee/neo/ta/out/ta.o
 .rel.text.mpa_mul_word
                0x00000000        0x0 /home/rahulmahadev/devel/optee/neo/ta/out/ta.o
 .rel.text.__mpa_abs_add
                0x00000000        0x0 /home/rahulmahadev/devel/optee/neo/ta/out/ta.o
 .rel.text.__mpa_abs_add_ackum
                0x00000000        0x0 /home/rahulmahadev/devel/optee/neo/ta/out/ta.o
 .rel.text.__mpa_abs_sub
                0x00000000        0x0 /home/rahulmahadev/devel/optee/neo/ta/out/ta.o
 .rel.text.mpa_add
                0x00000000        0x0 /home/rahulmahadev/devel/optee/neo/ta/out/ta.o
 .rel.text.mpa_sub
                0x00000000        0x0 /home/rahulmahadev/devel/optee/neo/ta/out/ta.o
 .rel.text.mpa_add_word
                0x00000000        0x0 /home/rahulmahadev/devel/optee/neo/ta/out/ta.o
 .rel.text.mpa_sub_word
                0x00000000        0x0 /home/rahulmahadev/devel/optee/neo/ta/out/ta.o
 .rel.text.__mpa_abs_greater_than
                0x00000000        0x0 /home/rahulmahadev/devel/optee/neo/ta/out/ta.o
 .rel.text.__mpa_abs_less_than
                0x00000000        0x0 /home/rahulmahadev/devel/optee/neo/ta/out/ta.o
 .rel.text.mpa_cmp
                0x00000000        0x0 /home/rahulmahadev/devel/optee/neo/ta/out/ta.o

.rel.got        0x0000d320      0x390
 *(SORT(.rel.got))
 .rel.got       0x0000d320      0x390 /home/rahulmahadev/devel/optee/neo/ta/out/ta.o

.rela.got
 *(SORT(.rela.got))

.rel.ctors
 *(SORT(.rel.ctors))

.rela.ctors
 *(SORT(.rela.ctors))

.rel.dtors
 *(SORT(.rel.dtors))

.rela.dtors
 *(SORT(.rela.dtors))

.rel.init
 *(SORT(.rel.init))

.rela.init
 *(SORT(.rela.init))

.rel.fini
 *(SORT(.rel.fini))

.rela.fini
 *(SORT(.rela.fini))

.rel.bss
 *(SORT(.rel.bss))

.rela.bss
 *(SORT(.rela.bss))

.rel.plt        0x0000d6b0        0x0
 *(SORT(.rel.plt))
 .rel.plt       0x00000000        0x0 /home/rahulmahadev/devel/optee/neo/ta/out/ta.o

.rela.plt
 *(SORT(.rela.plt))
                0x0000e000                . = ALIGN (0x1000)

.data           0x0000e000       0x98
 *(SORT(.data) SORT(.data.*) SORT(.gnu.linkonce.d.*))
 .data.trace_level
                0x0000e000        0x4 /home/rahulmahadev/devel/optee/neo/ta/out/user_ta_header.o
                0x0000e000                trace_level
 .data.rel.ro.local.ta_props
                0x0000e004       0x6c /home/rahulmahadev/devel/optee/neo/ta/out/user_ta_header.o
                0x0000e004                ta_props
 .data.rel.local.ta_sessions
                0x0000e070        0x8 /home/rahulmahadev/devel/optee/optee_os/out/arm-plat-vexpress/export-ta_arm32/lib/libutee.a(user_ta_entry.o)
 .data.rel.local.mempool
                0x0000e078        0x4 /home/rahulmahadev/devel/optee/optee_os/out/arm-plat-vexpress/export-ta_arm32/lib/libutee.a(tee_api_arith.o)
 .data.ARTIST   0x0000e07c        0x4 /home/rahulmahadev/devel/optee/optee_os/out/arm-plat-vexpress/export-ta_arm32/lib/libutee.a(tee_user_mem.o)
 .data.rel.local.user_mem_head
                0x0000e080        0x8 /home/rahulmahadev/devel/optee/optee_os/out/arm-plat-vexpress/export-ta_arm32/lib/libutee.a(tee_user_mem.o)
                0x0000e080                user_mem_head
 .data.rel.local.freelist
                0x0000e088       0x10 /home/rahulmahadev/devel/optee/optee_os/out/arm-plat-vexpress/export-ta_arm32/lib/libutils.a(bget_malloc.o)
 .data          0x0000e098        0x0 /home/rahulmahadev/devel/optee/neo/ta/out/ta.o
 .data          0x0000e098        0x0 /home/rahulmahadev/devel/optee/neo/ta/out/user_ta_header.o
 .data          0x0000e098        0x0 /home/rahulmahadev/devel/optee/optee_os/out/arm-plat-vexpress/export-ta_arm32/lib/libutee.a(user_ta_entry.o)
 .data          0x0000e098        0x0 /home/rahulmahadev/devel/optee/optee_os/out/arm-plat-vexpress/export-ta_arm32/lib/libutee.a(utee_syscalls_a32.o)
 .data          0x0000e098        0x0 /home/rahulmahadev/devel/optee/optee_os/out/arm-plat-vexpress/export-ta_arm32/lib/libutee.a(tee_api_arith.o)
 .data          0x0000e098        0x0 /home/rahulmahadev/devel/optee/optee_os/out/arm-plat-vexpress/export-ta_arm32/lib/libutee.a(tee_api.o)
 .data          0x0000e098        0x0 /home/rahulmahadev/devel/optee/optee_os/out/arm-plat-vexpress/export-ta_arm32/lib/libutee.a(tee_api_panic.o)
 .data          0x0000e098        0x0 /home/rahulmahadev/devel/optee/optee_os/out/arm-plat-vexpress/export-ta_arm32/lib/libutee.a(utee_misc.o)
 .data          0x0000e098        0x0 /home/rahulmahadev/devel/optee/optee_os/out/arm-plat-vexpress/export-ta_arm32/lib/libutee.a(tee_user_mem.o)
 .data          0x0000e098        0x0 /home/rahulmahadev/devel/optee/optee_os/out/arm-plat-vexpress/export-ta_arm32/lib/libutee.a(trace_ext.o)
 .data          0x0000e098        0x0 /home/rahulmahadev/devel/optee/optee_os/out/arm-plat-vexpress/export-ta_arm32/lib/libutee.a(assert.o)
 .data          0x0000e098        0x0 /home/rahulmahadev/devel/optee/optee_os/out/arm-plat-vexpress/export-ta_arm32/lib/libutils.a(bget_malloc.o)
 .data          0x0000e098        0x0 /home/rahulmahadev/devel/optee/optee_os/out/arm-plat-vexpress/export-ta_arm32/lib/libutils.a(snprintf.o)
 .data          0x0000e098        0x0 /home/rahulmahadev/devel/optee/optee_os/out/arm-plat-vexpress/export-ta_arm32/lib/libutils.a(memcmp.o)
 .data          0x0000e098        0x0 /home/rahulmahadev/devel/optee/optee_os/out/arm-plat-vexpress/export-ta_arm32/lib/libutils.a(memcpy.o)
 .data          0x0000e098        0x0 /home/rahulmahadev/devel/optee/optee_os/out/arm-plat-vexpress/export-ta_arm32/lib/libutils.a(memmove.o)
 .data          0x0000e098        0x0 /home/rahulmahadev/devel/optee/optee_os/out/arm-plat-vexpress/export-ta_arm32/lib/libutils.a(memset.o)
 .data          0x0000e098        0x0 /home/rahulmahadev/devel/optee/optee_os/out/arm-plat-vexpress/export-ta_arm32/lib/libutils.a(strlen.o)
 .data          0x0000e098        0x0 /home/rahulmahadev/devel/optee/optee_os/out/arm-plat-vexpress/export-ta_arm32/lib/libutils.a(snprintk.o)
 .data          0x0000e098        0x0 /home/rahulmahadev/devel/optee/optee_os/out/arm-plat-vexpress/export-ta_arm32/lib/libutils.a(strlcpy.o)
 .data          0x0000e098        0x0 /home/rahulmahadev/devel/optee/optee_os/out/arm-plat-vexpress/export-ta_arm32/lib/libutils.a(trace.o)
 .data          0x0000e098        0x0 /home/rahulmahadev/devel/optee/optee_os/out/arm-plat-vexpress/export-ta_arm32/lib/libutils.a(memchr.o)
 .data          0x0000e098        0x0 /home/rahulmahadev/devel/optee/optee_os/out/arm-plat-vexpress/export-ta_arm32/lib/libutils.a(arm32_aeabi_ldivmod_a32.o)
 .data          0x0000e098        0x0 /home/rahulmahadev/devel/optee/optee_os/out/arm-plat-vexpress/export-ta_arm32/lib/libutils.a(arm32_aeabi_ldivmod.o)
 .data          0x0000e098        0x0 /home/rahulmahadev/devel/optee/optee_os/out/arm-plat-vexpress/export-ta_arm32/lib/libmpa.a(mpa_misc.o)
 .data          0x0000e098        0x0 /home/rahulmahadev/devel/optee/optee_os/out/arm-plat-vexpress/export-ta_arm32/lib/libmpa.a(mpa_montgomery.o)
 .data          0x0000e098        0x0 /home/rahulmahadev/devel/optee/optee_os/out/arm-plat-vexpress/export-ta_arm32/lib/libmpa.a(mpa_primetest.o)
 .data          0x0000e098        0x0 /home/rahulmahadev/devel/optee/optee_os/out/arm-plat-vexpress/export-ta_arm32/lib/libmpa.a(mpa_conv.o)
 .data          0x0000e098        0x0 /home/rahulmahadev/devel/optee/optee_os/out/arm-plat-vexpress/export-ta_arm32/lib/libmpa.a(mpa_div.o)
 .data          0x0000e098        0x0 /home/rahulmahadev/devel/optee/optee_os/out/arm-plat-vexpress/export-ta_arm32/lib/libmpa.a(mpa_gcd.o)
 .data          0x0000e098        0x0 /home/rahulmahadev/devel/optee/optee_os/out/arm-plat-vexpress/export-ta_arm32/lib/libmpa.a(mpa_mem_static.o)
 .data          0x0000e098        0x0 /home/rahulmahadev/devel/optee/optee_os/out/arm-plat-vexpress/export-ta_arm32/lib/libmpa.a(mpa_mul.o)
 .data          0x0000e098        0x0 /home/rahulmahadev/devel/optee/optee_os/out/arm-plat-vexpress/export-ta_arm32/lib/libmpa.a(mpa_random.o)
 .data          0x0000e098        0x0 /home/rahulmahadev/devel/optee/optee_os/out/arm-plat-vexpress/export-ta_arm32/lib/libmpa.a(mpa_shift.o)
 .data          0x0000e098        0x0 /home/rahulmahadev/devel/optee/optee_os/out/arm-plat-vexpress/export-ta_arm32/lib/libmpa.a(mpa_addsub.o)
 .data          0x0000e098        0x0 /home/rahulmahadev/devel/optee/optee_os/out/arm-plat-vexpress/export-ta_arm32/lib/libmpa.a(mpa_cmp.o)
 .data          0x0000e098        0x0 /home/rahulmahadev/devel/optee/optee_os/out/arm-plat-vexpress/export-ta_arm32/lib/libmpa.a(mpa_expmod.o)
 .data          0x0000e098        0x0 /home/rahulmahadev/devel/optee/optee_os/out/arm-plat-vexpress/export-ta_arm32/lib/libmpa.a(mpa_init.o)
 .data          0x0000e098        0x0 /home/rahulmahadev/devel/optee/optee_os/out/arm-plat-vexpress/export-ta_arm32/lib/libmpa.a(mpa_io.o)
 .data          0x0000e098        0x0 /home/rahulmahadev/devel/optee/optee_os/out/arm-plat-vexpress/export-ta_arm32/lib/libmpa.a(mpa_modulus.o)

.igot.plt       0x0000e098        0x0
 .igot.plt      0x00000000        0x0 /home/rahulmahadev/devel/optee/neo/ta/out/ta.o

.bss            0x0000e098     0xac1d
 *(SORT(.bss) SORT(.bss.*) SORT(.gnu.linkonce.b.*) SORT(COMMON))
 .bss.score     0x0000e098        0x4 /home/rahulmahadev/devel/optee/neo/ta/out/ta.o
                0x0000e098                score
 .bss.q_no      0x0000e09c        0x4 /home/rahulmahadev/devel/optee/neo/ta/out/ta.o
                0x0000e09c                q_no
 .bss.max_qs    0x0000e0a0        0x4 /home/rahulmahadev/devel/optee/neo/ta/out/ta.o
                0x0000e0a0                max_qs
 .bss.questions
                0x0000e0a4       0x64 /home/rahulmahadev/devel/optee/neo/ta/out/ta.o
                0x0000e0a4                questions
 .bss.answers   0x0000e108       0x64 /home/rahulmahadev/devel/optee/neo/ta/out/ta.o
                0x0000e108                answers
 .bss.ta_heap   0x0000e16c     0x8000 /home/rahulmahadev/devel/optee/neo/ta/out/user_ta_header.o
                0x0000e16c                ta_heap
 .bss.ta_ref_count
                0x0001616c        0x4 /home/rahulmahadev/devel/optee/optee_os/out/arm-plat-vexpress/export-ta_arm32/lib/libutee.a(user_ta_entry.o)
 .bss.ta_param_types
                0x00016170        0x4 /home/rahulmahadev/devel/optee/optee_os/out/arm-plat-vexpress/export-ta_arm32/lib/libutee.a(user_ta_entry.o)
                0x00016170                ta_param_types
 .bss.ta_params
                0x00016174       0x20 /home/rahulmahadev/devel/optee/optee_os/out/arm-plat-vexpress/export-ta_arm32/lib/libutee.a(user_ta_entry.o)
                0x00016174                ta_params
 .bss.mempool_u32
                0x00016194     0x1b00 /home/rahulmahadev/devel/optee/optee_os/out/arm-plat-vexpress/export-ta_arm32/lib/libutee.a(tee_api_arith.o)
 .bss.tee_api_instance_data
                0x00017c94        0x4 /home/rahulmahadev/devel/optee/optee_os/out/arm-plat-vexpress/export-ta_arm32/lib/libutee.a(tee_api.o)
 .bss.heap_level
                0x00017c98        0x4 /home/rahulmahadev/devel/optee/optee_os/out/arm-plat-vexpress/export-ta_arm32/lib/libutee.a(tee_user_mem.o)
 .bss.global_stats
                0x00017c9c        0x8 /home/rahulmahadev/devel/optee/optee_os/out/arm-plat-vexpress/export-ta_arm32/lib/libutee.a(tee_user_mem.o)
 .bss.malloc_pool
                0x00017ca4        0x4 /home/rahulmahadev/devel/optee/optee_os/out/arm-plat-vexpress/export-ta_arm32/lib/libutils.a(bget_malloc.o)
 .bss.malloc_pool_len
                0x00017ca8        0x4 /home/rahulmahadev/devel/optee/optee_os/out/arm-plat-vexpress/export-ta_arm32/lib/libutils.a(bget_malloc.o)
 .bss.get_rng_array
                0x00017cac        0x4 /home/rahulmahadev/devel/optee/optee_os/out/arm-plat-vexpress/export-ta_arm32/lib/libmpa.a(mpa_random.o)
 .bss.buf.4657  0x00017cb0     0x1004 /home/rahulmahadev/devel/optee/optee_os/out/arm-plat-vexpress/export-ta_arm32/lib/libmpa.a(mpa_io.o)
 .bss           0x00018cb4        0x0 /home/rahulmahadev/devel/optee/neo/ta/out/ta.o
 .bss           0x00018cb4        0x0 /home/rahulmahadev/devel/optee/neo/ta/out/user_ta_header.o